<?xml version="1.0" encoding="UTF-8"?>
<testsuites name="jest tests" tests="758" failures="185" time="118.152">
  <testsuite name="positionUtils" errors="0" failures="0" skipped="0" timestamp="2020-07-29T17:04:52" time="2.091" tests="125">
    <testcase classname="positionUtils calculatePosition returns an object with three key-value pairs" name="positionUtils calculatePosition returns an object with three key-value pairs" time="0.003">
    </testcase>
    <testcase classname="positionUtils calculatePosition when the reference element is on the top Align.Top Align.Top respositions to Align.Bottom based on available space" name="positionUtils calculatePosition when the reference element is on the top Align.Top Align.Top respositions to Align.Bottom based on available space" time="0.001">
    </testcase>
    <testcase classname="positionUtils calculatePosition when the reference element is on the top Align.Top Justify.Fit works" name="positionUtils calculatePosition when the reference element is on the top Align.Top Justify.Fit works" time="0.001">
    </testcase>
    <testcase classname="positionUtils calculatePosition when the reference element is on the top Align.Right Justify.Start works" name="positionUtils calculatePosition when the reference element is on the top Align.Right Justify.Start works" time="0.001">
    </testcase>
    <testcase classname="positionUtils calculatePosition when the reference element is on the top Align.Right Justify.Middle repositions to Justify.Start based on available space" name="positionUtils calculatePosition when the reference element is on the top Align.Right Justify.Middle repositions to Justify.Start based on available space" time="0">
    </testcase>
    <testcase classname="positionUtils calculatePosition when the reference element is on the top Align.Right Justify.Bottom repositions to Justify.Start based on available space" name="positionUtils calculatePosition when the reference element is on the top Align.Right Justify.Bottom repositions to Justify.Start based on available space" time="0.001">
    </testcase>
    <testcase classname="positionUtils calculatePosition when the reference element is on the top Align.Right Justify.Fit works" name="positionUtils calculatePosition when the reference element is on the top Align.Right Justify.Fit works" time="0.001">
    </testcase>
    <testcase classname="positionUtils calculatePosition when the reference element is on the top Align.Bottom Justify.Start works" name="positionUtils calculatePosition when the reference element is on the top Align.Bottom Justify.Start works" time="0.001">
    </testcase>
    <testcase classname="positionUtils calculatePosition when the reference element is on the top Align.Bottom Justify.Middle works" name="positionUtils calculatePosition when the reference element is on the top Align.Bottom Justify.Middle works" time="0.001">
    </testcase>
    <testcase classname="positionUtils calculatePosition when the reference element is on the top Align.Bottom Justify.End works" name="positionUtils calculatePosition when the reference element is on the top Align.Bottom Justify.End works" time="0">
    </testcase>
    <testcase classname="positionUtils calculatePosition when the reference element is on the top Align.Bottom Justify.Fit works" name="positionUtils calculatePosition when the reference element is on the top Align.Bottom Justify.Fit works" time="0.001">
    </testcase>
    <testcase classname="positionUtils calculatePosition when the reference element is on the top Align.Left Justify.Start" name="positionUtils calculatePosition when the reference element is on the top Align.Left Justify.Start" time="0.001">
    </testcase>
    <testcase classname="positionUtils calculatePosition when the reference element is on the top Align.Left Justify.Center respositions to Justify.Start based on available space" name="positionUtils calculatePosition when the reference element is on the top Align.Left Justify.Center respositions to Justify.Start based on available space" time="0">
    </testcase>
    <testcase classname="positionUtils calculatePosition when the reference element is on the top Align.Left Justify.End respositions to Justify.Start based on available space" name="positionUtils calculatePosition when the reference element is on the top Align.Left Justify.End respositions to Justify.Start based on available space" time="0.001">
    </testcase>
    <testcase classname="positionUtils calculatePosition when the reference element is on the top Align.Left Justify.Fit works" name="positionUtils calculatePosition when the reference element is on the top Align.Left Justify.Fit works" time="0">
    </testcase>
    <testcase classname="positionUtils calculatePosition when the reference element is on the top Align.CenterVertical Align.CenterVertical respositions to Align.Bottom based on available space" name="positionUtils calculatePosition when the reference element is on the top Align.CenterVertical Align.CenterVertical respositions to Align.Bottom based on available space" time="0.001">
    </testcase>
    <testcase classname="positionUtils calculatePosition when the reference element is on the top Align.CenterVertical Justify.Fit works" name="positionUtils calculatePosition when the reference element is on the top Align.CenterVertical Justify.Fit works" time="0">
    </testcase>
    <testcase classname="positionUtils calculatePosition when the reference element is on the top Align.CenterHorizontal Justify.Start" name="positionUtils calculatePosition when the reference element is on the top Align.CenterHorizontal Justify.Start" time="0.001">
    </testcase>
    <testcase classname="positionUtils calculatePosition when the reference element is on the top Align.CenterHorizontal Justify.Center respositions to Justify.Start based on available space" name="positionUtils calculatePosition when the reference element is on the top Align.CenterHorizontal Justify.Center respositions to Justify.Start based on available space" time="0">
    </testcase>
    <testcase classname="positionUtils calculatePosition when the reference element is on the top Align.CenterHorizontal Justify.End respositions to Justify.Start based on available space" name="positionUtils calculatePosition when the reference element is on the top Align.CenterHorizontal Justify.End respositions to Justify.Start based on available space" time="0.001">
    </testcase>
    <testcase classname="positionUtils calculatePosition when the reference element is on the top Align.CenterHorizontal Justify.Fit works" name="positionUtils calculatePosition when the reference element is on the top Align.CenterHorizontal Justify.Fit works" time="0">
    </testcase>
    <testcase classname="positionUtils calculatePosition when the reference element is on the right Align.Top Justify.Start repositions to Justify.End based on available space" name="positionUtils calculatePosition when the reference element is on the right Align.Top Justify.Start repositions to Justify.End based on available space" time="0.001">
    </testcase>
    <testcase classname="positionUtils calculatePosition when the reference element is on the right Align.Top Justify.Middle repositions to Justify.Start based on available space" name="positionUtils calculatePosition when the reference element is on the right Align.Top Justify.Middle repositions to Justify.Start based on available space" time="0">
    </testcase>
    <testcase classname="positionUtils calculatePosition when the reference element is on the right Align.Top Justify.End works" name="positionUtils calculatePosition when the reference element is on the right Align.Top Justify.End works" time="0.001">
    </testcase>
    <testcase classname="positionUtils calculatePosition when the reference element is on the right Align.Top Justify.Fit works" name="positionUtils calculatePosition when the reference element is on the right Align.Top Justify.Fit works" time="0">
    </testcase>
    <testcase classname="positionUtils calculatePosition when the reference element is on the right Align.Right Align.Right respositions to Align.Left based on available space" name="positionUtils calculatePosition when the reference element is on the right Align.Right Align.Right respositions to Align.Left based on available space" time="0.001">
    </testcase>
    <testcase classname="positionUtils calculatePosition when the reference element is on the right Align.Bottom Justify.Start repositions to Justify.End based on available space" name="positionUtils calculatePosition when the reference element is on the right Align.Bottom Justify.Start repositions to Justify.End based on available space" time="0">
    </testcase>
    <testcase classname="positionUtils calculatePosition when the reference element is on the right Align.Bottom Justify.Middle repositions to Justify.End based on available space" name="positionUtils calculatePosition when the reference element is on the right Align.Bottom Justify.Middle repositions to Justify.End based on available space" time="0.001">
    </testcase>
    <testcase classname="positionUtils calculatePosition when the reference element is on the right Align.Bottom Justify.End works" name="positionUtils calculatePosition when the reference element is on the right Align.Bottom Justify.End works" time="0">
    </testcase>
    <testcase classname="positionUtils calculatePosition when the reference element is on the right Align.Bottom Justify.Fit works" name="positionUtils calculatePosition when the reference element is on the right Align.Bottom Justify.Fit works" time="0.002">
    </testcase>
    <testcase classname="positionUtils calculatePosition when the reference element is on the right Align.Left Justify.Start works" name="positionUtils calculatePosition when the reference element is on the right Align.Left Justify.Start works" time="0.001">
    </testcase>
    <testcase classname="positionUtils calculatePosition when the reference element is on the right Align.Left Justify.Middle works" name="positionUtils calculatePosition when the reference element is on the right Align.Left Justify.Middle works" time="0">
    </testcase>
    <testcase classname="positionUtils calculatePosition when the reference element is on the right Align.Left Justify.End works" name="positionUtils calculatePosition when the reference element is on the right Align.Left Justify.End works" time="0.001">
    </testcase>
    <testcase classname="positionUtils calculatePosition when the reference element is on the right Align.Left Justify.Fit works" name="positionUtils calculatePosition when the reference element is on the right Align.Left Justify.Fit works" time="0">
    </testcase>
    <testcase classname="positionUtils calculatePosition when the reference element is on the right Align.CenterVertical Justify.Start repositions to Justify.End based on available space" name="positionUtils calculatePosition when the reference element is on the right Align.CenterVertical Justify.Start repositions to Justify.End based on available space" time="0.001">
    </testcase>
    <testcase classname="positionUtils calculatePosition when the reference element is on the right Align.CenterVertical Justify.Middle repositions to Justify.Start based on available space" name="positionUtils calculatePosition when the reference element is on the right Align.CenterVertical Justify.Middle repositions to Justify.Start based on available space" time="0">
    </testcase>
    <testcase classname="positionUtils calculatePosition when the reference element is on the right Align.CenterVertical Justify.End works" name="positionUtils calculatePosition when the reference element is on the right Align.CenterVertical Justify.End works" time="0">
    </testcase>
    <testcase classname="positionUtils calculatePosition when the reference element is on the right Align.CenterVertical Justify.Fit works" name="positionUtils calculatePosition when the reference element is on the right Align.CenterVertical Justify.Fit works" time="0">
    </testcase>
    <testcase classname="positionUtils calculatePosition when the reference element is on the right Align.CenterHorizontal Align.CenterHorizontal respositions to Align.Left based on available space" name="positionUtils calculatePosition when the reference element is on the right Align.CenterHorizontal Align.CenterHorizontal respositions to Align.Left based on available space" time="0">
    </testcase>
    <testcase classname="positionUtils calculatePosition when reference element is on the bottom Align.Top Justify.Start works" name="positionUtils calculatePosition when reference element is on the bottom Align.Top Justify.Start works" time="0">
    </testcase>
    <testcase classname="positionUtils calculatePosition when reference element is on the bottom Align.Top Justify.Middle works" name="positionUtils calculatePosition when reference element is on the bottom Align.Top Justify.Middle works" time="0">
    </testcase>
    <testcase classname="positionUtils calculatePosition when reference element is on the bottom Align.Top Justify.End works" name="positionUtils calculatePosition when reference element is on the bottom Align.Top Justify.End works" time="0.001">
    </testcase>
    <testcase classname="positionUtils calculatePosition when reference element is on the bottom Align.Top Justify.Fit works" name="positionUtils calculatePosition when reference element is on the bottom Align.Top Justify.Fit works" time="0">
    </testcase>
    <testcase classname="positionUtils calculatePosition when reference element is on the bottom Align.Right Justify.Start repositions to Justify.End based on available space" name="positionUtils calculatePosition when reference element is on the bottom Align.Right Justify.Start repositions to Justify.End based on available space" time="0.001">
    </testcase>
    <testcase classname="positionUtils calculatePosition when reference element is on the bottom Align.Right Justify.Middle repositions to Justify.End based on available space" name="positionUtils calculatePosition when reference element is on the bottom Align.Right Justify.Middle repositions to Justify.End based on available space" time="0.001">
    </testcase>
    <testcase classname="positionUtils calculatePosition when reference element is on the bottom Align.Right Justify.End works" name="positionUtils calculatePosition when reference element is on the bottom Align.Right Justify.End works" time="0">
    </testcase>
    <testcase classname="positionUtils calculatePosition when reference element is on the bottom Align.Right Justify.Fit works" name="positionUtils calculatePosition when reference element is on the bottom Align.Right Justify.Fit works" time="0.001">
    </testcase>
    <testcase classname="positionUtils calculatePosition when reference element is on the bottom Align.Bottom Align.Bottom repositions to Align.Start based on available space" name="positionUtils calculatePosition when reference element is on the bottom Align.Bottom Align.Bottom repositions to Align.Start based on available space" time="0">
    </testcase>
    <testcase classname="positionUtils calculatePosition when reference element is on the bottom Align.Left Justify.Start repositions to Justify.End based on available space" name="positionUtils calculatePosition when reference element is on the bottom Align.Left Justify.Start repositions to Justify.End based on available space" time="0.001">
    </testcase>
    <testcase classname="positionUtils calculatePosition when reference element is on the bottom Align.Left Justify.Middle repositions to Justify.End based on available space" name="positionUtils calculatePosition when reference element is on the bottom Align.Left Justify.Middle repositions to Justify.End based on available space" time="0">
    </testcase>
    <testcase classname="positionUtils calculatePosition when reference element is on the bottom Align.Left Justify.End works" name="positionUtils calculatePosition when reference element is on the bottom Align.Left Justify.End works" time="0.001">
    </testcase>
    <testcase classname="positionUtils calculatePosition when reference element is on the bottom Align.Left Justify.Fit works" name="positionUtils calculatePosition when reference element is on the bottom Align.Left Justify.Fit works" time="0">
    </testcase>
    <testcase classname="positionUtils calculatePosition when reference element is on the bottom Align.CenterVertical Align.CenterVertical repositions to Align.Start based on available space" name="positionUtils calculatePosition when reference element is on the bottom Align.CenterVertical Align.CenterVertical repositions to Align.Start based on available space" time="0.001">
    </testcase>
    <testcase classname="positionUtils calculatePosition when reference element is on the bottom Align.CenterHorizontal Justify.Start repositions to Justify.End based on available space" name="positionUtils calculatePosition when reference element is on the bottom Align.CenterHorizontal Justify.Start repositions to Justify.End based on available space" time="0">
    </testcase>
    <testcase classname="positionUtils calculatePosition when reference element is on the bottom Align.CenterHorizontal Justify.Middle repositions to Justify.End based on available space" name="positionUtils calculatePosition when reference element is on the bottom Align.CenterHorizontal Justify.Middle repositions to Justify.End based on available space" time="0.001">
    </testcase>
    <testcase classname="positionUtils calculatePosition when reference element is on the bottom Align.CenterHorizontal Justify.End works" name="positionUtils calculatePosition when reference element is on the bottom Align.CenterHorizontal Justify.End works" time="0">
    </testcase>
    <testcase classname="positionUtils calculatePosition when reference element is on the bottom Align.CenterHorizontal Justify.Fit works" name="positionUtils calculatePosition when reference element is on the bottom Align.CenterHorizontal Justify.Fit works" time="0">
    </testcase>
    <testcase classname="positionUtils calculatePosition when reference element is on the left Align.Top Justify.Start works" name="positionUtils calculatePosition when reference element is on the left Align.Top Justify.Start works" time="0">
    </testcase>
    <testcase classname="positionUtils calculatePosition when reference element is on the left Align.Top Justify.Middle repositions to Justify.Start based on available space" name="positionUtils calculatePosition when reference element is on the left Align.Top Justify.Middle repositions to Justify.Start based on available space" time="0">
    </testcase>
    <testcase classname="positionUtils calculatePosition when reference element is on the left Align.Top Justify.End repositions to Justify.Start based on available space" name="positionUtils calculatePosition when reference element is on the left Align.Top Justify.End repositions to Justify.Start based on available space" time="0.001">
    </testcase>
    <testcase classname="positionUtils calculatePosition when reference element is on the left Align.Top Justify.Fit works" name="positionUtils calculatePosition when reference element is on the left Align.Top Justify.Fit works" time="0">
    </testcase>
    <testcase classname="positionUtils calculatePosition when reference element is on the left Align.Right Justify.Start works" name="positionUtils calculatePosition when reference element is on the left Align.Right Justify.Start works" time="0.001">
    </testcase>
    <testcase classname="positionUtils calculatePosition when reference element is on the left Align.Right Justify.Middle works" name="positionUtils calculatePosition when reference element is on the left Align.Right Justify.Middle works" time="0">
    </testcase>
    <testcase classname="positionUtils calculatePosition when reference element is on the left Align.Right Justify.End works" name="positionUtils calculatePosition when reference element is on the left Align.Right Justify.End works" time="0.001">
    </testcase>
    <testcase classname="positionUtils calculatePosition when reference element is on the left Align.Right Justify.Fit works" name="positionUtils calculatePosition when reference element is on the left Align.Right Justify.Fit works" time="0">
    </testcase>
    <testcase classname="positionUtils calculatePosition when reference element is on the left Align.Bottom Justify.Start works" name="positionUtils calculatePosition when reference element is on the left Align.Bottom Justify.Start works" time="0.001">
    </testcase>
    <testcase classname="positionUtils calculatePosition when reference element is on the left Align.Bottom Justify.Middle repositions to Justify.Start based on available space" name="positionUtils calculatePosition when reference element is on the left Align.Bottom Justify.Middle repositions to Justify.Start based on available space" time="0">
    </testcase>
    <testcase classname="positionUtils calculatePosition when reference element is on the left Align.Bottom Justify.End repositions to Justify.Start based on available space" name="positionUtils calculatePosition when reference element is on the left Align.Bottom Justify.End repositions to Justify.Start based on available space" time="0">
    </testcase>
    <testcase classname="positionUtils calculatePosition when reference element is on the left Align.Bottom Justify.Fit works" name="positionUtils calculatePosition when reference element is on the left Align.Bottom Justify.Fit works" time="0.002">
    </testcase>
    <testcase classname="positionUtils calculatePosition when reference element is on the left Align.Left Align.Left repositions to Align.Right based on available space" name="positionUtils calculatePosition when reference element is on the left Align.Left Align.Left repositions to Align.Right based on available space" time="0">
    </testcase>
    <testcase classname="positionUtils calculatePosition when reference element is on the left Align.CenterVertical Justify.Start works" name="positionUtils calculatePosition when reference element is on the left Align.CenterVertical Justify.Start works" time="0.001">
    </testcase>
    <testcase classname="positionUtils calculatePosition when reference element is on the left Align.CenterVertical Justify.Middle repositions to Justify.Start based on available space" name="positionUtils calculatePosition when reference element is on the left Align.CenterVertical Justify.Middle repositions to Justify.Start based on available space" time="0">
    </testcase>
    <testcase classname="positionUtils calculatePosition when reference element is on the left Align.CenterVertical Justify.End repositions to Justify.Start based on available space" name="positionUtils calculatePosition when reference element is on the left Align.CenterVertical Justify.End repositions to Justify.Start based on available space" time="0">
    </testcase>
    <testcase classname="positionUtils calculatePosition when reference element is on the left Align.CenterVertical Justify.Fit works" name="positionUtils calculatePosition when reference element is on the left Align.CenterVertical Justify.Fit works" time="0.001">
    </testcase>
    <testcase classname="positionUtils calculatePosition when reference element is on the left Align.CenterHorizontal Align.CenterHorizontal repositions to Align.Right based on available space" name="positionUtils calculatePosition when reference element is on the left Align.CenterHorizontal Align.CenterHorizontal repositions to Align.Right based on available space" time="0">
    </testcase>
    <testcase classname="positionUtils calculatePosition when reference element is in the center Align.Top Justify.Start works" name="positionUtils calculatePosition when reference element is in the center Align.Top Justify.Start works" time="0.001">
    </testcase>
    <testcase classname="positionUtils calculatePosition when reference element is in the center Align.Top Justify.Middle works" name="positionUtils calculatePosition when reference element is in the center Align.Top Justify.Middle works" time="0">
    </testcase>
    <testcase classname="positionUtils calculatePosition when reference element is in the center Align.Top Justify.End works" name="positionUtils calculatePosition when reference element is in the center Align.Top Justify.End works" time="0">
    </testcase>
    <testcase classname="positionUtils calculatePosition when reference element is in the center Align.Top Justify.Fit works" name="positionUtils calculatePosition when reference element is in the center Align.Top Justify.Fit works" time="0">
    </testcase>
    <testcase classname="positionUtils calculatePosition when reference element is in the center Align.Right Justify.Start works" name="positionUtils calculatePosition when reference element is in the center Align.Right Justify.Start works" time="0">
    </testcase>
    <testcase classname="positionUtils calculatePosition when reference element is in the center Align.Right Justify.Middle works" name="positionUtils calculatePosition when reference element is in the center Align.Right Justify.Middle works" time="0.001">
    </testcase>
    <testcase classname="positionUtils calculatePosition when reference element is in the center Align.Right Justify.End works" name="positionUtils calculatePosition when reference element is in the center Align.Right Justify.End works" time="0">
    </testcase>
    <testcase classname="positionUtils calculatePosition when reference element is in the center Align.Right Justify.Fit works" name="positionUtils calculatePosition when reference element is in the center Align.Right Justify.Fit works" time="0.001">
    </testcase>
    <testcase classname="positionUtils calculatePosition when reference element is in the center Align.Bottom Justify.Start works" name="positionUtils calculatePosition when reference element is in the center Align.Bottom Justify.Start works" time="0">
    </testcase>
    <testcase classname="positionUtils calculatePosition when reference element is in the center Align.Bottom Justify.Middle works" name="positionUtils calculatePosition when reference element is in the center Align.Bottom Justify.Middle works" time="0">
    </testcase>
    <testcase classname="positionUtils calculatePosition when reference element is in the center Align.Bottom Justify.End works" name="positionUtils calculatePosition when reference element is in the center Align.Bottom Justify.End works" time="0">
    </testcase>
    <testcase classname="positionUtils calculatePosition when reference element is in the center Align.Bottom Justify.Fit works" name="positionUtils calculatePosition when reference element is in the center Align.Bottom Justify.Fit works" time="0">
    </testcase>
    <testcase classname="positionUtils calculatePosition when reference element is in the center Align.Left Justify.Start works" name="positionUtils calculatePosition when reference element is in the center Align.Left Justify.Start works" time="0.001">
    </testcase>
    <testcase classname="positionUtils calculatePosition when reference element is in the center Align.Left Justify.Middle works" name="positionUtils calculatePosition when reference element is in the center Align.Left Justify.Middle works" time="0">
    </testcase>
    <testcase classname="positionUtils calculatePosition when reference element is in the center Align.Left Justify.End works" name="positionUtils calculatePosition when reference element is in the center Align.Left Justify.End works" time="0.001">
    </testcase>
    <testcase classname="positionUtils calculatePosition when reference element is in the center Align.Left Justify.Fit works" name="positionUtils calculatePosition when reference element is in the center Align.Left Justify.Fit works" time="0">
    </testcase>
    <testcase classname="positionUtils calculatePosition when reference element is in the center Align.CenterVertical Justify.Start works" name="positionUtils calculatePosition when reference element is in the center Align.CenterVertical Justify.Start works" time="0">
    </testcase>
    <testcase classname="positionUtils calculatePosition when reference element is in the center Align.CenterVertical Justify.Middle works" name="positionUtils calculatePosition when reference element is in the center Align.CenterVertical Justify.Middle works" time="0">
    </testcase>
    <testcase classname="positionUtils calculatePosition when reference element is in the center Align.CenterVertical Justify.End works" name="positionUtils calculatePosition when reference element is in the center Align.CenterVertical Justify.End works" time="0">
    </testcase>
    <testcase classname="positionUtils calculatePosition when reference element is in the center Align.CenterVertical Justify.Fit works" name="positionUtils calculatePosition when reference element is in the center Align.CenterVertical Justify.Fit works" time="0.001">
    </testcase>
    <testcase classname="positionUtils calculatePosition when reference element is in the center Align.CenterHorizontal Justify.Start works" name="positionUtils calculatePosition when reference element is in the center Align.CenterHorizontal Justify.Start works" time="0">
    </testcase>
    <testcase classname="positionUtils calculatePosition when reference element is in the center Align.CenterHorizontal Justify.Middle works" name="positionUtils calculatePosition when reference element is in the center Align.CenterHorizontal Justify.Middle works" time="0.001">
    </testcase>
    <testcase classname="positionUtils calculatePosition when reference element is in the center Align.CenterHorizontal Justify.End works" name="positionUtils calculatePosition when reference element is in the center Align.CenterHorizontal Justify.End works" time="0">
    </testcase>
    <testcase classname="positionUtils calculatePosition when reference element is in the center Align.CenterHorizontal Justify.Fit works" name="positionUtils calculatePosition when reference element is in the center Align.CenterHorizontal Justify.Fit works" time="0">
    </testcase>
    <testcase classname="positionUtils calculatePosition when useRelativePositioning is true Align.Top Justify.Start works" name="positionUtils calculatePosition when useRelativePositioning is true Align.Top Justify.Start works" time="0">
    </testcase>
    <testcase classname="positionUtils calculatePosition when useRelativePositioning is true Align.Top Justify.Middle works" name="positionUtils calculatePosition when useRelativePositioning is true Align.Top Justify.Middle works" time="0">
    </testcase>
    <testcase classname="positionUtils calculatePosition when useRelativePositioning is true Align.Top Justify.End works" name="positionUtils calculatePosition when useRelativePositioning is true Align.Top Justify.End works" time="0">
    </testcase>
    <testcase classname="positionUtils calculatePosition when useRelativePositioning is true Align.Top Justify.Fit works" name="positionUtils calculatePosition when useRelativePositioning is true Align.Top Justify.Fit works" time="0">
    </testcase>
    <testcase classname="positionUtils calculatePosition when useRelativePositioning is true Align.Right Justify.Start works" name="positionUtils calculatePosition when useRelativePositioning is true Align.Right Justify.Start works" time="0.001">
    </testcase>
    <testcase classname="positionUtils calculatePosition when useRelativePositioning is true Align.Right Justify.Middle works" name="positionUtils calculatePosition when useRelativePositioning is true Align.Right Justify.Middle works" time="0">
    </testcase>
    <testcase classname="positionUtils calculatePosition when useRelativePositioning is true Align.Right Justify.End works" name="positionUtils calculatePosition when useRelativePositioning is true Align.Right Justify.End works" time="0.001">
    </testcase>
    <testcase classname="positionUtils calculatePosition when useRelativePositioning is true Align.Right Justify.Fit works" name="positionUtils calculatePosition when useRelativePositioning is true Align.Right Justify.Fit works" time="0">
    </testcase>
    <testcase classname="positionUtils calculatePosition when useRelativePositioning is true Align.Bottom Justify.Start works" name="positionUtils calculatePosition when useRelativePositioning is true Align.Bottom Justify.Start works" time="0.001">
    </testcase>
    <testcase classname="positionUtils calculatePosition when useRelativePositioning is true Align.Bottom Justify.Middle works" name="positionUtils calculatePosition when useRelativePositioning is true Align.Bottom Justify.Middle works" time="0.001">
    </testcase>
    <testcase classname="positionUtils calculatePosition when useRelativePositioning is true Align.Bottom Justify.End works" name="positionUtils calculatePosition when useRelativePositioning is true Align.Bottom Justify.End works" time="0">
    </testcase>
    <testcase classname="positionUtils calculatePosition when useRelativePositioning is true Align.Bottom Justify.Fit works" name="positionUtils calculatePosition when useRelativePositioning is true Align.Bottom Justify.Fit works" time="0.001">
    </testcase>
    <testcase classname="positionUtils calculatePosition when useRelativePositioning is true Align.Left Justify.Start works" name="positionUtils calculatePosition when useRelativePositioning is true Align.Left Justify.Start works" time="0">
    </testcase>
    <testcase classname="positionUtils calculatePosition when useRelativePositioning is true Align.Left Justify.Middle works" name="positionUtils calculatePosition when useRelativePositioning is true Align.Left Justify.Middle works" time="0.001">
    </testcase>
    <testcase classname="positionUtils calculatePosition when useRelativePositioning is true Align.Left Justify.End works" name="positionUtils calculatePosition when useRelativePositioning is true Align.Left Justify.End works" time="0.001">
    </testcase>
    <testcase classname="positionUtils calculatePosition when useRelativePositioning is true Align.Left Justify.Fit works" name="positionUtils calculatePosition when useRelativePositioning is true Align.Left Justify.Fit works" time="0.001">
    </testcase>
    <testcase classname="positionUtils calculatePosition when useRelativePositioning is true Align.CenterVertical Justify.Start works" name="positionUtils calculatePosition when useRelativePositioning is true Align.CenterVertical Justify.Start works" time="0">
    </testcase>
    <testcase classname="positionUtils calculatePosition when useRelativePositioning is true Align.CenterVertical Justify.Middle works" name="positionUtils calculatePosition when useRelativePositioning is true Align.CenterVertical Justify.Middle works" time="0.001">
    </testcase>
    <testcase classname="positionUtils calculatePosition when useRelativePositioning is true Align.CenterVertical Justify.End works" name="positionUtils calculatePosition when useRelativePositioning is true Align.CenterVertical Justify.End works" time="0">
    </testcase>
    <testcase classname="positionUtils calculatePosition when useRelativePositioning is true Align.CenterVertical Justify.Fit works" name="positionUtils calculatePosition when useRelativePositioning is true Align.CenterVertical Justify.Fit works" time="0">
    </testcase>
    <testcase classname="positionUtils calculatePosition when useRelativePositioning is true Align.CenterHorizontal Justify.Start works" name="positionUtils calculatePosition when useRelativePositioning is true Align.CenterHorizontal Justify.Start works" time="0.001">
    </testcase>
    <testcase classname="positionUtils calculatePosition when useRelativePositioning is true Align.CenterHorizontal Justify.Middle works" name="positionUtils calculatePosition when useRelativePositioning is true Align.CenterHorizontal Justify.Middle works" time="0">
    </testcase>
    <testcase classname="positionUtils calculatePosition when useRelativePositioning is true Align.CenterHorizontal Justify.End works" name="positionUtils calculatePosition when useRelativePositioning is true Align.CenterHorizontal Justify.End works" time="0.001">
    </testcase>
    <testcase classname="positionUtils calculatePosition when useRelativePositioning is true Align.CenterHorizontal Justify.Fit works" name="positionUtils calculatePosition when useRelativePositioning is true Align.CenterHorizontal Justify.Fit works" time="0">
    </testcase>
    <testcase classname="positionUtils getElementDocumentPosition given an element, it returns an object with information about its position" name="positionUtils getElementDocumentPosition given an element, it returns an object with information about its position" time="0.002">
    </testcase>
    <testcase classname="positionUtils getElementViewportPosition given an element, it returns an object with information about its position" name="positionUtils getElementViewportPosition given an element, it returns an object with information about its position" time="0.001">
    </testcase>
  </testsuite>
  <testsuite name="Context" errors="0" failures="0" skipped="4" timestamp="2020-07-29T17:04:54" time="0.702" tests="26">
    <testcase classname="Context still calls `exit` when operation throws exception with sync `enter` and `exit`" name="Context still calls `exit` when operation throws exception with sync `enter` and `exit`" time="0.006">
    </testcase>
    <testcase classname="Context still calls `exit` when operation throws exception with async `enter`" name="Context still calls `exit` when operation throws exception with async `enter`" time="0.001">
    </testcase>
    <testcase classname="Context still calls `exit` when operation throws exception with async `exit`" name="Context still calls `exit` when operation throws exception with async `exit`" time="0.002">
    </testcase>
    <testcase classname="Context still calls `exit` when operation throws exception with async operation" name="Context still calls `exit` when operation throws exception with async operation" time="0.002">
    </testcase>
    <testcase classname="Context operation and `exit` not called if `enter` throws exception with sync `enter` and `exit`" name="Context operation and `exit` not called if `enter` throws exception with sync `enter` and `exit`" time="0.001">
    </testcase>
    <testcase classname="Context operation and `exit` not called if `enter` throws exception with async `enter`" name="Context operation and `exit` not called if `enter` throws exception with async `enter`" time="0.002">
    </testcase>
    <testcase classname="Context operation and `exit` not called if `enter` throws exception with async `exit`" name="Context operation and `exit` not called if `enter` throws exception with async `exit`" time="0.001">
    </testcase>
    <testcase classname="Context operation and `exit` not called if `enter` throws exception with async operation" name="Context operation and `exit` not called if `enter` throws exception with async operation" time="0.001">
    </testcase>
    <testcase classname="Context when `exit` throws exception with sync `enter` and `exit`" name="Context when `exit` throws exception with sync `enter` and `exit`" time="0">
    </testcase>
    <testcase classname="Context when `exit` throws exception with async `enter`" name="Context when `exit` throws exception with async `enter`" time="0.002">
    </testcase>
    <testcase classname="Context when `exit` throws exception with async `exit`" name="Context when `exit` throws exception with async `exit`" time="0">
    </testcase>
    <testcase classname="Context when `exit` throws exception with async operation" name="Context when `exit` throws exception with async operation" time="0">
    </testcase>
    <testcase classname="Context when operation and `exit` throws exception with sync `enter` and `exit`" name="Context when operation and `exit` throws exception with sync `enter` and `exit`" time="0.001">
    </testcase>
    <testcase classname="Context when operation and `exit` throws exception with async `enter`" name="Context when operation and `exit` throws exception with async `enter`" time="0.001">
    </testcase>
    <testcase classname="Context when operation and `exit` throws exception with async `exit`" name="Context when operation and `exit` throws exception with async `exit`" time="0">
    </testcase>
    <testcase classname="Context when operation and `exit` throws exception with async operation" name="Context when operation and `exit` throws exception with async operation" time="0.001">
    </testcase>
    <testcase classname="Context types with sync `enter`" name="Context types with sync `enter`" time="0.001">
    </testcase>
    <testcase classname="Context types with async `enter`" name="Context types with async `enter`" time="0">
    </testcase>
    <testcase classname="Context types with sync `exit`" name="Context types with sync `exit`" time="0.001">
    </testcase>
    <testcase classname="Context types with async `exit`" name="Context types with async `exit`" time="0.001">
    </testcase>
    <testcase classname="Context types with sync `enter` and `exit`" name="Context types with sync `enter` and `exit`" time="0">
    </testcase>
    <testcase classname="Context types with async `enter` and `exit`" name="Context types with async `enter` and `exit`" time="0.001">
    </testcase>
    <testcase classname="Context types Missing `enter`" name="Context types Missing `enter`" time="0">
      <skipped/>
    </testcase>
    <testcase classname="Context types Context handle types are consistent" name="Context types Context handle types are consistent" time="0">
      <skipped/>
    </testcase>
    <testcase classname="Context types Context handle types error when `enter` and `exit` disagree" name="Context types Context handle types error when `enter` and `exit` disagree" time="0">
      <skipped/>
    </testcase>
    <testcase classname="Context types Context handle types error when `enter` and provided function disagree" name="Context types Context handle types error when `enter` and provided function disagree" time="0">
      <skipped/>
    </testcase>
  </testsuite>
  <testsuite name="packages/mongo-nav" errors="0" failures="0" skipped="0" timestamp="2020-07-29T17:04:55" time="7.038" tests="33">
    <testcase classname="packages/mongo-nav by default fetch is called" name="packages/mongo-nav by default fetch is called" time="0.364">
    </testcase>
    <testcase classname="packages/mongo-nav by default the organization and project navs are rendered" name="packages/mongo-nav by default the organization and project navs are rendered" time="0.272">
    </testcase>
    <testcase classname="packages/mongo-nav by default current orgId is set based on data returned from fetch" name="packages/mongo-nav by default current orgId is set based on data returned from fetch" time="0.085">
    </testcase>
    <testcase classname="packages/mongo-nav by default current orgName is displayed inside the OrgSelect based on data returned from fetch" name="packages/mongo-nav by default current orgName is displayed inside the OrgSelect based on data returned from fetch" time="0.073">
    </testcase>
    <testcase classname="packages/mongo-nav by default current projectId is set based on data returned from fetch" name="packages/mongo-nav by default current projectId is set based on data returned from fetch" time="0.074">
    </testcase>
    <testcase classname="packages/mongo-nav by default current projectName is displayed inside the ProjectSelect based on data returned from fetch" name="packages/mongo-nav by default current projectName is displayed inside the ProjectSelect based on data returned from fetch" time="0.077">
    </testcase>
    <testcase classname="packages/mongo-nav by default projects displayed in ProjectSelect are only shown if they have the same orgId as the current project" name="packages/mongo-nav by default projects displayed in ProjectSelect are only shown if they have the same orgId as the current project" time="0.151">
    </testcase>
    <testcase classname="packages/mongo-nav by default user is set based on data returned from fetch" name="packages/mongo-nav by default user is set based on data returned from fetch" time="0.075">
    </testcase>
    <testcase classname="packages/mongo-nav by default admin UI is not shown" name="packages/mongo-nav by default admin UI is not shown" time="0.072">
    </testcase>
    <testcase classname="packages/mongo-nav when activeProjectId is supplied fetch is called" name="packages/mongo-nav when activeProjectId is supplied fetch is called" time="0.061">
    </testcase>
    <testcase classname="packages/mongo-nav when activeProjectId is supplied the organization and project navs are rendered" name="packages/mongo-nav when activeProjectId is supplied the organization and project navs are rendered" time="0.095">
    </testcase>
    <testcase classname="packages/mongo-nav when activeProjectId is supplied current orgId is set based on the new activeProjectId" name="packages/mongo-nav when activeProjectId is supplied current orgId is set based on the new activeProjectId" time="0.062">
    </testcase>
    <testcase classname="packages/mongo-nav when activeProjectId is supplied current projectId is set based on the new activeProjectId" name="packages/mongo-nav when activeProjectId is supplied current projectId is set based on the new activeProjectId" time="0.06">
    </testcase>
    <testcase classname="packages/mongo-nav when activeProjectId is supplied current projectName is displayed inside the ProjectSelect based on the new activeProjectId" name="packages/mongo-nav when activeProjectId is supplied current projectName is displayed inside the ProjectSelect based on the new activeProjectId" time="0.053">
    </testcase>
    <testcase classname="packages/mongo-nav when activeOrgId is supplied fetch is called" name="packages/mongo-nav when activeOrgId is supplied fetch is called" time="0.052">
    </testcase>
    <testcase classname="packages/mongo-nav when activeOrgId is supplied the organization and project navs are rendered" name="packages/mongo-nav when activeOrgId is supplied the organization and project navs are rendered" time="0.096">
    </testcase>
    <testcase classname="packages/mongo-nav when activeOrgId is supplied current orgId is set based on the new activeOrgId" name="packages/mongo-nav when activeOrgId is supplied current orgId is set based on the new activeOrgId" time="0.053">
    </testcase>
    <testcase classname="packages/mongo-nav when activeOrgId is supplied current orgName is displayed inside the OrgSelect based on the new activeOrgId" name="packages/mongo-nav when activeOrgId is supplied current orgName is displayed inside the OrgSelect based on the new activeOrgId" time="0.057">
    </testcase>
    <testcase classname="packages/mongo-nav when activeProjectId and activeOrgID are both supplied fetch is called" name="packages/mongo-nav when activeProjectId and activeOrgID are both supplied fetch is called" time="0.049">
    </testcase>
    <testcase classname="packages/mongo-nav when activeProjectId and activeOrgID are both supplied current orgId is set based on the new activeProjectId" name="packages/mongo-nav when activeProjectId and activeOrgID are both supplied current orgId is set based on the new activeProjectId" time="0.054">
    </testcase>
    <testcase classname="packages/mongo-nav when activeProjectId and activeOrgID are both supplied current projectId is set based on the new activeProjectId" name="packages/mongo-nav when activeProjectId and activeOrgID are both supplied current projectId is set based on the new activeProjectId" time="0.089">
    </testcase>
    <testcase classname="packages/mongo-nav when activeProjectId and activeOrgID are both supplied current projectName is displayed inside the ProjectSelect based on the new activeProjectId" name="packages/mongo-nav when activeProjectId and activeOrgID are both supplied current projectName is displayed inside the ProjectSelect based on the new activeProjectId" time="0.05">
    </testcase>
    <testcase classname="packages/mongo-nav UserMenu behaves as expected when cloud is the active platform when the user menu opens, the cloud menu items are displayed" name="packages/mongo-nav UserMenu behaves as expected when cloud is the active platform when the user menu opens, the cloud menu items are displayed" time="0.174">
    </testcase>
    <testcase classname="packages/mongo-nav when user passes host override link is properly constructured based on host override prop" name="packages/mongo-nav when user passes host override link is properly constructured based on host override prop" time="0.046">
    </testcase>
    <testcase classname="packages/mongo-nav when user passes url override link is properly constructured based on host override prop" name="packages/mongo-nav when user passes url override link is properly constructured based on host override prop" time="0.04">
    </testcase>
    <testcase classname="packages/mongo-nav when loadData is set to false the user name is not displayed" name="packages/mongo-nav when loadData is set to false the user name is not displayed" time="0.029">
    </testcase>
    <testcase classname="packages/mongo-nav when loadData is set to false the current project name is not displayed" name="packages/mongo-nav when loadData is set to false the current project name is not displayed" time="0.024">
    </testcase>
    <testcase classname="packages/mongo-nav when loadData is set to false the current organization name is not displayed" name="packages/mongo-nav when loadData is set to false the current organization name is not displayed" time="0.024">
    </testcase>
    <testcase classname="packages/mongo-nav when dataFixtures prop is set prop data overrides default data" name="packages/mongo-nav when dataFixtures prop is set prop data overrides default data" time="0.042">
    </testcase>
    <testcase classname="packages/mongo-nav when dataFixtures prop sets admin as true admin UI is shown" name="packages/mongo-nav when dataFixtures prop sets admin as true admin UI is shown" time="0.119">
    </testcase>
    <testcase classname="packages/mongo-nav when the environment is set to &quot;government&quot; cloud links default to cloud.mongodbgov.com in the org nav" name="packages/mongo-nav when the environment is set to &quot;government&quot; cloud links default to cloud.mongodbgov.com in the org nav" time="0.051">
    </testcase>
    <testcase classname="packages/mongo-nav when the environment is set to &quot;government&quot; cloud links default to cloud.mongodbgov.com in the project nav" name="packages/mongo-nav when the environment is set to &quot;government&quot; cloud links default to cloud.mongodbgov.com in the project nav" time="0.039">
    </testcase>
    <testcase classname="packages/mongo-nav when the environment is set to &quot;government&quot; cloud links default to cloud.mongodbgov.com in the user menu" name="packages/mongo-nav when the environment is set to &quot;government&quot; cloud links default to cloud.mongodbgov.com in the user menu" time="0.074">
    </testcase>
  </testsuite>
  <testsuite name="packages/tooltip" errors="0" failures="20" skipped="0" timestamp="2020-07-29T17:05:02" time="0.974" tests="22">
    <testcase classname="packages/tooltip when uncontrolled renders a button to the DOM with trigger button" name="packages/tooltip when uncontrolled renders a button to the DOM with trigger button" time="0.03">
    </testcase>
    <testcase classname="packages/tooltip when uncontrolled when &quot;triggerEvent&quot; is set to click, clicking trigger opens and closes the tooltip" name="packages/tooltip when uncontrolled when &quot;triggerEvent&quot; is set to click, clicking trigger opens and closes the tooltip" time="0.007">
      <failure>Error: Found multiple elements with the text: trigger button

(If this is intentional, then use the `*AllBy*` variant of the query (like `queryAllByText`, `getAllByText`, or `findAllByText`)).

&lt;body&gt;
  &lt;div&gt;
    &lt;div
      data-testid=&quot;backdrop&quot;
    /&gt;
    &lt;button
      aria-describedby=&quot;tooltip-9&quot;
      class=&quot;leafygreen-ui-cssveg&quot;
    &gt;
      trigger button
    &lt;/button&gt;
  &lt;/div&gt;
  &lt;div&gt;
    &lt;div
      data-testid=&quot;backdrop&quot;
    /&gt;
    &lt;button
      aria-describedby=&quot;tooltip-3&quot;
      class=&quot;leafygreen-ui-cssveg&quot;
    &gt;
      trigger button
    &lt;/button&gt;
  &lt;/div&gt;
&lt;/body&gt;
    at getElementError (/Users/brookeyalof/Development/MongoDB/leafygreen-ui/packages/tooltip/node_modules/@testing-library/dom/dist/query-helpers.js:46:10)
    at getMultipleElementsFoundError (/Users/brookeyalof/Development/MongoDB/leafygreen-ui/packages/tooltip/node_modules/@testing-library/dom/dist/query-helpers.js:50:10)
    at getByText (/Users/brookeyalof/Development/MongoDB/leafygreen-ui/packages/tooltip/node_modules/@testing-library/dom/dist/query-helpers.js:86:13)
    at renderTooltip (/Users/brookeyalof/Development/MongoDB/leafygreen-ui/packages/tooltip/src/Tooltip.spec.tsx:44:24)
    at Object.&lt;anonymous&gt; (/Users/brookeyalof/Development/MongoDB/leafygreen-ui/packages/tooltip/src/Tooltip.spec.tsx:58:39)
    at Object.asyncJestTest (/Users/brookeyalof/Development/MongoDB/leafygreen-ui/node_modules/jest-jasmine2/build/jasmineAsyncInstall.js:100:37)
    at /Users/brookeyalof/Development/MongoDB/leafygreen-ui/node_modules/jest-jasmine2/build/queueRunner.js:47:12
    at new Promise (&lt;anonymous&gt;)
    at mapper (/Users/brookeyalof/Development/MongoDB/leafygreen-ui/node_modules/jest-jasmine2/build/queueRunner.js:30:19)
    at /Users/brookeyalof/Development/MongoDB/leafygreen-ui/node_modules/jest-jasmine2/build/queueRunner.js:77:41</failure>
    </testcase>
    <testcase classname="packages/tooltip when uncontrolled when &quot;triggerEvent&quot; is set to &quot;hover&quot;, hovering on and off the trigger opens and closes the tooltip" name="packages/tooltip when uncontrolled when &quot;triggerEvent&quot; is set to &quot;hover&quot;, hovering on and off the trigger opens and closes the tooltip" time="0.005">
      <failure>Error: Found multiple elements with the text: trigger button

(If this is intentional, then use the `*AllBy*` variant of the query (like `queryAllByText`, `getAllByText`, or `findAllByText`)).

&lt;body&gt;
  &lt;div&gt;
    &lt;div
      data-testid=&quot;backdrop&quot;
    /&gt;
    &lt;button
      aria-describedby=&quot;tooltip-9&quot;
      class=&quot;leafygreen-ui-cssveg&quot;
    &gt;
      trigger button
    &lt;/button&gt;
  &lt;/div&gt;
  &lt;div&gt;
    &lt;div
      data-testid=&quot;backdrop&quot;
    /&gt;
    &lt;button
      aria-describedby=&quot;tooltip-3&quot;
      class=&quot;leafygreen-ui-cssveg&quot;
    &gt;
      trigger button
    &lt;/button&gt;
  &lt;/div&gt;
  &lt;div&gt;
    &lt;div
      data-testid=&quot;backdrop&quot;
    /&gt;
    &lt;button
      aria-describedby=&quot;tooltip-0&quot;
      class=&quot;leafygreen-ui-cssveg&quot;
    &gt;
      trigger button
    &lt;/button&gt;
  &lt;/div&gt;
&lt;/body&gt;
    at getElementError (/Users/brookeyalof/Development/MongoDB/leafygreen-ui/packages/tooltip/node_modules/@testing-library/dom/dist/query-helpers.js:46:10)
    at getMultipleElementsFoundError (/Users/brookeyalof/Development/MongoDB/leafygreen-ui/packages/tooltip/node_modules/@testing-library/dom/dist/query-helpers.js:50:10)
    at getByText (/Users/brookeyalof/Development/MongoDB/leafygreen-ui/packages/tooltip/node_modules/@testing-library/dom/dist/query-helpers.js:86:13)
    at renderTooltip (/Users/brookeyalof/Development/MongoDB/leafygreen-ui/packages/tooltip/src/Tooltip.spec.tsx:44:24)
    at _callee$ (/Users/brookeyalof/Development/MongoDB/leafygreen-ui/packages/tooltip/src/Tooltip.spec.tsx:76:54)
    at tryCatch (/Users/brookeyalof/Development/MongoDB/leafygreen-ui/node_modules/regenerator-runtime/runtime.js:45:40)
    at Generator.invoke [as _invoke] (/Users/brookeyalof/Development/MongoDB/leafygreen-ui/node_modules/regenerator-runtime/runtime.js:274:22)
    at Generator.prototype.&lt;computed&gt; [as next] (/Users/brookeyalof/Development/MongoDB/leafygreen-ui/node_modules/regenerator-runtime/runtime.js:97:21)
    at asyncGeneratorStep (/Users/brookeyalof/Development/MongoDB/leafygreen-ui/packages/tooltip/src/Tooltip.spec.tsx:37:103)
    at _next (/Users/brookeyalof/Development/MongoDB/leafygreen-ui/packages/tooltip/src/Tooltip.spec.tsx:39:194)
    at /Users/brookeyalof/Development/MongoDB/leafygreen-ui/packages/tooltip/src/Tooltip.spec.tsx:39:364
    at new Promise (&lt;anonymous&gt;)
    at Object.&lt;anonymous&gt; (/Users/brookeyalof/Development/MongoDB/leafygreen-ui/packages/tooltip/src/Tooltip.spec.tsx:39:97)
    at Object.asyncJestTest (/Users/brookeyalof/Development/MongoDB/leafygreen-ui/node_modules/jest-jasmine2/build/jasmineAsyncInstall.js:100:37)
    at /Users/brookeyalof/Development/MongoDB/leafygreen-ui/node_modules/jest-jasmine2/build/queueRunner.js:47:12
    at new Promise (&lt;anonymous&gt;)
    at mapper (/Users/brookeyalof/Development/MongoDB/leafygreen-ui/node_modules/jest-jasmine2/build/queueRunner.js:30:19)
    at /Users/brookeyalof/Development/MongoDB/leafygreen-ui/node_modules/jest-jasmine2/build/queueRunner.js:77:41</failure>
    </testcase>
    <testcase classname="packages/tooltip when uncontrolled tooltip does not open when enabled is &quot;false&quot; when triggerEvent is &quot;hover&quot;" name="packages/tooltip when uncontrolled tooltip does not open when enabled is &quot;false&quot; when triggerEvent is &quot;hover&quot;" time="0.004">
      <failure>Error: Found multiple elements with the text: trigger button

(If this is intentional, then use the `*AllBy*` variant of the query (like `queryAllByText`, `getAllByText`, or `findAllByText`)).

&lt;body&gt;
  &lt;div&gt;
    &lt;div
      data-testid=&quot;backdrop&quot;
    /&gt;
    &lt;button
      aria-describedby=&quot;tooltip-9&quot;
      class=&quot;leafygreen-ui-cssveg&quot;
    &gt;
      trigger button
    &lt;/button&gt;
  &lt;/div&gt;
  &lt;div&gt;
    &lt;div
      data-testid=&quot;backdrop&quot;
    /&gt;
    &lt;button
      aria-describedby=&quot;tooltip-3&quot;
      class=&quot;leafygreen-ui-cssveg&quot;
    &gt;
      trigger button
    &lt;/button&gt;
  &lt;/div&gt;
  &lt;div&gt;
    &lt;div
      data-testid=&quot;backdrop&quot;
    /&gt;
    &lt;button
      aria-describedby=&quot;tooltip-0&quot;
      class=&quot;leafygreen-ui-cssveg&quot;
    &gt;
      trigger button
    &lt;/button&gt;
  &lt;/div&gt;
  &lt;div&gt;
    &lt;div
      data-testid=&quot;backdrop&quot;
    /&gt;
    &lt;button
      aria-describedby=&quot;tooltip-3&quot;
      class=&quot;leafygreen-ui-cssveg&quot;
    &gt;
      trigger button
    &lt;/button&gt;
  &lt;/div&gt;
&lt;/body&gt;
    at getElementError (/Users/brookeyalof/Development/MongoDB/leafygreen-ui/packages/tooltip/node_modules/@testing-library/dom/dist/query-helpers.js:46:10)
    at getMultipleElementsFoundError (/Users/brookeyalof/Development/MongoDB/leafygreen-ui/packages/tooltip/node_modules/@testing-library/dom/dist/query-helpers.js:50:10)
    at getByText (/Users/brookeyalof/Development/MongoDB/leafygreen-ui/packages/tooltip/node_modules/@testing-library/dom/dist/query-helpers.js:86:13)
    at renderTooltip (/Users/brookeyalof/Development/MongoDB/leafygreen-ui/packages/tooltip/src/Tooltip.spec.tsx:44:24)
    at _callee8$ (/Users/brookeyalof/Development/MongoDB/leafygreen-ui/packages/tooltip/src/Tooltip.spec.tsx:110:43)
    at tryCatch (/Users/brookeyalof/Development/MongoDB/leafygreen-ui/node_modules/regenerator-runtime/runtime.js:45:40)
    at Generator.invoke [as _invoke] (/Users/brookeyalof/Development/MongoDB/leafygreen-ui/node_modules/regenerator-runtime/runtime.js:274:22)
    at Generator.prototype.&lt;computed&gt; [as next] (/Users/brookeyalof/Development/MongoDB/leafygreen-ui/node_modules/regenerator-runtime/runtime.js:97:21)
    at asyncGeneratorStep (/Users/brookeyalof/Development/MongoDB/leafygreen-ui/packages/tooltip/src/Tooltip.spec.tsx:37:103)
    at _next (/Users/brookeyalof/Development/MongoDB/leafygreen-ui/packages/tooltip/src/Tooltip.spec.tsx:39:194)
    at /Users/brookeyalof/Development/MongoDB/leafygreen-ui/packages/tooltip/src/Tooltip.spec.tsx:39:364
    at new Promise (&lt;anonymous&gt;)
    at Object.&lt;anonymous&gt; (/Users/brookeyalof/Development/MongoDB/leafygreen-ui/packages/tooltip/src/Tooltip.spec.tsx:39:97)
    at Object.asyncJestTest (/Users/brookeyalof/Development/MongoDB/leafygreen-ui/node_modules/jest-jasmine2/build/jasmineAsyncInstall.js:100:37)
    at /Users/brookeyalof/Development/MongoDB/leafygreen-ui/node_modules/jest-jasmine2/build/queueRunner.js:47:12
    at new Promise (&lt;anonymous&gt;)
    at mapper (/Users/brookeyalof/Development/MongoDB/leafygreen-ui/node_modules/jest-jasmine2/build/queueRunner.js:30:19)
    at /Users/brookeyalof/Development/MongoDB/leafygreen-ui/node_modules/jest-jasmine2/build/queueRunner.js:77:41</failure>
    </testcase>
    <testcase classname="packages/tooltip when uncontrolled tooltip does not open when enabled is &quot;false&quot; when triggerEvent is &quot;click&quot;" name="packages/tooltip when uncontrolled tooltip does not open when enabled is &quot;false&quot; when triggerEvent is &quot;click&quot;" time="0.004">
      <failure>Error: Found multiple elements with the text: trigger button

(If this is intentional, then use the `*AllBy*` variant of the query (like `queryAllByText`, `getAllByText`, or `findAllByText`)).

&lt;body&gt;
  &lt;div&gt;
    &lt;div
      data-testid=&quot;backdrop&quot;
    /&gt;
    &lt;button
      aria-describedby=&quot;tooltip-9&quot;
      class=&quot;leafygreen-ui-cssveg&quot;
    &gt;
      trigger button
    &lt;/button&gt;
  &lt;/div&gt;
  &lt;div&gt;
    &lt;div
      data-testid=&quot;backdrop&quot;
    /&gt;
    &lt;button
      aria-describedby=&quot;tooltip-3&quot;
      class=&quot;leafygreen-ui-cssveg&quot;
    &gt;
      trigger button
    &lt;/button&gt;
  &lt;/div&gt;
  &lt;div&gt;
    &lt;div
      data-testid=&quot;backdrop&quot;
    /&gt;
    &lt;button
      aria-describedby=&quot;tooltip-0&quot;
      class=&quot;leafygreen-ui-cssveg&quot;
    &gt;
      trigger button
    &lt;/button&gt;
  &lt;/div&gt;
  &lt;div&gt;
    &lt;div
      data-testid=&quot;backdrop&quot;
    /&gt;
    &lt;button
      aria-describedby=&quot;tooltip-3&quot;
      class=&quot;leafygreen-ui-cssveg&quot;
    &gt;
      trigger button
    &lt;/button&gt;
  &lt;/div&gt;
  &lt;div&gt;
    &lt;div
      data-testid=&quot;backdrop&quot;
    /&gt;
    &lt;button
      aria-describedby=&quot;tooltip-6&quot;
      class=&quot;leafygreen-ui-cssveg&quot;
    &gt;
      trigger button
    &lt;/button&gt;
  &lt;/div&gt;
&lt;/body&gt;
    at getElementError (/Users/brookeyalof/Development/MongoDB/leafygreen-ui/packages/tooltip/node_modules/@testing-library/dom/dist/query-helpers.js:46:10)
    at getMultipleElementsFoundError (/Users/brookeyalof/Development/MongoDB/leafygreen-ui/packages/tooltip/node_modules/@testing-library/dom/dist/query-helpers.js:50:10)
    at getByText (/Users/brookeyalof/Development/MongoDB/leafygreen-ui/packages/tooltip/node_modules/@testing-library/dom/dist/query-helpers.js:86:13)
    at renderTooltip (/Users/brookeyalof/Development/MongoDB/leafygreen-ui/packages/tooltip/src/Tooltip.spec.tsx:44:24)
    at _callee8$ (/Users/brookeyalof/Development/MongoDB/leafygreen-ui/packages/tooltip/src/Tooltip.spec.tsx:110:43)
    at tryCatch (/Users/brookeyalof/Development/MongoDB/leafygreen-ui/node_modules/regenerator-runtime/runtime.js:45:40)
    at Generator.invoke [as _invoke] (/Users/brookeyalof/Development/MongoDB/leafygreen-ui/node_modules/regenerator-runtime/runtime.js:274:22)
    at Generator.prototype.&lt;computed&gt; [as next] (/Users/brookeyalof/Development/MongoDB/leafygreen-ui/node_modules/regenerator-runtime/runtime.js:97:21)
    at asyncGeneratorStep (/Users/brookeyalof/Development/MongoDB/leafygreen-ui/packages/tooltip/src/Tooltip.spec.tsx:37:103)
    at _next (/Users/brookeyalof/Development/MongoDB/leafygreen-ui/packages/tooltip/src/Tooltip.spec.tsx:39:194)
    at /Users/brookeyalof/Development/MongoDB/leafygreen-ui/packages/tooltip/src/Tooltip.spec.tsx:39:364
    at new Promise (&lt;anonymous&gt;)
    at Object.&lt;anonymous&gt; (/Users/brookeyalof/Development/MongoDB/leafygreen-ui/packages/tooltip/src/Tooltip.spec.tsx:39:97)
    at Object.asyncJestTest (/Users/brookeyalof/Development/MongoDB/leafygreen-ui/node_modules/jest-jasmine2/build/jasmineAsyncInstall.js:100:37)
    at /Users/brookeyalof/Development/MongoDB/leafygreen-ui/node_modules/jest-jasmine2/build/queueRunner.js:47:12
    at new Promise (&lt;anonymous&gt;)
    at mapper (/Users/brookeyalof/Development/MongoDB/leafygreen-ui/node_modules/jest-jasmine2/build/queueRunner.js:30:19)
    at /Users/brookeyalof/Development/MongoDB/leafygreen-ui/node_modules/jest-jasmine2/build/queueRunner.js:77:41</failure>
    </testcase>
    <testcase classname="packages/tooltip when uncontrolled tooltip closes when enabled is set to &quot;false&quot;" name="packages/tooltip when uncontrolled tooltip closes when enabled is set to &quot;false&quot;" time="0.004">
      <failure>Error: Found multiple elements with the text: trigger button

(If this is intentional, then use the `*AllBy*` variant of the query (like `queryAllByText`, `getAllByText`, or `findAllByText`)).

&lt;body&gt;
  &lt;div&gt;
    &lt;div
      data-testid=&quot;backdrop&quot;
    /&gt;
    &lt;button
      aria-describedby=&quot;tooltip-9&quot;
      class=&quot;leafygreen-ui-cssveg&quot;
    &gt;
      trigger button
    &lt;/button&gt;
  &lt;/div&gt;
  &lt;div&gt;
    &lt;div
      data-testid=&quot;backdrop&quot;
    /&gt;
    &lt;button
      aria-describedby=&quot;tooltip-3&quot;
      class=&quot;leafygreen-ui-cssveg&quot;
    &gt;
      trigger button
    &lt;/button&gt;
  &lt;/div&gt;
  &lt;div&gt;
    &lt;div
      data-testid=&quot;backdrop&quot;
    /&gt;
    &lt;button
      aria-describedby=&quot;tooltip-0&quot;
      class=&quot;leafygreen-ui-cssveg&quot;
    &gt;
      trigger button
    &lt;/button&gt;
  &lt;/div&gt;
  &lt;div&gt;
    &lt;div
      data-testid=&quot;backdrop&quot;
    /&gt;
    &lt;button
      aria-describedby=&quot;tooltip-3&quot;
      class=&quot;leafygreen-ui-cssveg&quot;
    &gt;
      trigger button
    &lt;/button&gt;
  &lt;/div&gt;
  &lt;div&gt;
    &lt;div
      data-testid=&quot;backdrop&quot;
    /&gt;
    &lt;button
      aria-describedby=&quot;tooltip-6&quot;
      class=&quot;leafygreen-ui-cssveg&quot;
    &gt;
      trigger button
    &lt;/button&gt;
  &lt;/div&gt;
  &lt;div&gt;
    &lt;div
      data-testid=&quot;backdrop&quot;
    /&gt;
    &lt;button
      aria-describedby=&quot;tooltip-4&quot;
      class=&quot;leafygreen-ui-cssveg&quot;
    &gt;
      trigger button
    &lt;/button&gt;
  &lt;/div&gt;
&lt;/body&gt;
    at getElementError (/Users/brookeyalof/Development/MongoDB/leafygreen-ui/packages/tooltip/node_modules/@testing-library/dom/dist/query-helpers.js:46:10)
    at getMultipleElementsFoundError (/Users/brookeyalof/Development/MongoDB/leafygreen-ui/packages/tooltip/node_modules/@testing-library/dom/dist/query-helpers.js:50:10)
    at getByText (/Users/brookeyalof/Development/MongoDB/leafygreen-ui/packages/tooltip/node_modules/@testing-library/dom/dist/query-helpers.js:86:13)
    at renderTooltip (/Users/brookeyalof/Development/MongoDB/leafygreen-ui/packages/tooltip/src/Tooltip.spec.tsx:44:24)
    at _callee2$ (/Users/brookeyalof/Development/MongoDB/leafygreen-ui/packages/tooltip/src/Tooltip.spec.tsx:139:65)
    at tryCatch (/Users/brookeyalof/Development/MongoDB/leafygreen-ui/node_modules/regenerator-runtime/runtime.js:45:40)
    at Generator.invoke [as _invoke] (/Users/brookeyalof/Development/MongoDB/leafygreen-ui/node_modules/regenerator-runtime/runtime.js:274:22)
    at Generator.prototype.&lt;computed&gt; [as next] (/Users/brookeyalof/Development/MongoDB/leafygreen-ui/node_modules/regenerator-runtime/runtime.js:97:21)
    at asyncGeneratorStep (/Users/brookeyalof/Development/MongoDB/leafygreen-ui/packages/tooltip/src/Tooltip.spec.tsx:37:103)
    at _next (/Users/brookeyalof/Development/MongoDB/leafygreen-ui/packages/tooltip/src/Tooltip.spec.tsx:39:194)
    at /Users/brookeyalof/Development/MongoDB/leafygreen-ui/packages/tooltip/src/Tooltip.spec.tsx:39:364
    at new Promise (&lt;anonymous&gt;)
    at Object.&lt;anonymous&gt; (/Users/brookeyalof/Development/MongoDB/leafygreen-ui/packages/tooltip/src/Tooltip.spec.tsx:39:97)
    at Object.asyncJestTest (/Users/brookeyalof/Development/MongoDB/leafygreen-ui/node_modules/jest-jasmine2/build/jasmineAsyncInstall.js:100:37)
    at /Users/brookeyalof/Development/MongoDB/leafygreen-ui/node_modules/jest-jasmine2/build/queueRunner.js:47:12
    at new Promise (&lt;anonymous&gt;)
    at mapper (/Users/brookeyalof/Development/MongoDB/leafygreen-ui/node_modules/jest-jasmine2/build/queueRunner.js:30:19)
    at /Users/brookeyalof/Development/MongoDB/leafygreen-ui/node_modules/jest-jasmine2/build/queueRunner.js:77:41</failure>
    </testcase>
    <testcase classname="packages/tooltip when uncontrolled backdrop clicks close the tooltip" name="packages/tooltip when uncontrolled backdrop clicks close the tooltip" time="0.004">
      <failure>Error: Found multiple elements with the text: trigger button

(If this is intentional, then use the `*AllBy*` variant of the query (like `queryAllByText`, `getAllByText`, or `findAllByText`)).

&lt;body&gt;
  &lt;div&gt;
    &lt;div
      data-testid=&quot;backdrop&quot;
    /&gt;
    &lt;button
      aria-describedby=&quot;tooltip-9&quot;
      class=&quot;leafygreen-ui-cssveg&quot;
    &gt;
      trigger button
    &lt;/button&gt;
  &lt;/div&gt;
  &lt;div&gt;
    &lt;div
      data-testid=&quot;backdrop&quot;
    /&gt;
    &lt;button
      aria-describedby=&quot;tooltip-3&quot;
      class=&quot;leafygreen-ui-cssveg&quot;
    &gt;
      trigger button
    &lt;/button&gt;
  &lt;/div&gt;
  &lt;div&gt;
    &lt;div
      data-testid=&quot;backdrop&quot;
    /&gt;
    &lt;button
      aria-describedby=&quot;tooltip-0&quot;
      class=&quot;leafygreen-ui-cssveg&quot;
    &gt;
      trigger button
    &lt;/button&gt;
  &lt;/div&gt;
  &lt;div&gt;
    &lt;div
      data-testid=&quot;backdrop&quot;
    /&gt;
    &lt;button
      aria-describedby=&quot;tooltip-3&quot;
      class=&quot;leafygreen-ui-cssveg&quot;
    &gt;
      trigger button
    &lt;/button&gt;
  &lt;/div&gt;
  &lt;div&gt;
    &lt;div
      data-testid=&quot;backdrop&quot;
    /&gt;
    &lt;button
      aria-describedby=&quot;tooltip-6&quot;
      class=&quot;leafygreen-ui-cssveg&quot;
    &gt;
      trigger button
    &lt;/button&gt;
  &lt;/div&gt;
  &lt;div&gt;
    &lt;div
      data-testid=&quot;backdrop&quot;
    /&gt;
    &lt;button
      aria-describedby=&quot;tooltip-4&quot;
      class=&quot;leafygreen-ui-cssveg&quot;
    &gt;
      trigger button
    &lt;/button&gt;
  &lt;/div&gt;
  &lt;div&gt;
    &lt;div
      data-testid=&quot;backdrop&quot;
    /&gt;
    &lt;button
      aria-describedby=&quot;tooltip-1&quot;
      class=&quot;leafygreen-ui-cssveg&quot;
    &gt;
      trigger button
    &lt;/button&gt;
  &lt;/div&gt;
&lt;/body&gt;
    at getElementError (/Users/brookeyalof/Development/MongoDB/leafygreen-ui/packages/tooltip/node_modules/@testing-library/dom/dist/query-helpers.js:46:10)
    at getMultipleElementsFoundError (/Users/brookeyalof/Development/MongoDB/leafygreen-ui/packages/tooltip/node_modules/@testing-library/dom/dist/query-helpers.js:50:10)
    at getByText (/Users/brookeyalof/Development/MongoDB/leafygreen-ui/packages/tooltip/node_modules/@testing-library/dom/dist/query-helpers.js:86:13)
    at renderTooltip (/Users/brookeyalof/Development/MongoDB/leafygreen-ui/packages/tooltip/src/Tooltip.spec.tsx:44:24)
    at Object.&lt;anonymous&gt; (/Users/brookeyalof/Development/MongoDB/leafygreen-ui/packages/tooltip/src/Tooltip.spec.tsx:174:49)
    at Object.asyncJestTest (/Users/brookeyalof/Development/MongoDB/leafygreen-ui/node_modules/jest-jasmine2/build/jasmineAsyncInstall.js:100:37)
    at /Users/brookeyalof/Development/MongoDB/leafygreen-ui/node_modules/jest-jasmine2/build/queueRunner.js:47:12
    at new Promise (&lt;anonymous&gt;)
    at mapper (/Users/brookeyalof/Development/MongoDB/leafygreen-ui/node_modules/jest-jasmine2/build/queueRunner.js:30:19)
    at /Users/brookeyalof/Development/MongoDB/leafygreen-ui/node_modules/jest-jasmine2/build/queueRunner.js:77:41</failure>
    </testcase>
    <testcase classname="packages/tooltip when uncontrolled escape click closes tooltip" name="packages/tooltip when uncontrolled escape click closes tooltip" time="0.004">
      <failure>Error: Found multiple elements with the text: trigger button

(If this is intentional, then use the `*AllBy*` variant of the query (like `queryAllByText`, `getAllByText`, or `findAllByText`)).

&lt;body&gt;
  &lt;div&gt;
    &lt;div
      data-testid=&quot;backdrop&quot;
    /&gt;
    &lt;button
      aria-describedby=&quot;tooltip-9&quot;
      class=&quot;leafygreen-ui-cssveg&quot;
    &gt;
      trigger button
    &lt;/button&gt;
  &lt;/div&gt;
  &lt;div&gt;
    &lt;div
      data-testid=&quot;backdrop&quot;
    /&gt;
    &lt;button
      aria-describedby=&quot;tooltip-3&quot;
      class=&quot;leafygreen-ui-cssveg&quot;
    &gt;
      trigger button
    &lt;/button&gt;
  &lt;/div&gt;
  &lt;div&gt;
    &lt;div
      data-testid=&quot;backdrop&quot;
    /&gt;
    &lt;button
      aria-describedby=&quot;tooltip-0&quot;
      class=&quot;leafygreen-ui-cssveg&quot;
    &gt;
      trigger button
    &lt;/button&gt;
  &lt;/div&gt;
  &lt;div&gt;
    &lt;div
      data-testid=&quot;backdrop&quot;
    /&gt;
    &lt;button
      aria-describedby=&quot;tooltip-3&quot;
      class=&quot;leafygreen-ui-cssveg&quot;
    &gt;
      trigger button
    &lt;/button&gt;
  &lt;/div&gt;
  &lt;div&gt;
    &lt;div
      data-testid=&quot;backdrop&quot;
    /&gt;
    &lt;button
      aria-describedby=&quot;tooltip-6&quot;
      class=&quot;leafygreen-ui-cssveg&quot;
    &gt;
      trigger button
    &lt;/button&gt;
  &lt;/div&gt;
  &lt;div&gt;
    &lt;div
      data-testid=&quot;backdrop&quot;
    /&gt;
    &lt;button
      aria-describedby=&quot;tooltip-4&quot;
      class=&quot;leafygreen-ui-cssveg&quot;
    &gt;
      trigger button
    &lt;/button&gt;
  &lt;/div&gt;
  &lt;div&gt;
    &lt;div
      data-testid=&quot;backdrop&quot;
    /&gt;
    &lt;button
      aria-describedby=&quot;tooltip-1&quot;
      class=&quot;leafygreen-ui-cssveg&quot;
    &gt;
      trigger button
    &lt;/button&gt;
  &lt;/div&gt;
  &lt;div&gt;
    &lt;div
      data-testid=&quot;backdrop&quot;
    /&gt;
    &lt;button
      aria-describedby=&quot;tooltip-1&quot;
      class=&quot;leafygreen-ui-cssveg&quot;
    &gt;
      trigger button
    &lt;/button&gt;
  &lt;/div&gt;
&lt;/body&gt;
    at getElementError (/Users/brookeyalof/Development/MongoDB/leafygreen-ui/packages/tooltip/node_modules/@testing-library/dom/dist/query-helpers.js:46:10)
    at getMultipleElementsFoundError (/Users/brookeyalof/Development/MongoDB/leafygreen-ui/packages/tooltip/node_modules/@testing-library/dom/dist/query-helpers.js:50:10)
    at getByText (/Users/brookeyalof/Development/MongoDB/leafygreen-ui/packages/tooltip/node_modules/@testing-library/dom/dist/query-helpers.js:86:13)
    at renderTooltip (/Users/brookeyalof/Development/MongoDB/leafygreen-ui/packages/tooltip/src/Tooltip.spec.tsx:44:24)
    at _callee3$ (/Users/brookeyalof/Development/MongoDB/leafygreen-ui/packages/tooltip/src/Tooltip.spec.tsx:187:39)
    at tryCatch (/Users/brookeyalof/Development/MongoDB/leafygreen-ui/node_modules/regenerator-runtime/runtime.js:45:40)
    at Generator.invoke [as _invoke] (/Users/brookeyalof/Development/MongoDB/leafygreen-ui/node_modules/regenerator-runtime/runtime.js:274:22)
    at Generator.prototype.&lt;computed&gt; [as next] (/Users/brookeyalof/Development/MongoDB/leafygreen-ui/node_modules/regenerator-runtime/runtime.js:97:21)
    at asyncGeneratorStep (/Users/brookeyalof/Development/MongoDB/leafygreen-ui/packages/tooltip/src/Tooltip.spec.tsx:37:103)
    at _next (/Users/brookeyalof/Development/MongoDB/leafygreen-ui/packages/tooltip/src/Tooltip.spec.tsx:39:194)
    at /Users/brookeyalof/Development/MongoDB/leafygreen-ui/packages/tooltip/src/Tooltip.spec.tsx:39:364
    at new Promise (&lt;anonymous&gt;)
    at Object.&lt;anonymous&gt; (/Users/brookeyalof/Development/MongoDB/leafygreen-ui/packages/tooltip/src/Tooltip.spec.tsx:39:97)
    at Object.asyncJestTest (/Users/brookeyalof/Development/MongoDB/leafygreen-ui/node_modules/jest-jasmine2/build/jasmineAsyncInstall.js:100:37)
    at /Users/brookeyalof/Development/MongoDB/leafygreen-ui/node_modules/jest-jasmine2/build/queueRunner.js:47:12
    at new Promise (&lt;anonymous&gt;)
    at mapper (/Users/brookeyalof/Development/MongoDB/leafygreen-ui/node_modules/jest-jasmine2/build/queueRunner.js:30:19)
    at /Users/brookeyalof/Development/MongoDB/leafygreen-ui/node_modules/jest-jasmine2/build/queueRunner.js:77:41</failure>
    </testcase>
    <testcase classname="packages/tooltip when uncontrolled when &quot;shouldClose&quot; prop is returns true" name="packages/tooltip when uncontrolled when &quot;shouldClose&quot; prop is returns true" time="0.004">
      <failure>Error: Found multiple elements with the text: trigger button

(If this is intentional, then use the `*AllBy*` variant of the query (like `queryAllByText`, `getAllByText`, or `findAllByText`)).

&lt;body&gt;
  &lt;div&gt;
    &lt;div
      data-testid=&quot;backdrop&quot;
    /&gt;
    &lt;button
      aria-describedby=&quot;tooltip-9&quot;
      class=&quot;leafygreen-ui-cssveg&quot;
    &gt;
      trigger button
    &lt;/button&gt;
  &lt;/div&gt;
  &lt;div&gt;
    &lt;div
      data-testid=&quot;backdrop&quot;
    /&gt;
    &lt;button
      aria-describedby=&quot;tooltip-3&quot;
      class=&quot;leafygreen-ui-cssveg&quot;
    &gt;
      trigger button
    &lt;/button&gt;
  &lt;/div&gt;
  &lt;div&gt;
    &lt;div
      data-testid=&quot;backdrop&quot;
    /&gt;
    &lt;button
      aria-describedby=&quot;tooltip-0&quot;
      class=&quot;leafygreen-ui-cssveg&quot;
    &gt;
      trigger button
    &lt;/button&gt;
  &lt;/div&gt;
  &lt;div&gt;
    &lt;div
      data-testid=&quot;backdrop&quot;
    /&gt;
    &lt;button
      aria-describedby=&quot;tooltip-3&quot;
      class=&quot;leafygreen-ui-cssveg&quot;
    &gt;
      trigger button
    &lt;/button&gt;
  &lt;/div&gt;
  &lt;div&gt;
    &lt;div
      data-testid=&quot;backdrop&quot;
    /&gt;
    &lt;button
      aria-describedby=&quot;tooltip-6&quot;
      class=&quot;leafygreen-ui-cssveg&quot;
    &gt;
      trigger button
    &lt;/button&gt;
  &lt;/div&gt;
  &lt;div&gt;
    &lt;div
      data-testid=&quot;backdrop&quot;
    /&gt;
    &lt;button
      aria-describedby=&quot;tooltip-4&quot;
      class=&quot;leafygreen-ui-cssveg&quot;
    &gt;
      trigger button
    &lt;/button&gt;
  &lt;/div&gt;
  &lt;div&gt;
    &lt;div
      data-testid=&quot;backdrop&quot;
    /&gt;
    &lt;button
      aria-describedby=&quot;tooltip-1&quot;
      class=&quot;leafygreen-ui-cssveg&quot;
    &gt;
      trigger button
    &lt;/button&gt;
  &lt;/div&gt;
  &lt;div&gt;
    &lt;div
      data-testid=&quot;backdrop&quot;
    /&gt;
    &lt;button
      aria-describedby=&quot;tooltip-1&quot;
      class=&quot;leafygreen-ui-cssveg&quot;
    &gt;
      trigger button
    &lt;/button&gt;
  &lt;/div&gt;
  &lt;div&gt;
    &lt;div
      data-testid=&quot;backdrop&quot;
    /&gt;
    &lt;button
      aria-describedby=&quot;tooltip-9&quot;
      class=&quot;leafygreen-ui-cssveg&quot;
    &gt;
      trigger button
    &lt;/button&gt;
  &lt;/div&gt;
&lt;/body&gt;
    at getElementError (/Users/brookeyalof/Development/MongoDB/leafygreen-ui/packages/tooltip/node_modules/@testing-library/dom/dist/query-helpers.js:46:10)
    at getMultipleElementsFoundError (/Users/brookeyalof/Development/MongoDB/leafygreen-ui/packages/tooltip/node_modules/@testing-library/dom/dist/query-helpers.js:50:10)
    at getByText (/Users/brookeyalof/Development/MongoDB/leafygreen-ui/packages/tooltip/node_modules/@testing-library/dom/dist/query-helpers.js:86:13)
    at renderTooltip (/Users/brookeyalof/Development/MongoDB/leafygreen-ui/packages/tooltip/src/Tooltip.spec.tsx:44:24)
    at _callee4$ (/Users/brookeyalof/Development/MongoDB/leafygreen-ui/packages/tooltip/src/Tooltip.spec.tsx:203:49)
    at tryCatch (/Users/brookeyalof/Development/MongoDB/leafygreen-ui/node_modules/regenerator-runtime/runtime.js:45:40)
    at Generator.invoke [as _invoke] (/Users/brookeyalof/Development/MongoDB/leafygreen-ui/node_modules/regenerator-runtime/runtime.js:274:22)
    at Generator.prototype.&lt;computed&gt; [as next] (/Users/brookeyalof/Development/MongoDB/leafygreen-ui/node_modules/regenerator-runtime/runtime.js:97:21)
    at asyncGeneratorStep (/Users/brookeyalof/Development/MongoDB/leafygreen-ui/packages/tooltip/src/Tooltip.spec.tsx:37:103)
    at _next (/Users/brookeyalof/Development/MongoDB/leafygreen-ui/packages/tooltip/src/Tooltip.spec.tsx:39:194)
    at /Users/brookeyalof/Development/MongoDB/leafygreen-ui/packages/tooltip/src/Tooltip.spec.tsx:39:364
    at new Promise (&lt;anonymous&gt;)
    at Object.&lt;anonymous&gt; (/Users/brookeyalof/Development/MongoDB/leafygreen-ui/packages/tooltip/src/Tooltip.spec.tsx:39:97)
    at Object.asyncJestTest (/Users/brookeyalof/Development/MongoDB/leafygreen-ui/node_modules/jest-jasmine2/build/jasmineAsyncInstall.js:100:37)
    at /Users/brookeyalof/Development/MongoDB/leafygreen-ui/node_modules/jest-jasmine2/build/queueRunner.js:47:12
    at new Promise (&lt;anonymous&gt;)
    at mapper (/Users/brookeyalof/Development/MongoDB/leafygreen-ui/node_modules/jest-jasmine2/build/queueRunner.js:30:19)
    at /Users/brookeyalof/Development/MongoDB/leafygreen-ui/node_modules/jest-jasmine2/build/queueRunner.js:77:41</failure>
    </testcase>
    <testcase classname="packages/tooltip when uncontrolled when &quot;shouldClose&quot; prop is returns false" name="packages/tooltip when uncontrolled when &quot;shouldClose&quot; prop is returns false" time="0.007">
      <failure>Error: Found multiple elements with the text: trigger button

(If this is intentional, then use the `*AllBy*` variant of the query (like `queryAllByText`, `getAllByText`, or `findAllByText`)).

&lt;body&gt;
  &lt;div&gt;
    &lt;div
      data-testid=&quot;backdrop&quot;
    /&gt;
    &lt;button
      aria-describedby=&quot;tooltip-9&quot;
      class=&quot;leafygreen-ui-cssveg&quot;
    &gt;
      trigger button
    &lt;/button&gt;
  &lt;/div&gt;
  &lt;div&gt;
    &lt;div
      data-testid=&quot;backdrop&quot;
    /&gt;
    &lt;button
      aria-describedby=&quot;tooltip-3&quot;
      class=&quot;leafygreen-ui-cssveg&quot;
    &gt;
      trigger button
    &lt;/button&gt;
  &lt;/div&gt;
  &lt;div&gt;
    &lt;div
      data-testid=&quot;backdrop&quot;
    /&gt;
    &lt;button
      aria-describedby=&quot;tooltip-0&quot;
      class=&quot;leafygreen-ui-cssveg&quot;
    &gt;
      trigger button
    &lt;/button&gt;
  &lt;/div&gt;
  &lt;div&gt;
    &lt;div
      data-testid=&quot;backdrop&quot;
    /&gt;
    &lt;button
      aria-describedby=&quot;tooltip-3&quot;
      class=&quot;leafygreen-ui-cssveg&quot;
    &gt;
      trigger button
    &lt;/button&gt;
  &lt;/div&gt;
  &lt;div&gt;
    &lt;div
      data-testid=&quot;backdrop&quot;
    /&gt;
    &lt;button
      aria-describedby=&quot;tooltip-6&quot;
      class=&quot;leafygreen-ui-cssveg&quot;
    &gt;
      trigger button
    &lt;/button&gt;
  &lt;/div&gt;
  &lt;div&gt;
    &lt;div
      data-testid=&quot;backdrop&quot;
    /&gt;
    &lt;button
      aria-describedby=&quot;tooltip-4&quot;
      class=&quot;leafygreen-ui-cssveg&quot;
    &gt;
      trigger button
    &lt;/button&gt;
  &lt;/div&gt;
  &lt;div&gt;
    &lt;div
      data-testid=&quot;backdrop&quot;
    /&gt;
    &lt;button
      aria-describedby=&quot;tooltip-1&quot;
      class=&quot;leafygreen-ui-cssveg&quot;
    &gt;
      trigger button
    &lt;/button&gt;
  &lt;/div&gt;
  &lt;div&gt;
    &lt;div
      data-testid=&quot;backdrop&quot;
    /&gt;
    &lt;button
      aria-describedby=&quot;tooltip-1&quot;
      class=&quot;leafygreen-ui-cssveg&quot;
    &gt;
      trigger button
    &lt;/button&gt;
  &lt;/div&gt;
  &lt;div&gt;
    &lt;div
      data-testid=&quot;backdrop&quot;
    /&gt;
    &lt;button
      aria-describedby=&quot;tooltip-9&quot;
      class=&quot;leafygreen-ui-cssveg&quot;
    &gt;
      trigger button
    &lt;/button&gt;
  &lt;/div&gt;
  &lt;div&gt;
    &lt;div
      data-testid=&quot;backdrop&quot;
    /&gt;
    &lt;button
      aria-describedby=&quot;tooltip-3&quot;
      class=&quot;leafygreen-ui-cssveg&quot;
    &gt;
      trigger button
    &lt;/button&gt;
  &lt;/div&gt;
&lt;/body&gt;
    at getElementError (/Users/brookeyalof/Development/MongoDB/leafygreen-ui/packages/tooltip/node_modules/@testing-library/dom/dist/query-helpers.js:46:10)
    at getMultipleElementsFoundError (/Users/brookeyalof/Development/MongoDB/leafygreen-ui/packages/tooltip/node_modules/@testing-library/dom/dist/query-helpers.js:50:10)
    at getByText (/Users/brookeyalof/Development/MongoDB/leafygreen-ui/packages/tooltip/node_modules/@testing-library/dom/dist/query-helpers.js:86:13)
    at renderTooltip (/Users/brookeyalof/Development/MongoDB/leafygreen-ui/packages/tooltip/src/Tooltip.spec.tsx:44:24)
    at _callee5$ (/Users/brookeyalof/Development/MongoDB/leafygreen-ui/packages/tooltip/src/Tooltip.spec.tsx:217:49)
    at tryCatch (/Users/brookeyalof/Development/MongoDB/leafygreen-ui/node_modules/regenerator-runtime/runtime.js:45:40)
    at Generator.invoke [as _invoke] (/Users/brookeyalof/Development/MongoDB/leafygreen-ui/node_modules/regenerator-runtime/runtime.js:274:22)
    at Generator.prototype.&lt;computed&gt; [as next] (/Users/brookeyalof/Development/MongoDB/leafygreen-ui/node_modules/regenerator-runtime/runtime.js:97:21)
    at asyncGeneratorStep (/Users/brookeyalof/Development/MongoDB/leafygreen-ui/packages/tooltip/src/Tooltip.spec.tsx:37:103)
    at _next (/Users/brookeyalof/Development/MongoDB/leafygreen-ui/packages/tooltip/src/Tooltip.spec.tsx:39:194)
    at /Users/brookeyalof/Development/MongoDB/leafygreen-ui/packages/tooltip/src/Tooltip.spec.tsx:39:364
    at new Promise (&lt;anonymous&gt;)
    at Object.&lt;anonymous&gt; (/Users/brookeyalof/Development/MongoDB/leafygreen-ui/packages/tooltip/src/Tooltip.spec.tsx:39:97)
    at Object.asyncJestTest (/Users/brookeyalof/Development/MongoDB/leafygreen-ui/node_modules/jest-jasmine2/build/jasmineAsyncInstall.js:100:37)
    at /Users/brookeyalof/Development/MongoDB/leafygreen-ui/node_modules/jest-jasmine2/build/queueRunner.js:47:12
    at new Promise (&lt;anonymous&gt;)
    at mapper (/Users/brookeyalof/Development/MongoDB/leafygreen-ui/node_modules/jest-jasmine2/build/queueRunner.js:30:19)
    at /Users/brookeyalof/Development/MongoDB/leafygreen-ui/node_modules/jest-jasmine2/build/queueRunner.js:77:41</failure>
    </testcase>
    <testcase classname="packages/tooltip when controlled renders initial state based on &quot;open&quot; prop" name="packages/tooltip when controlled renders initial state based on &quot;open&quot; prop" time="0.017">
      <failure>Error: Found multiple elements with the text: trigger button

(If this is intentional, then use the `*AllBy*` variant of the query (like `queryAllByText`, `getAllByText`, or `findAllByText`)).

&lt;body&gt;
  &lt;div&gt;
    &lt;div
      data-testid=&quot;backdrop&quot;
    /&gt;
    &lt;button
      aria-describedby=&quot;tooltip-9&quot;
      class=&quot;leafygreen-ui-cssveg&quot;
    &gt;
      trigger button
    &lt;/button&gt;
  &lt;/div&gt;
  &lt;div&gt;
    &lt;div
      data-testid=&quot;backdrop&quot;
    /&gt;
    &lt;button
      aria-describedby=&quot;tooltip-3&quot;
      class=&quot;leafygreen-ui-cssveg&quot;
    &gt;
      trigger button
    &lt;/button&gt;
  &lt;/div&gt;
  &lt;div&gt;
    &lt;div
      data-testid=&quot;backdrop&quot;
    /&gt;
    &lt;button
      aria-describedby=&quot;tooltip-0&quot;
      class=&quot;leafygreen-ui-cssveg&quot;
    &gt;
      trigger button
    &lt;/button&gt;
  &lt;/div&gt;
  &lt;div&gt;
    &lt;div
      data-testid=&quot;backdrop&quot;
    /&gt;
    &lt;button
      aria-describedby=&quot;tooltip-3&quot;
      class=&quot;leafygreen-ui-cssveg&quot;
    &gt;
      trigger button
    &lt;/button&gt;
  &lt;/div&gt;
  &lt;div&gt;
    &lt;div
      data-testid=&quot;backdrop&quot;
    /&gt;
    &lt;button
      aria-describedby=&quot;tooltip-6&quot;
      class=&quot;leafygreen-ui-cssveg&quot;
    &gt;
      trigger button
    &lt;/button&gt;
  &lt;/div&gt;
  &lt;div&gt;
    &lt;div
      data-testid=&quot;backdrop&quot;
    /&gt;
    &lt;button
      aria-describedby=&quot;tooltip-4&quot;
      class=&quot;leafygreen-ui-cssveg&quot;
    &gt;
      trigger button
    &lt;/button&gt;
  &lt;/div&gt;
  &lt;div&gt;
    &lt;div
      data-testid=&quot;backdrop&quot;
    /&gt;
    &lt;button
      aria-describedby=&quot;tooltip-1&quot;
      class=&quot;leafygreen-ui-cssveg&quot;
    &gt;
      trigger button
    &lt;/button&gt;
  &lt;/div&gt;
  &lt;div&gt;
    &lt;div
      data-testid=&quot;backdrop&quot;
    /&gt;
    &lt;button
      aria-describedby=&quot;tooltip-1&quot;
      class=&quot;leafygreen-ui-cssveg&quot;
    &gt;
      trigger button
    &lt;/button&gt;
  &lt;/div&gt;
  &lt;div&gt;
    &lt;div
      data-testid=&quot;backdrop&quot;
    /&gt;
    &lt;button
      aria-describedby=&quot;tooltip-9&quot;
      class=&quot;leafygreen-ui-cssveg&quot;
    &gt;
      trigger button
    &lt;/button&gt;
  &lt;/div&gt;
  &lt;div&gt;
    &lt;div
      data-testid=&quot;backdrop&quot;
    /&gt;
    &lt;button
      aria-describedby=&quot;tooltip-3&quot;
      class=&quot;leafygreen-ui-cssveg&quot;
    &gt;
      trigger button
    &lt;/button&gt;
  &lt;/div&gt;
  &lt;div&gt;
    &lt;div
      data-testid=&quot;backdrop&quot;
    /&gt;
    &lt;button
      aria-describedby=&quot;tooltip-7&quot;
      class=&quot;leafygreen-ui-cssveg&quot;
    &gt;
      trigger button
      &lt;div
        class=&quot;leafygreen-ui-wn831c&quot;
      /&gt;
    &lt;/button&gt;
  &lt;/div&gt;
  &lt;div&gt;
    &lt;div
      class=&quot;leafygreen-ui-1rp417r&quot;
    &gt;
      &lt;div
        class=&quot;leafygreen-ui-10d84ei&quot;
        data-testid=&quot;tooltip-test-id&quot;
        id=&quot;tooltip-7&quot;
        role=&quot;tooltip&quot;
      &gt;
        &lt;div
          class=&quot;leafygreen-ui-1ohbl73&quot;
        &gt;
          &lt;div
            class=&quot;leafygreen-ui-9982vu&quot;
          /&gt;
        &lt;/div&gt;
        &lt;div&gt;
          Tooltip Contents!
        &lt;/div&gt;
      &lt;/div&gt;
    &lt;/div&gt;
  &lt;/div&gt;
&lt;/body&gt;
    at getElementError (/Users/brookeyalof/Development/MongoDB/leafygreen-ui/packages/tooltip/node_modules/@testing-library/dom/dist/query-helpers.js:46:10)
    at getMultipleElementsFoundError (/Users/brookeyalof/Development/MongoDB/leafygreen-ui/packages/tooltip/node_modules/@testing-library/dom/dist/query-helpers.js:50:10)
    at getByText (/Users/brookeyalof/Development/MongoDB/leafygreen-ui/packages/tooltip/node_modules/@testing-library/dom/dist/query-helpers.js:86:13)
    at renderTooltip (/Users/brookeyalof/Development/MongoDB/leafygreen-ui/packages/tooltip/src/Tooltip.spec.tsx:44:24)
    at Object.&lt;anonymous&gt; (/Users/brookeyalof/Development/MongoDB/leafygreen-ui/packages/tooltip/src/Tooltip.spec.tsx:235:31)
    at Object.asyncJestTest (/Users/brookeyalof/Development/MongoDB/leafygreen-ui/node_modules/jest-jasmine2/build/jasmineAsyncInstall.js:100:37)
    at /Users/brookeyalof/Development/MongoDB/leafygreen-ui/node_modules/jest-jasmine2/build/queueRunner.js:47:12
    at new Promise (&lt;anonymous&gt;)
    at mapper (/Users/brookeyalof/Development/MongoDB/leafygreen-ui/node_modules/jest-jasmine2/build/queueRunner.js:30:19)
    at /Users/brookeyalof/Development/MongoDB/leafygreen-ui/node_modules/jest-jasmine2/build/queueRunner.js:77:41</failure>
    </testcase>
    <testcase classname="packages/tooltip when controlled  onClick fires when trigger is clicked" name="packages/tooltip when controlled  onClick fires when trigger is clicked" time="0.01">
      <failure>Error: Found multiple elements with the text: trigger button

(If this is intentional, then use the `*AllBy*` variant of the query (like `queryAllByText`, `getAllByText`, or `findAllByText`)).

&lt;body&gt;
  &lt;div&gt;
    &lt;div
      data-testid=&quot;backdrop&quot;
    /&gt;
    &lt;button
      aria-describedby=&quot;tooltip-9&quot;
      class=&quot;leafygreen-ui-cssveg&quot;
    &gt;
      trigger button
    &lt;/button&gt;
  &lt;/div&gt;
  &lt;div&gt;
    &lt;div
      data-testid=&quot;backdrop&quot;
    /&gt;
    &lt;button
      aria-describedby=&quot;tooltip-3&quot;
      class=&quot;leafygreen-ui-cssveg&quot;
    &gt;
      trigger button
    &lt;/button&gt;
  &lt;/div&gt;
  &lt;div&gt;
    &lt;div
      data-testid=&quot;backdrop&quot;
    /&gt;
    &lt;button
      aria-describedby=&quot;tooltip-0&quot;
      class=&quot;leafygreen-ui-cssveg&quot;
    &gt;
      trigger button
    &lt;/button&gt;
  &lt;/div&gt;
  &lt;div&gt;
    &lt;div
      data-testid=&quot;backdrop&quot;
    /&gt;
    &lt;button
      aria-describedby=&quot;tooltip-3&quot;
      class=&quot;leafygreen-ui-cssveg&quot;
    &gt;
      trigger button
    &lt;/button&gt;
  &lt;/div&gt;
  &lt;div&gt;
    &lt;div
      data-testid=&quot;backdrop&quot;
    /&gt;
    &lt;button
      aria-describedby=&quot;tooltip-6&quot;
      class=&quot;leafygreen-ui-cssveg&quot;
    &gt;
      trigger button
    &lt;/button&gt;
  &lt;/div&gt;
  &lt;div&gt;
    &lt;div
      data-testid=&quot;backdrop&quot;
    /&gt;
    &lt;button
      aria-describedby=&quot;tooltip-4&quot;
      class=&quot;leafygreen-ui-cssveg&quot;
    &gt;
      trigger button
    &lt;/button&gt;
  &lt;/div&gt;
  &lt;div&gt;
    &lt;div
      data-testid=&quot;backdrop&quot;
    /&gt;
    &lt;button
      aria-describedby=&quot;tooltip-1&quot;
      class=&quot;leafygreen-ui-cssveg&quot;
    &gt;
      trigger button
    &lt;/button&gt;
  &lt;/div&gt;
  &lt;div&gt;
    &lt;div
      data-testid=&quot;backdrop&quot;
    /&gt;
    &lt;button
      aria-describedby=&quot;tooltip-1&quot;
      class=&quot;leafygreen-ui-cssveg&quot;
    &gt;
      trigger button
    &lt;/button&gt;
  &lt;/div&gt;
  &lt;div&gt;
    &lt;div
      data-testid=&quot;backdrop&quot;
    /&gt;
    &lt;button
      aria-describedby=&quot;tooltip-9&quot;
      class=&quot;leafygreen-ui-cssveg&quot;
    &gt;
      trigger button
    &lt;/button&gt;
  &lt;/div&gt;
  &lt;div&gt;
    &lt;div
      data-testid=&quot;backdrop&quot;
    /&gt;
    &lt;button
      aria-describedby=&quot;tooltip-3&quot;
      class=&quot;leafygreen-ui-cssveg&quot;
    &gt;
      trigger button
    &lt;/button&gt;
  &lt;/div&gt;
  &lt;div&gt;
    &lt;div
      data-testid=&quot;backdrop&quot;
    /&gt;
    &lt;button
      aria-describedby=&quot;tooltip-7&quot;
      class=&quot;leafygreen-ui-cssveg&quot;
    &gt;
      trigger button
      &lt;div
        class=&quot;leafygreen-ui-wn831c&quot;
      /&gt;
    &lt;/button&gt;
  &lt;/div&gt;
  &lt;div&gt;
    &lt;div
      class=&quot;leafygreen-ui-1rp417r&quot;
    &gt;
      &lt;div
        class=&quot;leafygreen-ui-10d84ei&quot;
        data-testid=&quot;tooltip-test-id&quot;
        id=&quot;tooltip-7&quot;
        role=&quot;tooltip&quot;
      &gt;
        &lt;div
          class=&quot;leafygreen-ui-1ohbl73&quot;
        &gt;
          &lt;div
            class=&quot;leafygreen-ui-9982vu&quot;
          /&gt;
        &lt;/div&gt;
        &lt;div&gt;
          Tooltip Contents!
        &lt;/div&gt;
      &lt;/div&gt;
    &lt;/div&gt;
  &lt;/div&gt;
  &lt;div&gt;
    &lt;div
      data-testid=&quot;backdrop&quot;
    /&gt;
    &lt;button
      aria-describedby=&quot;tooltip-8&quot;
      class=&quot;leafygreen-ui-cssveg&quot;
    &gt;
      trigger button
      &lt;div
        class=&quot;leafygreen-ui-wn831c&quot;
      /&gt;
    &lt;/button&gt;
  &lt;/div&gt;
  &lt;div&gt;
    &lt;div
      class=&quot;leafygreen-ui-1rp417r&quot;
    &gt;
      &lt;div
        class=&quot;leafygreen-ui-10d84ei&quot;
        data-testid=&quot;tooltip-test-id&quot;
        id=&quot;tooltip-8&quot;
        role=&quot;tooltip&quot;
      &gt;
        &lt;div
          class=&quot;leafygreen-ui-1ohbl73&quot;
        &gt;
          &lt;div
            class=&quot;leafygreen-ui-9982vu&quot;
          /&gt;
        &lt;/div&gt;
        &lt;div&gt;
          Tooltip Contents!
        &lt;/div&gt;
      &lt;/div&gt;
    &lt;/div&gt;
  &lt;/div&gt;
&lt;/body&gt;
    at getElementError (/Users/brookeyalof/Development/MongoDB/leafygreen-ui/packages/tooltip/node_modules/@testing-library/dom/dist/query-helpers.js:46:10)
    at getMultipleElementsFoundError (/Users/brookeyalof/Development/MongoDB/leafygreen-ui/packages/tooltip/node_modules/@testing-library/dom/dist/query-helpers.js:50:10)
    at getByText (/Users/brookeyalof/Development/MongoDB/leafygreen-ui/packages/tooltip/node_modules/@testing-library/dom/dist/query-helpers.js:86:13)
    at renderTooltip (/Users/brookeyalof/Development/MongoDB/leafygreen-ui/packages/tooltip/src/Tooltip.spec.tsx:44:24)
    at Object.&lt;anonymous&gt; (/Users/brookeyalof/Development/MongoDB/leafygreen-ui/packages/tooltip/src/Tooltip.spec.tsx:244:26)
    at Object.asyncJestTest (/Users/brookeyalof/Development/MongoDB/leafygreen-ui/node_modules/jest-jasmine2/build/jasmineAsyncInstall.js:100:37)
    at /Users/brookeyalof/Development/MongoDB/leafygreen-ui/node_modules/jest-jasmine2/build/queueRunner.js:47:12
    at new Promise (&lt;anonymous&gt;)
    at mapper (/Users/brookeyalof/Development/MongoDB/leafygreen-ui/node_modules/jest-jasmine2/build/queueRunner.js:30:19)
    at /Users/brookeyalof/Development/MongoDB/leafygreen-ui/node_modules/jest-jasmine2/build/queueRunner.js:77:41</failure>
    </testcase>
    <testcase classname="packages/tooltip when controlled clicking content inside of tooltip does not force tooltip to close" name="packages/tooltip when controlled clicking content inside of tooltip does not force tooltip to close" time="0.009">
      <failure>Error: Found multiple elements with the text: trigger button

(If this is intentional, then use the `*AllBy*` variant of the query (like `queryAllByText`, `getAllByText`, or `findAllByText`)).

&lt;body&gt;
  &lt;div&gt;
    &lt;div
      data-testid=&quot;backdrop&quot;
    /&gt;
    &lt;button
      aria-describedby=&quot;tooltip-9&quot;
      class=&quot;leafygreen-ui-cssveg&quot;
    &gt;
      trigger button
    &lt;/button&gt;
  &lt;/div&gt;
  &lt;div&gt;
    &lt;div
      data-testid=&quot;backdrop&quot;
    /&gt;
    &lt;button
      aria-describedby=&quot;tooltip-3&quot;
      class=&quot;leafygreen-ui-cssveg&quot;
    &gt;
      trigger button
    &lt;/button&gt;
  &lt;/div&gt;
  &lt;div&gt;
    &lt;div
      data-testid=&quot;backdrop&quot;
    /&gt;
    &lt;button
      aria-describedby=&quot;tooltip-0&quot;
      class=&quot;leafygreen-ui-cssveg&quot;
    &gt;
      trigger button
    &lt;/button&gt;
  &lt;/div&gt;
  &lt;div&gt;
    &lt;div
      data-testid=&quot;backdrop&quot;
    /&gt;
    &lt;button
      aria-describedby=&quot;tooltip-3&quot;
      class=&quot;leafygreen-ui-cssveg&quot;
    &gt;
      trigger button
    &lt;/button&gt;
  &lt;/div&gt;
  &lt;div&gt;
    &lt;div
      data-testid=&quot;backdrop&quot;
    /&gt;
    &lt;button
      aria-describedby=&quot;tooltip-6&quot;
      class=&quot;leafygreen-ui-cssveg&quot;
    &gt;
      trigger button
    &lt;/button&gt;
  &lt;/div&gt;
  &lt;div&gt;
    &lt;div
      data-testid=&quot;backdrop&quot;
    /&gt;
    &lt;button
      aria-describedby=&quot;tooltip-4&quot;
      class=&quot;leafygreen-ui-cssveg&quot;
    &gt;
      trigger button
    &lt;/button&gt;
  &lt;/div&gt;
  &lt;div&gt;
    &lt;div
      data-testid=&quot;backdrop&quot;
    /&gt;
    &lt;button
      aria-describedby=&quot;tooltip-1&quot;
      class=&quot;leafygreen-ui-cssveg&quot;
    &gt;
      trigger button
    &lt;/button&gt;
  &lt;/div&gt;
  &lt;div&gt;
    &lt;div
      data-testid=&quot;backdrop&quot;
    /&gt;
    &lt;button
      aria-describedby=&quot;tooltip-1&quot;
      class=&quot;leafygreen-ui-cssveg&quot;
    &gt;
      trigger button
    &lt;/button&gt;
  &lt;/div&gt;
  &lt;div&gt;
    &lt;div
      data-testid=&quot;backdrop&quot;
    /&gt;
    &lt;button
      aria-describedby=&quot;tooltip-9&quot;
      class=&quot;leafygreen-ui-cssveg&quot;
    &gt;
      trigger button
    &lt;/button&gt;
  &lt;/div&gt;
  &lt;div&gt;
    &lt;div
      data-testid=&quot;backdrop&quot;
    /&gt;
    &lt;button
      aria-describedby=&quot;tooltip-3&quot;
      class=&quot;leafygreen-ui-cssveg&quot;
    &gt;
      trigger button
    &lt;/button&gt;
  &lt;/div&gt;
  &lt;div&gt;
    &lt;div
      data-testid=&quot;backdrop&quot;
    /&gt;
    &lt;button
      aria-describedby=&quot;tooltip-7&quot;
      class=&quot;leafygreen-ui-cssveg&quot;
    &gt;
      trigger button
      &lt;div
        class=&quot;leafygreen-ui-wn831c&quot;
      /&gt;
    &lt;/button&gt;
  &lt;/div&gt;
  &lt;div&gt;
    &lt;div
      class=&quot;leafygreen-ui-1rp417r&quot;
    &gt;
      &lt;div
        class=&quot;leafygreen-ui-10d84ei&quot;
        data-testid=&quot;tooltip-test-id&quot;
        id=&quot;tooltip-7&quot;
        role=&quot;tooltip&quot;
      &gt;
        &lt;div
          class=&quot;leafygreen-ui-1ohbl73&quot;
        &gt;
          &lt;div
            class=&quot;leafygreen-ui-9982vu&quot;
          /&gt;
        &lt;/div&gt;
        &lt;div&gt;
          Tooltip Contents!
        &lt;/div&gt;
      &lt;/div&gt;
    &lt;/div&gt;
  &lt;/div&gt;
  &lt;div&gt;
    &lt;div
      data-testid=&quot;backdrop&quot;
    /&gt;
    &lt;button
      aria-describedby=&quot;tooltip-8&quot;
      class=&quot;leafygreen-ui-cssveg&quot;
    &gt;
      trigger button
      &lt;div
        class=&quot;leafygreen-ui-wn831c&quot;
      /&gt;
    &lt;/button&gt;
  &lt;/div&gt;
  &lt;div&gt;
    &lt;div
      class=&quot;leafygreen-ui-1rp417r&quot;
    &gt;
      &lt;div
        class=&quot;leafygreen-ui-10d84ei&quot;
        data-testid=&quot;tooltip-test-id&quot;
        id=&quot;tooltip-8&quot;
        role=&quot;tooltip&quot;
      &gt;
        &lt;div
          class=&quot;leafygreen-ui-1ohbl73&quot;
        &gt;
          &lt;div
            class=&quot;leafygreen-ui-9982vu&quot;
          /&gt;
        &lt;/div&gt;
        &lt;div&gt;
          Tooltip Contents!
        &lt;/div&gt;
      &lt;/div&gt;
    &lt;/div&gt;
  &lt;/div&gt;
  &lt;div&gt;
    &lt;div
      data-testid=&quot;backdrop&quot;
    /&gt;
    &lt;button
      aria-describedby=&quot;tooltip-2&quot;
      class=&quot;leafygreen-ui-cssveg&quot;
    &gt;
      trigger button
      &lt;div
        class=&quot;leafygreen-ui-wn831c&quot;
      /&gt;
    &lt;/button&gt;
  &lt;/div&gt;
  &lt;div&gt;
    &lt;div
      class=&quot;leafygreen-ui-1rp417r&quot;
    &gt;
      &lt;div
        class=&quot;leafygreen-ui-10d84ei&quot;
        data-testid=&quot;tooltip-test-id&quot;
        id=&quot;tooltip-2&quot;
        role=&quot;tooltip&quot;
      &gt;
        &lt;div
          class=&quot;leafygreen-ui-1ohbl73&quot;
        &gt;
          &lt;div
            class=&quot;leafygreen-ui-9982vu&quot;
          /&gt;
        &lt;/div&gt;
        &lt;div&gt;
          Tooltip Contents!
        &lt;/div&gt;
      &lt;/div&gt;
    &lt;/div&gt;
  &lt;/div&gt;
&lt;/body&gt;
    at getElementError (/Users/brookeyalof/Development/MongoDB/leafygreen-ui/packages/tooltip/node_modules/@testing-library/dom/dist/query-helpers.js:46:10)
    at getMultipleElementsFoundError (/Users/brookeyalof/Development/MongoDB/leafygreen-ui/packages/tooltip/node_modules/@testing-library/dom/dist/query-helpers.js:50:10)
    at getByText (/Users/brookeyalof/Development/MongoDB/leafygreen-ui/packages/tooltip/node_modules/@testing-library/dom/dist/query-helpers.js:86:13)
    at renderTooltip (/Users/brookeyalof/Development/MongoDB/leafygreen-ui/packages/tooltip/src/Tooltip.spec.tsx:44:24)
    at Object.&lt;anonymous&gt; (/Users/brookeyalof/Development/MongoDB/leafygreen-ui/packages/tooltip/src/Tooltip.spec.tsx:254:39)
    at Object.asyncJestTest (/Users/brookeyalof/Development/MongoDB/leafygreen-ui/node_modules/jest-jasmine2/build/jasmineAsyncInstall.js:100:37)
    at /Users/brookeyalof/Development/MongoDB/leafygreen-ui/node_modules/jest-jasmine2/build/queueRunner.js:47:12
    at new Promise (&lt;anonymous&gt;)
    at mapper (/Users/brookeyalof/Development/MongoDB/leafygreen-ui/node_modules/jest-jasmine2/build/queueRunner.js:30:19)
    at /Users/brookeyalof/Development/MongoDB/leafygreen-ui/node_modules/jest-jasmine2/build/queueRunner.js:77:41</failure>
    </testcase>
    <testcase classname="packages/tooltip when trigger is a class-based component renders a button to the DOM" name="packages/tooltip when trigger is a class-based component renders a button to the DOM" time="0.006">
      <failure>Error: Found multiple elements by: [data-testid=&quot;backdrop&quot;]

(If this is intentional, then use the `*AllBy*` variant of the query (like `queryAllByText`, `getAllByText`, or `findAllByText`)).

&lt;body&gt;
  &lt;div&gt;
    &lt;div
      data-testid=&quot;backdrop&quot;
    /&gt;
    &lt;button
      aria-describedby=&quot;tooltip-9&quot;
      class=&quot;leafygreen-ui-cssveg&quot;
    &gt;
      trigger button
    &lt;/button&gt;
  &lt;/div&gt;
  &lt;div&gt;
    &lt;div
      data-testid=&quot;backdrop&quot;
    /&gt;
    &lt;button
      aria-describedby=&quot;tooltip-3&quot;
      class=&quot;leafygreen-ui-cssveg&quot;
    &gt;
      trigger button
    &lt;/button&gt;
  &lt;/div&gt;
  &lt;div&gt;
    &lt;div
      data-testid=&quot;backdrop&quot;
    /&gt;
    &lt;button
      aria-describedby=&quot;tooltip-0&quot;
      class=&quot;leafygreen-ui-cssveg&quot;
    &gt;
      trigger button
    &lt;/button&gt;
  &lt;/div&gt;
  &lt;div&gt;
    &lt;div
      data-testid=&quot;backdrop&quot;
    /&gt;
    &lt;button
      aria-describedby=&quot;tooltip-3&quot;
      class=&quot;leafygreen-ui-cssveg&quot;
    &gt;
      trigger button
    &lt;/button&gt;
  &lt;/div&gt;
  &lt;div&gt;
    &lt;div
      data-testid=&quot;backdrop&quot;
    /&gt;
    &lt;button
      aria-describedby=&quot;tooltip-6&quot;
      class=&quot;leafygreen-ui-cssveg&quot;
    &gt;
      trigger button
    &lt;/button&gt;
  &lt;/div&gt;
  &lt;div&gt;
    &lt;div
      data-testid=&quot;backdrop&quot;
    /&gt;
    &lt;button
      aria-describedby=&quot;tooltip-4&quot;
      class=&quot;leafygreen-ui-cssveg&quot;
    &gt;
      trigger button
    &lt;/button&gt;
  &lt;/div&gt;
  &lt;div&gt;
    &lt;div
      data-testid=&quot;backdrop&quot;
    /&gt;
    &lt;button
      aria-describedby=&quot;tooltip-1&quot;
      class=&quot;leafygreen-ui-cssveg&quot;
    &gt;
      trigger button
    &lt;/button&gt;
  &lt;/div&gt;
  &lt;div&gt;
    &lt;div
      data-testid=&quot;backdrop&quot;
    /&gt;
    &lt;button
      aria-describedby=&quot;tooltip-1&quot;
      class=&quot;leafygreen-ui-cssveg&quot;
    &gt;
      trigger button
    &lt;/button&gt;
  &lt;/div&gt;
  &lt;div&gt;
    &lt;div
      data-testid=&quot;backdrop&quot;
    /&gt;
    &lt;button
      aria-describedby=&quot;tooltip-9&quot;
      class=&quot;leafygreen-ui-cssveg&quot;
    &gt;
      trigger button
    &lt;/button&gt;
  &lt;/div&gt;
  &lt;div&gt;
    &lt;div
      data-testid=&quot;backdrop&quot;
    /&gt;
    &lt;button
      aria-describedby=&quot;tooltip-3&quot;
      class=&quot;leafygreen-ui-cssveg&quot;
    &gt;
      trigger button
    &lt;/button&gt;
  &lt;/div&gt;
  &lt;div&gt;
    &lt;div
      data-testid=&quot;backdrop&quot;
    /&gt;
    &lt;button
      aria-describedby=&quot;tooltip-7&quot;
      class=&quot;leafygreen-ui-cssveg&quot;
    &gt;
      trigger button
      &lt;div
        class=&quot;leafygreen-ui-wn831c&quot;
      /&gt;
    &lt;/button&gt;
  &lt;/div&gt;
  &lt;div&gt;
    &lt;div
      class=&quot;leafygreen-ui-1rp417r&quot;
    &gt;
      &lt;div
        class=&quot;leafygreen-ui-10d84ei&quot;
        data-testid=&quot;tooltip-test-id&quot;
        id=&quot;tooltip-7&quot;
        role=&quot;tooltip&quot;
      &gt;
        &lt;div
          class=&quot;leafygreen-ui-1ohbl73&quot;
        &gt;
          &lt;div
            class=&quot;leafygreen-ui-9982vu&quot;
          /&gt;
        &lt;/div&gt;
        &lt;div&gt;
          Tooltip Contents!
        &lt;/div&gt;
      &lt;/div&gt;
    &lt;/div&gt;
  &lt;/div&gt;
  &lt;div&gt;
    &lt;div
      data-testid=&quot;backdrop&quot;
    /&gt;
    &lt;button
      aria-describedby=&quot;tooltip-8&quot;
      class=&quot;leafygreen-ui-cssveg&quot;
    &gt;
      trigger button
      &lt;div
        class=&quot;leafygreen-ui-wn831c&quot;
      /&gt;
    &lt;/button&gt;
  &lt;/div&gt;
  &lt;div&gt;
    &lt;div
      class=&quot;leafygreen-ui-1rp417r&quot;
    &gt;
      &lt;div
        class=&quot;leafygreen-ui-10d84ei&quot;
        data-testid=&quot;tooltip-test-id&quot;
        id=&quot;tooltip-8&quot;
        role=&quot;tooltip&quot;
      &gt;
        &lt;div
          class=&quot;leafygreen-ui-1ohbl73&quot;
        &gt;
          &lt;div
            class=&quot;leafygreen-ui-9982vu&quot;
          /&gt;
        &lt;/div&gt;
        &lt;div&gt;
          Tooltip Contents!
        &lt;/div&gt;
      &lt;/div&gt;
    &lt;/div&gt;
  &lt;/div&gt;
  &lt;div&gt;
    &lt;div
      data-testid=&quot;backdrop&quot;
    /&gt;
    &lt;button
      aria-describedby=&quot;tooltip-2&quot;
      class=&quot;leafygreen-ui-cssveg&quot;
    &gt;
      trigger button
      &lt;div
        class=&quot;leafygreen-ui-wn831c&quot;
      /&gt;
    &lt;/button&gt;
  &lt;/div&gt;
  &lt;div&gt;
    &lt;div
      class=&quot;leafygreen-ui-1rp417r&quot;
    &gt;
      &lt;div
        class=&quot;leafygreen-ui-10d84ei&quot;
        data-testid=&quot;tooltip-test-id&quot;
        id=&quot;tooltip-2&quot;
        role=&quot;tooltip&quot;
      &gt;
        &lt;div
          class=&quot;leafygreen-ui-1ohbl73&quot;
        &gt;
          &lt;div
            class=&quot;leafygreen-ui-9982vu&quot;
          /&gt;
        &lt;/div&gt;
        &lt;div&gt;
          Tooltip Contents!
        &lt;/div&gt;
      &lt;/div&gt;
    &lt;/div&gt;
  &lt;/div&gt;
  &lt;div&gt;
    &lt;div
      data-testid=&quot;backdrop&quot;
    /&gt;
    &lt;button
      aria-describedby=&quot;tooltip-9&quot;
      class=&quot;leafygreen-ui-cssveg&quot;
      data-testid=&quot;class-controlled-trigger&quot;
    &gt;
      trigger 
    &lt;/button&gt;
  &lt;/div&gt;
&lt;/body&gt;
    at getElementError (/Users/brookeyalof/Development/MongoDB/leafygreen-ui/packages/tooltip/node_modules/@testing-library/dom/dist/query-helpers.js:46:10)
    at getMultipleElementsFoundError (/Users/brookeyalof/Development/MongoDB/leafygreen-ui/packages/tooltip/node_modules/@testing-library/dom/dist/query-helpers.js:50:10)
    at getByTestId (/Users/brookeyalof/Development/MongoDB/leafygreen-ui/packages/tooltip/node_modules/@testing-library/dom/dist/query-helpers.js:86:13)
    at renderClassTrigger (/Users/brookeyalof/Development/MongoDB/leafygreen-ui/packages/tooltip/src/Tooltip.spec.tsx:291:30)
    at Object.&lt;anonymous&gt; (/Users/brookeyalof/Development/MongoDB/leafygreen-ui/packages/tooltip/src/Tooltip.spec.tsx:296:26)
    at Object.asyncJestTest (/Users/brookeyalof/Development/MongoDB/leafygreen-ui/node_modules/jest-jasmine2/build/jasmineAsyncInstall.js:100:37)
    at /Users/brookeyalof/Development/MongoDB/leafygreen-ui/node_modules/jest-jasmine2/build/queueRunner.js:47:12
    at new Promise (&lt;anonymous&gt;)
    at mapper (/Users/brookeyalof/Development/MongoDB/leafygreen-ui/node_modules/jest-jasmine2/build/queueRunner.js:30:19)
    at /Users/brookeyalof/Development/MongoDB/leafygreen-ui/node_modules/jest-jasmine2/build/queueRunner.js:77:41</failure>
    </testcase>
    <testcase classname="packages/tooltip when trigger is a class-based component component triggers opening and closing of tooltip" name="packages/tooltip when trigger is a class-based component component triggers opening and closing of tooltip" time="0.006">
      <failure>Error: Found multiple elements by: [data-testid=&quot;class-controlled-trigger&quot;]

(If this is intentional, then use the `*AllBy*` variant of the query (like `queryAllByText`, `getAllByText`, or `findAllByText`)).

&lt;body&gt;
  &lt;div&gt;
    &lt;div
      data-testid=&quot;backdrop&quot;
    /&gt;
    &lt;button
      aria-describedby=&quot;tooltip-9&quot;
      class=&quot;leafygreen-ui-cssveg&quot;
    &gt;
      trigger button
    &lt;/button&gt;
  &lt;/div&gt;
  &lt;div&gt;
    &lt;div
      data-testid=&quot;backdrop&quot;
    /&gt;
    &lt;button
      aria-describedby=&quot;tooltip-3&quot;
      class=&quot;leafygreen-ui-cssveg&quot;
    &gt;
      trigger button
    &lt;/button&gt;
  &lt;/div&gt;
  &lt;div&gt;
    &lt;div
      data-testid=&quot;backdrop&quot;
    /&gt;
    &lt;button
      aria-describedby=&quot;tooltip-0&quot;
      class=&quot;leafygreen-ui-cssveg&quot;
    &gt;
      trigger button
    &lt;/button&gt;
  &lt;/div&gt;
  &lt;div&gt;
    &lt;div
      data-testid=&quot;backdrop&quot;
    /&gt;
    &lt;button
      aria-describedby=&quot;tooltip-3&quot;
      class=&quot;leafygreen-ui-cssveg&quot;
    &gt;
      trigger button
    &lt;/button&gt;
  &lt;/div&gt;
  &lt;div&gt;
    &lt;div
      data-testid=&quot;backdrop&quot;
    /&gt;
    &lt;button
      aria-describedby=&quot;tooltip-6&quot;
      class=&quot;leafygreen-ui-cssveg&quot;
    &gt;
      trigger button
    &lt;/button&gt;
  &lt;/div&gt;
  &lt;div&gt;
    &lt;div
      data-testid=&quot;backdrop&quot;
    /&gt;
    &lt;button
      aria-describedby=&quot;tooltip-4&quot;
      class=&quot;leafygreen-ui-cssveg&quot;
    &gt;
      trigger button
    &lt;/button&gt;
  &lt;/div&gt;
  &lt;div&gt;
    &lt;div
      data-testid=&quot;backdrop&quot;
    /&gt;
    &lt;button
      aria-describedby=&quot;tooltip-1&quot;
      class=&quot;leafygreen-ui-cssveg&quot;
    &gt;
      trigger button
    &lt;/button&gt;
  &lt;/div&gt;
  &lt;div&gt;
    &lt;div
      data-testid=&quot;backdrop&quot;
    /&gt;
    &lt;button
      aria-describedby=&quot;tooltip-1&quot;
      class=&quot;leafygreen-ui-cssveg&quot;
    &gt;
      trigger button
    &lt;/button&gt;
  &lt;/div&gt;
  &lt;div&gt;
    &lt;div
      data-testid=&quot;backdrop&quot;
    /&gt;
    &lt;button
      aria-describedby=&quot;tooltip-9&quot;
      class=&quot;leafygreen-ui-cssveg&quot;
    &gt;
      trigger button
    &lt;/button&gt;
  &lt;/div&gt;
  &lt;div&gt;
    &lt;div
      data-testid=&quot;backdrop&quot;
    /&gt;
    &lt;button
      aria-describedby=&quot;tooltip-3&quot;
      class=&quot;leafygreen-ui-cssveg&quot;
    &gt;
      trigger button
    &lt;/button&gt;
  &lt;/div&gt;
  &lt;div&gt;
    &lt;div
      data-testid=&quot;backdrop&quot;
    /&gt;
    &lt;button
      aria-describedby=&quot;tooltip-7&quot;
      class=&quot;leafygreen-ui-cssveg&quot;
    &gt;
      trigger button
      &lt;div
        class=&quot;leafygreen-ui-wn831c&quot;
      /&gt;
    &lt;/button&gt;
  &lt;/div&gt;
  &lt;div&gt;
    &lt;div
      class=&quot;leafygreen-ui-1rp417r&quot;
    &gt;
      &lt;div
        class=&quot;leafygreen-ui-10d84ei&quot;
        data-testid=&quot;tooltip-test-id&quot;
        id=&quot;tooltip-7&quot;
        role=&quot;tooltip&quot;
      &gt;
        &lt;div
          class=&quot;leafygreen-ui-1ohbl73&quot;
        &gt;
          &lt;div
            class=&quot;leafygreen-ui-9982vu&quot;
          /&gt;
        &lt;/div&gt;
        &lt;div&gt;
          Tooltip Contents!
        &lt;/div&gt;
      &lt;/div&gt;
    &lt;/div&gt;
  &lt;/div&gt;
  &lt;div&gt;
    &lt;div
      data-testid=&quot;backdrop&quot;
    /&gt;
    &lt;button
      aria-describedby=&quot;tooltip-8&quot;
      class=&quot;leafygreen-ui-cssveg&quot;
    &gt;
      trigger button
      &lt;div
        class=&quot;leafygreen-ui-wn831c&quot;
      /&gt;
    &lt;/button&gt;
  &lt;/div&gt;
  &lt;div&gt;
    &lt;div
      class=&quot;leafygreen-ui-1rp417r&quot;
    &gt;
      &lt;div
        class=&quot;leafygreen-ui-10d84ei&quot;
        data-testid=&quot;tooltip-test-id&quot;
        id=&quot;tooltip-8&quot;
        role=&quot;tooltip&quot;
      &gt;
        &lt;div
          class=&quot;leafygreen-ui-1ohbl73&quot;
        &gt;
          &lt;div
            class=&quot;leafygreen-ui-9982vu&quot;
          /&gt;
        &lt;/div&gt;
        &lt;div&gt;
          Tooltip Contents!
        &lt;/div&gt;
      &lt;/div&gt;
    &lt;/div&gt;
  &lt;/div&gt;
  &lt;div&gt;
    &lt;div
      data-testid=&quot;backdrop&quot;
    /&gt;
    &lt;button
      aria-describedby=&quot;tooltip-2&quot;
      class=&quot;leafygreen-ui-cssveg&quot;
    &gt;
      trigger button
      &lt;div
        class=&quot;leafygreen-ui-wn831c&quot;
      /&gt;
    &lt;/button&gt;
  &lt;/div&gt;
  &lt;div&gt;
    &lt;div
      class=&quot;leafygreen-ui-1rp417r&quot;
    &gt;
      &lt;div
        class=&quot;leafygreen-ui-10d84ei&quot;
        data-testid=&quot;tooltip-test-id&quot;
        id=&quot;tooltip-2&quot;
        role=&quot;tooltip&quot;
      &gt;
        &lt;div
          class=&quot;leafygreen-ui-1ohbl73&quot;
        &gt;
          &lt;div
            class=&quot;leafygreen-ui-9982vu&quot;
          /&gt;
        &lt;/div&gt;
        &lt;div&gt;
          Tooltip Contents!
        &lt;/div&gt;
      &lt;/div&gt;
    &lt;/div&gt;
  &lt;/div&gt;
  &lt;div&gt;
    &lt;div
      data-testid=&quot;backdrop&quot;
    /&gt;
    &lt;button
      aria-describedby=&quot;tooltip-9&quot;
      class=&quot;leafygreen-ui-cssveg&quot;
      data-testid=&quot;class-controlled-trigger&quot;
    &gt;
      trigger 
    &lt;/button&gt;
  &lt;/div&gt;
  &lt;div&gt;
    &lt;div
      data-testid=&quot;backdrop&quot;
    /&gt;
    &lt;button
      aria-describedby=&quot;tooltip-0&quot;
      class=&quot;leafygreen-ui-cssveg&quot;
      data-testid=&quot;class-controlled-trigger&quot;
    &gt;
      trigger 
    &lt;/button&gt;
  &lt;/div&gt;
&lt;/body&gt;
    at getElementError (/Users/brookeyalof/Development/MongoDB/leafygreen-ui/packages/tooltip/node_modules/@testing-library/dom/dist/query-helpers.js:46:10)
    at getMultipleElementsFoundError (/Users/brookeyalof/Development/MongoDB/leafygreen-ui/packages/tooltip/node_modules/@testing-library/dom/dist/query-helpers.js:50:10)
    at getByTestId (/Users/brookeyalof/Development/MongoDB/leafygreen-ui/packages/tooltip/node_modules/@testing-library/dom/dist/query-helpers.js:86:13)
    at renderClassTrigger (/Users/brookeyalof/Development/MongoDB/leafygreen-ui/packages/tooltip/src/Tooltip.spec.tsx:290:28)
    at Object.&lt;anonymous&gt; (/Users/brookeyalof/Development/MongoDB/leafygreen-ui/packages/tooltip/src/Tooltip.spec.tsx:301:39)
    at Object.asyncJestTest (/Users/brookeyalof/Development/MongoDB/leafygreen-ui/node_modules/jest-jasmine2/build/jasmineAsyncInstall.js:100:37)
    at /Users/brookeyalof/Development/MongoDB/leafygreen-ui/node_modules/jest-jasmine2/build/queueRunner.js:47:12
    at new Promise (&lt;anonymous&gt;)
    at mapper (/Users/brookeyalof/Development/MongoDB/leafygreen-ui/node_modules/jest-jasmine2/build/queueRunner.js:30:19)
    at /Users/brookeyalof/Development/MongoDB/leafygreen-ui/node_modules/jest-jasmine2/build/queueRunner.js:77:41</failure>
    </testcase>
    <testcase classname="packages/tooltip when trigger is an inline function renders a button to the DOM with trigger button" name="packages/tooltip when trigger is an inline function renders a button to the DOM with trigger button" time="0.006">
      <failure>Error: Found multiple elements by: [data-testid=&quot;backdrop&quot;]

(If this is intentional, then use the `*AllBy*` variant of the query (like `queryAllByText`, `getAllByText`, or `findAllByText`)).

&lt;body&gt;
  &lt;div&gt;
    &lt;div
      data-testid=&quot;backdrop&quot;
    /&gt;
    &lt;button
      aria-describedby=&quot;tooltip-9&quot;
      class=&quot;leafygreen-ui-cssveg&quot;
    &gt;
      trigger button
    &lt;/button&gt;
  &lt;/div&gt;
  &lt;div&gt;
    &lt;div
      data-testid=&quot;backdrop&quot;
    /&gt;
    &lt;button
      aria-describedby=&quot;tooltip-3&quot;
      class=&quot;leafygreen-ui-cssveg&quot;
    &gt;
      trigger button
    &lt;/button&gt;
  &lt;/div&gt;
  &lt;div&gt;
    &lt;div
      data-testid=&quot;backdrop&quot;
    /&gt;
    &lt;button
      aria-describedby=&quot;tooltip-0&quot;
      class=&quot;leafygreen-ui-cssveg&quot;
    &gt;
      trigger button
    &lt;/button&gt;
  &lt;/div&gt;
  &lt;div&gt;
    &lt;div
      data-testid=&quot;backdrop&quot;
    /&gt;
    &lt;button
      aria-describedby=&quot;tooltip-3&quot;
      class=&quot;leafygreen-ui-cssveg&quot;
    &gt;
      trigger button
    &lt;/button&gt;
  &lt;/div&gt;
  &lt;div&gt;
    &lt;div
      data-testid=&quot;backdrop&quot;
    /&gt;
    &lt;button
      aria-describedby=&quot;tooltip-6&quot;
      class=&quot;leafygreen-ui-cssveg&quot;
    &gt;
      trigger button
    &lt;/button&gt;
  &lt;/div&gt;
  &lt;div&gt;
    &lt;div
      data-testid=&quot;backdrop&quot;
    /&gt;
    &lt;button
      aria-describedby=&quot;tooltip-4&quot;
      class=&quot;leafygreen-ui-cssveg&quot;
    &gt;
      trigger button
    &lt;/button&gt;
  &lt;/div&gt;
  &lt;div&gt;
    &lt;div
      data-testid=&quot;backdrop&quot;
    /&gt;
    &lt;button
      aria-describedby=&quot;tooltip-1&quot;
      class=&quot;leafygreen-ui-cssveg&quot;
    &gt;
      trigger button
    &lt;/button&gt;
  &lt;/div&gt;
  &lt;div&gt;
    &lt;div
      data-testid=&quot;backdrop&quot;
    /&gt;
    &lt;button
      aria-describedby=&quot;tooltip-1&quot;
      class=&quot;leafygreen-ui-cssveg&quot;
    &gt;
      trigger button
    &lt;/button&gt;
  &lt;/div&gt;
  &lt;div&gt;
    &lt;div
      data-testid=&quot;backdrop&quot;
    /&gt;
    &lt;button
      aria-describedby=&quot;tooltip-9&quot;
      class=&quot;leafygreen-ui-cssveg&quot;
    &gt;
      trigger button
    &lt;/button&gt;
  &lt;/div&gt;
  &lt;div&gt;
    &lt;div
      data-testid=&quot;backdrop&quot;
    /&gt;
    &lt;button
      aria-describedby=&quot;tooltip-3&quot;
      class=&quot;leafygreen-ui-cssveg&quot;
    &gt;
      trigger button
    &lt;/button&gt;
  &lt;/div&gt;
  &lt;div&gt;
    &lt;div
      data-testid=&quot;backdrop&quot;
    /&gt;
    &lt;button
      aria-describedby=&quot;tooltip-7&quot;
      class=&quot;leafygreen-ui-cssveg&quot;
    &gt;
      trigger button
      &lt;div
        class=&quot;leafygreen-ui-wn831c&quot;
      /&gt;
    &lt;/button&gt;
  &lt;/div&gt;
  &lt;div&gt;
    &lt;div
      class=&quot;leafygreen-ui-1rp417r&quot;
    &gt;
      &lt;div
        class=&quot;leafygreen-ui-10d84ei&quot;
        data-testid=&quot;tooltip-test-id&quot;
        id=&quot;tooltip-7&quot;
        role=&quot;tooltip&quot;
      &gt;
        &lt;div
          class=&quot;leafygreen-ui-1ohbl73&quot;
        &gt;
          &lt;div
            class=&quot;leafygreen-ui-9982vu&quot;
          /&gt;
        &lt;/div&gt;
        &lt;div&gt;
          Tooltip Contents!
        &lt;/div&gt;
      &lt;/div&gt;
    &lt;/div&gt;
  &lt;/div&gt;
  &lt;div&gt;
    &lt;div
      data-testid=&quot;backdrop&quot;
    /&gt;
    &lt;button
      aria-describedby=&quot;tooltip-8&quot;
      class=&quot;leafygreen-ui-cssveg&quot;
    &gt;
      trigger button
      &lt;div
        class=&quot;leafygreen-ui-wn831c&quot;
      /&gt;
    &lt;/button&gt;
  &lt;/div&gt;
  &lt;div&gt;
    &lt;div
      class=&quot;leafygreen-ui-1rp417r&quot;
    &gt;
      &lt;div
        class=&quot;leafygreen-ui-10d84ei&quot;
        data-testid=&quot;tooltip-test-id&quot;
        id=&quot;tooltip-8&quot;
        role=&quot;tooltip&quot;
      &gt;
        &lt;div
          class=&quot;leafygreen-ui-1ohbl73&quot;
        &gt;
          &lt;div
            class=&quot;leafygreen-ui-9982vu&quot;
          /&gt;
        &lt;/div&gt;
        &lt;div&gt;
          Tooltip Contents!
        &lt;/div&gt;
      &lt;/div&gt;
    &lt;/div&gt;
  &lt;/div&gt;
  &lt;div&gt;
    &lt;div
      data-testid=&quot;backdrop&quot;
    /&gt;
    &lt;button
      aria-describedby=&quot;tooltip-2&quot;
      class=&quot;leafygreen-ui-cssveg&quot;
    &gt;
      trigger button
      &lt;div
        class=&quot;leafygreen-ui-wn831c&quot;
      /&gt;
    &lt;/button&gt;
  &lt;/div&gt;
  &lt;div&gt;
    &lt;div
      class=&quot;leafygreen-ui-1rp417r&quot;
    &gt;
      &lt;div
        class=&quot;leafygreen-ui-10d84ei&quot;
        data-testid=&quot;tooltip-test-id&quot;
        id=&quot;tooltip-2&quot;
        role=&quot;tooltip&quot;
      &gt;
        &lt;div
          class=&quot;leafygreen-ui-1ohbl73&quot;
        &gt;
          &lt;div
            class=&quot;leafygreen-ui-9982vu&quot;
          /&gt;
        &lt;/div&gt;
        &lt;div&gt;
          Tooltip Contents!
        &lt;/div&gt;
      &lt;/div&gt;
    &lt;/div&gt;
  &lt;/div&gt;
  &lt;div&gt;
    &lt;div
      data-testid=&quot;backdrop&quot;
    /&gt;
    &lt;button
      aria-describedby=&quot;tooltip-9&quot;
      class=&quot;leafygreen-ui-cssveg&quot;
      data-testid=&quot;class-controlled-trigger&quot;
    &gt;
      trigger 
    &lt;/button&gt;
  &lt;/div&gt;
  &lt;div&gt;
    &lt;div
      data-testid=&quot;backdrop&quot;
    /&gt;
    &lt;button
      aria-describedby=&quot;tooltip-0&quot;
      class=&quot;leafygreen-ui-cssveg&quot;
      data-testid=&quot;class-controlled-trigger&quot;
    &gt;
      trigger 
    &lt;/button&gt;
  &lt;/div&gt;
  &lt;div&gt;
    &lt;div
      data-testid=&quot;backdrop&quot;
    /&gt;
    &lt;button
      aria-describedby=&quot;tooltip-1&quot;
      class=&quot;leafygreen-ui-cssveg&quot;
      data-testid=&quot;inline-trigger&quot;
    &gt;
      trigger button
    &lt;/button&gt;
  &lt;/div&gt;
&lt;/body&gt;
    at getElementError (/Users/brookeyalof/Development/MongoDB/leafygreen-ui/packages/tooltip/node_modules/@testing-library/dom/dist/query-helpers.js:46:10)
    at getMultipleElementsFoundError (/Users/brookeyalof/Development/MongoDB/leafygreen-ui/packages/tooltip/node_modules/@testing-library/dom/dist/query-helpers.js:50:10)
    at getByTestId (/Users/brookeyalof/Development/MongoDB/leafygreen-ui/packages/tooltip/node_modules/@testing-library/dom/dist/query-helpers.js:86:13)
    at renderInlineTrigger (/Users/brookeyalof/Development/MongoDB/leafygreen-ui/packages/tooltip/src/Tooltip.spec.tsx:333:30)
    at Object.&lt;anonymous&gt; (/Users/brookeyalof/Development/MongoDB/leafygreen-ui/packages/tooltip/src/Tooltip.spec.tsx:338:26)
    at Object.asyncJestTest (/Users/brookeyalof/Development/MongoDB/leafygreen-ui/node_modules/jest-jasmine2/build/jasmineAsyncInstall.js:100:37)
    at /Users/brookeyalof/Development/MongoDB/leafygreen-ui/node_modules/jest-jasmine2/build/queueRunner.js:47:12
    at new Promise (&lt;anonymous&gt;)
    at mapper (/Users/brookeyalof/Development/MongoDB/leafygreen-ui/node_modules/jest-jasmine2/build/queueRunner.js:30:19)
    at /Users/brookeyalof/Development/MongoDB/leafygreen-ui/node_modules/jest-jasmine2/build/queueRunner.js:77:41</failure>
    </testcase>
    <testcase classname="packages/tooltip when trigger is an inline function when &quot;triggerEvent&quot; is click, clicking triggers opening and closing of tooltip" name="packages/tooltip when trigger is an inline function when &quot;triggerEvent&quot; is click, clicking triggers opening and closing of tooltip" time="0.006">
      <failure>Error: Found multiple elements by: [data-testid=&quot;inline-trigger&quot;]

(If this is intentional, then use the `*AllBy*` variant of the query (like `queryAllByText`, `getAllByText`, or `findAllByText`)).

&lt;body&gt;
  &lt;div&gt;
    &lt;div
      data-testid=&quot;backdrop&quot;
    /&gt;
    &lt;button
      aria-describedby=&quot;tooltip-9&quot;
      class=&quot;leafygreen-ui-cssveg&quot;
    &gt;
      trigger button
    &lt;/button&gt;
  &lt;/div&gt;
  &lt;div&gt;
    &lt;div
      data-testid=&quot;backdrop&quot;
    /&gt;
    &lt;button
      aria-describedby=&quot;tooltip-3&quot;
      class=&quot;leafygreen-ui-cssveg&quot;
    &gt;
      trigger button
    &lt;/button&gt;
  &lt;/div&gt;
  &lt;div&gt;
    &lt;div
      data-testid=&quot;backdrop&quot;
    /&gt;
    &lt;button
      aria-describedby=&quot;tooltip-0&quot;
      class=&quot;leafygreen-ui-cssveg&quot;
    &gt;
      trigger button
    &lt;/button&gt;
  &lt;/div&gt;
  &lt;div&gt;
    &lt;div
      data-testid=&quot;backdrop&quot;
    /&gt;
    &lt;button
      aria-describedby=&quot;tooltip-3&quot;
      class=&quot;leafygreen-ui-cssveg&quot;
    &gt;
      trigger button
    &lt;/button&gt;
  &lt;/div&gt;
  &lt;div&gt;
    &lt;div
      data-testid=&quot;backdrop&quot;
    /&gt;
    &lt;button
      aria-describedby=&quot;tooltip-6&quot;
      class=&quot;leafygreen-ui-cssveg&quot;
    &gt;
      trigger button
    &lt;/button&gt;
  &lt;/div&gt;
  &lt;div&gt;
    &lt;div
      data-testid=&quot;backdrop&quot;
    /&gt;
    &lt;button
      aria-describedby=&quot;tooltip-4&quot;
      class=&quot;leafygreen-ui-cssveg&quot;
    &gt;
      trigger button
    &lt;/button&gt;
  &lt;/div&gt;
  &lt;div&gt;
    &lt;div
      data-testid=&quot;backdrop&quot;
    /&gt;
    &lt;button
      aria-describedby=&quot;tooltip-1&quot;
      class=&quot;leafygreen-ui-cssveg&quot;
    &gt;
      trigger button
    &lt;/button&gt;
  &lt;/div&gt;
  &lt;div&gt;
    &lt;div
      data-testid=&quot;backdrop&quot;
    /&gt;
    &lt;button
      aria-describedby=&quot;tooltip-1&quot;
      class=&quot;leafygreen-ui-cssveg&quot;
    &gt;
      trigger button
    &lt;/button&gt;
  &lt;/div&gt;
  &lt;div&gt;
    &lt;div
      data-testid=&quot;backdrop&quot;
    /&gt;
    &lt;button
      aria-describedby=&quot;tooltip-9&quot;
      class=&quot;leafygreen-ui-cssveg&quot;
    &gt;
      trigger button
    &lt;/button&gt;
  &lt;/div&gt;
  &lt;div&gt;
    &lt;div
      data-testid=&quot;backdrop&quot;
    /&gt;
    &lt;button
      aria-describedby=&quot;tooltip-3&quot;
      class=&quot;leafygreen-ui-cssveg&quot;
    &gt;
      trigger button
    &lt;/button&gt;
  &lt;/div&gt;
  &lt;div&gt;
    &lt;div
      data-testid=&quot;backdrop&quot;
    /&gt;
    &lt;button
      aria-describedby=&quot;tooltip-7&quot;
      class=&quot;leafygreen-ui-cssveg&quot;
    &gt;
      trigger button
      &lt;div
        class=&quot;leafygreen-ui-wn831c&quot;
      /&gt;
    &lt;/button&gt;
  &lt;/div&gt;
  &lt;div&gt;
    &lt;div
      class=&quot;leafygreen-ui-1rp417r&quot;
    &gt;
      &lt;div
        class=&quot;leafygreen-ui-10d84ei&quot;
        data-testid=&quot;tooltip-test-id&quot;
        id=&quot;tooltip-7&quot;
        role=&quot;tooltip&quot;
      &gt;
        &lt;div
          class=&quot;leafygreen-ui-1ohbl73&quot;
        &gt;
          &lt;div
            class=&quot;leafygreen-ui-9982vu&quot;
          /&gt;
        &lt;/div&gt;
        &lt;div&gt;
          Tooltip Contents!
        &lt;/div&gt;
      &lt;/div&gt;
    &lt;/div&gt;
  &lt;/div&gt;
  &lt;div&gt;
    &lt;div
      data-testid=&quot;backdrop&quot;
    /&gt;
    &lt;button
      aria-describedby=&quot;tooltip-8&quot;
      class=&quot;leafygreen-ui-cssveg&quot;
    &gt;
      trigger button
      &lt;div
        class=&quot;leafygreen-ui-wn831c&quot;
      /&gt;
    &lt;/button&gt;
  &lt;/div&gt;
  &lt;div&gt;
    &lt;div
      class=&quot;leafygreen-ui-1rp417r&quot;
    &gt;
      &lt;div
        class=&quot;leafygreen-ui-10d84ei&quot;
        data-testid=&quot;tooltip-test-id&quot;
        id=&quot;tooltip-8&quot;
        role=&quot;tooltip&quot;
      &gt;
        &lt;div
          class=&quot;leafygreen-ui-1ohbl73&quot;
        &gt;
          &lt;div
            class=&quot;leafygreen-ui-9982vu&quot;
          /&gt;
        &lt;/div&gt;
        &lt;div&gt;
          Tooltip Contents!
        &lt;/div&gt;
      &lt;/div&gt;
    &lt;/div&gt;
  &lt;/div&gt;
  &lt;div&gt;
    &lt;div
      data-testid=&quot;backdrop&quot;
    /&gt;
    &lt;button
      aria-describedby=&quot;tooltip-2&quot;
      class=&quot;leafygreen-ui-cssveg&quot;
    &gt;
      trigger button
      &lt;div
        class=&quot;leafygreen-ui-wn831c&quot;
      /&gt;
    &lt;/button&gt;
  &lt;/div&gt;
  &lt;div&gt;
    &lt;div
      class=&quot;leafygreen-ui-1rp417r&quot;
    &gt;
      &lt;div
        class=&quot;leafygreen-ui-10d84ei&quot;
        data-testid=&quot;tooltip-test-id&quot;
        id=&quot;tooltip-2&quot;
        role=&quot;tooltip&quot;
      &gt;
        &lt;div
          class=&quot;leafygreen-ui-1ohbl73&quot;
        &gt;
          &lt;div
            class=&quot;leafygreen-ui-9982vu&quot;
          /&gt;
        &lt;/div&gt;
        &lt;div&gt;
          Tooltip Contents!
        &lt;/div&gt;
      &lt;/div&gt;
    &lt;/div&gt;
  &lt;/div&gt;
  &lt;div&gt;
    &lt;div
      data-testid=&quot;backdrop&quot;
    /&gt;
    &lt;button
      aria-describedby=&quot;tooltip-9&quot;
      class=&quot;leafygreen-ui-cssveg&quot;
      data-testid=&quot;class-controlled-trigger&quot;
    &gt;
      trigger 
    &lt;/button&gt;
  &lt;/div&gt;
  &lt;div&gt;
    &lt;div
      data-testid=&quot;backdrop&quot;
    /&gt;
    &lt;button
      aria-describedby=&quot;tooltip-0&quot;
      class=&quot;leafygreen-ui-cssveg&quot;
      data-testid=&quot;class-controlled-trigger&quot;
    &gt;
      trigger 
    &lt;/button&gt;
  &lt;/div&gt;
  &lt;div&gt;
    &lt;div
      data-testid=&quot;backdrop&quot;
    /&gt;
    &lt;button
      aria-describedby=&quot;tooltip-1&quot;
      class=&quot;leafygreen-ui-cssveg&quot;
      data-testid=&quot;inline-trigger&quot;
    &gt;
      trigger button
    &lt;/button&gt;
  &lt;/div&gt;
  &lt;div&gt;
    &lt;div
      data-testid=&quot;backdrop&quot;
    /&gt;
    &lt;button
      aria-describedby=&quot;tooltip-1&quot;
      class=&quot;leafygreen-ui-cssveg&quot;
      data-testid=&quot;inline-trigger&quot;
    &gt;
      trigger button
    &lt;/button&gt;
  &lt;/div&gt;
&lt;/body&gt;
    at getElementError (/Users/brookeyalof/Development/MongoDB/leafygreen-ui/packages/tooltip/node_modules/@testing-library/dom/dist/query-helpers.js:46:10)
    at getMultipleElementsFoundError (/Users/brookeyalof/Development/MongoDB/leafygreen-ui/packages/tooltip/node_modules/@testing-library/dom/dist/query-helpers.js:50:10)
    at getByTestId (/Users/brookeyalof/Development/MongoDB/leafygreen-ui/packages/tooltip/node_modules/@testing-library/dom/dist/query-helpers.js:86:13)
    at renderInlineTrigger (/Users/brookeyalof/Development/MongoDB/leafygreen-ui/packages/tooltip/src/Tooltip.spec.tsx:332:28)
    at Object.&lt;anonymous&gt; (/Users/brookeyalof/Development/MongoDB/leafygreen-ui/packages/tooltip/src/Tooltip.spec.tsx:343:39)
    at Object.asyncJestTest (/Users/brookeyalof/Development/MongoDB/leafygreen-ui/node_modules/jest-jasmine2/build/jasmineAsyncInstall.js:100:37)
    at /Users/brookeyalof/Development/MongoDB/leafygreen-ui/node_modules/jest-jasmine2/build/queueRunner.js:47:12
    at new Promise (&lt;anonymous&gt;)
    at mapper (/Users/brookeyalof/Development/MongoDB/leafygreen-ui/node_modules/jest-jasmine2/build/queueRunner.js:30:19)
    at /Users/brookeyalof/Development/MongoDB/leafygreen-ui/node_modules/jest-jasmine2/build/queueRunner.js:77:41</failure>
    </testcase>
    <testcase classname="packages/tooltip when trigger contains nested children renders trigger in document" name="packages/tooltip when trigger contains nested children renders trigger in document" time="0.003">
    </testcase>
    <testcase classname="packages/tooltip portals popover content to end of DOM, when &quot;usePortal&quot; is not set" name="packages/tooltip portals popover content to end of DOM, when &quot;usePortal&quot; is not set" time="0.011">
      <failure>Error: Found multiple elements with the text: trigger button

(If this is intentional, then use the `*AllBy*` variant of the query (like `queryAllByText`, `getAllByText`, or `findAllByText`)).

&lt;body&gt;
  &lt;div&gt;
    &lt;div
      data-testid=&quot;backdrop&quot;
    /&gt;
    &lt;button
      aria-describedby=&quot;tooltip-9&quot;
      class=&quot;leafygreen-ui-cssveg&quot;
    &gt;
      trigger button
    &lt;/button&gt;
  &lt;/div&gt;
  &lt;div&gt;
    &lt;div
      data-testid=&quot;backdrop&quot;
    /&gt;
    &lt;button
      aria-describedby=&quot;tooltip-3&quot;
      class=&quot;leafygreen-ui-cssveg&quot;
    &gt;
      trigger button
    &lt;/button&gt;
  &lt;/div&gt;
  &lt;div&gt;
    &lt;div
      data-testid=&quot;backdrop&quot;
    /&gt;
    &lt;button
      aria-describedby=&quot;tooltip-0&quot;
      class=&quot;leafygreen-ui-cssveg&quot;
    &gt;
      trigger button
    &lt;/button&gt;
  &lt;/div&gt;
  &lt;div&gt;
    &lt;div
      data-testid=&quot;backdrop&quot;
    /&gt;
    &lt;button
      aria-describedby=&quot;tooltip-3&quot;
      class=&quot;leafygreen-ui-cssveg&quot;
    &gt;
      trigger button
    &lt;/button&gt;
  &lt;/div&gt;
  &lt;div&gt;
    &lt;div
      data-testid=&quot;backdrop&quot;
    /&gt;
    &lt;button
      aria-describedby=&quot;tooltip-6&quot;
      class=&quot;leafygreen-ui-cssveg&quot;
    &gt;
      trigger button
    &lt;/button&gt;
  &lt;/div&gt;
  &lt;div&gt;
    &lt;div
      data-testid=&quot;backdrop&quot;
    /&gt;
    &lt;button
      aria-describedby=&quot;tooltip-4&quot;
      class=&quot;leafygreen-ui-cssveg&quot;
    &gt;
      trigger button
    &lt;/button&gt;
  &lt;/div&gt;
  &lt;div&gt;
    &lt;div
      data-testid=&quot;backdrop&quot;
    /&gt;
    &lt;button
      aria-describedby=&quot;tooltip-1&quot;
      class=&quot;leafygreen-ui-cssveg&quot;
    &gt;
      trigger button
    &lt;/button&gt;
  &lt;/div&gt;
  &lt;div&gt;
    &lt;div
      data-testid=&quot;backdrop&quot;
    /&gt;
    &lt;button
      aria-describedby=&quot;tooltip-1&quot;
      class=&quot;leafygreen-ui-cssveg&quot;
    &gt;
      trigger button
    &lt;/button&gt;
  &lt;/div&gt;
  &lt;div&gt;
    &lt;div
      data-testid=&quot;backdrop&quot;
    /&gt;
    &lt;button
      aria-describedby=&quot;tooltip-9&quot;
      class=&quot;leafygreen-ui-cssveg&quot;
    &gt;
      trigger button
    &lt;/button&gt;
  &lt;/div&gt;
  &lt;div&gt;
    &lt;div
      data-testid=&quot;backdrop&quot;
    /&gt;
    &lt;button
      aria-describedby=&quot;tooltip-3&quot;
      class=&quot;leafygreen-ui-cssveg&quot;
    &gt;
      trigger button
    &lt;/button&gt;
  &lt;/div&gt;
  &lt;div&gt;
    &lt;div
      data-testid=&quot;backdrop&quot;
    /&gt;
    &lt;button
      aria-describedby=&quot;tooltip-7&quot;
      class=&quot;leafygreen-ui-cssveg&quot;
    &gt;
      trigger button
      &lt;div
        class=&quot;leafygreen-ui-wn831c&quot;
      /&gt;
    &lt;/button&gt;
  &lt;/div&gt;
  &lt;div&gt;
    &lt;div
      class=&quot;leafygreen-ui-1rp417r&quot;
    &gt;
      &lt;div
        class=&quot;leafygreen-ui-10d84ei&quot;
        data-testid=&quot;tooltip-test-id&quot;
        id=&quot;tooltip-7&quot;
        role=&quot;tooltip&quot;
      &gt;
        &lt;div
          class=&quot;leafygreen-ui-1ohbl73&quot;
        &gt;
          &lt;div
            class=&quot;leafygreen-ui-9982vu&quot;
          /&gt;
        &lt;/div&gt;
        &lt;div&gt;
          Tooltip Contents!
        &lt;/div&gt;
      &lt;/div&gt;
    &lt;/div&gt;
  &lt;/div&gt;
  &lt;div&gt;
    &lt;div
      data-testid=&quot;backdrop&quot;
    /&gt;
    &lt;button
      aria-describedby=&quot;tooltip-8&quot;
      class=&quot;leafygreen-ui-cssveg&quot;
    &gt;
      trigger button
      &lt;div
        class=&quot;leafygreen-ui-wn831c&quot;
      /&gt;
    &lt;/button&gt;
  &lt;/div&gt;
  &lt;div&gt;
    &lt;div
      class=&quot;leafygreen-ui-1rp417r&quot;
    &gt;
      &lt;div
        class=&quot;leafygreen-ui-10d84ei&quot;
        data-testid=&quot;tooltip-test-id&quot;
        id=&quot;tooltip-8&quot;
        role=&quot;tooltip&quot;
      &gt;
        &lt;div
          class=&quot;leafygreen-ui-1ohbl73&quot;
        &gt;
          &lt;div
            class=&quot;leafygreen-ui-9982vu&quot;
          /&gt;
        &lt;/div&gt;
        &lt;div&gt;
          Tooltip Contents!
        &lt;/div&gt;
      &lt;/div&gt;
    &lt;/div&gt;
  &lt;/div&gt;
  &lt;div&gt;
    &lt;div
      data-testid=&quot;backdrop&quot;
    /&gt;
    &lt;button
      aria-describedby=&quot;tooltip-2&quot;
      class=&quot;leafygreen-ui-cssveg&quot;
    &gt;
      trigger button
      &lt;div
        class=&quot;leafygreen-ui-wn831c&quot;
      /&gt;
    &lt;/button&gt;
  &lt;/div&gt;
  &lt;div&gt;
    &lt;div
      class=&quot;leafygreen-ui-1rp417r&quot;
    &gt;
      &lt;div
        class=&quot;leafygreen-ui-10d84ei&quot;
        data-testid=&quot;tooltip-test-id&quot;
        id=&quot;tooltip-2&quot;
        role=&quot;tooltip&quot;
      &gt;
        &lt;div
          class=&quot;leafygreen-ui-1ohbl73&quot;
        &gt;
          &lt;div
            class=&quot;leafygreen-ui-9982vu&quot;
          /&gt;
        &lt;/div&gt;
        &lt;div&gt;
          Tooltip Contents!
        &lt;/div&gt;
      &lt;/div&gt;
    &lt;/div&gt;
  &lt;/div&gt;
  &lt;div&gt;
    &lt;div
      data-testid=&quot;backdrop&quot;
    /&gt;
    &lt;button
      aria-describedby=&quot;tooltip-9&quot;
      class=&quot;leafygreen-ui-cssveg&quot;
      data-testid=&quot;class-controlled-trigger&quot;
    &gt;
      trigger 
    &lt;/button&gt;
  &lt;/div&gt;
  &lt;div&gt;
    &lt;div
      data-testid=&quot;backdrop&quot;
    /&gt;
    &lt;button
      aria-describedby=&quot;tooltip-0&quot;
      class=&quot;leafygreen-ui-cssveg&quot;
      data-testid=&quot;class-controlled-trigger&quot;
    &gt;
      trigger 
    &lt;/button&gt;
  &lt;/div&gt;
  &lt;div&gt;
    &lt;div
      data-testid=&quot;backdrop&quot;
    /&gt;
    &lt;button
      aria-describedby=&quot;tooltip-1&quot;
      class=&quot;leafygreen-ui-cssveg&quot;
      data-testid=&quot;inline-trigger&quot;
    &gt;
      trigger button
    &lt;/button&gt;
  &lt;/div&gt;
  &lt;div&gt;
    &lt;div
      data-testid=&quot;backdrop&quot;
    /&gt;
    &lt;button
      aria-describedby=&quot;tooltip-1&quot;
      class=&quot;leafygreen-ui-cssveg&quot;
      data-testid=&quot;inline-trigger&quot;
    &gt;
      trigger button
    &lt;/button&gt;
  &lt;/div&gt;
  &lt;div&gt;
    &lt;button
      aria-describedby=&quot;tooltip-7&quot;
      class=&quot;leafygreen-ui-cssveg&quot;
      data-testid=&quot;nested-trigger&quot;
    &gt;
      trigger 
      &lt;span&gt;
        trigger
      &lt;/span&gt;
    &lt;/button&gt;
  &lt;/div&gt;
  &lt;div&gt;
    &lt;div
      data-testid=&quot;backdrop&quot;
    /&gt;
    &lt;button
      aria-describedby=&quot;tooltip-3&quot;
      class=&quot;leafygreen-ui-cssveg&quot;
    &gt;
      trigger button
      &lt;div
        class=&quot;leafygreen-ui-wn831c&quot;
      /&gt;
    &lt;/button&gt;
  &lt;/div&gt;
  &lt;div&gt;
    &lt;div
      class=&quot;leafygreen-ui-1rp417r&quot;
    &gt;
      &lt;div
        class=&quot;leafygreen-ui-10d84ei&quot;
        data-testid=&quot;tooltip-test-id&quot;
        id=&quot;tooltip-3&quot;
        role=&quot;tooltip&quot;
      &gt;
        &lt;div
          class=&quot;leafygreen-ui-1ohbl73&quot;
        &gt;
          &lt;div
            class=&quot;leafygreen-ui-9982vu&quot;
          /&gt;
        &lt;/div&gt;
        &lt;div&gt;
          Tooltip Contents!
        &lt;/div&gt;
      &lt;/div&gt;
    &lt;/div&gt;
  &lt;/div&gt;
&lt;/body&gt;
    at getElementError (/Users/brookeyalof/Development/MongoDB/leafygreen-ui/packages/tooltip/node_modules/@testing-library/dom/dist/query-helpers.js:46:10)
    at getMultipleElementsFoundError (/Users/brookeyalof/Development/MongoDB/leafygreen-ui/packages/tooltip/node_modules/@testing-library/dom/dist/query-helpers.js:50:10)
    at getByText (/Users/brookeyalof/Development/MongoDB/leafygreen-ui/packages/tooltip/node_modules/@testing-library/dom/dist/query-helpers.js:86:13)
    at renderTooltip (/Users/brookeyalof/Development/MongoDB/leafygreen-ui/packages/tooltip/src/Tooltip.spec.tsx:44:24)
    at Object.&lt;anonymous&gt; (/Users/brookeyalof/Development/MongoDB/leafygreen-ui/packages/tooltip/src/Tooltip.spec.tsx:394:40)
    at Object.asyncJestTest (/Users/brookeyalof/Development/MongoDB/leafygreen-ui/node_modules/jest-jasmine2/build/jasmineAsyncInstall.js:100:37)
    at /Users/brookeyalof/Development/MongoDB/leafygreen-ui/node_modules/jest-jasmine2/build/queueRunner.js:47:12
    at new Promise (&lt;anonymous&gt;)
    at mapper (/Users/brookeyalof/Development/MongoDB/leafygreen-ui/node_modules/jest-jasmine2/build/queueRunner.js:30:19)
    at /Users/brookeyalof/Development/MongoDB/leafygreen-ui/node_modules/jest-jasmine2/build/queueRunner.js:77:41</failure>
    </testcase>
    <testcase classname="packages/tooltip does not portal popover content to end of DOM when &quot;usePortal&quot; is false" name="packages/tooltip does not portal popover content to end of DOM when &quot;usePortal&quot; is false" time="0.014">
      <failure>Error: Found multiple elements with the text: trigger button

(If this is intentional, then use the `*AllBy*` variant of the query (like `queryAllByText`, `getAllByText`, or `findAllByText`)).

&lt;body&gt;
  &lt;div&gt;
    &lt;div
      data-testid=&quot;backdrop&quot;
    /&gt;
    &lt;button
      aria-describedby=&quot;tooltip-9&quot;
      class=&quot;leafygreen-ui-cssveg&quot;
    &gt;
      trigger button
    &lt;/button&gt;
  &lt;/div&gt;
  &lt;div&gt;
    &lt;div
      data-testid=&quot;backdrop&quot;
    /&gt;
    &lt;button
      aria-describedby=&quot;tooltip-3&quot;
      class=&quot;leafygreen-ui-cssveg&quot;
    &gt;
      trigger button
    &lt;/button&gt;
  &lt;/div&gt;
  &lt;div&gt;
    &lt;div
      data-testid=&quot;backdrop&quot;
    /&gt;
    &lt;button
      aria-describedby=&quot;tooltip-0&quot;
      class=&quot;leafygreen-ui-cssveg&quot;
    &gt;
      trigger button
    &lt;/button&gt;
  &lt;/div&gt;
  &lt;div&gt;
    &lt;div
      data-testid=&quot;backdrop&quot;
    /&gt;
    &lt;button
      aria-describedby=&quot;tooltip-3&quot;
      class=&quot;leafygreen-ui-cssveg&quot;
    &gt;
      trigger button
    &lt;/button&gt;
  &lt;/div&gt;
  &lt;div&gt;
    &lt;div
      data-testid=&quot;backdrop&quot;
    /&gt;
    &lt;button
      aria-describedby=&quot;tooltip-6&quot;
      class=&quot;leafygreen-ui-cssveg&quot;
    &gt;
      trigger button
    &lt;/button&gt;
  &lt;/div&gt;
  &lt;div&gt;
    &lt;div
      data-testid=&quot;backdrop&quot;
    /&gt;
    &lt;button
      aria-describedby=&quot;tooltip-4&quot;
      class=&quot;leafygreen-ui-cssveg&quot;
    &gt;
      trigger button
    &lt;/button&gt;
  &lt;/div&gt;
  &lt;div&gt;
    &lt;div
      data-testid=&quot;backdrop&quot;
    /&gt;
    &lt;button
      aria-describedby=&quot;tooltip-1&quot;
      class=&quot;leafygreen-ui-cssveg&quot;
    &gt;
      trigger button
    &lt;/button&gt;
  &lt;/div&gt;
  &lt;div&gt;
    &lt;div
      data-testid=&quot;backdrop&quot;
    /&gt;
    &lt;button
      aria-describedby=&quot;tooltip-1&quot;
      class=&quot;leafygreen-ui-cssveg&quot;
    &gt;
      trigger button
    &lt;/button&gt;
  &lt;/div&gt;
  &lt;div&gt;
    &lt;div
      data-testid=&quot;backdrop&quot;
    /&gt;
    &lt;button
      aria-describedby=&quot;tooltip-9&quot;
      class=&quot;leafygreen-ui-cssveg&quot;
    &gt;
      trigger button
    &lt;/button&gt;
  &lt;/div&gt;
  &lt;div&gt;
    &lt;div
      data-testid=&quot;backdrop&quot;
    /&gt;
    &lt;button
      aria-describedby=&quot;tooltip-3&quot;
      class=&quot;leafygreen-ui-cssveg&quot;
    &gt;
      trigger button
    &lt;/button&gt;
  &lt;/div&gt;
  &lt;div&gt;
    &lt;div
      data-testid=&quot;backdrop&quot;
    /&gt;
    &lt;button
      aria-describedby=&quot;tooltip-7&quot;
      class=&quot;leafygreen-ui-cssveg&quot;
    &gt;
      trigger button
      &lt;div
        class=&quot;leafygreen-ui-wn831c&quot;
      /&gt;
    &lt;/button&gt;
  &lt;/div&gt;
  &lt;div&gt;
    &lt;div
      class=&quot;leafygreen-ui-1rp417r&quot;
    &gt;
      &lt;div
        class=&quot;leafygreen-ui-10d84ei&quot;
        data-testid=&quot;tooltip-test-id&quot;
        id=&quot;tooltip-7&quot;
        role=&quot;tooltip&quot;
      &gt;
        &lt;div
          class=&quot;leafygreen-ui-1ohbl73&quot;
        &gt;
          &lt;div
            class=&quot;leafygreen-ui-9982vu&quot;
          /&gt;
        &lt;/div&gt;
        &lt;div&gt;
          Tooltip Contents!
        &lt;/div&gt;
      &lt;/div&gt;
    &lt;/div&gt;
  &lt;/div&gt;
  &lt;div&gt;
    &lt;div
      data-testid=&quot;backdrop&quot;
    /&gt;
    &lt;button
      aria-describedby=&quot;tooltip-8&quot;
      class=&quot;leafygreen-ui-cssveg&quot;
    &gt;
      trigger button
      &lt;div
        class=&quot;leafygreen-ui-wn831c&quot;
      /&gt;
    &lt;/button&gt;
  &lt;/div&gt;
  &lt;div&gt;
    &lt;div
      class=&quot;leafygreen-ui-1rp417r&quot;
    &gt;
      &lt;div
        class=&quot;leafygreen-ui-10d84ei&quot;
        data-testid=&quot;tooltip-test-id&quot;
        id=&quot;tooltip-8&quot;
        role=&quot;tooltip&quot;
      &gt;
        &lt;div
          class=&quot;leafygreen-ui-1ohbl73&quot;
        &gt;
          &lt;div
            class=&quot;leafygreen-ui-9982vu&quot;
          /&gt;
        &lt;/div&gt;
        &lt;div&gt;
          Tooltip Contents!
        &lt;/div&gt;
      &lt;/div&gt;
    &lt;/div&gt;
  &lt;/div&gt;
  &lt;div&gt;
    &lt;div
      data-testid=&quot;backdrop&quot;
    /&gt;
    &lt;button
      aria-describedby=&quot;tooltip-2&quot;
      class=&quot;leafygreen-ui-cssveg&quot;
    &gt;
      trigger button
      &lt;div
        class=&quot;leafygreen-ui-wn831c&quot;
      /&gt;
    &lt;/button&gt;
  &lt;/div&gt;
  &lt;div&gt;
    &lt;div
      class=&quot;leafygreen-ui-1rp417r&quot;
    &gt;
      &lt;div
        class=&quot;leafygreen-ui-10d84ei&quot;
        data-testid=&quot;tooltip-test-id&quot;
        id=&quot;tooltip-2&quot;
        role=&quot;tooltip&quot;
      &gt;
        &lt;div
          class=&quot;leafygreen-ui-1ohbl73&quot;
        &gt;
          &lt;div
            class=&quot;leafygreen-ui-9982vu&quot;
          /&gt;
        &lt;/div&gt;
        &lt;div&gt;
          Tooltip Contents!
        &lt;/div&gt;
      &lt;/div&gt;
    &lt;/div&gt;
  &lt;/div&gt;
  &lt;div&gt;
    &lt;div
      data-testid=&quot;backdrop&quot;
    /&gt;
    &lt;button
      aria-describedby=&quot;tooltip-9&quot;
      class=&quot;leafygreen-ui-cssveg&quot;
      data-testid=&quot;class-controlled-trigger&quot;
    &gt;
      trigger 
    &lt;/button&gt;
  &lt;/div&gt;
  &lt;div&gt;
    &lt;div
      data-testid=&quot;backdrop&quot;
    /&gt;
    &lt;button
      aria-describedby=&quot;tooltip-0&quot;
      class=&quot;leafygreen-ui-cssveg&quot;
      data-testid=&quot;class-controlled-trigger&quot;
    &gt;
      trigger 
    &lt;/button&gt;
  &lt;/div&gt;
  &lt;div&gt;
    &lt;div
      data-testid=&quot;backdrop&quot;
    /&gt;
    &lt;button
      aria-describedby=&quot;tooltip-1&quot;
      class=&quot;leafygreen-ui-cssveg&quot;
      data-testid=&quot;inline-trigger&quot;
    &gt;
      trigger button
    &lt;/button&gt;
  &lt;/div&gt;
  &lt;div&gt;
    &lt;div
      data-testid=&quot;backdrop&quot;
    /&gt;
    &lt;button
      aria-describedby=&quot;tooltip-1&quot;
      class=&quot;leafygreen-ui-cssveg&quot;
      data-testid=&quot;inline-trigger&quot;
    &gt;
      trigger button
    &lt;/button&gt;
  &lt;/div&gt;
  &lt;div&gt;
    &lt;button
      aria-describedby=&quot;tooltip-7&quot;
      class=&quot;leafygreen-ui-cssveg&quot;
      data-testid=&quot;nested-trigger&quot;
    &gt;
      trigger 
      &lt;span&gt;
        trigger
      &lt;/span&gt;
    &lt;/button&gt;
  &lt;/div&gt;
  &lt;div&gt;
    &lt;div
      data-testid=&quot;backdrop&quot;
    /&gt;
    &lt;button
      aria-describedby=&quot;tooltip-3&quot;
      class=&quot;leafygreen-ui-cssveg&quot;
    &gt;
      trigger button
      &lt;div
        class=&quot;leafygreen-ui-wn831c&quot;
      /&gt;
    &lt;/button&gt;
  &lt;/div&gt;
  &lt;div&gt;
    &lt;div
      class=&quot;leafygreen-ui-1rp417r&quot;
    &gt;
      &lt;div
        class=&quot;leafygreen-ui-10d84ei&quot;
        data-testid=&quot;tooltip-test-id&quot;
        id=&quot;tooltip-3&quot;
        role=&quot;tooltip&quot;
      &gt;
        &lt;div
          class=&quot;leafygreen-ui-1ohbl73&quot;
        &gt;
          &lt;div
            class=&quot;leafygreen-ui-9982vu&quot;
          /&gt;
        &lt;/div&gt;
        &lt;div&gt;
          Tooltip Contents!
        &lt;/div&gt;
      &lt;/div&gt;
    &lt;/div&gt;
  &lt;/div&gt;
  &lt;div&gt;
    &lt;div
      data-testid=&quot;backdrop&quot;
    /&gt;
    &lt;button
      aria-describedby=&quot;tooltip-2&quot;
      class=&quot;leafygreen-ui-cssveg&quot;
    &gt;
      trigger button
      &lt;div
        class=&quot;leafygreen-ui-wn831c&quot;
      /&gt;
      &lt;div
        class=&quot;leafygreen-ui-qwiflq&quot;
      &gt;
        &lt;div
          class=&quot;leafygreen-ui-10d84ei&quot;
          data-testid=&quot;tooltip-test-id&quot;
          id=&quot;tooltip-2&quot;
          role=&quot;tooltip&quot;
        &gt;
          &lt;div
            class=&quot;leafygreen-ui-1ohbl73&quot;
          &gt;
            &lt;div
              class=&quot;leafygreen-ui-9982vu&quot;
            /&gt;
          &lt;/div&gt;
          &lt;div&gt;
            Tooltip Contents!
          &lt;/div&gt;
        &lt;/div&gt;
      &lt;/div&gt;
    &lt;/button&gt;
  &lt;/div&gt;
&lt;/body&gt;
    at getElementError (/Users/brookeyalof/Development/MongoDB/leafygreen-ui/packages/tooltip/node_modules/@testing-library/dom/dist/query-helpers.js:46:10)
    at getMultipleElementsFoundError (/Users/brookeyalof/Development/MongoDB/leafygreen-ui/packages/tooltip/node_modules/@testing-library/dom/dist/query-helpers.js:50:10)
    at getByText (/Users/brookeyalof/Development/MongoDB/leafygreen-ui/packages/tooltip/node_modules/@testing-library/dom/dist/query-helpers.js:86:13)
    at renderTooltip (/Users/brookeyalof/Development/MongoDB/leafygreen-ui/packages/tooltip/src/Tooltip.spec.tsx:44:24)
    at Object.&lt;anonymous&gt; (/Users/brookeyalof/Development/MongoDB/leafygreen-ui/packages/tooltip/src/Tooltip.spec.tsx:401:27)
    at Object.asyncJestTest (/Users/brookeyalof/Development/MongoDB/leafygreen-ui/node_modules/jest-jasmine2/build/jasmineAsyncInstall.js:100:37)
    at /Users/brookeyalof/Development/MongoDB/leafygreen-ui/node_modules/jest-jasmine2/build/queueRunner.js:47:12
    at new Promise (&lt;anonymous&gt;)
    at mapper (/Users/brookeyalof/Development/MongoDB/leafygreen-ui/node_modules/jest-jasmine2/build/queueRunner.js:30:19)
    at /Users/brookeyalof/Development/MongoDB/leafygreen-ui/node_modules/jest-jasmine2/build/queueRunner.js:77:41</failure>
    </testcase>
    <testcase classname="packages/tooltip applies &quot;portalClassName&quot; to root of portal" name="packages/tooltip applies &quot;portalClassName&quot; to root of portal" time="0.013">
      <failure>Error: Found multiple elements with the text: trigger button

(If this is intentional, then use the `*AllBy*` variant of the query (like `queryAllByText`, `getAllByText`, or `findAllByText`)).

&lt;body&gt;
  &lt;div&gt;
    &lt;div
      data-testid=&quot;backdrop&quot;
    /&gt;
    &lt;button
      aria-describedby=&quot;tooltip-9&quot;
      class=&quot;leafygreen-ui-cssveg&quot;
    &gt;
      trigger button
    &lt;/button&gt;
  &lt;/div&gt;
  &lt;div&gt;
    &lt;div
      data-testid=&quot;backdrop&quot;
    /&gt;
    &lt;button
      aria-describedby=&quot;tooltip-3&quot;
      class=&quot;leafygreen-ui-cssveg&quot;
    &gt;
      trigger button
    &lt;/button&gt;
  &lt;/div&gt;
  &lt;div&gt;
    &lt;div
      data-testid=&quot;backdrop&quot;
    /&gt;
    &lt;button
      aria-describedby=&quot;tooltip-0&quot;
      class=&quot;leafygreen-ui-cssveg&quot;
    &gt;
      trigger button
    &lt;/button&gt;
  &lt;/div&gt;
  &lt;div&gt;
    &lt;div
      data-testid=&quot;backdrop&quot;
    /&gt;
    &lt;button
      aria-describedby=&quot;tooltip-3&quot;
      class=&quot;leafygreen-ui-cssveg&quot;
    &gt;
      trigger button
    &lt;/button&gt;
  &lt;/div&gt;
  &lt;div&gt;
    &lt;div
      data-testid=&quot;backdrop&quot;
    /&gt;
    &lt;button
      aria-describedby=&quot;tooltip-6&quot;
      class=&quot;leafygreen-ui-cssveg&quot;
    &gt;
      trigger button
    &lt;/button&gt;
  &lt;/div&gt;
  &lt;div&gt;
    &lt;div
      data-testid=&quot;backdrop&quot;
    /&gt;
    &lt;button
      aria-describedby=&quot;tooltip-4&quot;
      class=&quot;leafygreen-ui-cssveg&quot;
    &gt;
      trigger button
    &lt;/button&gt;
  &lt;/div&gt;
  &lt;div&gt;
    &lt;div
      data-testid=&quot;backdrop&quot;
    /&gt;
    &lt;button
      aria-describedby=&quot;tooltip-1&quot;
      class=&quot;leafygreen-ui-cssveg&quot;
    &gt;
      trigger button
    &lt;/button&gt;
  &lt;/div&gt;
  &lt;div&gt;
    &lt;div
      data-testid=&quot;backdrop&quot;
    /&gt;
    &lt;button
      aria-describedby=&quot;tooltip-1&quot;
      class=&quot;leafygreen-ui-cssveg&quot;
    &gt;
      trigger button
    &lt;/button&gt;
  &lt;/div&gt;
  &lt;div&gt;
    &lt;div
      data-testid=&quot;backdrop&quot;
    /&gt;
    &lt;button
      aria-describedby=&quot;tooltip-9&quot;
      class=&quot;leafygreen-ui-cssveg&quot;
    &gt;
      trigger button
    &lt;/button&gt;
  &lt;/div&gt;
  &lt;div&gt;
    &lt;div
      data-testid=&quot;backdrop&quot;
    /&gt;
    &lt;button
      aria-describedby=&quot;tooltip-3&quot;
      class=&quot;leafygreen-ui-cssveg&quot;
    &gt;
      trigger button
    &lt;/button&gt;
  &lt;/div&gt;
  &lt;div&gt;
    &lt;div
      data-testid=&quot;backdrop&quot;
    /&gt;
    &lt;button
      aria-describedby=&quot;tooltip-7&quot;
      class=&quot;leafygreen-ui-cssveg&quot;
    &gt;
      trigger button
      &lt;div
        class=&quot;leafygreen-ui-wn831c&quot;
      /&gt;
    &lt;/button&gt;
  &lt;/div&gt;
  &lt;div&gt;
    &lt;div
      class=&quot;leafygreen-ui-1rp417r&quot;
    &gt;
      &lt;div
        class=&quot;leafygreen-ui-10d84ei&quot;
        data-testid=&quot;tooltip-test-id&quot;
        id=&quot;tooltip-7&quot;
        role=&quot;tooltip&quot;
      &gt;
        &lt;div
          class=&quot;leafygreen-ui-1ohbl73&quot;
        &gt;
          &lt;div
            class=&quot;leafygreen-ui-9982vu&quot;
          /&gt;
        &lt;/div&gt;
        &lt;div&gt;
          Tooltip Contents!
        &lt;/div&gt;
      &lt;/div&gt;
    &lt;/div&gt;
  &lt;/div&gt;
  &lt;div&gt;
    &lt;div
      data-testid=&quot;backdrop&quot;
    /&gt;
    &lt;button
      aria-describedby=&quot;tooltip-8&quot;
      class=&quot;leafygreen-ui-cssveg&quot;
    &gt;
      trigger button
      &lt;div
        class=&quot;leafygreen-ui-wn831c&quot;
      /&gt;
    &lt;/button&gt;
  &lt;/div&gt;
  &lt;div&gt;
    &lt;div
      class=&quot;leafygreen-ui-1rp417r&quot;
    &gt;
      &lt;div
        class=&quot;leafygreen-ui-10d84ei&quot;
        data-testid=&quot;tooltip-test-id&quot;
        id=&quot;tooltip-8&quot;
        role=&quot;tooltip&quot;
      &gt;
        &lt;div
          class=&quot;leafygreen-ui-1ohbl73&quot;
        &gt;
          &lt;div
            class=&quot;leafygreen-ui-9982vu&quot;
          /&gt;
        &lt;/div&gt;
        &lt;div&gt;
          Tooltip Contents!
        &lt;/div&gt;
      &lt;/div&gt;
    &lt;/div&gt;
  &lt;/div&gt;
  &lt;div&gt;
    &lt;div
      data-testid=&quot;backdrop&quot;
    /&gt;
    &lt;button
      aria-describedby=&quot;tooltip-2&quot;
      class=&quot;leafygreen-ui-cssveg&quot;
    &gt;
      trigger button
      &lt;div
        class=&quot;leafygreen-ui-wn831c&quot;
      /&gt;
    &lt;/button&gt;
  &lt;/div&gt;
  &lt;div&gt;
    &lt;div
      class=&quot;leafygreen-ui-1rp417r&quot;
    &gt;
      &lt;div
        class=&quot;leafygreen-ui-10d84ei&quot;
        data-testid=&quot;tooltip-test-id&quot;
        id=&quot;tooltip-2&quot;
        role=&quot;tooltip&quot;
      &gt;
        &lt;div
          class=&quot;leafygreen-ui-1ohbl73&quot;
        &gt;
          &lt;div
            class=&quot;leafygreen-ui-9982vu&quot;
          /&gt;
        &lt;/div&gt;
        &lt;div&gt;
          Tooltip Contents!
        &lt;/div&gt;
      &lt;/div&gt;
    &lt;/div&gt;
  &lt;/div&gt;
  &lt;div&gt;
    &lt;div
      data-testid=&quot;backdrop&quot;
    /&gt;
    &lt;button
      aria-describedby=&quot;tooltip-9&quot;
      class=&quot;leafygreen-ui-cssveg&quot;
      data-testid=&quot;class-controlled-trigger&quot;
    &gt;
      trigger 
    &lt;/button&gt;
  &lt;/div&gt;
  &lt;div&gt;
    &lt;div
      data-testid=&quot;backdrop&quot;
    /&gt;
    &lt;button
      aria-describedby=&quot;tooltip-0&quot;
      class=&quot;leafygreen-ui-cssveg&quot;
      data-testid=&quot;class-controlled-trigger&quot;
    &gt;
      trigger 
    &lt;/button&gt;
  &lt;/div&gt;
  &lt;div&gt;
    &lt;div
      data-testid=&quot;backdrop&quot;
    /&gt;
    &lt;button
      aria-describedby=&quot;tooltip-1&quot;
      class=&quot;leafygreen-ui-cssveg&quot;
      data-testid=&quot;inline-trigger&quot;
    &gt;
      trigger button
    &lt;/button&gt;
  &lt;/div&gt;
  &lt;div&gt;
    &lt;div
      data-testid=&quot;backdrop&quot;
    /&gt;
    &lt;button
      aria-describedby=&quot;tooltip-1&quot;
      class=&quot;leafygreen-ui-cssveg&quot;
      data-testid=&quot;inline-trigger&quot;
    &gt;
      trigger button
    &lt;/button&gt;
  &lt;/div&gt;
  &lt;div&gt;
    &lt;button
      aria-describedby=&quot;tooltip-7&quot;
      class=&quot;leafygreen-ui-cssveg&quot;
      data-testid=&quot;nested-trigger&quot;
    &gt;
      trigger 
      &lt;span&gt;
        trigger
      &lt;/span&gt;
    &lt;/button&gt;
  &lt;/div&gt;
  &lt;div&gt;
    &lt;div
      data-testid=&quot;backdrop&quot;
    /&gt;
    &lt;button
      aria-describedby=&quot;tooltip-3&quot;
      class=&quot;leafygreen-ui-cssveg&quot;
    &gt;
      trigger button
      &lt;div
        class=&quot;leafygreen-ui-wn831c&quot;
      /&gt;
    &lt;/button&gt;
  &lt;/div&gt;
  &lt;div&gt;
    &lt;div
      class=&quot;leafygreen-ui-1rp417r&quot;
    &gt;
      &lt;div
        class=&quot;leafygreen-ui-10d84ei&quot;
        data-testid=&quot;tooltip-test-id&quot;
        id=&quot;tooltip-3&quot;
        role=&quot;tooltip&quot;
      &gt;
        &lt;div
          class=&quot;leafygreen-ui-1ohbl73&quot;
        &gt;
          &lt;div
            class=&quot;leafygreen-ui-9982vu&quot;
          /&gt;
        &lt;/div&gt;
        &lt;div&gt;
          Tooltip Contents!
        &lt;/div&gt;
      &lt;/div&gt;
    &lt;/div&gt;
  &lt;/div&gt;
  &lt;div&gt;
    &lt;div
      data-testid=&quot;backdrop&quot;
    /&gt;
    &lt;button
      aria-describedby=&quot;tooltip-2&quot;
      class=&quot;leafygreen-ui-cssveg&quot;
    &gt;
      trigger button
      &lt;div
        class=&quot;leafygreen-ui-wn831c&quot;
      /&gt;
      &lt;div
        class=&quot;leafygreen-ui-qwiflq&quot;
      &gt;
        &lt;div
          class=&quot;leafygreen-ui-10d84ei&quot;
          data-testid=&quot;tooltip-test-id&quot;
          id=&quot;tooltip-2&quot;
          role=&quot;tooltip&quot;
        &gt;
          &lt;div
            class=&quot;leafygreen-ui-1ohbl73&quot;
          &gt;
            &lt;div
              class=&quot;leafygreen-ui-9982vu&quot;
            /&gt;
          &lt;/div&gt;
          &lt;div&gt;
            Tooltip Contents!
          &lt;/div&gt;
        &lt;/div&gt;
      &lt;/div&gt;
    &lt;/button&gt;
  &lt;/div&gt;
  &lt;div&gt;
    &lt;div
      data-testid=&quot;backdrop&quot;
    /&gt;
    &lt;button
      aria-describedby=&quot;tooltip-3&quot;
      class=&quot;leafygreen-ui-cssveg&quot;
    &gt;
      trigger button
      &lt;div
        class=&quot;leafygreen-ui-wn831c&quot;
      /&gt;
    &lt;/button&gt;
  &lt;/div&gt;
  &lt;div
    class=&quot;test-classname&quot;
  &gt;
    &lt;div
      class=&quot;leafygreen-ui-1rp417r&quot;
    &gt;
      &lt;div
        class=&quot;leafygreen-ui-10d84ei&quot;
        data-testid=&quot;tooltip-test-id&quot;
        id=&quot;tooltip-3&quot;
        role=&quot;tooltip&quot;
      &gt;
        &lt;div
          class=&quot;leafygreen-ui-1ohbl73&quot;
        &gt;
          &lt;div
            class=&quot;leafygreen-ui-9982vu&quot;
          /&gt;
        &lt;/div&gt;
        &lt;div&gt;
          Tooltip Contents!
        &lt;/div&gt;
      &lt;/div&gt;
    &lt;/div&gt;
  &lt;/div&gt;
&lt;/body&gt;
    at getElementError (/Users/brookeyalof/Development/MongoDB/leafygreen-ui/packages/tooltip/node_modules/@testing-library/dom/dist/query-helpers.js:46:10)
    at getMultipleElementsFoundError (/Users/brookeyalof/Development/MongoDB/leafygreen-ui/packages/tooltip/node_modules/@testing-library/dom/dist/query-helpers.js:50:10)
    at getByText (/Users/brookeyalof/Development/MongoDB/leafygreen-ui/packages/tooltip/node_modules/@testing-library/dom/dist/query-helpers.js:86:13)
    at renderTooltip (/Users/brookeyalof/Development/MongoDB/leafygreen-ui/packages/tooltip/src/Tooltip.spec.tsx:44:24)
    at Object.&lt;anonymous&gt; (/Users/brookeyalof/Development/MongoDB/leafygreen-ui/packages/tooltip/src/Tooltip.spec.tsx:410:29)
    at Object.asyncJestTest (/Users/brookeyalof/Development/MongoDB/leafygreen-ui/node_modules/jest-jasmine2/build/jasmineAsyncInstall.js:100:37)
    at /Users/brookeyalof/Development/MongoDB/leafygreen-ui/node_modules/jest-jasmine2/build/queueRunner.js:47:12
    at new Promise (&lt;anonymous&gt;)
    at mapper (/Users/brookeyalof/Development/MongoDB/leafygreen-ui/node_modules/jest-jasmine2/build/queueRunner.js:30:19)
    at /Users/brookeyalof/Development/MongoDB/leafygreen-ui/node_modules/jest-jasmine2/build/queueRunner.js:77:41</failure>
    </testcase>
    <testcase classname="packages/tooltip does not allow specifying &quot;portalClassName&quot;, when &quot;usePortal&quot; is false" name="packages/tooltip does not allow specifying &quot;portalClassName&quot;, when &quot;usePortal&quot; is false" time="0.015">
      <failure>Error: Found multiple elements with the text: trigger button

(If this is intentional, then use the `*AllBy*` variant of the query (like `queryAllByText`, `getAllByText`, or `findAllByText`)).

&lt;body&gt;
  &lt;div&gt;
    &lt;div
      data-testid=&quot;backdrop&quot;
    /&gt;
    &lt;button
      aria-describedby=&quot;tooltip-9&quot;
      class=&quot;leafygreen-ui-cssveg&quot;
    &gt;
      trigger button
    &lt;/button&gt;
  &lt;/div&gt;
  &lt;div&gt;
    &lt;div
      data-testid=&quot;backdrop&quot;
    /&gt;
    &lt;button
      aria-describedby=&quot;tooltip-3&quot;
      class=&quot;leafygreen-ui-cssveg&quot;
    &gt;
      trigger button
    &lt;/button&gt;
  &lt;/div&gt;
  &lt;div&gt;
    &lt;div
      data-testid=&quot;backdrop&quot;
    /&gt;
    &lt;button
      aria-describedby=&quot;tooltip-0&quot;
      class=&quot;leafygreen-ui-cssveg&quot;
    &gt;
      trigger button
    &lt;/button&gt;
  &lt;/div&gt;
  &lt;div&gt;
    &lt;div
      data-testid=&quot;backdrop&quot;
    /&gt;
    &lt;button
      aria-describedby=&quot;tooltip-3&quot;
      class=&quot;leafygreen-ui-cssveg&quot;
    &gt;
      trigger button
    &lt;/button&gt;
  &lt;/div&gt;
  &lt;div&gt;
    &lt;div
      data-testid=&quot;backdrop&quot;
    /&gt;
    &lt;button
      aria-describedby=&quot;tooltip-6&quot;
      class=&quot;leafygreen-ui-cssveg&quot;
    &gt;
      trigger button
    &lt;/button&gt;
  &lt;/div&gt;
  &lt;div&gt;
    &lt;div
      data-testid=&quot;backdrop&quot;
    /&gt;
    &lt;button
      aria-describedby=&quot;tooltip-4&quot;
      class=&quot;leafygreen-ui-cssveg&quot;
    &gt;
      trigger button
    &lt;/button&gt;
  &lt;/div&gt;
  &lt;div&gt;
    &lt;div
      data-testid=&quot;backdrop&quot;
    /&gt;
    &lt;button
      aria-describedby=&quot;tooltip-1&quot;
      class=&quot;leafygreen-ui-cssveg&quot;
    &gt;
      trigger button
    &lt;/button&gt;
  &lt;/div&gt;
  &lt;div&gt;
    &lt;div
      data-testid=&quot;backdrop&quot;
    /&gt;
    &lt;button
      aria-describedby=&quot;tooltip-1&quot;
      class=&quot;leafygreen-ui-cssveg&quot;
    &gt;
      trigger button
    &lt;/button&gt;
  &lt;/div&gt;
  &lt;div&gt;
    &lt;div
      data-testid=&quot;backdrop&quot;
    /&gt;
    &lt;button
      aria-describedby=&quot;tooltip-9&quot;
      class=&quot;leafygreen-ui-cssveg&quot;
    &gt;
      trigger button
    &lt;/button&gt;
  &lt;/div&gt;
  &lt;div&gt;
    &lt;div
      data-testid=&quot;backdrop&quot;
    /&gt;
    &lt;button
      aria-describedby=&quot;tooltip-3&quot;
      class=&quot;leafygreen-ui-cssveg&quot;
    &gt;
      trigger button
    &lt;/button&gt;
  &lt;/div&gt;
  &lt;div&gt;
    &lt;div
      data-testid=&quot;backdrop&quot;
    /&gt;
    &lt;button
      aria-describedby=&quot;tooltip-7&quot;
      class=&quot;leafygreen-ui-cssveg&quot;
    &gt;
      trigger button
      &lt;div
        class=&quot;leafygreen-ui-wn831c&quot;
      /&gt;
    &lt;/button&gt;
  &lt;/div&gt;
  &lt;div&gt;
    &lt;div
      class=&quot;leafygreen-ui-1rp417r&quot;
    &gt;
      &lt;div
        class=&quot;leafygreen-ui-10d84ei&quot;
        data-testid=&quot;tooltip-test-id&quot;
        id=&quot;tooltip-7&quot;
        role=&quot;tooltip&quot;
      &gt;
        &lt;div
          class=&quot;leafygreen-ui-1ohbl73&quot;
        &gt;
          &lt;div
            class=&quot;leafygreen-ui-9982vu&quot;
          /&gt;
        &lt;/div&gt;
        &lt;div&gt;
          Tooltip Contents!
        &lt;/div&gt;
      &lt;/div&gt;
    &lt;/div&gt;
  &lt;/div&gt;
  &lt;div&gt;
    &lt;div
      data-testid=&quot;backdrop&quot;
    /&gt;
    &lt;button
      aria-describedby=&quot;tooltip-8&quot;
      class=&quot;leafygreen-ui-cssveg&quot;
    &gt;
      trigger button
      &lt;div
        class=&quot;leafygreen-ui-wn831c&quot;
      /&gt;
    &lt;/button&gt;
  &lt;/div&gt;
  &lt;div&gt;
    &lt;div
      class=&quot;leafygreen-ui-1rp417r&quot;
    &gt;
      &lt;div
        class=&quot;leafygreen-ui-10d84ei&quot;
        data-testid=&quot;tooltip-test-id&quot;
        id=&quot;tooltip-8&quot;
        role=&quot;tooltip&quot;
      &gt;
        &lt;div
          class=&quot;leafygreen-ui-1ohbl73&quot;
        &gt;
          &lt;div
            class=&quot;leafygreen-ui-9982vu&quot;
          /&gt;
        &lt;/div&gt;
        &lt;div&gt;
          Tooltip Contents!
        &lt;/div&gt;
      &lt;/div&gt;
    &lt;/div&gt;
  &lt;/div&gt;
  &lt;div&gt;
    &lt;div
      data-testid=&quot;backdrop&quot;
    /&gt;
    &lt;button
      aria-describedby=&quot;tooltip-2&quot;
      class=&quot;leafygreen-ui-cssveg&quot;
    &gt;
      trigger button
      &lt;div
        class=&quot;leafygreen-ui-wn831c&quot;
      /&gt;
    &lt;/button&gt;
  &lt;/div&gt;
  &lt;div&gt;
    &lt;div
      class=&quot;leafygreen-ui-1rp417r&quot;
    &gt;
      &lt;div
        class=&quot;leafygreen-ui-10d84ei&quot;
        data-testid=&quot;tooltip-test-id&quot;
        id=&quot;tooltip-2&quot;
        role=&quot;tooltip&quot;
      &gt;
        &lt;div
          class=&quot;leafygreen-ui-1ohbl73&quot;
        &gt;
          &lt;div
            class=&quot;leafygreen-ui-9982vu&quot;
          /&gt;
        &lt;/div&gt;
        &lt;div&gt;
          Tooltip Contents!
        &lt;/div&gt;
      &lt;/div&gt;
    &lt;/div&gt;
  &lt;/div&gt;
  &lt;div&gt;
    &lt;div
      data-testid=&quot;backdrop&quot;
    /&gt;
    &lt;button
      aria-describedby=&quot;tooltip-9&quot;
      class=&quot;leafygreen-ui-cssveg&quot;
      data-testid=&quot;class-controlled-trigger&quot;
    &gt;
      trigger 
    &lt;/button&gt;
  &lt;/div&gt;
  &lt;div&gt;
    &lt;div
      data-testid=&quot;backdrop&quot;
    /&gt;
    &lt;button
      aria-describedby=&quot;tooltip-0&quot;
      class=&quot;leafygreen-ui-cssveg&quot;
      data-testid=&quot;class-controlled-trigger&quot;
    &gt;
      trigger 
    &lt;/button&gt;
  &lt;/div&gt;
  &lt;div&gt;
    &lt;div
      data-testid=&quot;backdrop&quot;
    /&gt;
    &lt;button
      aria-describedby=&quot;tooltip-1&quot;
      class=&quot;leafygreen-ui-cssveg&quot;
      data-testid=&quot;inline-trigger&quot;
    &gt;
      trigger button
    &lt;/button&gt;
  &lt;/div&gt;
  &lt;div&gt;
    &lt;div
      data-testid=&quot;backdrop&quot;
    /&gt;
    &lt;button
      aria-describedby=&quot;tooltip-1&quot;
      class=&quot;leafygreen-ui-cssveg&quot;
      data-testid=&quot;inline-trigger&quot;
    &gt;
      trigger button
    &lt;/button&gt;
  &lt;/div&gt;
  &lt;div&gt;
    &lt;button
      aria-describedby=&quot;tooltip-7&quot;
      class=&quot;leafygreen-ui-cssveg&quot;
      data-testid=&quot;nested-trigger&quot;
    &gt;
      trigger 
      &lt;span&gt;
        trigger
      &lt;/span&gt;
    &lt;/button&gt;
  &lt;/div&gt;
  &lt;div&gt;
    &lt;div
      data-testid=&quot;backdrop&quot;
    /&gt;
    &lt;button
      aria-describedby=&quot;tooltip-3&quot;
      class=&quot;leafygreen-ui-cssveg&quot;
    &gt;
      trigger button
      &lt;div
        class=&quot;leafygreen-ui-wn831c&quot;
      /&gt;
    &lt;/button&gt;
  &lt;/div&gt;
  &lt;div&gt;
    &lt;div
      class=&quot;leafygreen-ui-1rp417r&quot;
    &gt;
      &lt;div
        class=&quot;leafygreen-ui-10d84ei&quot;
        data-testid=&quot;tooltip-test-id&quot;
        id=&quot;tooltip-3&quot;
        role=&quot;tooltip&quot;
      &gt;
        &lt;div
          class=&quot;leafygreen-ui-1ohbl73&quot;
        &gt;
          &lt;div
            class=&quot;leafygreen-ui-9982vu&quot;
          /&gt;
        &lt;/div&gt;
        &lt;div&gt;
          Tooltip Contents!
        &lt;/div&gt;
      &lt;/div&gt;
    &lt;/div&gt;
  &lt;/div&gt;
  &lt;div&gt;
    &lt;div
      data-testid=&quot;backdrop&quot;
    /&gt;
    &lt;button
      aria-describedby=&quot;tooltip-2&quot;
      class=&quot;leafygreen-ui-cssveg&quot;
    &gt;
      trigger button
      &lt;div
        class=&quot;leafygreen-ui-wn831c&quot;
      /&gt;
      &lt;div
        class=&quot;leafygreen-ui-qwiflq&quot;
      &gt;
        &lt;div
          class=&quot;leafygreen-ui-10d84ei&quot;
          data-testid=&quot;tooltip-test-id&quot;
          id=&quot;tooltip-2&quot;
          role=&quot;tooltip&quot;
        &gt;
          &lt;div
            class=&quot;leafygreen-ui-1ohbl73&quot;
          &gt;
            &lt;div
              class=&quot;leafygreen-ui-9982vu&quot;
            /&gt;
          &lt;/div&gt;
          &lt;div&gt;
            Tooltip Contents!
          &lt;/div&gt;
        &lt;/div&gt;
      &lt;/div&gt;
    &lt;/button&gt;
  &lt;/div&gt;
  &lt;div&gt;
    &lt;div
      data-testid=&quot;backdrop&quot;
    /&gt;
    &lt;button
      aria-describedby=&quot;tooltip-3&quot;
      class=&quot;leafygreen-ui-cssveg&quot;
    &gt;
      trigger button
      &lt;div
        class=&quot;leafygreen-ui-wn831c&quot;
      /&gt;
    &lt;/button&gt;
  &lt;/div&gt;
  &lt;div
    class=&quot;test-classname&quot;
  &gt;
    &lt;div
      class=&quot;leafygreen-ui-1rp417r&quot;
    &gt;
      &lt;div
        class=&quot;leafygreen-ui-10d84ei&quot;
        data-testid=&quot;tooltip-test-id&quot;
        id=&quot;tooltip-3&quot;
        role=&quot;tooltip&quot;
      &gt;
        &lt;div
          class=&quot;leafygreen-ui-1ohbl73&quot;
        &gt;
          &lt;div
            class=&quot;leafygreen-ui-9982vu&quot;
          /&gt;
        &lt;/div&gt;
        &lt;div&gt;
          Tooltip Contents!
        &lt;/div&gt;
      &lt;/div&gt;
    &lt;/div&gt;
  &lt;/div&gt;
  &lt;div&gt;
    &lt;div
      data-testid=&quot;backdrop&quot;
    /&gt;
    &lt;button
      aria-describedby=&quot;tooltip-6&quot;
      class=&quot;leafygreen-ui-cssveg&quot;
    &gt;
      trigger button
      &lt;div
        class=&quot;leafygreen-ui-wn831c&quot;
      /&gt;
      &lt;div
        class=&quot;leafygreen-ui-qwiflq&quot;
      &gt;
        &lt;div
          class=&quot;leafygreen-ui-10d84ei&quot;
          data-testid=&quot;tooltip-test-id&quot;
          id=&quot;tooltip-6&quot;
          role=&quot;tooltip&quot;
        &gt;
          &lt;div
            class=&quot;leafygreen-ui-1ohbl73&quot;
          &gt;
            &lt;div
              class=&quot;leafygreen-ui-9982vu&quot;
            /&gt;
          &lt;/div&gt;
          &lt;div&gt;
            Tooltip Contents!
          &lt;/div&gt;
        &lt;/div&gt;
      &lt;/div&gt;
    &lt;/button&gt;
  &lt;/div&gt;
&lt;/body&gt;
    at getElementError (/Users/brookeyalof/Development/MongoDB/leafygreen-ui/packages/tooltip/node_modules/@testing-library/dom/dist/query-helpers.js:46:10)
    at getMultipleElementsFoundError (/Users/brookeyalof/Development/MongoDB/leafygreen-ui/packages/tooltip/node_modules/@testing-library/dom/dist/query-helpers.js:50:10)
    at getByText (/Users/brookeyalof/Development/MongoDB/leafygreen-ui/packages/tooltip/node_modules/@testing-library/dom/dist/query-helpers.js:86:13)
    at renderTooltip (/Users/brookeyalof/Development/MongoDB/leafygreen-ui/packages/tooltip/src/Tooltip.spec.tsx:44:24)
    at Object.&lt;anonymous&gt; (/Users/brookeyalof/Development/MongoDB/leafygreen-ui/packages/tooltip/src/Tooltip.spec.tsx:423:5)
    at Object.asyncJestTest (/Users/brookeyalof/Development/MongoDB/leafygreen-ui/node_modules/jest-jasmine2/build/jasmineAsyncInstall.js:100:37)
    at /Users/brookeyalof/Development/MongoDB/leafygreen-ui/node_modules/jest-jasmine2/build/queueRunner.js:47:12
    at new Promise (&lt;anonymous&gt;)
    at mapper (/Users/brookeyalof/Development/MongoDB/leafygreen-ui/node_modules/jest-jasmine2/build/queueRunner.js:30:19)
    at /Users/brookeyalof/Development/MongoDB/leafygreen-ui/node_modules/jest-jasmine2/build/queueRunner.js:77:41</failure>
    </testcase>
  </testsuite>
  <testsuite name="packages/mongo-nav/src/org-nav" errors="0" failures="0" skipped="0" timestamp="2020-07-29T17:05:03" time="3.28" tests="104">
    <testcase classname="packages/mongo-nav/src/org-nav when rendered with default props does not display the payment status badge" name="packages/mongo-nav/src/org-nav when rendered with default props does not display the payment status badge" time="0.102">
    </testcase>
    <testcase classname="packages/mongo-nav/src/org-nav when rendered with default props does not display the version" name="packages/mongo-nav/src/org-nav when rendered with default props does not display the version" time="0.016">
    </testcase>
    <testcase classname="packages/mongo-nav/src/org-nav when rendered with default props displays the UserMenu and does not display the onPrem User Menu" name="packages/mongo-nav/src/org-nav when rendered with default props displays the UserMenu and does not display the onPrem User Menu" time="0.126">
    </testcase>
    <testcase classname="packages/mongo-nav/src/org-nav when rendered with default props displays the Support nav" name="packages/mongo-nav/src/org-nav when rendered with default props displays the Support nav" time="0.034">
    </testcase>
    <testcase classname="packages/mongo-nav/src/org-nav when rendered with default props displays the Billing nav" name="packages/mongo-nav/src/org-nav when rendered with default props displays the Billing nav" time="0.032">
    </testcase>
    <testcase classname="packages/mongo-nav/src/org-nav when rendered with default props displays the All Clusters nav" name="packages/mongo-nav/src/org-nav when rendered with default props displays the All Clusters nav" time="0.035">
    </testcase>
    <testcase classname="packages/mongo-nav/src/org-nav when rendered with default props does not display the Admin nav" name="packages/mongo-nav/src/org-nav when rendered with default props does not display the Admin nav" time="0.016">
    </testcase>
    <testcase classname="packages/mongo-nav/src/org-nav when rendered with default props it does not render the FedRAMP banner" name="packages/mongo-nav/src/org-nav when rendered with default props it does not render the FedRAMP banner" time="0.016">
    </testcase>
    <testcase classname="packages/mongo-nav/src/org-nav when rendered as an admin without an active preferences nav displays the payment status badge" name="packages/mongo-nav/src/org-nav when rendered as an admin without an active preferences nav displays the payment status badge" time="0.036">
    </testcase>
    <testcase classname="packages/mongo-nav/src/org-nav when rendered as an admin without an active preferences nav displays the Support nav" name="packages/mongo-nav/src/org-nav when rendered as an admin without an active preferences nav displays the Support nav" time="0.032">
    </testcase>
    <testcase classname="packages/mongo-nav/src/org-nav when rendered as an admin without an active preferences nav displays the Billing nav" name="packages/mongo-nav/src/org-nav when rendered as an admin without an active preferences nav displays the Billing nav" time="0.033">
    </testcase>
    <testcase classname="packages/mongo-nav/src/org-nav when rendered as an admin without an active preferences nav displays the All Clusters nav" name="packages/mongo-nav/src/org-nav when rendered as an admin without an active preferences nav displays the All Clusters nav" time="0.035">
    </testcase>
    <testcase classname="packages/mongo-nav/src/org-nav when rendered as an admin without an active preferences nav displays the Admin nav" name="packages/mongo-nav/src/org-nav when rendered as an admin without an active preferences nav displays the Admin nav" time="0.036">
    </testcase>
    <testcase classname="packages/mongo-nav/src/org-nav when rendered as an admin with an active preferences nav when the element userMenuCloudInvitations is active does not display the payment status badge" name="packages/mongo-nav/src/org-nav when rendered as an admin with an active preferences nav when the element userMenuCloudInvitations is active does not display the payment status badge" time="0.017">
    </testcase>
    <testcase classname="packages/mongo-nav/src/org-nav when rendered as an admin with an active preferences nav when the element userMenuCloudInvitations is active does not display the version" name="packages/mongo-nav/src/org-nav when rendered as an admin with an active preferences nav when the element userMenuCloudInvitations is active does not display the version" time="0.012">
    </testcase>
    <testcase classname="packages/mongo-nav/src/org-nav when rendered as an admin with an active preferences nav when the element userMenuCloudInvitations is active does not display the Support nav" name="packages/mongo-nav/src/org-nav when rendered as an admin with an active preferences nav when the element userMenuCloudInvitations is active does not display the Support nav" time="0.012">
    </testcase>
    <testcase classname="packages/mongo-nav/src/org-nav when rendered as an admin with an active preferences nav when the element userMenuCloudInvitations is active does not display the Billing nav" name="packages/mongo-nav/src/org-nav when rendered as an admin with an active preferences nav when the element userMenuCloudInvitations is active does not display the Billing nav" time="0.011">
    </testcase>
    <testcase classname="packages/mongo-nav/src/org-nav when rendered as an admin with an active preferences nav when the element userMenuCloudInvitations is active displays the All Clusters nav" name="packages/mongo-nav/src/org-nav when rendered as an admin with an active preferences nav when the element userMenuCloudInvitations is active displays the All Clusters nav" time="0.038">
    </testcase>
    <testcase classname="packages/mongo-nav/src/org-nav when rendered as an admin with an active preferences nav when the element userMenuCloudInvitations is active displays the Admin nav" name="packages/mongo-nav/src/org-nav when rendered as an admin with an active preferences nav when the element userMenuCloudInvitations is active displays the Admin nav" time="0.034">
    </testcase>
    <testcase classname="packages/mongo-nav/src/org-nav when rendered as an admin with an active preferences nav when the element userMenuCloudMFA is active does not display the payment status badge" name="packages/mongo-nav/src/org-nav when rendered as an admin with an active preferences nav when the element userMenuCloudMFA is active does not display the payment status badge" time="0.012">
    </testcase>
    <testcase classname="packages/mongo-nav/src/org-nav when rendered as an admin with an active preferences nav when the element userMenuCloudMFA is active does not display the version" name="packages/mongo-nav/src/org-nav when rendered as an admin with an active preferences nav when the element userMenuCloudMFA is active does not display the version" time="0.01">
    </testcase>
    <testcase classname="packages/mongo-nav/src/org-nav when rendered as an admin with an active preferences nav when the element userMenuCloudMFA is active does not display the Support nav" name="packages/mongo-nav/src/org-nav when rendered as an admin with an active preferences nav when the element userMenuCloudMFA is active does not display the Support nav" time="0.01">
    </testcase>
    <testcase classname="packages/mongo-nav/src/org-nav when rendered as an admin with an active preferences nav when the element userMenuCloudMFA is active does not display the Billing nav" name="packages/mongo-nav/src/org-nav when rendered as an admin with an active preferences nav when the element userMenuCloudMFA is active does not display the Billing nav" time="0.01">
    </testcase>
    <testcase classname="packages/mongo-nav/src/org-nav when rendered as an admin with an active preferences nav when the element userMenuCloudMFA is active displays the All Clusters nav" name="packages/mongo-nav/src/org-nav when rendered as an admin with an active preferences nav when the element userMenuCloudMFA is active displays the All Clusters nav" time="0.034">
    </testcase>
    <testcase classname="packages/mongo-nav/src/org-nav when rendered as an admin with an active preferences nav when the element userMenuCloudMFA is active displays the Admin nav" name="packages/mongo-nav/src/org-nav when rendered as an admin with an active preferences nav when the element userMenuCloudMFA is active displays the Admin nav" time="0.032">
    </testcase>
    <testcase classname="packages/mongo-nav/src/org-nav when rendered as an admin with an active preferences nav when the element userMenuCloudOrganizations is active does not display the payment status badge" name="packages/mongo-nav/src/org-nav when rendered as an admin with an active preferences nav when the element userMenuCloudOrganizations is active does not display the payment status badge" time="0.011">
    </testcase>
    <testcase classname="packages/mongo-nav/src/org-nav when rendered as an admin with an active preferences nav when the element userMenuCloudOrganizations is active does not display the version" name="packages/mongo-nav/src/org-nav when rendered as an admin with an active preferences nav when the element userMenuCloudOrganizations is active does not display the version" time="0.011">
    </testcase>
    <testcase classname="packages/mongo-nav/src/org-nav when rendered as an admin with an active preferences nav when the element userMenuCloudOrganizations is active does not display the Support nav" name="packages/mongo-nav/src/org-nav when rendered as an admin with an active preferences nav when the element userMenuCloudOrganizations is active does not display the Support nav" time="0.009">
    </testcase>
    <testcase classname="packages/mongo-nav/src/org-nav when rendered as an admin with an active preferences nav when the element userMenuCloudOrganizations is active does not display the Billing nav" name="packages/mongo-nav/src/org-nav when rendered as an admin with an active preferences nav when the element userMenuCloudOrganizations is active does not display the Billing nav" time="0.01">
    </testcase>
    <testcase classname="packages/mongo-nav/src/org-nav when rendered as an admin with an active preferences nav when the element userMenuCloudOrganizations is active displays the All Clusters nav" name="packages/mongo-nav/src/org-nav when rendered as an admin with an active preferences nav when the element userMenuCloudOrganizations is active displays the All Clusters nav" time="0.03">
    </testcase>
    <testcase classname="packages/mongo-nav/src/org-nav when rendered as an admin with an active preferences nav when the element userMenuCloudOrganizations is active displays the Admin nav" name="packages/mongo-nav/src/org-nav when rendered as an admin with an active preferences nav when the element userMenuCloudOrganizations is active displays the Admin nav" time="0.029">
    </testcase>
    <testcase classname="packages/mongo-nav/src/org-nav when rendered as an admin with an active preferences nav when the element userMenuCloudOther is active does not display the payment status badge" name="packages/mongo-nav/src/org-nav when rendered as an admin with an active preferences nav when the element userMenuCloudOther is active does not display the payment status badge" time="0.011">
    </testcase>
    <testcase classname="packages/mongo-nav/src/org-nav when rendered as an admin with an active preferences nav when the element userMenuCloudOther is active does not display the version" name="packages/mongo-nav/src/org-nav when rendered as an admin with an active preferences nav when the element userMenuCloudOther is active does not display the version" time="0.009">
    </testcase>
    <testcase classname="packages/mongo-nav/src/org-nav when rendered as an admin with an active preferences nav when the element userMenuCloudOther is active does not display the Support nav" name="packages/mongo-nav/src/org-nav when rendered as an admin with an active preferences nav when the element userMenuCloudOther is active does not display the Support nav" time="0.01">
    </testcase>
    <testcase classname="packages/mongo-nav/src/org-nav when rendered as an admin with an active preferences nav when the element userMenuCloudOther is active does not display the Billing nav" name="packages/mongo-nav/src/org-nav when rendered as an admin with an active preferences nav when the element userMenuCloudOther is active does not display the Billing nav" time="0.01">
    </testcase>
    <testcase classname="packages/mongo-nav/src/org-nav when rendered as an admin with an active preferences nav when the element userMenuCloudOther is active displays the All Clusters nav" name="packages/mongo-nav/src/org-nav when rendered as an admin with an active preferences nav when the element userMenuCloudOther is active displays the All Clusters nav" time="0.03">
    </testcase>
    <testcase classname="packages/mongo-nav/src/org-nav when rendered as an admin with an active preferences nav when the element userMenuCloudOther is active displays the Admin nav" name="packages/mongo-nav/src/org-nav when rendered as an admin with an active preferences nav when the element userMenuCloudOther is active displays the Admin nav" time="0.03">
    </testcase>
    <testcase classname="packages/mongo-nav/src/org-nav when rendered as an admin with an active preferences nav when the element userMenuCloudUserPreferences is active does not display the payment status badge" name="packages/mongo-nav/src/org-nav when rendered as an admin with an active preferences nav when the element userMenuCloudUserPreferences is active does not display the payment status badge" time="0.009">
    </testcase>
    <testcase classname="packages/mongo-nav/src/org-nav when rendered as an admin with an active preferences nav when the element userMenuCloudUserPreferences is active does not display the version" name="packages/mongo-nav/src/org-nav when rendered as an admin with an active preferences nav when the element userMenuCloudUserPreferences is active does not display the version" time="0.011">
    </testcase>
    <testcase classname="packages/mongo-nav/src/org-nav when rendered as an admin with an active preferences nav when the element userMenuCloudUserPreferences is active does not display the Support nav" name="packages/mongo-nav/src/org-nav when rendered as an admin with an active preferences nav when the element userMenuCloudUserPreferences is active does not display the Support nav" time="0.012">
    </testcase>
    <testcase classname="packages/mongo-nav/src/org-nav when rendered as an admin with an active preferences nav when the element userMenuCloudUserPreferences is active does not display the Billing nav" name="packages/mongo-nav/src/org-nav when rendered as an admin with an active preferences nav when the element userMenuCloudUserPreferences is active does not display the Billing nav" time="0.012">
    </testcase>
    <testcase classname="packages/mongo-nav/src/org-nav when rendered as an admin with an active preferences nav when the element userMenuCloudUserPreferences is active displays the All Clusters nav" name="packages/mongo-nav/src/org-nav when rendered as an admin with an active preferences nav when the element userMenuCloudUserPreferences is active displays the All Clusters nav" time="0.029">
    </testcase>
    <testcase classname="packages/mongo-nav/src/org-nav when rendered as an admin with an active preferences nav when the element userMenuCloudUserPreferences is active displays the Admin nav" name="packages/mongo-nav/src/org-nav when rendered as an admin with an active preferences nav when the element userMenuCloudUserPreferences is active displays the Admin nav" time="0.032">
    </testcase>
    <testcase classname="packages/mongo-nav/src/org-nav when rendered without project nav shows project access as disabled" name="packages/mongo-nav/src/org-nav when rendered without project nav shows project access as disabled" time="0.057">
    </testcase>
    <testcase classname="packages/mongo-nav/src/org-nav when rendered onPrem does not display the payment status badge" name="packages/mongo-nav/src/org-nav when rendered onPrem does not display the payment status badge" time="0.02">
    </testcase>
    <testcase classname="packages/mongo-nav/src/org-nav when rendered onPrem displays the version" name="packages/mongo-nav/src/org-nav when rendered onPrem displays the version" time="0.038">
    </testcase>
    <testcase classname="packages/mongo-nav/src/org-nav when rendered onPrem does not display the UserMenu and displays the onPrem User Menu" name="packages/mongo-nav/src/org-nav when rendered onPrem does not display the UserMenu and displays the onPrem User Menu" time="0.047">
    </testcase>
    <testcase classname="packages/mongo-nav/src/org-nav when rendered onPrem does not display the MFA option" name="packages/mongo-nav/src/org-nav when rendered onPrem does not display the MFA option" time="0.053">
    </testcase>
    <testcase classname="packages/mongo-nav/src/org-nav when rendered onPrem displays the Support nav" name="packages/mongo-nav/src/org-nav when rendered onPrem displays the Support nav" time="0.035">
    </testcase>
    <testcase classname="packages/mongo-nav/src/org-nav when rendered onPrem does not display the Billing nav" name="packages/mongo-nav/src/org-nav when rendered onPrem does not display the Billing nav" time="0.014">
    </testcase>
    <testcase classname="packages/mongo-nav/src/org-nav when rendered onPrem displays the All Clusters nav" name="packages/mongo-nav/src/org-nav when rendered onPrem displays the All Clusters nav" time="0.037">
    </testcase>
    <testcase classname="packages/mongo-nav/src/org-nav when rendered onPrem does not display the Admin nav" name="packages/mongo-nav/src/org-nav when rendered onPrem does not display the Admin nav" time="0.013">
    </testcase>
    <testcase classname="packages/mongo-nav/src/org-nav when rendered onPrem and onPremMFA is true displays the MFA option" name="packages/mongo-nav/src/org-nav when rendered onPrem and onPremMFA is true displays the MFA option" time="0.044">
    </testcase>
    <testcase classname="packages/mongo-nav/src/org-nav when rendered onPrem and admin is set to true displays the Support nav" name="packages/mongo-nav/src/org-nav when rendered onPrem and admin is set to true displays the Support nav" time="0.039">
    </testcase>
    <testcase classname="packages/mongo-nav/src/org-nav when rendered onPrem and admin is set to true does not display the Billing nav" name="packages/mongo-nav/src/org-nav when rendered onPrem and admin is set to true does not display the Billing nav" time="0.015">
    </testcase>
    <testcase classname="packages/mongo-nav/src/org-nav when rendered onPrem and admin is set to true displays the All Clusters nav" name="packages/mongo-nav/src/org-nav when rendered onPrem and admin is set to true displays the All Clusters nav" time="0.042">
    </testcase>
    <testcase classname="packages/mongo-nav/src/org-nav when rendered onPrem and admin is set to true displays the Admin nav" name="packages/mongo-nav/src/org-nav when rendered onPrem and admin is set to true displays the Admin nav" time="0.043">
    </testcase>
    <testcase classname="packages/mongo-nav/src/org-nav when rendered as an ops manager admin with an active account nav when the element userMenuOnPremInvitations is active does not display the payment status badge" name="packages/mongo-nav/src/org-nav when rendered as an ops manager admin with an active account nav when the element userMenuOnPremInvitations is active does not display the payment status badge" time="0.012">
    </testcase>
    <testcase classname="packages/mongo-nav/src/org-nav when rendered as an ops manager admin with an active account nav when the element userMenuOnPremInvitations is active displays the version" name="packages/mongo-nav/src/org-nav when rendered as an ops manager admin with an active account nav when the element userMenuOnPremInvitations is active displays the version" time="0.046">
    </testcase>
    <testcase classname="packages/mongo-nav/src/org-nav when rendered as an ops manager admin with an active account nav when the element userMenuOnPremInvitations is active does not display the Support nav" name="packages/mongo-nav/src/org-nav when rendered as an ops manager admin with an active account nav when the element userMenuOnPremInvitations is active does not display the Support nav" time="0.01">
    </testcase>
    <testcase classname="packages/mongo-nav/src/org-nav when rendered as an ops manager admin with an active account nav when the element userMenuOnPremInvitations is active does not display the Billing nav" name="packages/mongo-nav/src/org-nav when rendered as an ops manager admin with an active account nav when the element userMenuOnPremInvitations is active does not display the Billing nav" time="0.01">
    </testcase>
    <testcase classname="packages/mongo-nav/src/org-nav when rendered as an ops manager admin with an active account nav when the element userMenuOnPremInvitations is active displays the All Clusters nav" name="packages/mongo-nav/src/org-nav when rendered as an ops manager admin with an active account nav when the element userMenuOnPremInvitations is active displays the All Clusters nav" time="0.037">
    </testcase>
    <testcase classname="packages/mongo-nav/src/org-nav when rendered as an ops manager admin with an active account nav when the element userMenuOnPremInvitations is active displays the Admin nav" name="packages/mongo-nav/src/org-nav when rendered as an ops manager admin with an active account nav when the element userMenuOnPremInvitations is active displays the Admin nav" time="0.038">
    </testcase>
    <testcase classname="packages/mongo-nav/src/org-nav when rendered as an ops manager admin with an active account nav when the element userMenuOnPremOrganizations is active does not display the payment status badge" name="packages/mongo-nav/src/org-nav when rendered as an ops manager admin with an active account nav when the element userMenuOnPremOrganizations is active does not display the payment status badge" time="0.01">
    </testcase>
    <testcase classname="packages/mongo-nav/src/org-nav when rendered as an ops manager admin with an active account nav when the element userMenuOnPremOrganizations is active displays the version" name="packages/mongo-nav/src/org-nav when rendered as an ops manager admin with an active account nav when the element userMenuOnPremOrganizations is active displays the version" time="0.035">
    </testcase>
    <testcase classname="packages/mongo-nav/src/org-nav when rendered as an ops manager admin with an active account nav when the element userMenuOnPremOrganizations is active does not display the Support nav" name="packages/mongo-nav/src/org-nav when rendered as an ops manager admin with an active account nav when the element userMenuOnPremOrganizations is active does not display the Support nav" time="0.01">
    </testcase>
    <testcase classname="packages/mongo-nav/src/org-nav when rendered as an ops manager admin with an active account nav when the element userMenuOnPremOrganizations is active does not display the Billing nav" name="packages/mongo-nav/src/org-nav when rendered as an ops manager admin with an active account nav when the element userMenuOnPremOrganizations is active does not display the Billing nav" time="0.013">
    </testcase>
    <testcase classname="packages/mongo-nav/src/org-nav when rendered as an ops manager admin with an active account nav when the element userMenuOnPremOrganizations is active displays the All Clusters nav" name="packages/mongo-nav/src/org-nav when rendered as an ops manager admin with an active account nav when the element userMenuOnPremOrganizations is active displays the All Clusters nav" time="0.036">
    </testcase>
    <testcase classname="packages/mongo-nav/src/org-nav when rendered as an ops manager admin with an active account nav when the element userMenuOnPremOrganizations is active displays the Admin nav" name="packages/mongo-nav/src/org-nav when rendered as an ops manager admin with an active account nav when the element userMenuOnPremOrganizations is active displays the Admin nav" time="0.037">
    </testcase>
    <testcase classname="packages/mongo-nav/src/org-nav when rendered as an ops manager admin with an active account nav when the element userMenuOnPremOther is active does not display the payment status badge" name="packages/mongo-nav/src/org-nav when rendered as an ops manager admin with an active account nav when the element userMenuOnPremOther is active does not display the payment status badge" time="0.012">
    </testcase>
    <testcase classname="packages/mongo-nav/src/org-nav when rendered as an ops manager admin with an active account nav when the element userMenuOnPremOther is active displays the version" name="packages/mongo-nav/src/org-nav when rendered as an ops manager admin with an active account nav when the element userMenuOnPremOther is active displays the version" time="0.032">
    </testcase>
    <testcase classname="packages/mongo-nav/src/org-nav when rendered as an ops manager admin with an active account nav when the element userMenuOnPremOther is active does not display the Support nav" name="packages/mongo-nav/src/org-nav when rendered as an ops manager admin with an active account nav when the element userMenuOnPremOther is active does not display the Support nav" time="0.009">
    </testcase>
    <testcase classname="packages/mongo-nav/src/org-nav when rendered as an ops manager admin with an active account nav when the element userMenuOnPremOther is active does not display the Billing nav" name="packages/mongo-nav/src/org-nav when rendered as an ops manager admin with an active account nav when the element userMenuOnPremOther is active does not display the Billing nav" time="0.009">
    </testcase>
    <testcase classname="packages/mongo-nav/src/org-nav when rendered as an ops manager admin with an active account nav when the element userMenuOnPremOther is active displays the All Clusters nav" name="packages/mongo-nav/src/org-nav when rendered as an ops manager admin with an active account nav when the element userMenuOnPremOther is active displays the All Clusters nav" time="0.032">
    </testcase>
    <testcase classname="packages/mongo-nav/src/org-nav when rendered as an ops manager admin with an active account nav when the element userMenuOnPremOther is active displays the Admin nav" name="packages/mongo-nav/src/org-nav when rendered as an ops manager admin with an active account nav when the element userMenuOnPremOther is active displays the Admin nav" time="0.031">
    </testcase>
    <testcase classname="packages/mongo-nav/src/org-nav when rendered as an ops manager admin with an active account nav when the element userMenuOnPremPersonalization is active does not display the payment status badge" name="packages/mongo-nav/src/org-nav when rendered as an ops manager admin with an active account nav when the element userMenuOnPremPersonalization is active does not display the payment status badge" time="0.013">
    </testcase>
    <testcase classname="packages/mongo-nav/src/org-nav when rendered as an ops manager admin with an active account nav when the element userMenuOnPremPersonalization is active displays the version" name="packages/mongo-nav/src/org-nav when rendered as an ops manager admin with an active account nav when the element userMenuOnPremPersonalization is active displays the version" time="0.03">
    </testcase>
    <testcase classname="packages/mongo-nav/src/org-nav when rendered as an ops manager admin with an active account nav when the element userMenuOnPremPersonalization is active does not display the Support nav" name="packages/mongo-nav/src/org-nav when rendered as an ops manager admin with an active account nav when the element userMenuOnPremPersonalization is active does not display the Support nav" time="0.008">
    </testcase>
    <testcase classname="packages/mongo-nav/src/org-nav when rendered as an ops manager admin with an active account nav when the element userMenuOnPremPersonalization is active does not display the Billing nav" name="packages/mongo-nav/src/org-nav when rendered as an ops manager admin with an active account nav when the element userMenuOnPremPersonalization is active does not display the Billing nav" time="0.009">
    </testcase>
    <testcase classname="packages/mongo-nav/src/org-nav when rendered as an ops manager admin with an active account nav when the element userMenuOnPremPersonalization is active displays the All Clusters nav" name="packages/mongo-nav/src/org-nav when rendered as an ops manager admin with an active account nav when the element userMenuOnPremPersonalization is active displays the All Clusters nav" time="0.032">
    </testcase>
    <testcase classname="packages/mongo-nav/src/org-nav when rendered as an ops manager admin with an active account nav when the element userMenuOnPremPersonalization is active displays the Admin nav" name="packages/mongo-nav/src/org-nav when rendered as an ops manager admin with an active account nav when the element userMenuOnPremPersonalization is active displays the Admin nav" time="0.03">
    </testcase>
    <testcase classname="packages/mongo-nav/src/org-nav when rendered as an ops manager admin with an active account nav when the element userMenuOnPremProfile is active does not display the payment status badge" name="packages/mongo-nav/src/org-nav when rendered as an ops manager admin with an active account nav when the element userMenuOnPremProfile is active does not display the payment status badge" time="0.008">
    </testcase>
    <testcase classname="packages/mongo-nav/src/org-nav when rendered as an ops manager admin with an active account nav when the element userMenuOnPremProfile is active displays the version" name="packages/mongo-nav/src/org-nav when rendered as an ops manager admin with an active account nav when the element userMenuOnPremProfile is active displays the version" time="0.03">
    </testcase>
    <testcase classname="packages/mongo-nav/src/org-nav when rendered as an ops manager admin with an active account nav when the element userMenuOnPremProfile is active does not display the Support nav" name="packages/mongo-nav/src/org-nav when rendered as an ops manager admin with an active account nav when the element userMenuOnPremProfile is active does not display the Support nav" time="0.01">
    </testcase>
    <testcase classname="packages/mongo-nav/src/org-nav when rendered as an ops manager admin with an active account nav when the element userMenuOnPremProfile is active does not display the Billing nav" name="packages/mongo-nav/src/org-nav when rendered as an ops manager admin with an active account nav when the element userMenuOnPremProfile is active does not display the Billing nav" time="0.011">
    </testcase>
    <testcase classname="packages/mongo-nav/src/org-nav when rendered as an ops manager admin with an active account nav when the element userMenuOnPremProfile is active displays the All Clusters nav" name="packages/mongo-nav/src/org-nav when rendered as an ops manager admin with an active account nav when the element userMenuOnPremProfile is active displays the All Clusters nav" time="0.032">
    </testcase>
    <testcase classname="packages/mongo-nav/src/org-nav when rendered as an ops manager admin with an active account nav when the element userMenuOnPremProfile is active displays the Admin nav" name="packages/mongo-nav/src/org-nav when rendered as an ops manager admin with an active account nav when the element userMenuOnPremProfile is active displays the Admin nav" time="0.032">
    </testcase>
    <testcase classname="packages/mongo-nav/src/org-nav when rendered as an ops manager admin with an active account nav when the element userMenuOnPremPublicApiAccess is active does not display the payment status badge" name="packages/mongo-nav/src/org-nav when rendered as an ops manager admin with an active account nav when the element userMenuOnPremPublicApiAccess is active does not display the payment status badge" time="0.011">
    </testcase>
    <testcase classname="packages/mongo-nav/src/org-nav when rendered as an ops manager admin with an active account nav when the element userMenuOnPremPublicApiAccess is active displays the version" name="packages/mongo-nav/src/org-nav when rendered as an ops manager admin with an active account nav when the element userMenuOnPremPublicApiAccess is active displays the version" time="0.035">
    </testcase>
    <testcase classname="packages/mongo-nav/src/org-nav when rendered as an ops manager admin with an active account nav when the element userMenuOnPremPublicApiAccess is active does not display the Support nav" name="packages/mongo-nav/src/org-nav when rendered as an ops manager admin with an active account nav when the element userMenuOnPremPublicApiAccess is active does not display the Support nav" time="0.009">
    </testcase>
    <testcase classname="packages/mongo-nav/src/org-nav when rendered as an ops manager admin with an active account nav when the element userMenuOnPremPublicApiAccess is active does not display the Billing nav" name="packages/mongo-nav/src/org-nav when rendered as an ops manager admin with an active account nav when the element userMenuOnPremPublicApiAccess is active does not display the Billing nav" time="0.009">
    </testcase>
    <testcase classname="packages/mongo-nav/src/org-nav when rendered as an ops manager admin with an active account nav when the element userMenuOnPremPublicApiAccess is active displays the All Clusters nav" name="packages/mongo-nav/src/org-nav when rendered as an ops manager admin with an active account nav when the element userMenuOnPremPublicApiAccess is active displays the All Clusters nav" time="0.033">
    </testcase>
    <testcase classname="packages/mongo-nav/src/org-nav when rendered as an ops manager admin with an active account nav when the element userMenuOnPremPublicApiAccess is active displays the Admin nav" name="packages/mongo-nav/src/org-nav when rendered as an ops manager admin with an active account nav when the element userMenuOnPremPublicApiAccess is active displays the Admin nav" time="0.036">
    </testcase>
    <testcase classname="packages/mongo-nav/src/org-nav when rendered as an ops manager admin with an active account nav when the element userMenuOnPremTwoFactorAuth is active does not display the payment status badge" name="packages/mongo-nav/src/org-nav when rendered as an ops manager admin with an active account nav when the element userMenuOnPremTwoFactorAuth is active does not display the payment status badge" time="0.011">
    </testcase>
    <testcase classname="packages/mongo-nav/src/org-nav when rendered as an ops manager admin with an active account nav when the element userMenuOnPremTwoFactorAuth is active displays the version" name="packages/mongo-nav/src/org-nav when rendered as an ops manager admin with an active account nav when the element userMenuOnPremTwoFactorAuth is active displays the version" time="0.037">
    </testcase>
    <testcase classname="packages/mongo-nav/src/org-nav when rendered as an ops manager admin with an active account nav when the element userMenuOnPremTwoFactorAuth is active does not display the Support nav" name="packages/mongo-nav/src/org-nav when rendered as an ops manager admin with an active account nav when the element userMenuOnPremTwoFactorAuth is active does not display the Support nav" time="0.009">
    </testcase>
    <testcase classname="packages/mongo-nav/src/org-nav when rendered as an ops manager admin with an active account nav when the element userMenuOnPremTwoFactorAuth is active does not display the Billing nav" name="packages/mongo-nav/src/org-nav when rendered as an ops manager admin with an active account nav when the element userMenuOnPremTwoFactorAuth is active does not display the Billing nav" time="0.013">
    </testcase>
    <testcase classname="packages/mongo-nav/src/org-nav when rendered as an ops manager admin with an active account nav when the element userMenuOnPremTwoFactorAuth is active displays the All Clusters nav" name="packages/mongo-nav/src/org-nav when rendered as an ops manager admin with an active account nav when the element userMenuOnPremTwoFactorAuth is active displays the All Clusters nav" time="0.035">
    </testcase>
    <testcase classname="packages/mongo-nav/src/org-nav when rendered as an ops manager admin with an active account nav when the element userMenuOnPremTwoFactorAuth is active displays the Admin nav" name="packages/mongo-nav/src/org-nav when rendered as an ops manager admin with an active account nav when the element userMenuOnPremTwoFactorAuth is active displays the Admin nav" time="0.034">
    </testcase>
    <testcase classname="packages/mongo-nav/src/org-nav the Access Manager dropdown displays correctly when onPrem is true and currentProject exists, the Project Access Manager link is not disabled and project name is displayed" name="packages/mongo-nav/src/org-nav the Access Manager dropdown displays correctly when onPrem is true and currentProject exists, the Project Access Manager link is not disabled and project name is displayed" time="0.021">
    </testcase>
    <testcase classname="packages/mongo-nav/src/org-nav the Access Manager dropdown displays correctly when onPrem is true and currentProject does not exist, the Project Access Manager link is disabled and the project name appears as &quot;None&quot;" name="packages/mongo-nav/src/org-nav the Access Manager dropdown displays correctly when onPrem is true and currentProject does not exist, the Project Access Manager link is disabled and the project name appears as &quot;None&quot;" time="0.021">
    </testcase>
    <testcase classname="packages/mongo-nav/src/org-nav the Access Manager dropdown displays correctly when onPrem is false and showProjectNav is true, the Project Access Manager link is not disabled and project name is displayed" name="packages/mongo-nav/src/org-nav the Access Manager dropdown displays correctly when onPrem is false and showProjectNav is true, the Project Access Manager link is not disabled and project name is displayed" time="0.024">
    </testcase>
    <testcase classname="packages/mongo-nav/src/org-nav the Access Manager dropdown displays correctly when onPrem is false and showProjectNav is false, the Project Access Manager link is disabled and the project name appears as &quot;None&quot;" name="packages/mongo-nav/src/org-nav the Access Manager dropdown displays correctly when onPrem is false and showProjectNav is false, the Project Access Manager link is disabled and the project name appears as &quot;None&quot;" time="0.024">
    </testcase>
    <testcase classname="packages/mongo-nav/src/org-nav when environment is &quot;government&quot; it renders a FedRAMP banner in the org nav" name="packages/mongo-nav/src/org-nav when environment is &quot;government&quot; it renders a FedRAMP banner in the org nav" time="0.035">
    </testcase>
  </testsuite>
  <testsuite name="packages/side-nav" errors="0" failures="0" skipped="0" timestamp="2020-07-29T17:05:07" time="0.58" tests="19">
    <testcase classname="packages/side-nav SideNavItem when rendered with a custom class name it renders the item as a button" name="packages/side-nav SideNavItem when rendered with a custom class name it renders the item as a button" time="0.021">
    </testcase>
    <testcase classname="packages/side-nav SideNavItem when rendered with a custom class name it sets the correct role for the item" name="packages/side-nav SideNavItem when rendered with a custom class name it sets the correct role for the item" time="0.003">
    </testcase>
    <testcase classname="packages/side-nav SideNavItem when rendered with a custom class name it renders with the provided class name" name="packages/side-nav SideNavItem when rendered with a custom class name it renders with the provided class name" time="0.002">
    </testcase>
    <testcase classname="packages/side-nav SideNavItem when rendered as active it sets the aria attribute for the active item" name="packages/side-nav SideNavItem when rendered as active it sets the aria attribute for the active item" time="0.009">
    </testcase>
    <testcase classname="packages/side-nav SideNavItem when rendered as disabled it sets the aria attribute for the disabled item" name="packages/side-nav SideNavItem when rendered as disabled it sets the aria attribute for the disabled item" time="0.006">
    </testcase>
    <testcase classname="packages/side-nav SideNavItem when rendered as a link it renders as an link menu item" name="packages/side-nav SideNavItem when rendered as a link it renders as an link menu item" time="0.003">
    </testcase>
    <testcase classname="packages/side-nav SideNavItem when rendered with children it renders the children" name="packages/side-nav SideNavItem when rendered with children it renders the children" time="0.003">
    </testcase>
    <testcase classname="packages/side-nav SideNavItem when rendered as a custom component it renders as the custom component" name="packages/side-nav SideNavItem when rendered as a custom component it renders as the custom component" time="0.009">
    </testcase>
    <testcase classname="packages/side-nav SideNavGroup when the group includes a string header renders the side nav group with a default header" name="packages/side-nav SideNavGroup when the group includes a string header renders the side nav group with a default header" time="0.005">
    </testcase>
    <testcase classname="packages/side-nav SideNavGroup when the group includes a string header sets the role of the list as a menu" name="packages/side-nav SideNavGroup when the group includes a string header sets the role of the list as a menu" time="0.003">
    </testcase>
    <testcase classname="packages/side-nav SideNavGroup when the group includes a string header it displays the header text in a header" name="packages/side-nav SideNavGroup when the group includes a string header it displays the header text in a header" time="0.003">
    </testcase>
    <testcase classname="packages/side-nav SideNavGroup when the group includes a string header renders the children of the side nav group" name="packages/side-nav SideNavGroup when the group includes a string header renders the children of the side nav group" time="0.003">
    </testcase>
    <testcase classname="packages/side-nav SideNavGroup when the group includes a string header it renders with the provided class name" name="packages/side-nav SideNavGroup when the group includes a string header it renders with the provided class name" time="0.002">
    </testcase>
    <testcase classname="packages/side-nav SideNavGroup when the group includes header content renders the side nav group with the header content" name="packages/side-nav SideNavGroup when the group includes header content renders the side nav group with the header content" time="0.003">
    </testcase>
    <testcase classname="packages/side-nav SideNavGroup when the group does not include a header renders the side nav group without a header" name="packages/side-nav SideNavGroup when the group does not include a header renders the side nav group without a header" time="0.002">
    </testcase>
    <testcase classname="packages/side-nav SideNav when rendered to the dom renders the side nav to the dom" name="packages/side-nav SideNav when rendered to the dom renders the side nav to the dom" time="0.003">
    </testcase>
    <testcase classname="packages/side-nav SideNav when rendered to the dom it provides an aria label for the nav" name="packages/side-nav SideNav when rendered to the dom it provides an aria label for the nav" time="0.002">
    </testcase>
    <testcase classname="packages/side-nav SideNav when rendered to the dom renders the children of the side nav" name="packages/side-nav SideNav when rendered to the dom renders the children of the side nav" time="0.003">
    </testcase>
    <testcase classname="packages/side-nav SideNav when rendered to the dom it renders with the provided class name" name="packages/side-nav SideNav when rendered to the dom it renders with the provided class name" time="0.002">
    </testcase>
  </testsuite>
  <testsuite name="packages/mongo-select/OrgSelect" errors="0" failures="2" skipped="1" timestamp="2020-07-29T17:05:07" time="10.085" tests="17">
    <testcase classname="packages/mongo-select/OrgSelect OrgSelect when rendered with default props displays the org select trigger with the current org name" name="packages/mongo-select/OrgSelect OrgSelect when rendered with default props displays the org select trigger with the current org name" time="0.078">
    </testcase>
    <testcase classname="packages/mongo-select/OrgSelect OrgSelect when rendered with default props when clicking the current organization trigger displays a search input with a placeholder" name="packages/mongo-select/OrgSelect OrgSelect when rendered with default props when clicking the current organization trigger displays a search input with a placeholder" time="0.078">
    </testcase>
    <testcase classname="packages/mongo-select/OrgSelect OrgSelect when rendered with default props when clicking the current organization trigger displays two organization results" name="packages/mongo-select/OrgSelect OrgSelect when rendered with default props when clicking the current organization trigger displays two organization results" time="0.028">
    </testcase>
    <testcase classname="packages/mongo-select/OrgSelect OrgSelect when rendered with default props when clicking the current organization trigger displays the correct names of each result" name="packages/mongo-select/OrgSelect OrgSelect when rendered with default props when clicking the current organization trigger displays the correct names of each result" time="0.03">
    </testcase>
    <testcase classname="packages/mongo-select/OrgSelect OrgSelect when rendered with default props when clicking the current organization trigger displays the correct org type of each result" name="packages/mongo-select/OrgSelect OrgSelect when rendered with default props when clicking the current organization trigger displays the correct org type of each result" time="0.025">
    </testcase>
    <testcase classname="packages/mongo-select/OrgSelect OrgSelect when rendered with default props when clicking the current organization trigger displays the correct link to projects of each result" name="packages/mongo-select/OrgSelect OrgSelect when rendered with default props when clicking the current organization trigger displays the correct link to projects of each result" time="0.028">
    </testcase>
    <testcase classname="packages/mongo-select/OrgSelect OrgSelect when rendered with default props when clicking the current organization trigger renders the logo associated with the planType" name="packages/mongo-select/OrgSelect OrgSelect when rendered with default props when clicking the current organization trigger renders the logo associated with the planType" time="0.025">
    </testcase>
    <testcase classname="packages/mongo-select/OrgSelect OrgSelect when rendered with default props when clicking the current organization trigger indicates the current organization" name="packages/mongo-select/OrgSelect OrgSelect when rendered with default props when clicking the current organization trigger indicates the current organization" time="0.025">
    </testcase>
    <testcase classname="packages/mongo-select/OrgSelect OrgSelect when rendered with default props when clicking the current organization trigger when clicking an org closes the menu" name="packages/mongo-select/OrgSelect OrgSelect when rendered with default props when clicking the current organization trigger when clicking an org closes the menu" time="4.541">
      <failure>Error: Timed out in waitForElementToBeRemoved.
    at /Users/brookeyalof/Development/MongoDB/leafygreen-ui/packages/mongo-nav/node_modules/@testing-library/dom/dist/wait-for-element-to-be-removed.js:28:14
    at Timeout.task (/Users/brookeyalof/Development/MongoDB/leafygreen-ui/node_modules/jsdom/lib/jsdom/browser/Window.js:391:19)
    at listOnTimeout (internal/timers.js:549:17)
    at processTimers (internal/timers.js:492:7)</failure>
    </testcase>
    <testcase classname="packages/mongo-select/OrgSelect OrgSelect when rendered in a disabled state displays the current org as &quot;All Organizations&quot;" name="packages/mongo-select/OrgSelect OrgSelect when rendered in a disabled state displays the current org as &quot;All Organizations&quot;" time="0.015">
    </testcase>
    <testcase classname="packages/mongo-select/OrgSelect OrgSelect when rendered in a disabled state does not display an org settings icon" name="packages/mongo-select/OrgSelect OrgSelect when rendered in a disabled state does not display an org settings icon" time="0.005">
    </testcase>
    <testcase classname="packages/mongo-select/OrgSelect OrgSelect when a user filters organizations displays one organization when only one matches the search" name="packages/mongo-select/OrgSelect OrgSelect when a user filters organizations displays one organization when only one matches the search" time="0.034">
    </testcase>
    <testcase classname="packages/mongo-select/OrgSelect OrgSelect when a user filters organizations displays no organizations when none matches the search" name="packages/mongo-select/OrgSelect OrgSelect when a user filters organizations displays no organizations when none matches the search" time="0.032">
    </testcase>
    <testcase classname="packages/mongo-select/OrgSelect OrgSelect when a user filters organizations when closing the menu the filter value is reset" name="packages/mongo-select/OrgSelect OrgSelect when a user filters organizations when closing the menu the filter value is reset" time="4.534">
      <failure>Error: Timed out in waitForElementToBeRemoved.
    at /Users/brookeyalof/Development/MongoDB/leafygreen-ui/packages/mongo-nav/node_modules/@testing-library/dom/dist/wait-for-element-to-be-removed.js:28:14
    at Timeout.task (/Users/brookeyalof/Development/MongoDB/leafygreen-ui/node_modules/jsdom/lib/jsdom/browser/Window.js:391:19)
    at listOnTimeout (internal/timers.js:549:17)
    at processTimers (internal/timers.js:492:7)</failure>
    </testcase>
    <testcase classname="packages/mongo-select/OrgSelect OrgSelect when all organizations have the same planType  does not render the logo associated with the planType" name="packages/mongo-select/OrgSelect OrgSelect when all organizations have the same planType  does not render the logo associated with the planType" time="0.015">
    </testcase>
    <testcase classname="packages/mongo-select/OrgSelect OrgSelect when the onChange prop is set it filters the organizations based on the onChange callback" name="packages/mongo-select/OrgSelect OrgSelect when the onChange prop is set it filters the organizations based on the onChange callback" time="0.03">
    </testcase>
    <testcase classname="packages/mongo-select/OrgSelect types work as expected does not error when only ProjectSelect values are passed to url prop" name="packages/mongo-select/OrgSelect types work as expected does not error when only ProjectSelect values are passed to url prop" time="0">
      <skipped/>
    </testcase>
  </testsuite>
  <testsuite name="packages/hooks" errors="0" failures="0" skipped="0" timestamp="2020-07-29T17:05:17" time="0.937" tests="12">
    <testcase classname="packages/hooks useEventListener event callback should only fire when enabled is true" name="packages/hooks useEventListener event callback should only fire when enabled is true" time="0.014">
    </testcase>
    <testcase classname="packages/hooks useEventListener event callback should not fire when enabled is false" name="packages/hooks useEventListener event callback should not fire when enabled is false" time="0.002">
    </testcase>
    <testcase classname="packages/hooks useEventListener event callback should not fire when enabled is toggled false after being set to true" name="packages/hooks useEventListener event callback should not fire when enabled is toggled false after being set to true" time="0.002">
    </testcase>
    <testcase classname="packages/hooks useEventListener changing a dependency does not create an additional event listener" name="packages/hooks useEventListener changing a dependency does not create an additional event listener" time="0.002">
    </testcase>
    <testcase classname="packages/hooks useElementNode it gets called twice" name="packages/hooks useElementNode it gets called twice" time="0.013">
    </testcase>
    <testcase classname="packages/hooks useViewportSize responds to updates in window size" name="packages/hooks useViewportSize responds to updates in window size" time="0.211">
    </testcase>
    <testcase classname="packages/hooks usePoller used with default values" name="packages/hooks usePoller used with default values" time="0.002">
    </testcase>
    <testcase classname="packages/hooks usePoller used with pollHandler that returns a Promise" name="packages/hooks usePoller used with pollHandler that returns a Promise" time="0.002">
    </testcase>
    <testcase classname="packages/hooks usePoller used with custom interval value" name="packages/hooks usePoller used with custom interval value" time="0.002">
    </testcase>
    <testcase classname="packages/hooks usePoller changing the enabled value" name="packages/hooks usePoller changing the enabled value" time="0.002">
    </testcase>
    <testcase classname="packages/hooks usePoller when immediate is false" name="packages/hooks usePoller when immediate is false" time="0.003">
    </testcase>
    <testcase classname="packages/hooks usePoller when document is not visible" name="packages/hooks usePoller when document is not visible" time="0.002">
    </testcase>
  </testsuite>
  <testsuite name="packages/box" errors="0" failures="0" skipped="14" timestamp="2020-07-29T17:05:18" time="0.39" tests="23">
    <testcase classname="packages/box when rendered with only shared props it renders the box component as a div" name="packages/box when rendered with only shared props it renders the box component as a div" time="0.014">
    </testcase>
    <testcase classname="packages/box when rendered with only shared props it renders the child content" name="packages/box when rendered with only shared props it renders the child content" time="0.002">
    </testcase>
    <testcase classname="packages/box when rendered with only shared props it preserves the shared props" name="packages/box when rendered with only shared props it preserves the shared props" time="0.002">
    </testcase>
    <testcase classname="packages/box when rendered with the expected anchor props it renders the box component as an anchor" name="packages/box when rendered with the expected anchor props it renders the box component as an anchor" time="0.003">
    </testcase>
    <testcase classname="packages/box when rendered with the expected anchor props it renders the child content" name="packages/box when rendered with the expected anchor props it renders the child content" time="0.001">
    </testcase>
    <testcase classname="packages/box when rendered with the expected anchor props it preserves the shared props" name="packages/box when rendered with the expected anchor props it preserves the shared props" time="0.002">
    </testcase>
    <testcase classname="packages/box when rendered with the expected anchor props it sets the anchor-specific attributes" name="packages/box when rendered with the expected anchor props it sets the anchor-specific attributes" time="0.002">
    </testcase>
    <testcase classname="packages/box when rendered as a custom component it renders the box component as the custom component" name="packages/box when rendered as a custom component it renders the box component as the custom component" time="0.003">
    </testcase>
    <testcase classname="packages/box when rendered as a custom component it renders the child content" name="packages/box when rendered as a custom component it renders the child content" time="0.002">
    </testcase>
    <testcase classname="packages/box types work as expected does not allow specifying &quot;target&quot;, without &quot;as&quot; or &quot;href&quot;" name="packages/box types work as expected does not allow specifying &quot;target&quot;, without &quot;as&quot; or &quot;href&quot;" time="0">
      <skipped/>
    </testcase>
    <testcase classname="packages/box types work as expected does not allow specifying &quot;href&quot;, when &quot;as&quot; is set to &quot;div&quot; " name="packages/box types work as expected does not allow specifying &quot;href&quot;, when &quot;as&quot; is set to &quot;div&quot; " time="0">
      <skipped/>
    </testcase>
    <testcase classname="packages/box types work as expected does not allow props that do not exist on the &quot;as&quot; element" name="packages/box types work as expected does not allow props that do not exist on the &quot;as&quot; element" time="0">
      <skipped/>
    </testcase>
    <testcase classname="packages/box types work as expected expects &quot;href&quot; to be a string when as is an anchor component wrapper" name="packages/box types work as expected expects &quot;href&quot; to be a string when as is an anchor component wrapper" time="0">
      <skipped/>
    </testcase>
    <testcase classname="packages/box types work as expected expects required props to exist when as is a React Component with required props" name="packages/box types work as expected expects required props to exist when as is a React Component with required props" time="0">
      <skipped/>
    </testcase>
    <testcase classname="packages/box packages/box/ExtendableBox the types work as expected does not allow specifying &quot;target&quot;, without &quot;as&quot; or &quot;href&quot;" name="packages/box packages/box/ExtendableBox the types work as expected does not allow specifying &quot;target&quot;, without &quot;as&quot; or &quot;href&quot;" time="0">
      <skipped/>
    </testcase>
    <testcase classname="packages/box packages/box/ExtendableBox the types work as expected does not allow specifying &quot;href&quot;, when &quot;as&quot; is set to &quot;div&quot; " name="packages/box packages/box/ExtendableBox the types work as expected does not allow specifying &quot;href&quot;, when &quot;as&quot; is set to &quot;div&quot; " time="0">
      <skipped/>
    </testcase>
    <testcase classname="packages/box packages/box/ExtendableBox the types work as expected does not allow props that do not exist on the &quot;as&quot; element" name="packages/box packages/box/ExtendableBox the types work as expected does not allow props that do not exist on the &quot;as&quot; element" time="0">
      <skipped/>
    </testcase>
    <testcase classname="packages/box packages/box/ExtendableBox the types work as expected expects &quot;href&quot; to be a string when as is an anchor component wrapper" name="packages/box packages/box/ExtendableBox the types work as expected expects &quot;href&quot; to be a string when as is an anchor component wrapper" time="0">
      <skipped/>
    </testcase>
    <testcase classname="packages/box packages/box/ExtendableBox the types work as expected expects required props to exist when as is a React Component with required props" name="packages/box packages/box/ExtendableBox the types work as expected expects required props to exist when as is a React Component with required props" time="0">
      <skipped/>
    </testcase>
    <testcase classname="packages/box packages/box/ExtendableBox the types work as expected when Extendable Box has a default &quot;as&quot; that is not a &quot;div&quot; allows props based on the default supplied" name="packages/box packages/box/ExtendableBox the types work as expected when Extendable Box has a default &quot;as&quot; that is not a &quot;div&quot; allows props based on the default supplied" time="0">
      <skipped/>
    </testcase>
    <testcase classname="packages/box packages/box/ExtendableBox the types work as expected when Extendable Box has a default &quot;as&quot; that is not a &quot;div&quot; errors when &quot;as&quot; overwrites default and props are no longer compatible" name="packages/box packages/box/ExtendableBox the types work as expected when Extendable Box has a default &quot;as&quot; that is not a &quot;div&quot; errors when &quot;as&quot; overwrites default and props are no longer compatible" time="0">
      <skipped/>
    </testcase>
    <testcase classname="packages/box packages/box/ExtendableBox the types work as expected when Extendable Box has a default &quot;as&quot; that is not a &quot;div&quot; errors when prop that only belongs on &quot;a&quot; is supplied without setting &quot;as&quot;" name="packages/box packages/box/ExtendableBox the types work as expected when Extendable Box has a default &quot;as&quot; that is not a &quot;div&quot; errors when prop that only belongs on &quot;a&quot; is supplied without setting &quot;as&quot;" time="0">
      <skipped/>
    </testcase>
    <testcase classname="packages/box packages/box/ExtendableBox the types work as expected when Extendable Box has a default &quot;as&quot; that is not a &quot;div&quot; allows prop that only belongs on &quot;a&quot; when setting &quot;as&quot;" name="packages/box packages/box/ExtendableBox the types work as expected when Extendable Box has a default &quot;as&quot; that is not a &quot;div&quot; allows prop that only belongs on &quot;a&quot; when setting &quot;as&quot;" time="0">
      <skipped/>
    </testcase>
  </testsuite>
  <testsuite name="packages/mongo-nav/src/project-nav" errors="0" failures="3" skipped="0" timestamp="2020-07-29T17:05:19" time="1.485" tests="24">
    <testcase classname="packages/mongo-nav/src/project-nav when rendered with default props displays the realm in the nav" name="packages/mongo-nav/src/project-nav when rendered with default props displays the realm in the nav" time="0.172">
    </testcase>
    <testcase classname="packages/mongo-nav/src/project-nav when rendered with default props displays the charts in the nav" name="packages/mongo-nav/src/project-nav when rendered with default props displays the charts in the nav" time="0.058">
    </testcase>
    <testcase classname="packages/mongo-nav/src/project-nav when rendered with default props displays the atlas in the nav" name="packages/mongo-nav/src/project-nav when rendered with default props displays the atlas in the nav" time="0.056">
    </testcase>
    <testcase classname="packages/mongo-nav/src/project-nav when rendered with default props does not display the cloudManager in the nav" name="packages/mongo-nav/src/project-nav when rendered with default props does not display the cloudManager in the nav" time="0.029">
    </testcase>
    <testcase classname="packages/mongo-nav/src/project-nav when rendered with default props displays the Alerts iconButton" name="packages/mongo-nav/src/project-nav when rendered with default props displays the Alerts iconButton" time="0.044">
    </testcase>
    <testcase classname="packages/mongo-nav/src/project-nav when rendered with default props displays the Activity Feed iconButton" name="packages/mongo-nav/src/project-nav when rendered with default props displays the Activity Feed iconButton" time="0.045">
    </testcase>
    <testcase classname="packages/mongo-nav/src/project-nav when rendered with default props displays the Invite iconButton" name="packages/mongo-nav/src/project-nav when rendered with default props displays the Invite iconButton" time="0.047">
    </testcase>
    <testcase classname="packages/mongo-nav/src/project-nav when rendered with default props does not display the project status badge in the nav" name="packages/mongo-nav/src/project-nav when rendered with default props does not display the project status badge in the nav" time="0.031">
    </testcase>
    <testcase classname="packages/mongo-nav/src/project-nav when rendered with default props atlas tab shows the correct link" name="packages/mongo-nav/src/project-nav when rendered with default props atlas tab shows the correct link" time="0.026">
    </testcase>
    <testcase classname="packages/mongo-nav/src/project-nav when rendered with default props does not show alerts badge" name="packages/mongo-nav/src/project-nav when rendered with default props does not show alerts badge" time="0.025">
    </testcase>
    <testcase classname="packages/mongo-nav/src/project-nav when the current organization uses Cloud Manager does not display the realm in the nav" name="packages/mongo-nav/src/project-nav when the current organization uses Cloud Manager does not display the realm in the nav" time="0.026">
    </testcase>
    <testcase classname="packages/mongo-nav/src/project-nav when the current organization uses Cloud Manager does not display the charts in the nav" name="packages/mongo-nav/src/project-nav when the current organization uses Cloud Manager does not display the charts in the nav" time="0.013">
    </testcase>
    <testcase classname="packages/mongo-nav/src/project-nav when the current organization uses Cloud Manager does not display the atlas in the nav" name="packages/mongo-nav/src/project-nav when the current organization uses Cloud Manager does not display the atlas in the nav" time="0.017">
    </testcase>
    <testcase classname="packages/mongo-nav/src/project-nav when the current organization uses Cloud Manager displays the cloudManager in the nav" name="packages/mongo-nav/src/project-nav when the current organization uses Cloud Manager displays the cloudManager in the nav" time="0.041">
    </testcase>
    <testcase classname="packages/mongo-nav/src/project-nav when the current organization uses Cloud Manager displays the Alerts iconButton" name="packages/mongo-nav/src/project-nav when the current organization uses Cloud Manager displays the Alerts iconButton" time="0.03">
    </testcase>
    <testcase classname="packages/mongo-nav/src/project-nav when the current organization uses Cloud Manager displays the Activity Feed iconButton" name="packages/mongo-nav/src/project-nav when the current organization uses Cloud Manager displays the Activity Feed iconButton" time="0.028">
    </testcase>
    <testcase classname="packages/mongo-nav/src/project-nav when the current organization uses Cloud Manager displays the Invite iconButton" name="packages/mongo-nav/src/project-nav when the current organization uses Cloud Manager displays the Invite iconButton" time="0.028">
    </testcase>
    <testcase classname="packages/mongo-nav/src/project-nav when the environment is &quot;government&quot; Atlas is the only product tab displayed" name="packages/mongo-nav/src/project-nav when the environment is &quot;government&quot; Atlas is the only product tab displayed" time="0.081">
    </testcase>
    <testcase classname="packages/mongo-nav/src/project-nav alerts polling behavior when it should poll calls fetch with correct arguments" name="packages/mongo-nav/src/project-nav alerts polling behavior when it should poll calls fetch with correct arguments" time="0.059">
      <failure>Error: expect(jest.fn()).toHaveBeenCalledWith(...expected)

Expected: &quot;https://cloud.mongodb.com/user/shared/alerts/project/fakeProjectId1&quot;, {&quot;credentials&quot;: &quot;include&quot;, &quot;method&quot;: &quot;GET&quot;, &quot;mode&quot;: &quot;cors&quot;}

Number of calls: 0
    at Object.&lt;anonymous&gt; (/Users/brookeyalof/Development/MongoDB/leafygreen-ui/packages/mongo-nav/src/project-nav/ProjectNav.spec.tsx:199:11)
    at Object.asyncJestTest (/Users/brookeyalof/Development/MongoDB/leafygreen-ui/node_modules/jest-jasmine2/build/jasmineAsyncInstall.js:100:37)
    at /Users/brookeyalof/Development/MongoDB/leafygreen-ui/node_modules/jest-jasmine2/build/queueRunner.js:47:12
    at new Promise (&lt;anonymous&gt;)
    at mapper (/Users/brookeyalof/Development/MongoDB/leafygreen-ui/node_modules/jest-jasmine2/build/queueRunner.js:30:19)
    at /Users/brookeyalof/Development/MongoDB/leafygreen-ui/node_modules/jest-jasmine2/build/queueRunner.js:77:41</failure>
      <failure>TypeError: fetch is not a function
    at Object.savedCallback [as current] (/Users/brookeyalof/Development/MongoDB/leafygreen-ui/packages/mongo-nav/src/project-nav/ProjectNav.tsx:297:12)
    at poll (/Users/brookeyalof/Development/MongoDB/leafygreen-ui/packages/hooks/dist/webpack:/src/usePoller.ts:77:23)
    at /Users/brookeyalof/Development/MongoDB/leafygreen-ui/packages/hooks/dist/webpack:/src/usePoller.ts:81:7
    at commitHookEffectListMount (/Users/brookeyalof/Development/MongoDB/leafygreen-ui/node_modules/react-dom/cjs/react-dom.development.js:19731:26)
    at commitPassiveHookEffects (/Users/brookeyalof/Development/MongoDB/leafygreen-ui/node_modules/react-dom/cjs/react-dom.development.js:19769:11)
    at HTMLUnknownElement.callCallback (/Users/brookeyalof/Development/MongoDB/leafygreen-ui/node_modules/react-dom/cjs/react-dom.development.js:188:14)
    at innerInvokeEventListeners (/Users/brookeyalof/Development/MongoDB/leafygreen-ui/node_modules/jsdom/lib/jsdom/living/events/EventTarget-impl.js:330:27)
    at invokeEventListeners (/Users/brookeyalof/Development/MongoDB/leafygreen-ui/node_modules/jsdom/lib/jsdom/living/events/EventTarget-impl.js:281:3)
    at HTMLUnknownElementImpl._dispatch (/Users/brookeyalof/Development/MongoDB/leafygreen-ui/node_modules/jsdom/lib/jsdom/living/events/EventTarget-impl.js:228:9)
    at HTMLUnknownElementImpl.dispatchEvent (/Users/brookeyalof/Development/MongoDB/leafygreen-ui/node_modules/jsdom/lib/jsdom/living/events/EventTarget-impl.js:101:17)
    at HTMLUnknownElement.dispatchEvent (/Users/brookeyalof/Development/MongoDB/leafygreen-ui/node_modules/jsdom/lib/jsdom/living/generated/EventTarget.js:207:34)
    at Object.invokeGuardedCallbackDev (/Users/brookeyalof/Development/MongoDB/leafygreen-ui/node_modules/react-dom/cjs/react-dom.development.js:237:16)
    at invokeGuardedCallback (/Users/brookeyalof/Development/MongoDB/leafygreen-ui/node_modules/react-dom/cjs/react-dom.development.js:292:31)
    at flushPassiveEffectsImpl (/Users/brookeyalof/Development/MongoDB/leafygreen-ui/node_modules/react-dom/cjs/react-dom.development.js:22853:9)
    at unstable_runWithPriority (/Users/brookeyalof/Development/MongoDB/leafygreen-ui/node_modules/scheduler/cjs/scheduler.development.js:653:12)
    at runWithPriority$1 (/Users/brookeyalof/Development/MongoDB/leafygreen-ui/node_modules/react-dom/cjs/react-dom.development.js:11039:10)
    at flushPassiveEffects (/Users/brookeyalof/Development/MongoDB/leafygreen-ui/node_modules/react-dom/cjs/react-dom.development.js:22820:12)
    at performSyncWorkOnRoot (/Users/brookeyalof/Development/MongoDB/leafygreen-ui/node_modules/react-dom/cjs/react-dom.development.js:21737:3)
    at scheduleUpdateOnFiber (/Users/brookeyalof/Development/MongoDB/leafygreen-ui/node_modules/react-dom/cjs/react-dom.development.js:21188:7)
    at updateContainer (/Users/brookeyalof/Development/MongoDB/leafygreen-ui/node_modules/react-dom/cjs/react-dom.development.js:24373:3)
    at legacyRenderSubtreeIntoContainer (/Users/brookeyalof/Development/MongoDB/leafygreen-ui/node_modules/react-dom/cjs/react-dom.development.js:24774:5)
    at /Users/brookeyalof/Development/MongoDB/leafygreen-ui/node_modules/react-dom/cjs/react-dom.development.js:24884:7
    at unbatchedUpdates (/Users/brookeyalof/Development/MongoDB/leafygreen-ui/node_modules/react-dom/cjs/react-dom.development.js:21903:12)
    at Object.unmountComponentAtNode (/Users/brookeyalof/Development/MongoDB/leafygreen-ui/node_modules/react-dom/cjs/react-dom.development.js:24883:5)
    at cleanupAtContainer (/Users/brookeyalof/Development/MongoDB/leafygreen-ui/packages/mongo-nav/node_modules/@testing-library/react/dist/index.js:122:21)
    at Set.forEach (&lt;anonymous&gt;)
    at cleanup (/Users/brookeyalof/Development/MongoDB/leafygreen-ui/packages/mongo-nav/node_modules/@testing-library/react/dist/index.js:116:21)
    at Object.&lt;anonymous&gt; (/Users/brookeyalof/Development/MongoDB/leafygreen-ui/packages/mongo-nav/src/project-nav/ProjectNav.spec.tsx:69:5)
    at Object.asyncJestLifecycle (/Users/brookeyalof/Development/MongoDB/leafygreen-ui/node_modules/jest-jasmine2/build/jasmineAsyncInstall.js:53:37)
    at /Users/brookeyalof/Development/MongoDB/leafygreen-ui/node_modules/jest-jasmine2/build/queueRunner.js:47:12
    at new Promise (&lt;anonymous&gt;)
    at mapper (/Users/brookeyalof/Development/MongoDB/leafygreen-ui/node_modules/jest-jasmine2/build/queueRunner.js:30:19)
    at /Users/brookeyalof/Development/MongoDB/leafygreen-ui/node_modules/jest-jasmine2/build/queueRunner.js:77:41</failure>
    </testcase>
    <testcase classname="packages/mongo-nav/src/project-nav alerts polling behavior when it should poll displays expected alerts badge" name="packages/mongo-nav/src/project-nav alerts polling behavior when it should poll displays expected alerts badge" time="0.02">
      <failure>Error: expect(received).toContain(expected) // indexOf

Expected substring: &quot;2&quot;
Received string:    &quot;1&quot;
    at Object.&lt;anonymous&gt; (/Users/brookeyalof/Development/MongoDB/leafygreen-ui/packages/mongo-nav/src/project-nav/ProjectNav.spec.tsx:206:67)
    at Object.asyncJestTest (/Users/brookeyalof/Development/MongoDB/leafygreen-ui/node_modules/jest-jasmine2/build/jasmineAsyncInstall.js:100:37)
    at /Users/brookeyalof/Development/MongoDB/leafygreen-ui/node_modules/jest-jasmine2/build/queueRunner.js:47:12
    at new Promise (&lt;anonymous&gt;)
    at mapper (/Users/brookeyalof/Development/MongoDB/leafygreen-ui/node_modules/jest-jasmine2/build/queueRunner.js:30:19)
    at /Users/brookeyalof/Development/MongoDB/leafygreen-ui/node_modules/jest-jasmine2/build/queueRunner.js:77:41</failure>
      <failure>TypeError: fetch is not a function
    at Object.savedCallback [as current] (/Users/brookeyalof/Development/MongoDB/leafygreen-ui/packages/mongo-nav/src/project-nav/ProjectNav.tsx:297:12)
    at poll (/Users/brookeyalof/Development/MongoDB/leafygreen-ui/packages/hooks/dist/webpack:/src/usePoller.ts:77:23)
    at /Users/brookeyalof/Development/MongoDB/leafygreen-ui/packages/hooks/dist/webpack:/src/usePoller.ts:81:7
    at commitHookEffectListMount (/Users/brookeyalof/Development/MongoDB/leafygreen-ui/node_modules/react-dom/cjs/react-dom.development.js:19731:26)
    at commitPassiveHookEffects (/Users/brookeyalof/Development/MongoDB/leafygreen-ui/node_modules/react-dom/cjs/react-dom.development.js:19769:11)
    at HTMLUnknownElement.callCallback (/Users/brookeyalof/Development/MongoDB/leafygreen-ui/node_modules/react-dom/cjs/react-dom.development.js:188:14)
    at innerInvokeEventListeners (/Users/brookeyalof/Development/MongoDB/leafygreen-ui/node_modules/jsdom/lib/jsdom/living/events/EventTarget-impl.js:330:27)
    at invokeEventListeners (/Users/brookeyalof/Development/MongoDB/leafygreen-ui/node_modules/jsdom/lib/jsdom/living/events/EventTarget-impl.js:281:3)
    at HTMLUnknownElementImpl._dispatch (/Users/brookeyalof/Development/MongoDB/leafygreen-ui/node_modules/jsdom/lib/jsdom/living/events/EventTarget-impl.js:228:9)
    at HTMLUnknownElementImpl.dispatchEvent (/Users/brookeyalof/Development/MongoDB/leafygreen-ui/node_modules/jsdom/lib/jsdom/living/events/EventTarget-impl.js:101:17)
    at HTMLUnknownElement.dispatchEvent (/Users/brookeyalof/Development/MongoDB/leafygreen-ui/node_modules/jsdom/lib/jsdom/living/generated/EventTarget.js:207:34)
    at Object.invokeGuardedCallbackDev (/Users/brookeyalof/Development/MongoDB/leafygreen-ui/node_modules/react-dom/cjs/react-dom.development.js:237:16)
    at invokeGuardedCallback (/Users/brookeyalof/Development/MongoDB/leafygreen-ui/node_modules/react-dom/cjs/react-dom.development.js:292:31)
    at flushPassiveEffectsImpl (/Users/brookeyalof/Development/MongoDB/leafygreen-ui/node_modules/react-dom/cjs/react-dom.development.js:22853:9)
    at unstable_runWithPriority (/Users/brookeyalof/Development/MongoDB/leafygreen-ui/node_modules/scheduler/cjs/scheduler.development.js:653:12)
    at runWithPriority$1 (/Users/brookeyalof/Development/MongoDB/leafygreen-ui/node_modules/react-dom/cjs/react-dom.development.js:11039:10)
    at flushPassiveEffects (/Users/brookeyalof/Development/MongoDB/leafygreen-ui/node_modules/react-dom/cjs/react-dom.development.js:22820:12)
    at performSyncWorkOnRoot (/Users/brookeyalof/Development/MongoDB/leafygreen-ui/node_modules/react-dom/cjs/react-dom.development.js:21737:3)
    at scheduleUpdateOnFiber (/Users/brookeyalof/Development/MongoDB/leafygreen-ui/node_modules/react-dom/cjs/react-dom.development.js:21188:7)
    at updateContainer (/Users/brookeyalof/Development/MongoDB/leafygreen-ui/node_modules/react-dom/cjs/react-dom.development.js:24373:3)
    at legacyRenderSubtreeIntoContainer (/Users/brookeyalof/Development/MongoDB/leafygreen-ui/node_modules/react-dom/cjs/react-dom.development.js:24774:5)
    at /Users/brookeyalof/Development/MongoDB/leafygreen-ui/node_modules/react-dom/cjs/react-dom.development.js:24884:7
    at unbatchedUpdates (/Users/brookeyalof/Development/MongoDB/leafygreen-ui/node_modules/react-dom/cjs/react-dom.development.js:21903:12)
    at Object.unmountComponentAtNode (/Users/brookeyalof/Development/MongoDB/leafygreen-ui/node_modules/react-dom/cjs/react-dom.development.js:24883:5)
    at cleanupAtContainer (/Users/brookeyalof/Development/MongoDB/leafygreen-ui/packages/mongo-nav/node_modules/@testing-library/react/dist/index.js:122:21)
    at Set.forEach (&lt;anonymous&gt;)
    at cleanup (/Users/brookeyalof/Development/MongoDB/leafygreen-ui/packages/mongo-nav/node_modules/@testing-library/react/dist/index.js:116:21)
    at Object.&lt;anonymous&gt; (/Users/brookeyalof/Development/MongoDB/leafygreen-ui/packages/mongo-nav/src/project-nav/ProjectNav.spec.tsx:69:5)
    at Object.asyncJestLifecycle (/Users/brookeyalof/Development/MongoDB/leafygreen-ui/node_modules/jest-jasmine2/build/jasmineAsyncInstall.js:53:37)
    at /Users/brookeyalof/Development/MongoDB/leafygreen-ui/node_modules/jest-jasmine2/build/queueRunner.js:47:12
    at new Promise (&lt;anonymous&gt;)
    at mapper (/Users/brookeyalof/Development/MongoDB/leafygreen-ui/node_modules/jest-jasmine2/build/queueRunner.js:30:19)
    at /Users/brookeyalof/Development/MongoDB/leafygreen-ui/node_modules/jest-jasmine2/build/queueRunner.js:77:41</failure>
    </testcase>
    <testcase classname="packages/mongo-nav/src/project-nav alerts polling behavior when in dev mode does not call fetch" name="packages/mongo-nav/src/project-nav alerts polling behavior when in dev mode does not call fetch" time="0.02">
    </testcase>
    <testcase classname="packages/mongo-nav/src/project-nav alerts polling behavior when in dev mode displays value from currentProject" name="packages/mongo-nav/src/project-nav alerts polling behavior when in dev mode displays value from currentProject" time="0.016">
    </testcase>
    <testcase classname="packages/mongo-nav/src/project-nav when rendered without a current project atlas tab shows the correct link" name="packages/mongo-nav/src/project-nav when rendered without a current project atlas tab shows the correct link" time="0.015">
    </testcase>
    <testcase classname="packages/mongo-nav/src/project-nav when admin is set to true displays the project status badge in the nav" name="packages/mongo-nav/src/project-nav when admin is set to true displays the project status badge in the nav" time="0.037">
      <failure>TypeError: fetch is not a function
    at Object.savedCallback [as current] (/Users/brookeyalof/Development/MongoDB/leafygreen-ui/packages/mongo-nav/src/project-nav/ProjectNav.tsx:297:12)
    at poll (/Users/brookeyalof/Development/MongoDB/leafygreen-ui/packages/hooks/dist/webpack:/src/usePoller.ts:77:23)
    at /Users/brookeyalof/Development/MongoDB/leafygreen-ui/packages/hooks/dist/webpack:/src/usePoller.ts:81:7
    at commitHookEffectListMount (/Users/brookeyalof/Development/MongoDB/leafygreen-ui/node_modules/react-dom/cjs/react-dom.development.js:19731:26)
    at commitPassiveHookEffects (/Users/brookeyalof/Development/MongoDB/leafygreen-ui/node_modules/react-dom/cjs/react-dom.development.js:19769:11)
    at HTMLUnknownElement.callCallback (/Users/brookeyalof/Development/MongoDB/leafygreen-ui/node_modules/react-dom/cjs/react-dom.development.js:188:14)
    at innerInvokeEventListeners (/Users/brookeyalof/Development/MongoDB/leafygreen-ui/node_modules/jsdom/lib/jsdom/living/events/EventTarget-impl.js:330:27)
    at invokeEventListeners (/Users/brookeyalof/Development/MongoDB/leafygreen-ui/node_modules/jsdom/lib/jsdom/living/events/EventTarget-impl.js:281:3)
    at HTMLUnknownElementImpl._dispatch (/Users/brookeyalof/Development/MongoDB/leafygreen-ui/node_modules/jsdom/lib/jsdom/living/events/EventTarget-impl.js:228:9)
    at HTMLUnknownElementImpl.dispatchEvent (/Users/brookeyalof/Development/MongoDB/leafygreen-ui/node_modules/jsdom/lib/jsdom/living/events/EventTarget-impl.js:101:17)
    at HTMLUnknownElement.dispatchEvent (/Users/brookeyalof/Development/MongoDB/leafygreen-ui/node_modules/jsdom/lib/jsdom/living/generated/EventTarget.js:207:34)
    at Object.invokeGuardedCallbackDev (/Users/brookeyalof/Development/MongoDB/leafygreen-ui/node_modules/react-dom/cjs/react-dom.development.js:237:16)
    at invokeGuardedCallback (/Users/brookeyalof/Development/MongoDB/leafygreen-ui/node_modules/react-dom/cjs/react-dom.development.js:292:31)
    at flushPassiveEffectsImpl (/Users/brookeyalof/Development/MongoDB/leafygreen-ui/node_modules/react-dom/cjs/react-dom.development.js:22853:9)
    at unstable_runWithPriority (/Users/brookeyalof/Development/MongoDB/leafygreen-ui/node_modules/scheduler/cjs/scheduler.development.js:653:12)
    at runWithPriority$1 (/Users/brookeyalof/Development/MongoDB/leafygreen-ui/node_modules/react-dom/cjs/react-dom.development.js:11039:10)
    at flushPassiveEffects (/Users/brookeyalof/Development/MongoDB/leafygreen-ui/node_modules/react-dom/cjs/react-dom.development.js:22820:12)
    at performSyncWorkOnRoot (/Users/brookeyalof/Development/MongoDB/leafygreen-ui/node_modules/react-dom/cjs/react-dom.development.js:21737:3)
    at scheduleUpdateOnFiber (/Users/brookeyalof/Development/MongoDB/leafygreen-ui/node_modules/react-dom/cjs/react-dom.development.js:21188:7)
    at updateContainer (/Users/brookeyalof/Development/MongoDB/leafygreen-ui/node_modules/react-dom/cjs/react-dom.development.js:24373:3)
    at legacyRenderSubtreeIntoContainer (/Users/brookeyalof/Development/MongoDB/leafygreen-ui/node_modules/react-dom/cjs/react-dom.development.js:24774:5)
    at /Users/brookeyalof/Development/MongoDB/leafygreen-ui/node_modules/react-dom/cjs/react-dom.development.js:24884:7
    at unbatchedUpdates (/Users/brookeyalof/Development/MongoDB/leafygreen-ui/node_modules/react-dom/cjs/react-dom.development.js:21903:12)
    at Object.unmountComponentAtNode (/Users/brookeyalof/Development/MongoDB/leafygreen-ui/node_modules/react-dom/cjs/react-dom.development.js:24883:5)
    at cleanupAtContainer (/Users/brookeyalof/Development/MongoDB/leafygreen-ui/packages/mongo-nav/node_modules/@testing-library/react/dist/index.js:122:21)
    at Set.forEach (&lt;anonymous&gt;)
    at cleanup (/Users/brookeyalof/Development/MongoDB/leafygreen-ui/packages/mongo-nav/node_modules/@testing-library/react/dist/index.js:116:21)
    at Object.&lt;anonymous&gt; (/Users/brookeyalof/Development/MongoDB/leafygreen-ui/packages/mongo-nav/src/project-nav/ProjectNav.spec.tsx:69:5)
    at Object.asyncJestLifecycle (/Users/brookeyalof/Development/MongoDB/leafygreen-ui/node_modules/jest-jasmine2/build/jasmineAsyncInstall.js:53:37)
    at /Users/brookeyalof/Development/MongoDB/leafygreen-ui/node_modules/jest-jasmine2/build/queueRunner.js:47:12
    at new Promise (&lt;anonymous&gt;)
    at mapper (/Users/brookeyalof/Development/MongoDB/leafygreen-ui/node_modules/jest-jasmine2/build/queueRunner.js:30:19)
    at /Users/brookeyalof/Development/MongoDB/leafygreen-ui/node_modules/jest-jasmine2/build/queueRunner.js:77:41</failure>
    </testcase>
  </testsuite>
  <testsuite name="packages/stepper" errors="0" failures="2" skipped="0" timestamp="2020-07-29T17:05:20" time="0.568" tests="2">
    <testcase classname="packages/stepper renders steps with correct current step" name="packages/stepper renders steps with correct current step" time="0.03">
      <failure>TypeError: Cannot read property &apos;queryAllByLabelText&apos; of undefined
    at assertVisibleSteps (/Users/brookeyalof/Development/MongoDB/leafygreen-ui/packages/stepper/src/Stepper.spec.tsx:57:12)
    at Object.&lt;anonymous&gt; (/Users/brookeyalof/Development/MongoDB/leafygreen-ui/packages/stepper/src/Stepper.spec.tsx:110:5)
    at Object.asyncJestTest (/Users/brookeyalof/Development/MongoDB/leafygreen-ui/node_modules/jest-jasmine2/build/jasmineAsyncInstall.js:100:37)
    at /Users/brookeyalof/Development/MongoDB/leafygreen-ui/node_modules/jest-jasmine2/build/queueRunner.js:47:12
    at new Promise (&lt;anonymous&gt;)
    at mapper (/Users/brookeyalof/Development/MongoDB/leafygreen-ui/node_modules/jest-jasmine2/build/queueRunner.js:30:19)
    at /Users/brookeyalof/Development/MongoDB/leafygreen-ui/node_modules/jest-jasmine2/build/queueRunner.js:77:41</failure>
    </testcase>
    <testcase classname="packages/stepper does not show hidden steps" name="packages/stepper does not show hidden steps" time="0.014">
      <failure>TypeError: Cannot read property &apos;queryAllByLabelText&apos; of undefined
    at assertVisibleSteps (/Users/brookeyalof/Development/MongoDB/leafygreen-ui/packages/stepper/src/Stepper.spec.tsx:57:12)
    at Object.&lt;anonymous&gt; (/Users/brookeyalof/Development/MongoDB/leafygreen-ui/packages/stepper/src/Stepper.spec.tsx:157:5)
    at Object.asyncJestTest (/Users/brookeyalof/Development/MongoDB/leafygreen-ui/node_modules/jest-jasmine2/build/jasmineAsyncInstall.js:100:37)
    at /Users/brookeyalof/Development/MongoDB/leafygreen-ui/node_modules/jest-jasmine2/build/queueRunner.js:47:12
    at new Promise (&lt;anonymous&gt;)
    at mapper (/Users/brookeyalof/Development/MongoDB/leafygreen-ui/node_modules/jest-jasmine2/build/queueRunner.js:30:19)
    at /Users/brookeyalof/Development/MongoDB/leafygreen-ui/node_modules/jest-jasmine2/build/queueRunner.js:77:41</failure>
    </testcase>
  </testsuite>
  <testsuite name="packages/mongo-nav/user-menu" errors="0" failures="11" skipped="0" timestamp="2020-07-29T17:05:21" time="0.614" tests="12">
    <testcase classname="packages/mongo-nav/user-menu by default, renders closed UserMenu with users name in button" name="packages/mongo-nav/user-menu by default, renders closed UserMenu with users name in button" time="0.039">
    </testcase>
    <testcase classname="packages/mongo-nav/user-menu when &quot;activePlatform&quot; is set to &quot;cloud, renders Cloud MenuItems" name="packages/mongo-nav/user-menu when &quot;activePlatform&quot; is set to &quot;cloud, renders Cloud MenuItems" time="0.012">
      <failure>Error: Found multiple elements by: [data-testid=&quot;user-menu-trigger&quot;]

(If this is intentional, then use the `*AllBy*` variant of the query (like `queryAllByText`, `getAllByText`, or `findAllByText`)).

&lt;body&gt;
  &lt;div&gt;
    &lt;div
      class=&quot;leafygreen-ui-1d5orsv&quot;
    &gt;
      &lt;div
        class=&quot;leafygreen-ui-1ucck97&quot;
      &gt;
        &lt;button
          class=&quot;leafygreen-ui-az0xu&quot;
          data-leafygreen-ui=&quot;button-data-prop&quot;
          data-testid=&quot;user-menu-trigger&quot;
        &gt;
          &lt;span
            class=&quot;leafygreen-ui-149xx62&quot;
          &gt;
            Leafy
          &lt;/span&gt;
          &lt;svg
            class=&quot;leafygreen-ui-5c823s&quot;
            data-leafygreen-ui=&quot;icon-data-prop&quot;
            height=&quot;16&quot;
            role=&quot;img&quot;
            title=&quot;Caret Down Icon&quot;
            viewBox=&quot;0 0 16 16&quot;
            width=&quot;16&quot;
          &gt;
            &lt;title&gt;
              CaretDown
            &lt;/title&gt;
            &lt;desc&gt;
              Created with Sketch.
            &lt;/desc&gt;
            &lt;g
              fill=&quot;none&quot;
              fill-rule=&quot;evenodd&quot;
              id=&quot;CaretDown-Copy&quot;
              stroke=&quot;none&quot;
              stroke-width=&quot;1&quot;
            &gt;
              &lt;path
                d=&quot;M4.67285687,6 L11.3271431,6 C11.9254697,6 12.224633,6.775217 11.8024493,7.22717749 L8.47530616,10.7889853 C8.21248981,11.0703382 7.78751019,11.0703382 7.52748976,10.7889853 L4.19755071,7.22717749 C3.77536701,6.775217 4.07453029,6 4.67285687,6 Z&quot;
                fill=&quot;currentColor&quot;
                id=&quot;Path&quot;
              /&gt;
            &lt;/g&gt;
          &lt;/svg&gt;
        &lt;/button&gt;
        &lt;div
          class=&quot;leafygreen-ui-28dumd&quot;
        /&gt;
      &lt;/div&gt;
    &lt;/div&gt;
  &lt;/div&gt;
  &lt;div&gt;
    &lt;div
      class=&quot;leafygreen-ui-1d5orsv&quot;
    &gt;
      &lt;div
        class=&quot;leafygreen-ui-1ucck97&quot;
      &gt;
        &lt;button
          class=&quot;leafygreen-ui-az0xu&quot;
          data-leafygreen-ui=&quot;button-data-prop&quot;
          data-testid=&quot;user-menu-trigger&quot;
        &gt;
          &lt;span
            class=&quot;leafygreen-ui-149xx62&quot;
          &gt;
            Leafy
          &lt;/span&gt;
          &lt;svg
            class=&quot;leafygreen-ui-5c823s&quot;
            data-leafygreen-ui=&quot;icon-data-prop&quot;
            height=&quot;16&quot;
            role=&quot;img&quot;
            title=&quot;Caret Down Icon&quot;
            viewBox=&quot;0 0 16 16&quot;
            width=&quot;16&quot;
          &gt;
            &lt;title&gt;
              CaretDown
            &lt;/title&gt;
            &lt;desc&gt;
              Created with Sketch.
            &lt;/desc&gt;
            &lt;g
              fill=&quot;none&quot;
              fill-rule=&quot;evenodd&quot;
              id=&quot;CaretDown-Copy&quot;
              stroke=&quot;none&quot;
              stroke-width=&quot;1&quot;
            &gt;
              &lt;path
                d=&quot;M4.67285687,6 L11.3271431,6 C11.9254697,6 12.224633,6.775217 11.8024493,7.22717749 L8.47530616,10.7889853 C8.21248981,11.0703382 7.78751019,11.0703382 7.52748976,10.7889853 L4.19755071,7.22717749 C3.77536701,6.775217 4.07453029,6 4.67285687,6 Z&quot;
                fill=&quot;currentColor&quot;
                id=&quot;Path&quot;
              /&gt;
            &lt;/g&gt;
          &lt;/svg&gt;
        &lt;/button&gt;
        &lt;div
          class=&quot;leafygreen-ui-28dumd&quot;
        /&gt;
      &lt;/div&gt;
    &lt;/div&gt;
  &lt;/div&gt;
&lt;/body&gt;
    at getElementError (/Users/brookeyalof/Development/MongoDB/leafygreen-ui/packages/mongo-nav/node_modules/@testing-library/dom/dist/query-helpers.js:46:10)
    at getMultipleElementsFoundError (/Users/brookeyalof/Development/MongoDB/leafygreen-ui/packages/mongo-nav/node_modules/@testing-library/dom/dist/query-helpers.js:50:10)
    at getByTestId (/Users/brookeyalof/Development/MongoDB/leafygreen-ui/packages/mongo-nav/node_modules/@testing-library/dom/dist/query-helpers.js:86:13)
    at Object.&lt;anonymous&gt; (/Users/brookeyalof/Development/MongoDB/leafygreen-ui/packages/mongo-nav/src/user-menu/UserMenu.spec.tsx:42:21)
    at Object.asyncJestTest (/Users/brookeyalof/Development/MongoDB/leafygreen-ui/node_modules/jest-jasmine2/build/jasmineAsyncInstall.js:100:37)
    at /Users/brookeyalof/Development/MongoDB/leafygreen-ui/node_modules/jest-jasmine2/build/queueRunner.js:47:12
    at new Promise (&lt;anonymous&gt;)
    at mapper (/Users/brookeyalof/Development/MongoDB/leafygreen-ui/node_modules/jest-jasmine2/build/queueRunner.js:30:19)
    at /Users/brookeyalof/Development/MongoDB/leafygreen-ui/node_modules/jest-jasmine2/build/queueRunner.js:77:41</failure>
    </testcase>
    <testcase classname="packages/mongo-nav/user-menu renders university MenuItems when university dropdown is clicked and closes other SubMenus" name="packages/mongo-nav/user-menu renders university MenuItems when university dropdown is clicked and closes other SubMenus" time="0.008">
      <failure>Error: Found multiple elements by: [data-testid=&quot;user-menu-trigger&quot;]

(If this is intentional, then use the `*AllBy*` variant of the query (like `queryAllByText`, `getAllByText`, or `findAllByText`)).

&lt;body&gt;
  &lt;div&gt;
    &lt;div
      class=&quot;leafygreen-ui-1d5orsv&quot;
    &gt;
      &lt;div
        class=&quot;leafygreen-ui-1ucck97&quot;
      &gt;
        &lt;button
          class=&quot;leafygreen-ui-az0xu&quot;
          data-leafygreen-ui=&quot;button-data-prop&quot;
          data-testid=&quot;user-menu-trigger&quot;
        &gt;
          &lt;span
            class=&quot;leafygreen-ui-149xx62&quot;
          &gt;
            Leafy
          &lt;/span&gt;
          &lt;svg
            class=&quot;leafygreen-ui-5c823s&quot;
            data-leafygreen-ui=&quot;icon-data-prop&quot;
            height=&quot;16&quot;
            role=&quot;img&quot;
            title=&quot;Caret Down Icon&quot;
            viewBox=&quot;0 0 16 16&quot;
            width=&quot;16&quot;
          &gt;
            &lt;title&gt;
              CaretDown
            &lt;/title&gt;
            &lt;desc&gt;
              Created with Sketch.
            &lt;/desc&gt;
            &lt;g
              fill=&quot;none&quot;
              fill-rule=&quot;evenodd&quot;
              id=&quot;CaretDown-Copy&quot;
              stroke=&quot;none&quot;
              stroke-width=&quot;1&quot;
            &gt;
              &lt;path
                d=&quot;M4.67285687,6 L11.3271431,6 C11.9254697,6 12.224633,6.775217 11.8024493,7.22717749 L8.47530616,10.7889853 C8.21248981,11.0703382 7.78751019,11.0703382 7.52748976,10.7889853 L4.19755071,7.22717749 C3.77536701,6.775217 4.07453029,6 4.67285687,6 Z&quot;
                fill=&quot;currentColor&quot;
                id=&quot;Path&quot;
              /&gt;
            &lt;/g&gt;
          &lt;/svg&gt;
        &lt;/button&gt;
        &lt;div
          class=&quot;leafygreen-ui-28dumd&quot;
        /&gt;
      &lt;/div&gt;
    &lt;/div&gt;
  &lt;/div&gt;
  &lt;div&gt;
    &lt;div
      class=&quot;leafygreen-ui-1d5orsv&quot;
    &gt;
      &lt;div
        class=&quot;leafygreen-ui-1ucck97&quot;
      &gt;
        &lt;button
          class=&quot;leafygreen-ui-az0xu&quot;
          data-leafygreen-ui=&quot;button-data-prop&quot;
          data-testid=&quot;user-menu-trigger&quot;
        &gt;
          &lt;span
            class=&quot;leafygreen-ui-149xx62&quot;
          &gt;
            Leafy
          &lt;/span&gt;
          &lt;svg
            class=&quot;leafygreen-ui-5c823s&quot;
            data-leafygreen-ui=&quot;icon-data-prop&quot;
            height=&quot;16&quot;
            role=&quot;img&quot;
            title=&quot;Caret Down Icon&quot;
            viewBox=&quot;0 0 16 16&quot;
            width=&quot;16&quot;
          &gt;
            &lt;title&gt;
              CaretDown
            &lt;/title&gt;
            &lt;desc&gt;
              Created with Sketch.
            &lt;/desc&gt;
            &lt;g
              fill=&quot;none&quot;
              fill-rule=&quot;evenodd&quot;
              id=&quot;CaretDown-Copy&quot;
              stroke=&quot;none&quot;
              stroke-width=&quot;1&quot;
            &gt;
              &lt;path
                d=&quot;M4.67285687,6 L11.3271431,6 C11.9254697,6 12.224633,6.775217 11.8024493,7.22717749 L8.47530616,10.7889853 C8.21248981,11.0703382 7.78751019,11.0703382 7.52748976,10.7889853 L4.19755071,7.22717749 C3.77536701,6.775217 4.07453029,6 4.67285687,6 Z&quot;
                fill=&quot;currentColor&quot;
                id=&quot;Path&quot;
              /&gt;
            &lt;/g&gt;
          &lt;/svg&gt;
        &lt;/button&gt;
        &lt;div
          class=&quot;leafygreen-ui-28dumd&quot;
        /&gt;
      &lt;/div&gt;
    &lt;/div&gt;
  &lt;/div&gt;
  &lt;div&gt;
    &lt;div
      class=&quot;leafygreen-ui-1d5orsv&quot;
    &gt;
      &lt;div
        class=&quot;leafygreen-ui-1ucck97&quot;
      &gt;
        &lt;button
          class=&quot;leafygreen-ui-az0xu&quot;
          data-leafygreen-ui=&quot;button-data-prop&quot;
          data-testid=&quot;user-menu-trigger&quot;
        &gt;
          &lt;span
            class=&quot;leafygreen-ui-149xx62&quot;
          &gt;
            Leafy
          &lt;/span&gt;
          &lt;svg
            class=&quot;leafygreen-ui-5c823s&quot;
            data-leafygreen-ui=&quot;icon-data-prop&quot;
            height=&quot;16&quot;
            role=&quot;img&quot;
            title=&quot;Caret Down Icon&quot;
            viewBox=&quot;0 0 16 16&quot;
            width=&quot;16&quot;
          &gt;
            &lt;title&gt;
              CaretDown
            &lt;/title&gt;
            &lt;desc&gt;
              Created with Sketch.
            &lt;/desc&gt;
            &lt;g
              fill=&quot;none&quot;
              fill-rule=&quot;evenodd&quot;
              id=&quot;CaretDown-Copy&quot;
              stroke=&quot;none&quot;
              stroke-width=&quot;1&quot;
            &gt;
              &lt;path
                d=&quot;M4.67285687,6 L11.3271431,6 C11.9254697,6 12.224633,6.775217 11.8024493,7.22717749 L8.47530616,10.7889853 C8.21248981,11.0703382 7.78751019,11.0703382 7.52748976,10.7889853 L4.19755071,7.22717749 C3.77536701,6.775217 4.07453029,6 4.67285687,6 Z&quot;
                fill=&quot;currentColor&quot;
                id=&quot;Path&quot;
              /&gt;
            &lt;/g&gt;
          &lt;/svg&gt;
        &lt;/button&gt;
        &lt;div
          class=&quot;leafygreen-ui-28dumd&quot;
        /&gt;
      &lt;/div&gt;
    &lt;/div&gt;
  &lt;/div&gt;
&lt;/body&gt;
    at getElementError (/Users/brookeyalof/Development/MongoDB/leafygreen-ui/packages/mongo-nav/node_modules/@testing-library/dom/dist/query-helpers.js:46:10)
    at getMultipleElementsFoundError (/Users/brookeyalof/Development/MongoDB/leafygreen-ui/packages/mongo-nav/node_modules/@testing-library/dom/dist/query-helpers.js:50:10)
    at getByTestId (/Users/brookeyalof/Development/MongoDB/leafygreen-ui/packages/mongo-nav/node_modules/@testing-library/dom/dist/query-helpers.js:86:13)
    at Object.&lt;anonymous&gt; (/Users/brookeyalof/Development/MongoDB/leafygreen-ui/packages/mongo-nav/src/user-menu/UserMenu.spec.tsx:60:21)
    at Object.asyncJestTest (/Users/brookeyalof/Development/MongoDB/leafygreen-ui/node_modules/jest-jasmine2/build/jasmineAsyncInstall.js:100:37)
    at /Users/brookeyalof/Development/MongoDB/leafygreen-ui/node_modules/jest-jasmine2/build/queueRunner.js:47:12
    at new Promise (&lt;anonymous&gt;)
    at mapper (/Users/brookeyalof/Development/MongoDB/leafygreen-ui/node_modules/jest-jasmine2/build/queueRunner.js:30:19)
    at /Users/brookeyalof/Development/MongoDB/leafygreen-ui/node_modules/jest-jasmine2/build/queueRunner.js:77:41</failure>
    </testcase>
    <testcase classname="packages/mongo-nav/user-menu atlas MenuItem links to cloud.mongodb.com" name="packages/mongo-nav/user-menu atlas MenuItem links to cloud.mongodb.com" time="0.009">
      <failure>Error: Found multiple elements by: [data-testid=&quot;user-menu-trigger&quot;]

(If this is intentional, then use the `*AllBy*` variant of the query (like `queryAllByText`, `getAllByText`, or `findAllByText`)).

&lt;body&gt;
  &lt;div&gt;
    &lt;div
      class=&quot;leafygreen-ui-1d5orsv&quot;
    &gt;
      &lt;div
        class=&quot;leafygreen-ui-1ucck97&quot;
      &gt;
        &lt;button
          class=&quot;leafygreen-ui-az0xu&quot;
          data-leafygreen-ui=&quot;button-data-prop&quot;
          data-testid=&quot;user-menu-trigger&quot;
        &gt;
          &lt;span
            class=&quot;leafygreen-ui-149xx62&quot;
          &gt;
            Leafy
          &lt;/span&gt;
          &lt;svg
            class=&quot;leafygreen-ui-5c823s&quot;
            data-leafygreen-ui=&quot;icon-data-prop&quot;
            height=&quot;16&quot;
            role=&quot;img&quot;
            title=&quot;Caret Down Icon&quot;
            viewBox=&quot;0 0 16 16&quot;
            width=&quot;16&quot;
          &gt;
            &lt;title&gt;
              CaretDown
            &lt;/title&gt;
            &lt;desc&gt;
              Created with Sketch.
            &lt;/desc&gt;
            &lt;g
              fill=&quot;none&quot;
              fill-rule=&quot;evenodd&quot;
              id=&quot;CaretDown-Copy&quot;
              stroke=&quot;none&quot;
              stroke-width=&quot;1&quot;
            &gt;
              &lt;path
                d=&quot;M4.67285687,6 L11.3271431,6 C11.9254697,6 12.224633,6.775217 11.8024493,7.22717749 L8.47530616,10.7889853 C8.21248981,11.0703382 7.78751019,11.0703382 7.52748976,10.7889853 L4.19755071,7.22717749 C3.77536701,6.775217 4.07453029,6 4.67285687,6 Z&quot;
                fill=&quot;currentColor&quot;
                id=&quot;Path&quot;
              /&gt;
            &lt;/g&gt;
          &lt;/svg&gt;
        &lt;/button&gt;
        &lt;div
          class=&quot;leafygreen-ui-28dumd&quot;
        /&gt;
      &lt;/div&gt;
    &lt;/div&gt;
  &lt;/div&gt;
  &lt;div&gt;
    &lt;div
      class=&quot;leafygreen-ui-1d5orsv&quot;
    &gt;
      &lt;div
        class=&quot;leafygreen-ui-1ucck97&quot;
      &gt;
        &lt;button
          class=&quot;leafygreen-ui-az0xu&quot;
          data-leafygreen-ui=&quot;button-data-prop&quot;
          data-testid=&quot;user-menu-trigger&quot;
        &gt;
          &lt;span
            class=&quot;leafygreen-ui-149xx62&quot;
          &gt;
            Leafy
          &lt;/span&gt;
          &lt;svg
            class=&quot;leafygreen-ui-5c823s&quot;
            data-leafygreen-ui=&quot;icon-data-prop&quot;
            height=&quot;16&quot;
            role=&quot;img&quot;
            title=&quot;Caret Down Icon&quot;
            viewBox=&quot;0 0 16 16&quot;
            width=&quot;16&quot;
          &gt;
            &lt;title&gt;
              CaretDown
            &lt;/title&gt;
            &lt;desc&gt;
              Created with Sketch.
            &lt;/desc&gt;
            &lt;g
              fill=&quot;none&quot;
              fill-rule=&quot;evenodd&quot;
              id=&quot;CaretDown-Copy&quot;
              stroke=&quot;none&quot;
              stroke-width=&quot;1&quot;
            &gt;
              &lt;path
                d=&quot;M4.67285687,6 L11.3271431,6 C11.9254697,6 12.224633,6.775217 11.8024493,7.22717749 L8.47530616,10.7889853 C8.21248981,11.0703382 7.78751019,11.0703382 7.52748976,10.7889853 L4.19755071,7.22717749 C3.77536701,6.775217 4.07453029,6 4.67285687,6 Z&quot;
                fill=&quot;currentColor&quot;
                id=&quot;Path&quot;
              /&gt;
            &lt;/g&gt;
          &lt;/svg&gt;
        &lt;/button&gt;
        &lt;div
          class=&quot;leafygreen-ui-28dumd&quot;
        /&gt;
      &lt;/div&gt;
    &lt;/div&gt;
  &lt;/div&gt;
  &lt;div&gt;
    &lt;div
      class=&quot;leafygreen-ui-1d5orsv&quot;
    &gt;
      &lt;div
        class=&quot;leafygreen-ui-1ucck97&quot;
      &gt;
        &lt;button
          class=&quot;leafygreen-ui-az0xu&quot;
          data-leafygreen-ui=&quot;button-data-prop&quot;
          data-testid=&quot;user-menu-trigger&quot;
        &gt;
          &lt;span
            class=&quot;leafygreen-ui-149xx62&quot;
          &gt;
            Leafy
          &lt;/span&gt;
          &lt;svg
            class=&quot;leafygreen-ui-5c823s&quot;
            data-leafygreen-ui=&quot;icon-data-prop&quot;
            height=&quot;16&quot;
            role=&quot;img&quot;
            title=&quot;Caret Down Icon&quot;
            viewBox=&quot;0 0 16 16&quot;
            width=&quot;16&quot;
          &gt;
            &lt;title&gt;
              CaretDown
            &lt;/title&gt;
            &lt;desc&gt;
              Created with Sketch.
            &lt;/desc&gt;
            &lt;g
              fill=&quot;none&quot;
              fill-rule=&quot;evenodd&quot;
              id=&quot;CaretDown-Copy&quot;
              stroke=&quot;none&quot;
              stroke-width=&quot;1&quot;
            &gt;
              &lt;path
                d=&quot;M4.67285687,6 L11.3271431,6 C11.9254697,6 12.224633,6.775217 11.8024493,7.22717749 L8.47530616,10.7889853 C8.21248981,11.0703382 7.78751019,11.0703382 7.52748976,10.7889853 L4.19755071,7.22717749 C3.77536701,6.775217 4.07453029,6 4.67285687,6 Z&quot;
                fill=&quot;currentColor&quot;
                id=&quot;Path&quot;
              /&gt;
            &lt;/g&gt;
          &lt;/svg&gt;
        &lt;/button&gt;
        &lt;div
          class=&quot;leafygreen-ui-28dumd&quot;
        /&gt;
      &lt;/div&gt;
    &lt;/div&gt;
  &lt;/div&gt;
  &lt;div&gt;
    &lt;div
      class=&quot;leafygreen-ui-1d5orsv&quot;
    &gt;
      &lt;div
        class=&quot;leafygreen-ui-1ucck97&quot;
      &gt;
        &lt;button
          class=&quot;leafygreen-ui-az0xu&quot;
          data-leafygreen-ui=&quot;button-data-prop&quot;
          data-testid=&quot;user-menu-trigger&quot;
        &gt;
          &lt;span
            class=&quot;leafygreen-ui-149xx62&quot;
          &gt;
            Leafy
          &lt;/span&gt;
          &lt;svg
            class=&quot;leafygreen-ui-5c823s&quot;
            data-leafygreen-ui=&quot;icon-data-prop&quot;
            height=&quot;16&quot;
            role=&quot;img&quot;
            title=&quot;Caret Down Icon&quot;
            viewBox=&quot;0 0 16 16&quot;
            width=&quot;16&quot;
          &gt;
            &lt;title&gt;
              CaretDown
            &lt;/title&gt;
            &lt;desc&gt;
              Created with Sketch.
            &lt;/desc&gt;
            &lt;g
              fill=&quot;none&quot;
              fill-rule=&quot;evenodd&quot;
              id=&quot;CaretDown-Copy&quot;
              stroke=&quot;none&quot;
              stroke-width=&quot;1&quot;
            &gt;
              &lt;path
                d=&quot;M4.67285687,6 L11.3271431,6 C11.9254697,6 12.224633,6.775217 11.8024493,7.22717749 L8.47530616,10.7889853 C8.21248981,11.0703382 7.78751019,11.0703382 7.52748976,10.7889853 L4.19755071,7.22717749 C3.77536701,6.775217 4.07453029,6 4.67285687,6 Z&quot;
                fill=&quot;currentColor&quot;
                id=&quot;Path&quot;
              /&gt;
            &lt;/g&gt;
          &lt;/svg&gt;
        &lt;/button&gt;
        &lt;div
          class=&quot;leafygreen-ui-28dumd&quot;
        /&gt;
      &lt;/div&gt;
    &lt;/div&gt;
  &lt;/div&gt;
&lt;/body&gt;
    at getElementError (/Users/brookeyalof/Development/MongoDB/leafygreen-ui/packages/mongo-nav/node_modules/@testing-library/dom/dist/query-helpers.js:46:10)
    at getMultipleElementsFoundError (/Users/brookeyalof/Development/MongoDB/leafygreen-ui/packages/mongo-nav/node_modules/@testing-library/dom/dist/query-helpers.js:50:10)
    at getByTestId (/Users/brookeyalof/Development/MongoDB/leafygreen-ui/packages/mongo-nav/node_modules/@testing-library/dom/dist/query-helpers.js:86:13)
    at Object.&lt;anonymous&gt; (/Users/brookeyalof/Development/MongoDB/leafygreen-ui/packages/mongo-nav/src/user-menu/UserMenu.spec.tsx:77:21)
    at Object.asyncJestTest (/Users/brookeyalof/Development/MongoDB/leafygreen-ui/node_modules/jest-jasmine2/build/jasmineAsyncInstall.js:100:37)
    at /Users/brookeyalof/Development/MongoDB/leafygreen-ui/node_modules/jest-jasmine2/build/queueRunner.js:47:12
    at new Promise (&lt;anonymous&gt;)
    at mapper (/Users/brookeyalof/Development/MongoDB/leafygreen-ui/node_modules/jest-jasmine2/build/queueRunner.js:30:19)
    at /Users/brookeyalof/Development/MongoDB/leafygreen-ui/node_modules/jest-jasmine2/build/queueRunner.js:77:41</failure>
    </testcase>
    <testcase classname="packages/mongo-nav/user-menu university MenuItem links to university.mongodb.com" name="packages/mongo-nav/user-menu university MenuItem links to university.mongodb.com" time="0.008">
      <failure>Error: Found multiple elements by: [data-testid=&quot;user-menu-trigger&quot;]

(If this is intentional, then use the `*AllBy*` variant of the query (like `queryAllByText`, `getAllByText`, or `findAllByText`)).

&lt;body&gt;
  &lt;div&gt;
    &lt;div
      class=&quot;leafygreen-ui-1d5orsv&quot;
    &gt;
      &lt;div
        class=&quot;leafygreen-ui-1ucck97&quot;
      &gt;
        &lt;button
          class=&quot;leafygreen-ui-az0xu&quot;
          data-leafygreen-ui=&quot;button-data-prop&quot;
          data-testid=&quot;user-menu-trigger&quot;
        &gt;
          &lt;span
            class=&quot;leafygreen-ui-149xx62&quot;
          &gt;
            Leafy
          &lt;/span&gt;
          &lt;svg
            class=&quot;leafygreen-ui-5c823s&quot;
            data-leafygreen-ui=&quot;icon-data-prop&quot;
            height=&quot;16&quot;
            role=&quot;img&quot;
            title=&quot;Caret Down Icon&quot;
            viewBox=&quot;0 0 16 16&quot;
            width=&quot;16&quot;
          &gt;
            &lt;title&gt;
              CaretDown
            &lt;/title&gt;
            &lt;desc&gt;
              Created with Sketch.
            &lt;/desc&gt;
            &lt;g
              fill=&quot;none&quot;
              fill-rule=&quot;evenodd&quot;
              id=&quot;CaretDown-Copy&quot;
              stroke=&quot;none&quot;
              stroke-width=&quot;1&quot;
            &gt;
              &lt;path
                d=&quot;M4.67285687,6 L11.3271431,6 C11.9254697,6 12.224633,6.775217 11.8024493,7.22717749 L8.47530616,10.7889853 C8.21248981,11.0703382 7.78751019,11.0703382 7.52748976,10.7889853 L4.19755071,7.22717749 C3.77536701,6.775217 4.07453029,6 4.67285687,6 Z&quot;
                fill=&quot;currentColor&quot;
                id=&quot;Path&quot;
              /&gt;
            &lt;/g&gt;
          &lt;/svg&gt;
        &lt;/button&gt;
        &lt;div
          class=&quot;leafygreen-ui-28dumd&quot;
        /&gt;
      &lt;/div&gt;
    &lt;/div&gt;
  &lt;/div&gt;
  &lt;div&gt;
    &lt;div
      class=&quot;leafygreen-ui-1d5orsv&quot;
    &gt;
      &lt;div
        class=&quot;leafygreen-ui-1ucck97&quot;
      &gt;
        &lt;button
          class=&quot;leafygreen-ui-az0xu&quot;
          data-leafygreen-ui=&quot;button-data-prop&quot;
          data-testid=&quot;user-menu-trigger&quot;
        &gt;
          &lt;span
            class=&quot;leafygreen-ui-149xx62&quot;
          &gt;
            Leafy
          &lt;/span&gt;
          &lt;svg
            class=&quot;leafygreen-ui-5c823s&quot;
            data-leafygreen-ui=&quot;icon-data-prop&quot;
            height=&quot;16&quot;
            role=&quot;img&quot;
            title=&quot;Caret Down Icon&quot;
            viewBox=&quot;0 0 16 16&quot;
            width=&quot;16&quot;
          &gt;
            &lt;title&gt;
              CaretDown
            &lt;/title&gt;
            &lt;desc&gt;
              Created with Sketch.
            &lt;/desc&gt;
            &lt;g
              fill=&quot;none&quot;
              fill-rule=&quot;evenodd&quot;
              id=&quot;CaretDown-Copy&quot;
              stroke=&quot;none&quot;
              stroke-width=&quot;1&quot;
            &gt;
              &lt;path
                d=&quot;M4.67285687,6 L11.3271431,6 C11.9254697,6 12.224633,6.775217 11.8024493,7.22717749 L8.47530616,10.7889853 C8.21248981,11.0703382 7.78751019,11.0703382 7.52748976,10.7889853 L4.19755071,7.22717749 C3.77536701,6.775217 4.07453029,6 4.67285687,6 Z&quot;
                fill=&quot;currentColor&quot;
                id=&quot;Path&quot;
              /&gt;
            &lt;/g&gt;
          &lt;/svg&gt;
        &lt;/button&gt;
        &lt;div
          class=&quot;leafygreen-ui-28dumd&quot;
        /&gt;
      &lt;/div&gt;
    &lt;/div&gt;
  &lt;/div&gt;
  &lt;div&gt;
    &lt;div
      class=&quot;leafygreen-ui-1d5orsv&quot;
    &gt;
      &lt;div
        class=&quot;leafygreen-ui-1ucck97&quot;
      &gt;
        &lt;button
          class=&quot;leafygreen-ui-az0xu&quot;
          data-leafygreen-ui=&quot;button-data-prop&quot;
          data-testid=&quot;user-menu-trigger&quot;
        &gt;
          &lt;span
            class=&quot;leafygreen-ui-149xx62&quot;
          &gt;
            Leafy
          &lt;/span&gt;
          &lt;svg
            class=&quot;leafygreen-ui-5c823s&quot;
            data-leafygreen-ui=&quot;icon-data-prop&quot;
            height=&quot;16&quot;
            role=&quot;img&quot;
            title=&quot;Caret Down Icon&quot;
            viewBox=&quot;0 0 16 16&quot;
            width=&quot;16&quot;
          &gt;
            &lt;title&gt;
              CaretDown
            &lt;/title&gt;
            &lt;desc&gt;
              Created with Sketch.
            &lt;/desc&gt;
            &lt;g
              fill=&quot;none&quot;
              fill-rule=&quot;evenodd&quot;
              id=&quot;CaretDown-Copy&quot;
              stroke=&quot;none&quot;
              stroke-width=&quot;1&quot;
            &gt;
              &lt;path
                d=&quot;M4.67285687,6 L11.3271431,6 C11.9254697,6 12.224633,6.775217 11.8024493,7.22717749 L8.47530616,10.7889853 C8.21248981,11.0703382 7.78751019,11.0703382 7.52748976,10.7889853 L4.19755071,7.22717749 C3.77536701,6.775217 4.07453029,6 4.67285687,6 Z&quot;
                fill=&quot;currentColor&quot;
                id=&quot;Path&quot;
              /&gt;
            &lt;/g&gt;
          &lt;/svg&gt;
        &lt;/button&gt;
        &lt;div
          class=&quot;leafygreen-ui-28dumd&quot;
        /&gt;
      &lt;/div&gt;
    &lt;/div&gt;
  &lt;/div&gt;
  &lt;div&gt;
    &lt;div
      class=&quot;leafygreen-ui-1d5orsv&quot;
    &gt;
      &lt;div
        class=&quot;leafygreen-ui-1ucck97&quot;
      &gt;
        &lt;button
          class=&quot;leafygreen-ui-az0xu&quot;
          data-leafygreen-ui=&quot;button-data-prop&quot;
          data-testid=&quot;user-menu-trigger&quot;
        &gt;
          &lt;span
            class=&quot;leafygreen-ui-149xx62&quot;
          &gt;
            Leafy
          &lt;/span&gt;
          &lt;svg
            class=&quot;leafygreen-ui-5c823s&quot;
            data-leafygreen-ui=&quot;icon-data-prop&quot;
            height=&quot;16&quot;
            role=&quot;img&quot;
            title=&quot;Caret Down Icon&quot;
            viewBox=&quot;0 0 16 16&quot;
            width=&quot;16&quot;
          &gt;
            &lt;title&gt;
              CaretDown
            &lt;/title&gt;
            &lt;desc&gt;
              Created with Sketch.
            &lt;/desc&gt;
            &lt;g
              fill=&quot;none&quot;
              fill-rule=&quot;evenodd&quot;
              id=&quot;CaretDown-Copy&quot;
              stroke=&quot;none&quot;
              stroke-width=&quot;1&quot;
            &gt;
              &lt;path
                d=&quot;M4.67285687,6 L11.3271431,6 C11.9254697,6 12.224633,6.775217 11.8024493,7.22717749 L8.47530616,10.7889853 C8.21248981,11.0703382 7.78751019,11.0703382 7.52748976,10.7889853 L4.19755071,7.22717749 C3.77536701,6.775217 4.07453029,6 4.67285687,6 Z&quot;
                fill=&quot;currentColor&quot;
                id=&quot;Path&quot;
              /&gt;
            &lt;/g&gt;
          &lt;/svg&gt;
        &lt;/button&gt;
        &lt;div
          class=&quot;leafygreen-ui-28dumd&quot;
        /&gt;
      &lt;/div&gt;
    &lt;/div&gt;
  &lt;/div&gt;
  &lt;div&gt;
    &lt;div
      class=&quot;leafygreen-ui-1d5orsv&quot;
    &gt;
      &lt;div
        class=&quot;leafygreen-ui-1ucck97&quot;
      &gt;
        &lt;button
          class=&quot;leafygreen-ui-az0xu&quot;
          data-leafygreen-ui=&quot;button-data-prop&quot;
          data-testid=&quot;user-menu-trigger&quot;
        &gt;
          &lt;span
            class=&quot;leafygreen-ui-149xx62&quot;
          &gt;
            Leafy
          &lt;/span&gt;
          &lt;svg
            class=&quot;leafygreen-ui-5c823s&quot;
            data-leafygreen-ui=&quot;icon-data-prop&quot;
            height=&quot;16&quot;
            role=&quot;img&quot;
            title=&quot;Caret Down Icon&quot;
            viewBox=&quot;0 0 16 16&quot;
            width=&quot;16&quot;
          &gt;
            &lt;title&gt;
              CaretDown
            &lt;/title&gt;
            &lt;desc&gt;
              Created with Sketch.
            &lt;/desc&gt;
            &lt;g
              fill=&quot;none&quot;
              fill-rule=&quot;evenodd&quot;
              id=&quot;CaretDown-Copy&quot;
              stroke=&quot;none&quot;
              stroke-width=&quot;1&quot;
            &gt;
              &lt;path
                d=&quot;M4.67285687,6 L11.3271431,6 C11.9254697,6 12.224633,6.775217 11.8024493,7.22717749 L8.47530616,10.7889853 C8.21248981,11.0703382 7.78751019,11.0703382 7.52748976,10.7889853 L4.19755071,7.22717749 C3.77536701,6.775217 4.07453029,6 4.67285687,6 Z&quot;
                fill=&quot;currentColor&quot;
                id=&quot;Path&quot;
              /&gt;
            &lt;/g&gt;
          &lt;/svg&gt;
        &lt;/button&gt;
        &lt;div
          class=&quot;leafygreen-ui-28dumd&quot;
        /&gt;
      &lt;/div&gt;
    &lt;/div&gt;
  &lt;/div&gt;
&lt;/body&gt;
    at getElementError (/Users/brookeyalof/Development/MongoDB/leafygreen-ui/packages/mongo-nav/node_modules/@testing-library/dom/dist/query-helpers.js:46:10)
    at getMultipleElementsFoundError (/Users/brookeyalof/Development/MongoDB/leafygreen-ui/packages/mongo-nav/node_modules/@testing-library/dom/dist/query-helpers.js:50:10)
    at getByTestId (/Users/brookeyalof/Development/MongoDB/leafygreen-ui/packages/mongo-nav/node_modules/@testing-library/dom/dist/query-helpers.js:86:13)
    at Object.&lt;anonymous&gt; (/Users/brookeyalof/Development/MongoDB/leafygreen-ui/packages/mongo-nav/src/user-menu/UserMenu.spec.tsx:92:21)
    at Object.asyncJestTest (/Users/brookeyalof/Development/MongoDB/leafygreen-ui/node_modules/jest-jasmine2/build/jasmineAsyncInstall.js:100:37)
    at /Users/brookeyalof/Development/MongoDB/leafygreen-ui/node_modules/jest-jasmine2/build/queueRunner.js:47:12
    at new Promise (&lt;anonymous&gt;)
    at mapper (/Users/brookeyalof/Development/MongoDB/leafygreen-ui/node_modules/jest-jasmine2/build/queueRunner.js:30:19)
    at /Users/brookeyalof/Development/MongoDB/leafygreen-ui/node_modules/jest-jasmine2/build/queueRunner.js:77:41</failure>
    </testcase>
    <testcase classname="packages/mongo-nav/user-menu support MenuItem links to support.mongodb.com" name="packages/mongo-nav/user-menu support MenuItem links to support.mongodb.com" time="0.01">
      <failure>Error: Found multiple elements by: [data-testid=&quot;user-menu-trigger&quot;]

(If this is intentional, then use the `*AllBy*` variant of the query (like `queryAllByText`, `getAllByText`, or `findAllByText`)).

&lt;body&gt;
  &lt;div&gt;
    &lt;div
      class=&quot;leafygreen-ui-1d5orsv&quot;
    &gt;
      &lt;div
        class=&quot;leafygreen-ui-1ucck97&quot;
      &gt;
        &lt;button
          class=&quot;leafygreen-ui-az0xu&quot;
          data-leafygreen-ui=&quot;button-data-prop&quot;
          data-testid=&quot;user-menu-trigger&quot;
        &gt;
          &lt;span
            class=&quot;leafygreen-ui-149xx62&quot;
          &gt;
            Leafy
          &lt;/span&gt;
          &lt;svg
            class=&quot;leafygreen-ui-5c823s&quot;
            data-leafygreen-ui=&quot;icon-data-prop&quot;
            height=&quot;16&quot;
            role=&quot;img&quot;
            title=&quot;Caret Down Icon&quot;
            viewBox=&quot;0 0 16 16&quot;
            width=&quot;16&quot;
          &gt;
            &lt;title&gt;
              CaretDown
            &lt;/title&gt;
            &lt;desc&gt;
              Created with Sketch.
            &lt;/desc&gt;
            &lt;g
              fill=&quot;none&quot;
              fill-rule=&quot;evenodd&quot;
              id=&quot;CaretDown-Copy&quot;
              stroke=&quot;none&quot;
              stroke-width=&quot;1&quot;
            &gt;
              &lt;path
                d=&quot;M4.67285687,6 L11.3271431,6 C11.9254697,6 12.224633,6.775217 11.8024493,7.22717749 L8.47530616,10.7889853 C8.21248981,11.0703382 7.78751019,11.0703382 7.52748976,10.7889853 L4.19755071,7.22717749 C3.77536701,6.775217 4.07453029,6 4.67285687,6 Z&quot;
                fill=&quot;currentColor&quot;
                id=&quot;Path&quot;
              /&gt;
            &lt;/g&gt;
          &lt;/svg&gt;
        &lt;/button&gt;
        &lt;div
          class=&quot;leafygreen-ui-28dumd&quot;
        /&gt;
      &lt;/div&gt;
    &lt;/div&gt;
  &lt;/div&gt;
  &lt;div&gt;
    &lt;div
      class=&quot;leafygreen-ui-1d5orsv&quot;
    &gt;
      &lt;div
        class=&quot;leafygreen-ui-1ucck97&quot;
      &gt;
        &lt;button
          class=&quot;leafygreen-ui-az0xu&quot;
          data-leafygreen-ui=&quot;button-data-prop&quot;
          data-testid=&quot;user-menu-trigger&quot;
        &gt;
          &lt;span
            class=&quot;leafygreen-ui-149xx62&quot;
          &gt;
            Leafy
          &lt;/span&gt;
          &lt;svg
            class=&quot;leafygreen-ui-5c823s&quot;
            data-leafygreen-ui=&quot;icon-data-prop&quot;
            height=&quot;16&quot;
            role=&quot;img&quot;
            title=&quot;Caret Down Icon&quot;
            viewBox=&quot;0 0 16 16&quot;
            width=&quot;16&quot;
          &gt;
            &lt;title&gt;
              CaretDown
            &lt;/title&gt;
            &lt;desc&gt;
              Created with Sketch.
            &lt;/desc&gt;
            &lt;g
              fill=&quot;none&quot;
              fill-rule=&quot;evenodd&quot;
              id=&quot;CaretDown-Copy&quot;
              stroke=&quot;none&quot;
              stroke-width=&quot;1&quot;
            &gt;
              &lt;path
                d=&quot;M4.67285687,6 L11.3271431,6 C11.9254697,6 12.224633,6.775217 11.8024493,7.22717749 L8.47530616,10.7889853 C8.21248981,11.0703382 7.78751019,11.0703382 7.52748976,10.7889853 L4.19755071,7.22717749 C3.77536701,6.775217 4.07453029,6 4.67285687,6 Z&quot;
                fill=&quot;currentColor&quot;
                id=&quot;Path&quot;
              /&gt;
            &lt;/g&gt;
          &lt;/svg&gt;
        &lt;/button&gt;
        &lt;div
          class=&quot;leafygreen-ui-28dumd&quot;
        /&gt;
      &lt;/div&gt;
    &lt;/div&gt;
  &lt;/div&gt;
  &lt;div&gt;
    &lt;div
      class=&quot;leafygreen-ui-1d5orsv&quot;
    &gt;
      &lt;div
        class=&quot;leafygreen-ui-1ucck97&quot;
      &gt;
        &lt;button
          class=&quot;leafygreen-ui-az0xu&quot;
          data-leafygreen-ui=&quot;button-data-prop&quot;
          data-testid=&quot;user-menu-trigger&quot;
        &gt;
          &lt;span
            class=&quot;leafygreen-ui-149xx62&quot;
          &gt;
            Leafy
          &lt;/span&gt;
          &lt;svg
            class=&quot;leafygreen-ui-5c823s&quot;
            data-leafygreen-ui=&quot;icon-data-prop&quot;
            height=&quot;16&quot;
            role=&quot;img&quot;
            title=&quot;Caret Down Icon&quot;
            viewBox=&quot;0 0 16 16&quot;
            width=&quot;16&quot;
          &gt;
            &lt;title&gt;
              CaretDown
            &lt;/title&gt;
            &lt;desc&gt;
              Created with Sketch.
            &lt;/desc&gt;
            &lt;g
              fill=&quot;none&quot;
              fill-rule=&quot;evenodd&quot;
              id=&quot;CaretDown-Copy&quot;
              stroke=&quot;none&quot;
              stroke-width=&quot;1&quot;
            &gt;
              &lt;path
                d=&quot;M4.67285687,6 L11.3271431,6 C11.9254697,6 12.224633,6.775217 11.8024493,7.22717749 L8.47530616,10.7889853 C8.21248981,11.0703382 7.78751019,11.0703382 7.52748976,10.7889853 L4.19755071,7.22717749 C3.77536701,6.775217 4.07453029,6 4.67285687,6 Z&quot;
                fill=&quot;currentColor&quot;
                id=&quot;Path&quot;
              /&gt;
            &lt;/g&gt;
          &lt;/svg&gt;
        &lt;/button&gt;
        &lt;div
          class=&quot;leafygreen-ui-28dumd&quot;
        /&gt;
      &lt;/div&gt;
    &lt;/div&gt;
  &lt;/div&gt;
  &lt;div&gt;
    &lt;div
      class=&quot;leafygreen-ui-1d5orsv&quot;
    &gt;
      &lt;div
        class=&quot;leafygreen-ui-1ucck97&quot;
      &gt;
        &lt;button
          class=&quot;leafygreen-ui-az0xu&quot;
          data-leafygreen-ui=&quot;button-data-prop&quot;
          data-testid=&quot;user-menu-trigger&quot;
        &gt;
          &lt;span
            class=&quot;leafygreen-ui-149xx62&quot;
          &gt;
            Leafy
          &lt;/span&gt;
          &lt;svg
            class=&quot;leafygreen-ui-5c823s&quot;
            data-leafygreen-ui=&quot;icon-data-prop&quot;
            height=&quot;16&quot;
            role=&quot;img&quot;
            title=&quot;Caret Down Icon&quot;
            viewBox=&quot;0 0 16 16&quot;
            width=&quot;16&quot;
          &gt;
            &lt;title&gt;
              CaretDown
            &lt;/title&gt;
            &lt;desc&gt;
              Created with Sketch.
            &lt;/desc&gt;
            &lt;g
              fill=&quot;none&quot;
              fill-rule=&quot;evenodd&quot;
              id=&quot;CaretDown-Copy&quot;
              stroke=&quot;none&quot;
              stroke-width=&quot;1&quot;
            &gt;
              &lt;path
                d=&quot;M4.67285687,6 L11.3271431,6 C11.9254697,6 12.224633,6.775217 11.8024493,7.22717749 L8.47530616,10.7889853 C8.21248981,11.0703382 7.78751019,11.0703382 7.52748976,10.7889853 L4.19755071,7.22717749 C3.77536701,6.775217 4.07453029,6 4.67285687,6 Z&quot;
                fill=&quot;currentColor&quot;
                id=&quot;Path&quot;
              /&gt;
            &lt;/g&gt;
          &lt;/svg&gt;
        &lt;/button&gt;
        &lt;div
          class=&quot;leafygreen-ui-28dumd&quot;
        /&gt;
      &lt;/div&gt;
    &lt;/div&gt;
  &lt;/div&gt;
  &lt;div&gt;
    &lt;div
      class=&quot;leafygreen-ui-1d5orsv&quot;
    &gt;
      &lt;div
        class=&quot;leafygreen-ui-1ucck97&quot;
      &gt;
        &lt;button
          class=&quot;leafygreen-ui-az0xu&quot;
          data-leafygreen-ui=&quot;button-data-prop&quot;
          data-testid=&quot;user-menu-trigger&quot;
        &gt;
          &lt;span
            class=&quot;leafygreen-ui-149xx62&quot;
          &gt;
            Leafy
          &lt;/span&gt;
          &lt;svg
            class=&quot;leafygreen-ui-5c823s&quot;
            data-leafygreen-ui=&quot;icon-data-prop&quot;
            height=&quot;16&quot;
            role=&quot;img&quot;
            title=&quot;Caret Down Icon&quot;
            viewBox=&quot;0 0 16 16&quot;
            width=&quot;16&quot;
          &gt;
            &lt;title&gt;
              CaretDown
            &lt;/title&gt;
            &lt;desc&gt;
              Created with Sketch.
            &lt;/desc&gt;
            &lt;g
              fill=&quot;none&quot;
              fill-rule=&quot;evenodd&quot;
              id=&quot;CaretDown-Copy&quot;
              stroke=&quot;none&quot;
              stroke-width=&quot;1&quot;
            &gt;
              &lt;path
                d=&quot;M4.67285687,6 L11.3271431,6 C11.9254697,6 12.224633,6.775217 11.8024493,7.22717749 L8.47530616,10.7889853 C8.21248981,11.0703382 7.78751019,11.0703382 7.52748976,10.7889853 L4.19755071,7.22717749 C3.77536701,6.775217 4.07453029,6 4.67285687,6 Z&quot;
                fill=&quot;currentColor&quot;
                id=&quot;Path&quot;
              /&gt;
            &lt;/g&gt;
          &lt;/svg&gt;
        &lt;/button&gt;
        &lt;div
          class=&quot;leafygreen-ui-28dumd&quot;
        /&gt;
      &lt;/div&gt;
    &lt;/div&gt;
  &lt;/div&gt;
  &lt;div&gt;
    &lt;div
      class=&quot;leafygreen-ui-1d5orsv&quot;
    &gt;
      &lt;div
        class=&quot;leafygreen-ui-1ucck97&quot;
      &gt;
        &lt;button
          class=&quot;leafygreen-ui-az0xu&quot;
          data-leafygreen-ui=&quot;button-data-prop&quot;
          data-testid=&quot;user-menu-trigger&quot;
        &gt;
          &lt;span
            class=&quot;leafygreen-ui-149xx62&quot;
          &gt;
            Leafy
          &lt;/span&gt;
          &lt;svg
            class=&quot;leafygreen-ui-5c823s&quot;
            data-leafygreen-ui=&quot;icon-data-prop&quot;
            height=&quot;16&quot;
            role=&quot;img&quot;
            title=&quot;Caret Down Icon&quot;
            viewBox=&quot;0 0 16 16&quot;
            width=&quot;16&quot;
          &gt;
            &lt;title&gt;
              CaretDown
            &lt;/title&gt;
            &lt;desc&gt;
              Created with Sketch.
            &lt;/desc&gt;
            &lt;g
              fill=&quot;none&quot;
              fill-rule=&quot;evenodd&quot;
              id=&quot;CaretDown-Copy&quot;
              stroke=&quot;none&quot;
              stroke-width=&quot;1&quot;
            &gt;
              &lt;path
                d=&quot;M4.67285687,6 L11.3271431,6 C11.9254697,6 12.224633,6.775217 11.8024493,7.22717749 L8.47530616,10.7889853 C8.21248981,11.0703382 7.78751019,11.0703382 7.52748976,10.7889853 L4.19755071,7.22717749 C3.77536701,6.775217 4.07453029,6 4.67285687,6 Z&quot;
                fill=&quot;currentColor&quot;
                id=&quot;Path&quot;
              /&gt;
            &lt;/g&gt;
          &lt;/svg&gt;
        &lt;/button&gt;
        &lt;div
          class=&quot;leafygreen-ui-28dumd&quot;
        /&gt;
      &lt;/div&gt;
    &lt;/div&gt;
  &lt;/div&gt;
&lt;/body&gt;
    at getElementError (/Users/brookeyalof/Development/MongoDB/leafygreen-ui/packages/mongo-nav/node_modules/@testing-library/dom/dist/query-helpers.js:46:10)
    at getMultipleElementsFoundError (/Users/brookeyalof/Development/MongoDB/leafygreen-ui/packages/mongo-nav/node_modules/@testing-library/dom/dist/query-helpers.js:50:10)
    at getByTestId (/Users/brookeyalof/Development/MongoDB/leafygreen-ui/packages/mongo-nav/node_modules/@testing-library/dom/dist/query-helpers.js:86:13)
    at Object.&lt;anonymous&gt; (/Users/brookeyalof/Development/MongoDB/leafygreen-ui/packages/mongo-nav/src/user-menu/UserMenu.spec.tsx:107:21)
    at Object.asyncJestTest (/Users/brookeyalof/Development/MongoDB/leafygreen-ui/node_modules/jest-jasmine2/build/jasmineAsyncInstall.js:100:37)
    at /Users/brookeyalof/Development/MongoDB/leafygreen-ui/node_modules/jest-jasmine2/build/queueRunner.js:47:12
    at new Promise (&lt;anonymous&gt;)
    at mapper (/Users/brookeyalof/Development/MongoDB/leafygreen-ui/node_modules/jest-jasmine2/build/queueRunner.js:30:19)
    at /Users/brookeyalof/Development/MongoDB/leafygreen-ui/node_modules/jest-jasmine2/build/queueRunner.js:77:41</failure>
    </testcase>
    <testcase classname="packages/mongo-nav/user-menu onLogout fires when logout is clicked" name="packages/mongo-nav/user-menu onLogout fires when logout is clicked" time="0.011">
      <failure>Error: Found multiple elements by: [data-testid=&quot;user-menu-trigger&quot;]

(If this is intentional, then use the `*AllBy*` variant of the query (like `queryAllByText`, `getAllByText`, or `findAllByText`)).

&lt;body&gt;
  &lt;div&gt;
    &lt;div
      class=&quot;leafygreen-ui-1d5orsv&quot;
    &gt;
      &lt;div
        class=&quot;leafygreen-ui-1ucck97&quot;
      &gt;
        &lt;button
          class=&quot;leafygreen-ui-az0xu&quot;
          data-leafygreen-ui=&quot;button-data-prop&quot;
          data-testid=&quot;user-menu-trigger&quot;
        &gt;
          &lt;span
            class=&quot;leafygreen-ui-149xx62&quot;
          &gt;
            Leafy
          &lt;/span&gt;
          &lt;svg
            class=&quot;leafygreen-ui-5c823s&quot;
            data-leafygreen-ui=&quot;icon-data-prop&quot;
            height=&quot;16&quot;
            role=&quot;img&quot;
            title=&quot;Caret Down Icon&quot;
            viewBox=&quot;0 0 16 16&quot;
            width=&quot;16&quot;
          &gt;
            &lt;title&gt;
              CaretDown
            &lt;/title&gt;
            &lt;desc&gt;
              Created with Sketch.
            &lt;/desc&gt;
            &lt;g
              fill=&quot;none&quot;
              fill-rule=&quot;evenodd&quot;
              id=&quot;CaretDown-Copy&quot;
              stroke=&quot;none&quot;
              stroke-width=&quot;1&quot;
            &gt;
              &lt;path
                d=&quot;M4.67285687,6 L11.3271431,6 C11.9254697,6 12.224633,6.775217 11.8024493,7.22717749 L8.47530616,10.7889853 C8.21248981,11.0703382 7.78751019,11.0703382 7.52748976,10.7889853 L4.19755071,7.22717749 C3.77536701,6.775217 4.07453029,6 4.67285687,6 Z&quot;
                fill=&quot;currentColor&quot;
                id=&quot;Path&quot;
              /&gt;
            &lt;/g&gt;
          &lt;/svg&gt;
        &lt;/button&gt;
        &lt;div
          class=&quot;leafygreen-ui-28dumd&quot;
        /&gt;
      &lt;/div&gt;
    &lt;/div&gt;
  &lt;/div&gt;
  &lt;div&gt;
    &lt;div
      class=&quot;leafygreen-ui-1d5orsv&quot;
    &gt;
      &lt;div
        class=&quot;leafygreen-ui-1ucck97&quot;
      &gt;
        &lt;button
          class=&quot;leafygreen-ui-az0xu&quot;
          data-leafygreen-ui=&quot;button-data-prop&quot;
          data-testid=&quot;user-menu-trigger&quot;
        &gt;
          &lt;span
            class=&quot;leafygreen-ui-149xx62&quot;
          &gt;
            Leafy
          &lt;/span&gt;
          &lt;svg
            class=&quot;leafygreen-ui-5c823s&quot;
            data-leafygreen-ui=&quot;icon-data-prop&quot;
            height=&quot;16&quot;
            role=&quot;img&quot;
            title=&quot;Caret Down Icon&quot;
            viewBox=&quot;0 0 16 16&quot;
            width=&quot;16&quot;
          &gt;
            &lt;title&gt;
              CaretDown
            &lt;/title&gt;
            &lt;desc&gt;
              Created with Sketch.
            &lt;/desc&gt;
            &lt;g
              fill=&quot;none&quot;
              fill-rule=&quot;evenodd&quot;
              id=&quot;CaretDown-Copy&quot;
              stroke=&quot;none&quot;
              stroke-width=&quot;1&quot;
            &gt;
              &lt;path
                d=&quot;M4.67285687,6 L11.3271431,6 C11.9254697,6 12.224633,6.775217 11.8024493,7.22717749 L8.47530616,10.7889853 C8.21248981,11.0703382 7.78751019,11.0703382 7.52748976,10.7889853 L4.19755071,7.22717749 C3.77536701,6.775217 4.07453029,6 4.67285687,6 Z&quot;
                fill=&quot;currentColor&quot;
                id=&quot;Path&quot;
              /&gt;
            &lt;/g&gt;
          &lt;/svg&gt;
        &lt;/button&gt;
        &lt;div
          class=&quot;leafygreen-ui-28dumd&quot;
        /&gt;
      &lt;/div&gt;
    &lt;/div&gt;
  &lt;/div&gt;
  &lt;div&gt;
    &lt;div
      class=&quot;leafygreen-ui-1d5orsv&quot;
    &gt;
      &lt;div
        class=&quot;leafygreen-ui-1ucck97&quot;
      &gt;
        &lt;button
          class=&quot;leafygreen-ui-az0xu&quot;
          data-leafygreen-ui=&quot;button-data-prop&quot;
          data-testid=&quot;user-menu-trigger&quot;
        &gt;
          &lt;span
            class=&quot;leafygreen-ui-149xx62&quot;
          &gt;
            Leafy
          &lt;/span&gt;
          &lt;svg
            class=&quot;leafygreen-ui-5c823s&quot;
            data-leafygreen-ui=&quot;icon-data-prop&quot;
            height=&quot;16&quot;
            role=&quot;img&quot;
            title=&quot;Caret Down Icon&quot;
            viewBox=&quot;0 0 16 16&quot;
            width=&quot;16&quot;
          &gt;
            &lt;title&gt;
              CaretDown
            &lt;/title&gt;
            &lt;desc&gt;
              Created with Sketch.
            &lt;/desc&gt;
            &lt;g
              fill=&quot;none&quot;
              fill-rule=&quot;evenodd&quot;
              id=&quot;CaretDown-Copy&quot;
              stroke=&quot;none&quot;
              stroke-width=&quot;1&quot;
            &gt;
              &lt;path
                d=&quot;M4.67285687,6 L11.3271431,6 C11.9254697,6 12.224633,6.775217 11.8024493,7.22717749 L8.47530616,10.7889853 C8.21248981,11.0703382 7.78751019,11.0703382 7.52748976,10.7889853 L4.19755071,7.22717749 C3.77536701,6.775217 4.07453029,6 4.67285687,6 Z&quot;
                fill=&quot;currentColor&quot;
                id=&quot;Path&quot;
              /&gt;
            &lt;/g&gt;
          &lt;/svg&gt;
        &lt;/button&gt;
        &lt;div
          class=&quot;leafygreen-ui-28dumd&quot;
        /&gt;
      &lt;/div&gt;
    &lt;/div&gt;
  &lt;/div&gt;
  &lt;div&gt;
    &lt;div
      class=&quot;leafygreen-ui-1d5orsv&quot;
    &gt;
      &lt;div
        class=&quot;leafygreen-ui-1ucck97&quot;
      &gt;
        &lt;button
          class=&quot;leafygreen-ui-az0xu&quot;
          data-leafygreen-ui=&quot;button-data-prop&quot;
          data-testid=&quot;user-menu-trigger&quot;
        &gt;
          &lt;span
            class=&quot;leafygreen-ui-149xx62&quot;
          &gt;
            Leafy
          &lt;/span&gt;
          &lt;svg
            class=&quot;leafygreen-ui-5c823s&quot;
            data-leafygreen-ui=&quot;icon-data-prop&quot;
            height=&quot;16&quot;
            role=&quot;img&quot;
            title=&quot;Caret Down Icon&quot;
            viewBox=&quot;0 0 16 16&quot;
            width=&quot;16&quot;
          &gt;
            &lt;title&gt;
              CaretDown
            &lt;/title&gt;
            &lt;desc&gt;
              Created with Sketch.
            &lt;/desc&gt;
            &lt;g
              fill=&quot;none&quot;
              fill-rule=&quot;evenodd&quot;
              id=&quot;CaretDown-Copy&quot;
              stroke=&quot;none&quot;
              stroke-width=&quot;1&quot;
            &gt;
              &lt;path
                d=&quot;M4.67285687,6 L11.3271431,6 C11.9254697,6 12.224633,6.775217 11.8024493,7.22717749 L8.47530616,10.7889853 C8.21248981,11.0703382 7.78751019,11.0703382 7.52748976,10.7889853 L4.19755071,7.22717749 C3.77536701,6.775217 4.07453029,6 4.67285687,6 Z&quot;
                fill=&quot;currentColor&quot;
                id=&quot;Path&quot;
              /&gt;
            &lt;/g&gt;
          &lt;/svg&gt;
        &lt;/button&gt;
        &lt;div
          class=&quot;leafygreen-ui-28dumd&quot;
        /&gt;
      &lt;/div&gt;
    &lt;/div&gt;
  &lt;/div&gt;
  &lt;div&gt;
    &lt;div
      class=&quot;leafygreen-ui-1d5orsv&quot;
    &gt;
      &lt;div
        class=&quot;leafygreen-ui-1ucck97&quot;
      &gt;
        &lt;button
          class=&quot;leafygreen-ui-az0xu&quot;
          data-leafygreen-ui=&quot;button-data-prop&quot;
          data-testid=&quot;user-menu-trigger&quot;
        &gt;
          &lt;span
            class=&quot;leafygreen-ui-149xx62&quot;
          &gt;
            Leafy
          &lt;/span&gt;
          &lt;svg
            class=&quot;leafygreen-ui-5c823s&quot;
            data-leafygreen-ui=&quot;icon-data-prop&quot;
            height=&quot;16&quot;
            role=&quot;img&quot;
            title=&quot;Caret Down Icon&quot;
            viewBox=&quot;0 0 16 16&quot;
            width=&quot;16&quot;
          &gt;
            &lt;title&gt;
              CaretDown
            &lt;/title&gt;
            &lt;desc&gt;
              Created with Sketch.
            &lt;/desc&gt;
            &lt;g
              fill=&quot;none&quot;
              fill-rule=&quot;evenodd&quot;
              id=&quot;CaretDown-Copy&quot;
              stroke=&quot;none&quot;
              stroke-width=&quot;1&quot;
            &gt;
              &lt;path
                d=&quot;M4.67285687,6 L11.3271431,6 C11.9254697,6 12.224633,6.775217 11.8024493,7.22717749 L8.47530616,10.7889853 C8.21248981,11.0703382 7.78751019,11.0703382 7.52748976,10.7889853 L4.19755071,7.22717749 C3.77536701,6.775217 4.07453029,6 4.67285687,6 Z&quot;
                fill=&quot;currentColor&quot;
                id=&quot;Path&quot;
              /&gt;
            &lt;/g&gt;
          &lt;/svg&gt;
        &lt;/button&gt;
        &lt;div
          class=&quot;leafygreen-ui-28dumd&quot;
        /&gt;
      &lt;/div&gt;
    &lt;/div&gt;
  &lt;/div&gt;
  &lt;div&gt;
    &lt;div
      class=&quot;leafygreen-ui-1d5orsv&quot;
    &gt;
      &lt;div
        class=&quot;leafygreen-ui-1ucck97&quot;
      &gt;
        &lt;button
          class=&quot;leafygreen-ui-az0xu&quot;
          data-leafygreen-ui=&quot;button-data-prop&quot;
          data-testid=&quot;user-menu-trigger&quot;
        &gt;
          &lt;span
            class=&quot;leafygreen-ui-149xx62&quot;
          &gt;
            Leafy
          &lt;/span&gt;
          &lt;svg
            class=&quot;leafygreen-ui-5c823s&quot;
            data-leafygreen-ui=&quot;icon-data-prop&quot;
            height=&quot;16&quot;
            role=&quot;img&quot;
            title=&quot;Caret Down Icon&quot;
            viewBox=&quot;0 0 16 16&quot;
            width=&quot;16&quot;
          &gt;
            &lt;title&gt;
              CaretDown
            &lt;/title&gt;
            &lt;desc&gt;
              Created with Sketch.
            &lt;/desc&gt;
            &lt;g
              fill=&quot;none&quot;
              fill-rule=&quot;evenodd&quot;
              id=&quot;CaretDown-Copy&quot;
              stroke=&quot;none&quot;
              stroke-width=&quot;1&quot;
            &gt;
              &lt;path
                d=&quot;M4.67285687,6 L11.3271431,6 C11.9254697,6 12.224633,6.775217 11.8024493,7.22717749 L8.47530616,10.7889853 C8.21248981,11.0703382 7.78751019,11.0703382 7.52748976,10.7889853 L4.19755071,7.22717749 C3.77536701,6.775217 4.07453029,6 4.67285687,6 Z&quot;
                fill=&quot;currentColor&quot;
                id=&quot;Path&quot;
              /&gt;
            &lt;/g&gt;
          &lt;/svg&gt;
        &lt;/button&gt;
        &lt;div
          class=&quot;leafygreen-ui-28dumd&quot;
        /&gt;
      &lt;/div&gt;
    &lt;/div&gt;
  &lt;/div&gt;
  &lt;div&gt;
    &lt;div
      class=&quot;leafygreen-ui-1d5orsv&quot;
    &gt;
      &lt;div
        class=&quot;leafygreen-ui-1ucck97&quot;
      &gt;
        &lt;button
          class=&quot;leafygreen-ui-az0xu&quot;
          data-leafygreen-ui=&quot;button-data-prop&quot;
          data-testid=&quot;user-menu-trigger&quot;
        &gt;
          &lt;span
            class=&quot;leafygreen-ui-149xx62&quot;
          &gt;
            Leafy
          &lt;/span&gt;
          &lt;svg
            class=&quot;leafygreen-ui-5c823s&quot;
            data-leafygreen-ui=&quot;icon-data-prop&quot;
            height=&quot;16&quot;
            role=&quot;img&quot;
            title=&quot;Caret Down Icon&quot;
            viewBox=&quot;0 0 16 16&quot;
            width=&quot;16&quot;
          &gt;
            &lt;title&gt;
              CaretDown
            &lt;/title&gt;
            &lt;desc&gt;
              Created with Sketch.
            &lt;/desc&gt;
            &lt;g
              fill=&quot;none&quot;
              fill-rule=&quot;evenodd&quot;
              id=&quot;CaretDown-Copy&quot;
              stroke=&quot;none&quot;
              stroke-width=&quot;1&quot;
            &gt;
              &lt;path
                d=&quot;M4.67285687,6 L11.3271431,6 C11.9254697,6 12.224633,6.775217 11.8024493,7.22717749 L8.47530616,10.7889853 C8.21248981,11.0703382 7.78751019,11.0703382 7.52748976,10.7889853 L4.19755071,7.22717749 C3.77536701,6.775217 4.07453029,6 4.67285687,6 Z&quot;
                fill=&quot;currentColor&quot;
                id=&quot;Path&quot;
              /&gt;
            &lt;/g&gt;
          &lt;/svg&gt;
        &lt;/button&gt;
        &lt;div
          class=&quot;leafygreen-ui-28dumd&quot;
        /&gt;
      &lt;/div&gt;
    &lt;/div&gt;
  &lt;/div&gt;
&lt;/body&gt;
    at getElementError (/Users/brookeyalof/Development/MongoDB/leafygreen-ui/packages/mongo-nav/node_modules/@testing-library/dom/dist/query-helpers.js:46:10)
    at getMultipleElementsFoundError (/Users/brookeyalof/Development/MongoDB/leafygreen-ui/packages/mongo-nav/node_modules/@testing-library/dom/dist/query-helpers.js:50:10)
    at getByTestId (/Users/brookeyalof/Development/MongoDB/leafygreen-ui/packages/mongo-nav/node_modules/@testing-library/dom/dist/query-helpers.js:86:13)
    at _callee2$ (/Users/brookeyalof/Development/MongoDB/leafygreen-ui/packages/mongo-nav/src/user-menu/UserMenu.spec.tsx:122:21)
    at tryCatch (/Users/brookeyalof/Development/MongoDB/leafygreen-ui/node_modules/regenerator-runtime/runtime.js:45:40)
    at Generator.invoke [as _invoke] (/Users/brookeyalof/Development/MongoDB/leafygreen-ui/node_modules/regenerator-runtime/runtime.js:274:22)
    at Generator.prototype.&lt;computed&gt; [as next] (/Users/brookeyalof/Development/MongoDB/leafygreen-ui/node_modules/regenerator-runtime/runtime.js:97:21)
    at asyncGeneratorStep (/Users/brookeyalof/Development/MongoDB/leafygreen-ui/packages/mongo-nav/src/user-menu/UserMenu.spec.tsx:15:103)
    at _next (/Users/brookeyalof/Development/MongoDB/leafygreen-ui/packages/mongo-nav/src/user-menu/UserMenu.spec.tsx:17:194)
    at /Users/brookeyalof/Development/MongoDB/leafygreen-ui/packages/mongo-nav/src/user-menu/UserMenu.spec.tsx:17:364
    at new Promise (&lt;anonymous&gt;)
    at Object.&lt;anonymous&gt; (/Users/brookeyalof/Development/MongoDB/leafygreen-ui/packages/mongo-nav/src/user-menu/UserMenu.spec.tsx:17:97)
    at Object.asyncJestTest (/Users/brookeyalof/Development/MongoDB/leafygreen-ui/node_modules/jest-jasmine2/build/jasmineAsyncInstall.js:100:37)
    at /Users/brookeyalof/Development/MongoDB/leafygreen-ui/node_modules/jest-jasmine2/build/queueRunner.js:47:12
    at new Promise (&lt;anonymous&gt;)
    at mapper (/Users/brookeyalof/Development/MongoDB/leafygreen-ui/node_modules/jest-jasmine2/build/queueRunner.js:30:19)
    at /Users/brookeyalof/Development/MongoDB/leafygreen-ui/node_modules/jest-jasmine2/build/queueRunner.js:77:41</failure>
    </testcase>
    <testcase classname="packages/mongo-nav/user-menu renders the account link as a disabled button when set to the empty string" name="packages/mongo-nav/user-menu renders the account link as a disabled button when set to the empty string" time="0.01">
      <failure>Error: Found multiple elements by: [data-testid=&quot;user-menu-trigger&quot;]

(If this is intentional, then use the `*AllBy*` variant of the query (like `queryAllByText`, `getAllByText`, or `findAllByText`)).

&lt;body&gt;
  &lt;div&gt;
    &lt;div
      class=&quot;leafygreen-ui-1d5orsv&quot;
    &gt;
      &lt;div
        class=&quot;leafygreen-ui-1ucck97&quot;
      &gt;
        &lt;button
          class=&quot;leafygreen-ui-az0xu&quot;
          data-leafygreen-ui=&quot;button-data-prop&quot;
          data-testid=&quot;user-menu-trigger&quot;
        &gt;
          &lt;span
            class=&quot;leafygreen-ui-149xx62&quot;
          &gt;
            Leafy
          &lt;/span&gt;
          &lt;svg
            class=&quot;leafygreen-ui-5c823s&quot;
            data-leafygreen-ui=&quot;icon-data-prop&quot;
            height=&quot;16&quot;
            role=&quot;img&quot;
            title=&quot;Caret Down Icon&quot;
            viewBox=&quot;0 0 16 16&quot;
            width=&quot;16&quot;
          &gt;
            &lt;title&gt;
              CaretDown
            &lt;/title&gt;
            &lt;desc&gt;
              Created with Sketch.
            &lt;/desc&gt;
            &lt;g
              fill=&quot;none&quot;
              fill-rule=&quot;evenodd&quot;
              id=&quot;CaretDown-Copy&quot;
              stroke=&quot;none&quot;
              stroke-width=&quot;1&quot;
            &gt;
              &lt;path
                d=&quot;M4.67285687,6 L11.3271431,6 C11.9254697,6 12.224633,6.775217 11.8024493,7.22717749 L8.47530616,10.7889853 C8.21248981,11.0703382 7.78751019,11.0703382 7.52748976,10.7889853 L4.19755071,7.22717749 C3.77536701,6.775217 4.07453029,6 4.67285687,6 Z&quot;
                fill=&quot;currentColor&quot;
                id=&quot;Path&quot;
              /&gt;
            &lt;/g&gt;
          &lt;/svg&gt;
        &lt;/button&gt;
        &lt;div
          class=&quot;leafygreen-ui-28dumd&quot;
        /&gt;
      &lt;/div&gt;
    &lt;/div&gt;
  &lt;/div&gt;
  &lt;div&gt;
    &lt;div
      class=&quot;leafygreen-ui-1d5orsv&quot;
    &gt;
      &lt;div
        class=&quot;leafygreen-ui-1ucck97&quot;
      &gt;
        &lt;button
          class=&quot;leafygreen-ui-az0xu&quot;
          data-leafygreen-ui=&quot;button-data-prop&quot;
          data-testid=&quot;user-menu-trigger&quot;
        &gt;
          &lt;span
            class=&quot;leafygreen-ui-149xx62&quot;
          &gt;
            Leafy
          &lt;/span&gt;
          &lt;svg
            class=&quot;leafygreen-ui-5c823s&quot;
            data-leafygreen-ui=&quot;icon-data-prop&quot;
            height=&quot;16&quot;
            role=&quot;img&quot;
            title=&quot;Caret Down Icon&quot;
            viewBox=&quot;0 0 16 16&quot;
            width=&quot;16&quot;
          &gt;
            &lt;title&gt;
              CaretDown
            &lt;/title&gt;
            &lt;desc&gt;
              Created with Sketch.
            &lt;/desc&gt;
            &lt;g
              fill=&quot;none&quot;
              fill-rule=&quot;evenodd&quot;
              id=&quot;CaretDown-Copy&quot;
              stroke=&quot;none&quot;
              stroke-width=&quot;1&quot;
            &gt;
              &lt;path
                d=&quot;M4.67285687,6 L11.3271431,6 C11.9254697,6 12.224633,6.775217 11.8024493,7.22717749 L8.47530616,10.7889853 C8.21248981,11.0703382 7.78751019,11.0703382 7.52748976,10.7889853 L4.19755071,7.22717749 C3.77536701,6.775217 4.07453029,6 4.67285687,6 Z&quot;
                fill=&quot;currentColor&quot;
                id=&quot;Path&quot;
              /&gt;
            &lt;/g&gt;
          &lt;/svg&gt;
        &lt;/button&gt;
        &lt;div
          class=&quot;leafygreen-ui-28dumd&quot;
        /&gt;
      &lt;/div&gt;
    &lt;/div&gt;
  &lt;/div&gt;
  &lt;div&gt;
    &lt;div
      class=&quot;leafygreen-ui-1d5orsv&quot;
    &gt;
      &lt;div
        class=&quot;leafygreen-ui-1ucck97&quot;
      &gt;
        &lt;button
          class=&quot;leafygreen-ui-az0xu&quot;
          data-leafygreen-ui=&quot;button-data-prop&quot;
          data-testid=&quot;user-menu-trigger&quot;
        &gt;
          &lt;span
            class=&quot;leafygreen-ui-149xx62&quot;
          &gt;
            Leafy
          &lt;/span&gt;
          &lt;svg
            class=&quot;leafygreen-ui-5c823s&quot;
            data-leafygreen-ui=&quot;icon-data-prop&quot;
            height=&quot;16&quot;
            role=&quot;img&quot;
            title=&quot;Caret Down Icon&quot;
            viewBox=&quot;0 0 16 16&quot;
            width=&quot;16&quot;
          &gt;
            &lt;title&gt;
              CaretDown
            &lt;/title&gt;
            &lt;desc&gt;
              Created with Sketch.
            &lt;/desc&gt;
            &lt;g
              fill=&quot;none&quot;
              fill-rule=&quot;evenodd&quot;
              id=&quot;CaretDown-Copy&quot;
              stroke=&quot;none&quot;
              stroke-width=&quot;1&quot;
            &gt;
              &lt;path
                d=&quot;M4.67285687,6 L11.3271431,6 C11.9254697,6 12.224633,6.775217 11.8024493,7.22717749 L8.47530616,10.7889853 C8.21248981,11.0703382 7.78751019,11.0703382 7.52748976,10.7889853 L4.19755071,7.22717749 C3.77536701,6.775217 4.07453029,6 4.67285687,6 Z&quot;
                fill=&quot;currentColor&quot;
                id=&quot;Path&quot;
              /&gt;
            &lt;/g&gt;
          &lt;/svg&gt;
        &lt;/button&gt;
        &lt;div
          class=&quot;leafygreen-ui-28dumd&quot;
        /&gt;
      &lt;/div&gt;
    &lt;/div&gt;
  &lt;/div&gt;
  &lt;div&gt;
    &lt;div
      class=&quot;leafygreen-ui-1d5orsv&quot;
    &gt;
      &lt;div
        class=&quot;leafygreen-ui-1ucck97&quot;
      &gt;
        &lt;button
          class=&quot;leafygreen-ui-az0xu&quot;
          data-leafygreen-ui=&quot;button-data-prop&quot;
    ...
    at getElementError (/Users/brookeyalof/Development/MongoDB/leafygreen-ui/packages/mongo-nav/node_modules/@testing-library/dom/dist/query-helpers.js:46:10)
    at getMultipleElementsFoundError (/Users/brookeyalof/Development/MongoDB/leafygreen-ui/packages/mongo-nav/node_modules/@testing-library/dom/dist/query-helpers.js:50:10)
    at getByTestId (/Users/brookeyalof/Development/MongoDB/leafygreen-ui/packages/mongo-nav/node_modules/@testing-library/dom/dist/query-helpers.js:86:13)
    at Object.&lt;anonymous&gt; (/Users/brookeyalof/Development/MongoDB/leafygreen-ui/packages/mongo-nav/src/user-menu/UserMenu.spec.tsx:139:21)
    at Object.asyncJestTest (/Users/brookeyalof/Development/MongoDB/leafygreen-ui/node_modules/jest-jasmine2/build/jasmineAsyncInstall.js:100:37)
    at /Users/brookeyalof/Development/MongoDB/leafygreen-ui/node_modules/jest-jasmine2/build/queueRunner.js:47:12
    at new Promise (&lt;anonymous&gt;)
    at mapper (/Users/brookeyalof/Development/MongoDB/leafygreen-ui/node_modules/jest-jasmine2/build/queueRunner.js:30:19)
    at /Users/brookeyalof/Development/MongoDB/leafygreen-ui/node_modules/jest-jasmine2/build/queueRunner.js:77:41</failure>
    </testcase>
    <testcase classname="packages/mongo-nav/user-menu does not render atlas MenuItems when a non-cloud product is active" name="packages/mongo-nav/user-menu does not render atlas MenuItems when a non-cloud product is active" time="0.011">
      <failure>Error: Found multiple elements by: [data-testid=&quot;user-menu-trigger&quot;]

(If this is intentional, then use the `*AllBy*` variant of the query (like `queryAllByText`, `getAllByText`, or `findAllByText`)).

&lt;body&gt;
  &lt;div&gt;
    &lt;div
      class=&quot;leafygreen-ui-1d5orsv&quot;
    &gt;
      &lt;div
        class=&quot;leafygreen-ui-1ucck97&quot;
      &gt;
        &lt;button
          class=&quot;leafygreen-ui-az0xu&quot;
          data-leafygreen-ui=&quot;button-data-prop&quot;
          data-testid=&quot;user-menu-trigger&quot;
        &gt;
          &lt;span
            class=&quot;leafygreen-ui-149xx62&quot;
          &gt;
            Leafy
          &lt;/span&gt;
          &lt;svg
            class=&quot;leafygreen-ui-5c823s&quot;
            data-leafygreen-ui=&quot;icon-data-prop&quot;
            height=&quot;16&quot;
            role=&quot;img&quot;
            title=&quot;Caret Down Icon&quot;
            viewBox=&quot;0 0 16 16&quot;
            width=&quot;16&quot;
          &gt;
            &lt;title&gt;
              CaretDown
            &lt;/title&gt;
            &lt;desc&gt;
              Created with Sketch.
            &lt;/desc&gt;
            &lt;g
              fill=&quot;none&quot;
              fill-rule=&quot;evenodd&quot;
              id=&quot;CaretDown-Copy&quot;
              stroke=&quot;none&quot;
              stroke-width=&quot;1&quot;
            &gt;
              &lt;path
                d=&quot;M4.67285687,6 L11.3271431,6 C11.9254697,6 12.224633,6.775217 11.8024493,7.22717749 L8.47530616,10.7889853 C8.21248981,11.0703382 7.78751019,11.0703382 7.52748976,10.7889853 L4.19755071,7.22717749 C3.77536701,6.775217 4.07453029,6 4.67285687,6 Z&quot;
                fill=&quot;currentColor&quot;
                id=&quot;Path&quot;
              /&gt;
            &lt;/g&gt;
          &lt;/svg&gt;
        &lt;/button&gt;
        &lt;div
          class=&quot;leafygreen-ui-28dumd&quot;
        /&gt;
      &lt;/div&gt;
    &lt;/div&gt;
  &lt;/div&gt;
  &lt;div&gt;
    &lt;div
      class=&quot;leafygreen-ui-1d5orsv&quot;
    &gt;
      &lt;div
        class=&quot;leafygreen-ui-1ucck97&quot;
      &gt;
        &lt;button
          class=&quot;leafygreen-ui-az0xu&quot;
          data-leafygreen-ui=&quot;button-data-prop&quot;
          data-testid=&quot;user-menu-trigger&quot;
        &gt;
          &lt;span
            class=&quot;leafygreen-ui-149xx62&quot;
          &gt;
            Leafy
          &lt;/span&gt;
          &lt;svg
            class=&quot;leafygreen-ui-5c823s&quot;
            data-leafygreen-ui=&quot;icon-data-prop&quot;
            height=&quot;16&quot;
            role=&quot;img&quot;
            title=&quot;Caret Down Icon&quot;
            viewBox=&quot;0 0 16 16&quot;
            width=&quot;16&quot;
          &gt;
            &lt;title&gt;
              CaretDown
            &lt;/title&gt;
            &lt;desc&gt;
              Created with Sketch.
            &lt;/desc&gt;
            &lt;g
              fill=&quot;none&quot;
              fill-rule=&quot;evenodd&quot;
              id=&quot;CaretDown-Copy&quot;
              stroke=&quot;none&quot;
              stroke-width=&quot;1&quot;
            &gt;
              &lt;path
                d=&quot;M4.67285687,6 L11.3271431,6 C11.9254697,6 12.224633,6.775217 11.8024493,7.22717749 L8.47530616,10.7889853 C8.21248981,11.0703382 7.78751019,11.0703382 7.52748976,10.7889853 L4.19755071,7.22717749 C3.77536701,6.775217 4.07453029,6 4.67285687,6 Z&quot;
                fill=&quot;currentColor&quot;
                id=&quot;Path&quot;
              /&gt;
            &lt;/g&gt;
          &lt;/svg&gt;
        &lt;/button&gt;
        &lt;div
          class=&quot;leafygreen-ui-28dumd&quot;
        /&gt;
      &lt;/div&gt;
    &lt;/div&gt;
  &lt;/div&gt;
  &lt;div&gt;
    &lt;div
      class=&quot;leafygreen-ui-1d5orsv&quot;
    &gt;
      &lt;div
        class=&quot;leafygreen-ui-1ucck97&quot;
      &gt;
        &lt;button
          class=&quot;leafygreen-ui-az0xu&quot;
          data-leafygreen-ui=&quot;button-data-prop&quot;
          data-testid=&quot;user-menu-trigger&quot;
        &gt;
          &lt;span
            class=&quot;leafygreen-ui-149xx62&quot;
          &gt;
            Leafy
          &lt;/span&gt;
          &lt;svg
            class=&quot;leafygreen-ui-5c823s&quot;
            data-leafygreen-ui=&quot;icon-data-prop&quot;
            height=&quot;16&quot;
            role=&quot;img&quot;
            title=&quot;Caret Down Icon&quot;
            viewBox=&quot;0 0 16 16&quot;
            width=&quot;16&quot;
          &gt;
            &lt;title&gt;
              CaretDown
            &lt;/title&gt;
            &lt;desc&gt;
              Created with Sketch.
            &lt;/desc&gt;
            &lt;g
              fill=&quot;none&quot;
              fill-rule=&quot;evenodd&quot;
              id=&quot;CaretDown-Copy&quot;
              stroke=&quot;none&quot;
              stroke-width=&quot;1&quot;
            &gt;
              &lt;path
                d=&quot;M4.67285687,6 L11.3271431,6 C11.9254697,6 12.224633,6.775217 11.8024493,7.22717749 L8.47530616,10.7889853 C8.21248981,11.0703382 7.78751019,11.0703382 7.52748976,10.7889853 L4.19755071,7.22717749 C3.77536701,6.775217 4.07453029,6 4.67285687,6 Z&quot;
                fill=&quot;currentColor&quot;
                id=&quot;Path&quot;
              /&gt;
            &lt;/g&gt;
          &lt;/svg&gt;
        &lt;/button&gt;
        &lt;div
          class=&quot;leafygreen-ui-28dumd&quot;
        /&gt;
      &lt;/div&gt;
    &lt;/div&gt;
  &lt;/div&gt;
  &lt;div&gt;
    &lt;div
      class=&quot;leafygreen-ui-1d5orsv&quot;
    &gt;
      &lt;div
        class=&quot;leafygreen-ui-1ucck97&quot;
      &gt;
        &lt;button
          class=&quot;leafygreen-ui-az0xu&quot;
          data-leafygreen-ui=&quot;button-data-prop&quot;
    ...
    at getElementError (/Users/brookeyalof/Development/MongoDB/leafygreen-ui/packages/mongo-nav/node_modules/@testing-library/dom/dist/query-helpers.js:46:10)
    at getMultipleElementsFoundError (/Users/brookeyalof/Development/MongoDB/leafygreen-ui/packages/mongo-nav/node_modules/@testing-library/dom/dist/query-helpers.js:50:10)
    at getByTestId (/Users/brookeyalof/Development/MongoDB/leafygreen-ui/packages/mongo-nav/node_modules/@testing-library/dom/dist/query-helpers.js:86:13)
    at Object.&lt;anonymous&gt; (/Users/brookeyalof/Development/MongoDB/leafygreen-ui/packages/mongo-nav/src/user-menu/UserMenu.spec.tsx:154:21)
    at Object.asyncJestTest (/Users/brookeyalof/Development/MongoDB/leafygreen-ui/node_modules/jest-jasmine2/build/jasmineAsyncInstall.js:100:37)
    at /Users/brookeyalof/Development/MongoDB/leafygreen-ui/node_modules/jest-jasmine2/build/queueRunner.js:47:12
    at new Promise (&lt;anonymous&gt;)
    at mapper (/Users/brookeyalof/Development/MongoDB/leafygreen-ui/node_modules/jest-jasmine2/build/queueRunner.js:30:19)
    at /Users/brookeyalof/Development/MongoDB/leafygreen-ui/node_modules/jest-jasmine2/build/queueRunner.js:77:41</failure>
    </testcase>
    <testcase classname="packages/mongo-nav/user-menu renders appropriate links to SubMenu Items based on overrides prop renders particular url override, when the urls prop is set" name="packages/mongo-nav/user-menu renders appropriate links to SubMenu Items based on overrides prop renders particular url override, when the urls prop is set" time="0.013">
      <failure>Error: Found multiple elements by: [data-testid=&quot;user-menu-trigger&quot;]

(If this is intentional, then use the `*AllBy*` variant of the query (like `queryAllByText`, `getAllByText`, or `findAllByText`)).

&lt;body&gt;
  &lt;div&gt;
    &lt;div
      class=&quot;leafygreen-ui-1d5orsv&quot;
    &gt;
      &lt;div
        class=&quot;leafygreen-ui-1ucck97&quot;
      &gt;
        &lt;button
          class=&quot;leafygreen-ui-az0xu&quot;
          data-leafygreen-ui=&quot;button-data-prop&quot;
          data-testid=&quot;user-menu-trigger&quot;
        &gt;
          &lt;span
            class=&quot;leafygreen-ui-149xx62&quot;
          &gt;
            Leafy
          &lt;/span&gt;
          &lt;svg
            class=&quot;leafygreen-ui-5c823s&quot;
            data-leafygreen-ui=&quot;icon-data-prop&quot;
            height=&quot;16&quot;
            role=&quot;img&quot;
            title=&quot;Caret Down Icon&quot;
            viewBox=&quot;0 0 16 16&quot;
            width=&quot;16&quot;
          &gt;
            &lt;title&gt;
              CaretDown
            &lt;/title&gt;
            &lt;desc&gt;
              Created with Sketch.
            &lt;/desc&gt;
            &lt;g
              fill=&quot;none&quot;
              fill-rule=&quot;evenodd&quot;
              id=&quot;CaretDown-Copy&quot;
              stroke=&quot;none&quot;
              stroke-width=&quot;1&quot;
            &gt;
              &lt;path
                d=&quot;M4.67285687,6 L11.3271431,6 C11.9254697,6 12.224633,6.775217 11.8024493,7.22717749 L8.47530616,10.7889853 C8.21248981,11.0703382 7.78751019,11.0703382 7.52748976,10.7889853 L4.19755071,7.22717749 C3.77536701,6.775217 4.07453029,6 4.67285687,6 Z&quot;
                fill=&quot;currentColor&quot;
                id=&quot;Path&quot;
              /&gt;
            &lt;/g&gt;
          &lt;/svg&gt;
        &lt;/button&gt;
        &lt;div
          class=&quot;leafygreen-ui-28dumd&quot;
        /&gt;
      &lt;/div&gt;
    &lt;/div&gt;
  &lt;/div&gt;
  &lt;div&gt;
    &lt;div
      class=&quot;leafygreen-ui-1d5orsv&quot;
    &gt;
      &lt;div
        class=&quot;leafygreen-ui-1ucck97&quot;
      &gt;
        &lt;button
          class=&quot;leafygreen-ui-az0xu&quot;
          data-leafygreen-ui=&quot;button-data-prop&quot;
          data-testid=&quot;user-menu-trigger&quot;
        &gt;
          &lt;span
            class=&quot;leafygreen-ui-149xx62&quot;
          &gt;
            Leafy
          &lt;/span&gt;
          &lt;svg
            class=&quot;leafygreen-ui-5c823s&quot;
            data-leafygreen-ui=&quot;icon-data-prop&quot;
            height=&quot;16&quot;
            role=&quot;img&quot;
            title=&quot;Caret Down Icon&quot;
            viewBox=&quot;0 0 16 16&quot;
            width=&quot;16&quot;
          &gt;
            &lt;title&gt;
              CaretDown
            &lt;/title&gt;
            &lt;desc&gt;
              Created with Sketch.
            &lt;/desc&gt;
            &lt;g
              fill=&quot;none&quot;
              fill-rule=&quot;evenodd&quot;
              id=&quot;CaretDown-Copy&quot;
              stroke=&quot;none&quot;
              stroke-width=&quot;1&quot;
            &gt;
              &lt;path
                d=&quot;M4.67285687,6 L11.3271431,6 C11.9254697,6 12.224633,6.775217 11.8024493,7.22717749 L8.47530616,10.7889853 C8.21248981,11.0703382 7.78751019,11.0703382 7.52748976,10.7889853 L4.19755071,7.22717749 C3.77536701,6.775217 4.07453029,6 4.67285687,6 Z&quot;
                fill=&quot;currentColor&quot;
                id=&quot;Path&quot;
              /&gt;
            &lt;/g&gt;
          &lt;/svg&gt;
        &lt;/button&gt;
        &lt;div
          class=&quot;leafygreen-ui-28dumd&quot;
        /&gt;
      &lt;/div&gt;
    &lt;/div&gt;
  &lt;/div&gt;
  &lt;div&gt;
    &lt;div
      class=&quot;leafygreen-ui-1d5orsv&quot;
    &gt;
      &lt;div
        class=&quot;leafygreen-ui-1ucck97&quot;
      &gt;
        &lt;button
          class=&quot;leafygreen-ui-az0xu&quot;
          data-leafygreen-ui=&quot;button-data-prop&quot;
          data-testid=&quot;user-menu-trigger&quot;
        &gt;
          &lt;span
            class=&quot;leafygreen-ui-149xx62&quot;
          &gt;
            Leafy
          &lt;/span&gt;
          &lt;svg
            class=&quot;leafygreen-ui-5c823s&quot;
            data-leafygreen-ui=&quot;icon-data-prop&quot;
            height=&quot;16&quot;
            role=&quot;img&quot;
            title=&quot;Caret Down Icon&quot;
            viewBox=&quot;0 0 16 16&quot;
            width=&quot;16&quot;
          &gt;
            &lt;title&gt;
              CaretDown
            &lt;/title&gt;
            &lt;desc&gt;
              Created with Sketch.
            &lt;/desc&gt;
            &lt;g
              fill=&quot;none&quot;
              fill-rule=&quot;evenodd&quot;
              id=&quot;CaretDown-Copy&quot;
              stroke=&quot;none&quot;
              stroke-width=&quot;1&quot;
            &gt;
              &lt;path
                d=&quot;M4.67285687,6 L11.3271431,6 C11.9254697,6 12.224633,6.775217 11.8024493,7.22717749 L8.47530616,10.7889853 C8.21248981,11.0703382 7.78751019,11.0703382 7.52748976,10.7889853 L4.19755071,7.22717749 C3.77536701,6.775217 4.07453029,6 4.67285687,6 Z&quot;
                fill=&quot;currentColor&quot;
                id=&quot;Path&quot;
              /&gt;
            &lt;/g&gt;
          &lt;/svg&gt;
        &lt;/button&gt;
        &lt;div
          class=&quot;leafygreen-ui-28dumd&quot;
        /&gt;
      &lt;/div&gt;
    &lt;/div&gt;
  &lt;/div&gt;
  &lt;div&gt;
    &lt;div
      class=&quot;leafygreen-ui-1d5orsv&quot;
    &gt;
      &lt;div
        class=&quot;leafygreen-ui-1ucck97&quot;
      &gt;
        &lt;button
          class=&quot;leafygreen-ui-az0xu&quot;
          data-leafygreen-ui=&quot;button-data-prop&quot;
    ...
    at getElementError (/Users/brookeyalof/Development/MongoDB/leafygreen-ui/packages/mongo-nav/node_modules/@testing-library/dom/dist/query-helpers.js:46:10)
    at getMultipleElementsFoundError (/Users/brookeyalof/Development/MongoDB/leafygreen-ui/packages/mongo-nav/node_modules/@testing-library/dom/dist/query-helpers.js:50:10)
    at getByTestId (/Users/brookeyalof/Development/MongoDB/leafygreen-ui/packages/mongo-nav/node_modules/@testing-library/dom/dist/query-helpers.js:86:13)
    at Object.&lt;anonymous&gt; (/Users/brookeyalof/Development/MongoDB/leafygreen-ui/packages/mongo-nav/src/user-menu/UserMenu.spec.tsx:174:23)
    at Object.asyncJestTest (/Users/brookeyalof/Development/MongoDB/leafygreen-ui/node_modules/jest-jasmine2/build/jasmineAsyncInstall.js:100:37)
    at /Users/brookeyalof/Development/MongoDB/leafygreen-ui/node_modules/jest-jasmine2/build/queueRunner.js:47:12
    at new Promise (&lt;anonymous&gt;)
    at mapper (/Users/brookeyalof/Development/MongoDB/leafygreen-ui/node_modules/jest-jasmine2/build/queueRunner.js:30:19)
    at /Users/brookeyalof/Development/MongoDB/leafygreen-ui/node_modules/jest-jasmine2/build/queueRunner.js:77:41</failure>
    </testcase>
    <testcase classname="packages/mongo-nav/user-menu when the environment is set to &quot;government&quot; it renders &quot;Cloud for Government&quot; as the title of Cloud SubMenu" name="packages/mongo-nav/user-menu when the environment is set to &quot;government&quot; it renders &quot;Cloud for Government&quot; as the title of Cloud SubMenu" time="0.011">
      <failure>Error: Found multiple elements by: [data-testid=&quot;user-menu-trigger&quot;]

(If this is intentional, then use the `*AllBy*` variant of the query (like `queryAllByText`, `getAllByText`, or `findAllByText`)).

&lt;body&gt;
  &lt;div&gt;
    &lt;div
      class=&quot;leafygreen-ui-1d5orsv&quot;
    &gt;
      &lt;div
        class=&quot;leafygreen-ui-1ucck97&quot;
      &gt;
        &lt;button
          class=&quot;leafygreen-ui-az0xu&quot;
          data-leafygreen-ui=&quot;button-data-prop&quot;
          data-testid=&quot;user-menu-trigger&quot;
        &gt;
          &lt;span
            class=&quot;leafygreen-ui-149xx62&quot;
          &gt;
            Leafy
          &lt;/span&gt;
          &lt;svg
            class=&quot;leafygreen-ui-5c823s&quot;
            data-leafygreen-ui=&quot;icon-data-prop&quot;
            height=&quot;16&quot;
            role=&quot;img&quot;
            title=&quot;Caret Down Icon&quot;
            viewBox=&quot;0 0 16 16&quot;
            width=&quot;16&quot;
          &gt;
            &lt;title&gt;
              CaretDown
            &lt;/title&gt;
            &lt;desc&gt;
              Created with Sketch.
            &lt;/desc&gt;
            &lt;g
              fill=&quot;none&quot;
              fill-rule=&quot;evenodd&quot;
              id=&quot;CaretDown-Copy&quot;
              stroke=&quot;none&quot;
              stroke-width=&quot;1&quot;
            &gt;
              &lt;path
                d=&quot;M4.67285687,6 L11.3271431,6 C11.9254697,6 12.224633,6.775217 11.8024493,7.22717749 L8.47530616,10.7889853 C8.21248981,11.0703382 7.78751019,11.0703382 7.52748976,10.7889853 L4.19755071,7.22717749 C3.77536701,6.775217 4.07453029,6 4.67285687,6 Z&quot;
                fill=&quot;currentColor&quot;
                id=&quot;Path&quot;
              /&gt;
            &lt;/g&gt;
          &lt;/svg&gt;
        &lt;/button&gt;
        &lt;div
          class=&quot;leafygreen-ui-28dumd&quot;
        /&gt;
      &lt;/div&gt;
    &lt;/div&gt;
  &lt;/div&gt;
  &lt;div&gt;
    &lt;div
      class=&quot;leafygreen-ui-1d5orsv&quot;
    &gt;
      &lt;div
        class=&quot;leafygreen-ui-1ucck97&quot;
      &gt;
        &lt;button
          class=&quot;leafygreen-ui-az0xu&quot;
          data-leafygreen-ui=&quot;button-data-prop&quot;
          data-testid=&quot;user-menu-trigger&quot;
        &gt;
          &lt;span
            class=&quot;leafygreen-ui-149xx62&quot;
          &gt;
            Leafy
          &lt;/span&gt;
          &lt;svg
            class=&quot;leafygreen-ui-5c823s&quot;
            data-leafygreen-ui=&quot;icon-data-prop&quot;
            height=&quot;16&quot;
            role=&quot;img&quot;
            title=&quot;Caret Down Icon&quot;
            viewBox=&quot;0 0 16 16&quot;
            width=&quot;16&quot;
          &gt;
            &lt;title&gt;
              CaretDown
            &lt;/title&gt;
            &lt;desc&gt;
              Created with Sketch.
            &lt;/desc&gt;
            &lt;g
              fill=&quot;none&quot;
              fill-rule=&quot;evenodd&quot;
              id=&quot;CaretDown-Copy&quot;
              stroke=&quot;none&quot;
              stroke-width=&quot;1&quot;
            &gt;
              &lt;path
                d=&quot;M4.67285687,6 L11.3271431,6 C11.9254697,6 12.224633,6.775217 11.8024493,7.22717749 L8.47530616,10.7889853 C8.21248981,11.0703382 7.78751019,11.0703382 7.52748976,10.7889853 L4.19755071,7.22717749 C3.77536701,6.775217 4.07453029,6 4.67285687,6 Z&quot;
                fill=&quot;currentColor&quot;
                id=&quot;Path&quot;
              /&gt;
            &lt;/g&gt;
          &lt;/svg&gt;
        &lt;/button&gt;
        &lt;div
          class=&quot;leafygreen-ui-28dumd&quot;
        /&gt;
      &lt;/div&gt;
    &lt;/div&gt;
  &lt;/div&gt;
  &lt;div&gt;
    &lt;div
      class=&quot;leafygreen-ui-1d5orsv&quot;
    &gt;
      &lt;div
        class=&quot;leafygreen-ui-1ucck97&quot;
      &gt;
        &lt;button
          class=&quot;leafygreen-ui-az0xu&quot;
          data-leafygreen-ui=&quot;button-data-prop&quot;
          data-testid=&quot;user-menu-trigger&quot;
        &gt;
          &lt;span
            class=&quot;leafygreen-ui-149xx62&quot;
          &gt;
            Leafy
          &lt;/span&gt;
          &lt;svg
            class=&quot;leafygreen-ui-5c823s&quot;
            data-leafygreen-ui=&quot;icon-data-prop&quot;
            height=&quot;16&quot;
            role=&quot;img&quot;
            title=&quot;Caret Down Icon&quot;
            viewBox=&quot;0 0 16 16&quot;
            width=&quot;16&quot;
          &gt;
            &lt;title&gt;
              CaretDown
            &lt;/title&gt;
            &lt;desc&gt;
              Created with Sketch.
            &lt;/desc&gt;
            &lt;g
              fill=&quot;none&quot;
              fill-rule=&quot;evenodd&quot;
              id=&quot;CaretDown-Copy&quot;
              stroke=&quot;none&quot;
              stroke-width=&quot;1&quot;
            &gt;
              &lt;path
                d=&quot;M4.67285687,6 L11.3271431,6 C11.9254697,6 12.224633,6.775217 11.8024493,7.22717749 L8.47530616,10.7889853 C8.21248981,11.0703382 7.78751019,11.0703382 7.52748976,10.7889853 L4.19755071,7.22717749 C3.77536701,6.775217 4.07453029,6 4.67285687,6 Z&quot;
                fill=&quot;currentColor&quot;
                id=&quot;Path&quot;
              /&gt;
            &lt;/g&gt;
          &lt;/svg&gt;
        &lt;/button&gt;
        &lt;div
          class=&quot;leafygreen-ui-28dumd&quot;
        /&gt;
      &lt;/div&gt;
    &lt;/div&gt;
  &lt;/div&gt;
  &lt;div&gt;
    &lt;div
      class=&quot;leafygreen-ui-1d5orsv&quot;
    &gt;
      &lt;div
        class=&quot;leafygreen-ui-1ucck97&quot;
      &gt;
        &lt;button
          class=&quot;leafygreen-ui-az0xu&quot;
          data-leafygreen-ui=&quot;button-data-prop&quot;
    ...
    at getElementError (/Users/brookeyalof/Development/MongoDB/leafygreen-ui/packages/mongo-nav/node_modules/@testing-library/dom/dist/query-helpers.js:46:10)
    at getMultipleElementsFoundError (/Users/brookeyalof/Development/MongoDB/leafygreen-ui/packages/mongo-nav/node_modules/@testing-library/dom/dist/query-helpers.js:50:10)
    at getByTestId (/Users/brookeyalof/Development/MongoDB/leafygreen-ui/packages/mongo-nav/node_modules/@testing-library/dom/dist/query-helpers.js:86:13)
    at Object.&lt;anonymous&gt; (/Users/brookeyalof/Development/MongoDB/leafygreen-ui/packages/mongo-nav/src/user-menu/UserMenu.spec.tsx:193:23)
    at Object.asyncJestTest (/Users/brookeyalof/Development/MongoDB/leafygreen-ui/node_modules/jest-jasmine2/build/jasmineAsyncInstall.js:100:37)
    at /Users/brookeyalof/Development/MongoDB/leafygreen-ui/node_modules/jest-jasmine2/build/queueRunner.js:47:12
    at new Promise (&lt;anonymous&gt;)
    at mapper (/Users/brookeyalof/Development/MongoDB/leafygreen-ui/node_modules/jest-jasmine2/build/queueRunner.js:30:19)
    at /Users/brookeyalof/Development/MongoDB/leafygreen-ui/node_modules/jest-jasmine2/build/queueRunner.js:77:41</failure>
    </testcase>
    <testcase classname="packages/mongo-nav/user-menu when the environment is set to &quot;government&quot; it renders &quot;cloud.mongodbgov.com&quot; as description for Cloud SubMenu" name="packages/mongo-nav/user-menu when the environment is set to &quot;government&quot; it renders &quot;cloud.mongodbgov.com&quot; as description for Cloud SubMenu" time="0.011">
      <failure>Error: Found multiple elements by: [data-testid=&quot;user-menu-trigger&quot;]

(If this is intentional, then use the `*AllBy*` variant of the query (like `queryAllByText`, `getAllByText`, or `findAllByText`)).

&lt;body&gt;
  &lt;div&gt;
    &lt;div
      class=&quot;leafygreen-ui-1d5orsv&quot;
    &gt;
      &lt;div
        class=&quot;leafygreen-ui-1ucck97&quot;
      &gt;
        &lt;button
          class=&quot;leafygreen-ui-az0xu&quot;
          data-leafygreen-ui=&quot;button-data-prop&quot;
          data-testid=&quot;user-menu-trigger&quot;
        &gt;
          &lt;span
            class=&quot;leafygreen-ui-149xx62&quot;
          &gt;
            Leafy
          &lt;/span&gt;
          &lt;svg
            class=&quot;leafygreen-ui-5c823s&quot;
            data-leafygreen-ui=&quot;icon-data-prop&quot;
            height=&quot;16&quot;
            role=&quot;img&quot;
            title=&quot;Caret Down Icon&quot;
            viewBox=&quot;0 0 16 16&quot;
            width=&quot;16&quot;
          &gt;
            &lt;title&gt;
              CaretDown
            &lt;/title&gt;
            &lt;desc&gt;
              Created with Sketch.
            &lt;/desc&gt;
            &lt;g
              fill=&quot;none&quot;
              fill-rule=&quot;evenodd&quot;
              id=&quot;CaretDown-Copy&quot;
              stroke=&quot;none&quot;
              stroke-width=&quot;1&quot;
            &gt;
              &lt;path
                d=&quot;M4.67285687,6 L11.3271431,6 C11.9254697,6 12.224633,6.775217 11.8024493,7.22717749 L8.47530616,10.7889853 C8.21248981,11.0703382 7.78751019,11.0703382 7.52748976,10.7889853 L4.19755071,7.22717749 C3.77536701,6.775217 4.07453029,6 4.67285687,6 Z&quot;
                fill=&quot;currentColor&quot;
                id=&quot;Path&quot;
              /&gt;
            &lt;/g&gt;
          &lt;/svg&gt;
        &lt;/button&gt;
        &lt;div
          class=&quot;leafygreen-ui-28dumd&quot;
        /&gt;
      &lt;/div&gt;
    &lt;/div&gt;
  &lt;/div&gt;
  &lt;div&gt;
    &lt;div
      class=&quot;leafygreen-ui-1d5orsv&quot;
    &gt;
      &lt;div
        class=&quot;leafygreen-ui-1ucck97&quot;
      &gt;
        &lt;button
          class=&quot;leafygreen-ui-az0xu&quot;
          data-leafygreen-ui=&quot;button-data-prop&quot;
          data-testid=&quot;user-menu-trigger&quot;
        &gt;
          &lt;span
            class=&quot;leafygreen-ui-149xx62&quot;
          &gt;
            Leafy
          &lt;/span&gt;
          &lt;svg
            class=&quot;leafygreen-ui-5c823s&quot;
            data-leafygreen-ui=&quot;icon-data-prop&quot;
            height=&quot;16&quot;
            role=&quot;img&quot;
            title=&quot;Caret Down Icon&quot;
            viewBox=&quot;0 0 16 16&quot;
            width=&quot;16&quot;
          &gt;
            &lt;title&gt;
              CaretDown
            &lt;/title&gt;
            &lt;desc&gt;
              Created with Sketch.
            &lt;/desc&gt;
            &lt;g
              fill=&quot;none&quot;
              fill-rule=&quot;evenodd&quot;
              id=&quot;CaretDown-Copy&quot;
              stroke=&quot;none&quot;
              stroke-width=&quot;1&quot;
            &gt;
              &lt;path
                d=&quot;M4.67285687,6 L11.3271431,6 C11.9254697,6 12.224633,6.775217 11.8024493,7.22717749 L8.47530616,10.7889853 C8.21248981,11.0703382 7.78751019,11.0703382 7.52748976,10.7889853 L4.19755071,7.22717749 C3.77536701,6.775217 4.07453029,6 4.67285687,6 Z&quot;
                fill=&quot;currentColor&quot;
                id=&quot;Path&quot;
              /&gt;
            &lt;/g&gt;
          &lt;/svg&gt;
        &lt;/button&gt;
        &lt;div
          class=&quot;leafygreen-ui-28dumd&quot;
        /&gt;
      &lt;/div&gt;
    &lt;/div&gt;
  &lt;/div&gt;
  &lt;div&gt;
    &lt;div
      class=&quot;leafygreen-ui-1d5orsv&quot;
    &gt;
      &lt;div
        class=&quot;leafygreen-ui-1ucck97&quot;
      &gt;
        &lt;button
          class=&quot;leafygreen-ui-az0xu&quot;
          data-leafygreen-ui=&quot;button-data-prop&quot;
          data-testid=&quot;user-menu-trigger&quot;
        &gt;
          &lt;span
            class=&quot;leafygreen-ui-149xx62&quot;
          &gt;
            Leafy
          &lt;/span&gt;
          &lt;svg
            class=&quot;leafygreen-ui-5c823s&quot;
            data-leafygreen-ui=&quot;icon-data-prop&quot;
            height=&quot;16&quot;
            role=&quot;img&quot;
            title=&quot;Caret Down Icon&quot;
            viewBox=&quot;0 0 16 16&quot;
            width=&quot;16&quot;
          &gt;
            &lt;title&gt;
              CaretDown
            &lt;/title&gt;
            &lt;desc&gt;
              Created with Sketch.
            &lt;/desc&gt;
            &lt;g
              fill=&quot;none&quot;
              fill-rule=&quot;evenodd&quot;
              id=&quot;CaretDown-Copy&quot;
              stroke=&quot;none&quot;
              stroke-width=&quot;1&quot;
            &gt;
              &lt;path
                d=&quot;M4.67285687,6 L11.3271431,6 C11.9254697,6 12.224633,6.775217 11.8024493,7.22717749 L8.47530616,10.7889853 C8.21248981,11.0703382 7.78751019,11.0703382 7.52748976,10.7889853 L4.19755071,7.22717749 C3.77536701,6.775217 4.07453029,6 4.67285687,6 Z&quot;
                fill=&quot;currentColor&quot;
                id=&quot;Path&quot;
              /&gt;
            &lt;/g&gt;
          &lt;/svg&gt;
        &lt;/button&gt;
        &lt;div
          class=&quot;leafygreen-ui-28dumd&quot;
        /&gt;
      &lt;/div&gt;
    &lt;/div&gt;
  &lt;/div&gt;
  &lt;div&gt;
    &lt;div
      class=&quot;leafygreen-ui-1d5orsv&quot;
    &gt;
      &lt;div
        class=&quot;leafygreen-ui-1ucck97&quot;
      &gt;
        &lt;button
          class=&quot;leafygreen-ui-az0xu&quot;
          data-leafygreen-ui=&quot;button-data-prop&quot;
    ...
    at getElementError (/Users/brookeyalof/Development/MongoDB/leafygreen-ui/packages/mongo-nav/node_modules/@testing-library/dom/dist/query-helpers.js:46:10)
    at getMultipleElementsFoundError (/Users/brookeyalof/Development/MongoDB/leafygreen-ui/packages/mongo-nav/node_modules/@testing-library/dom/dist/query-helpers.js:50:10)
    at getByTestId (/Users/brookeyalof/Development/MongoDB/leafygreen-ui/packages/mongo-nav/node_modules/@testing-library/dom/dist/query-helpers.js:86:13)
    at Object.&lt;anonymous&gt; (/Users/brookeyalof/Development/MongoDB/leafygreen-ui/packages/mongo-nav/src/user-menu/UserMenu.spec.tsx:205:23)
    at Object.asyncJestTest (/Users/brookeyalof/Development/MongoDB/leafygreen-ui/node_modules/jest-jasmine2/build/jasmineAsyncInstall.js:100:37)
    at /Users/brookeyalof/Development/MongoDB/leafygreen-ui/node_modules/jest-jasmine2/build/queueRunner.js:47:12
    at new Promise (&lt;anonymous&gt;)
    at mapper (/Users/brookeyalof/Development/MongoDB/leafygreen-ui/node_modules/jest-jasmine2/build/queueRunner.js:30:19)
    at /Users/brookeyalof/Development/MongoDB/leafygreen-ui/node_modules/jest-jasmine2/build/queueRunner.js:77:41</failure>
    </testcase>
  </testsuite>
  <testsuite name="processToken()" errors="0" failures="1" skipped="0" timestamp="2020-07-29T17:05:21" time="0.475" tests="14">
    <testcase classname="processToken() when passed `null`, it retuns `null`" name="processToken() when passed `null`, it retuns `null`" time="0.001">
    </testcase>
    <testcase classname="processToken() when passed undefined, it retuns `null`" name="processToken() when passed undefined, it retuns `null`" time="0.001">
    </testcase>
    <testcase classname="processToken() when passed an Array, it returns an Array" name="processToken() when passed an Array, it returns an Array" time="0.001">
    </testcase>
    <testcase classname="processToken() when passed an object, it returns a React element" name="processToken() when passed an object, it returns a React element" time="0.004">
    </testcase>
    <testcase classname="processToken() when passed a string, it returns astring" name="processToken() when passed a string, it returns astring" time="0">
    </testcase>
    <testcase classname="processToken() when processToken is passed an argument that&apos;s not explicitly supported, it returns that value" name="processToken() when processToken is passed an argument that&apos;s not explicitly supported, it returns that value" time="0.001">
    </testcase>
    <testcase classname="LineTableRow renders a single table row as the root node" name="LineTableRow renders a single table row as the root node" time="0.015">
    </testcase>
    <testcase classname="LineTableRow renders two table cells" name="LineTableRow renders two table cells" time="0.006">
      <failure>Error: expect(received).toBe(expected) // Object.is equality

Expected: 2
Received: 4
    at Object.&lt;anonymous&gt; (/Users/brookeyalof/Development/MongoDB/leafygreen-ui/packages/syntax/src/renderingPlugin.spec.tsx:85:26)
    at Object.asyncJestTest (/Users/brookeyalof/Development/MongoDB/leafygreen-ui/node_modules/jest-jasmine2/build/jasmineAsyncInstall.js:100:37)
    at /Users/brookeyalof/Development/MongoDB/leafygreen-ui/node_modules/jest-jasmine2/build/queueRunner.js:47:12
    at new Promise (&lt;anonymous&gt;)
    at mapper (/Users/brookeyalof/Development/MongoDB/leafygreen-ui/node_modules/jest-jasmine2/build/queueRunner.js:30:19)
    at /Users/brookeyalof/Development/MongoDB/leafygreen-ui/node_modules/jest-jasmine2/build/queueRunner.js:77:41</failure>
    </testcase>
    <testcase classname="LineTableRow renders the line number (1) in the first cell" name="LineTableRow renders the line number (1) in the first cell" time="0.004">
    </testcase>
    <testcase classname="LineTableRow renders &apos;hello&apos; in the second cell" name="LineTableRow renders &apos;hello&apos; in the second cell" time="0.003">
    </testcase>
    <testcase classname="treeToLines() when passed a valid set of children, returns a valid Array" name="treeToLines() when passed a valid set of children, returns a valid Array" time="0.003">
    </testcase>
    <testcase classname="treeToLines() when passed an invalid set of children, returns a valid Array" name="treeToLines() when passed an invalid set of children, returns a valid Array" time="0.003">
    </testcase>
    <testcase classname="treeToLines() strips empty line breaks from beginning of result" name="treeToLines() strips empty line breaks from beginning of result" time="0">
    </testcase>
    <testcase classname="treeToLines() strips empty line breaks from end of result" name="treeToLines() strips empty line breaks from end of result" time="0">
    </testcase>
  </testsuite>
  <testsuite name="packages/Portal" errors="0" failures="0" skipped="0" timestamp="2020-07-29T17:05:22" time="0.386" tests="7">
    <testcase classname="packages/Portal appends portal content to document body" name="packages/Portal appends portal content to document body" time="0.018">
    </testcase>
    <testcase classname="packages/Portal appends portal content to custom container" name="packages/Portal appends portal content to custom container" time="0.009">
    </testcase>
    <testcase classname="packages/Portal portal forwards className to default container" name="packages/Portal portal forwards className to default container" time="0.003">
    </testcase>
    <testcase classname="packages/Portal container and className props cannot both be provided" name="packages/Portal container and className props cannot both be provided" time="0.001">
    </testcase>
    <testcase classname="packages/Portal does not move Portaled content and logs an error to the console when the container props is changed" name="packages/Portal does not move Portaled content and logs an error to the console when the container props is changed" time="0.004">
    </testcase>
    <testcase classname="packages/Portal removes portal content from custom container" name="packages/Portal removes portal content from custom container" time="0.002">
    </testcase>
    <testcase classname="packages/Portal cleans up default container" name="packages/Portal cleans up default container" time="0.002">
    </testcase>
  </testsuite>
  <testsuite name="packages/mongo-select/ProjectSelect" errors="0" failures="1" skipped="1" timestamp="2020-07-29T17:05:22" time="5.225" tests="11">
    <testcase classname="packages/mongo-select/ProjectSelect ProjectSelect when rendered with default props displays the project select trigger with the current project name" name="packages/mongo-select/ProjectSelect ProjectSelect when rendered with default props displays the project select trigger with the current project name" time="0.046">
    </testcase>
    <testcase classname="packages/mongo-select/ProjectSelect ProjectSelect when rendered with default props when clicking the current project trigger displays a placeholder without an existing value" name="packages/mongo-select/ProjectSelect ProjectSelect when rendered with default props when clicking the current project trigger displays a placeholder without an existing value" time="0.071">
    </testcase>
    <testcase classname="packages/mongo-select/ProjectSelect ProjectSelect when rendered with default props when clicking the current project trigger displays two projects" name="packages/mongo-select/ProjectSelect ProjectSelect when rendered with default props when clicking the current project trigger displays two projects" time="0.018">
    </testcase>
    <testcase classname="packages/mongo-select/ProjectSelect ProjectSelect when rendered with default props when clicking the current project trigger displays the correct names of each project" name="packages/mongo-select/ProjectSelect ProjectSelect when rendered with default props when clicking the current project trigger displays the correct names of each project" time="0.02">
    </testcase>
    <testcase classname="packages/mongo-select/ProjectSelect ProjectSelect when rendered with default props when clicking the current project trigger displays the correct link to projects of each result" name="packages/mongo-select/ProjectSelect ProjectSelect when rendered with default props when clicking the current project trigger displays the correct link to projects of each result" time="0.019">
    </testcase>
    <testcase classname="packages/mongo-select/ProjectSelect ProjectSelect when rendered with default props when clicking the current project trigger indicates the current project" name="packages/mongo-select/ProjectSelect ProjectSelect when rendered with default props when clicking the current project trigger indicates the current project" time="0.02">
    </testcase>
    <testcase classname="packages/mongo-select/ProjectSelect ProjectSelect when a user filters projects displays one project when only one matches the search" name="packages/mongo-select/ProjectSelect ProjectSelect when a user filters projects displays one project when only one matches the search" time="0.032">
    </testcase>
    <testcase classname="packages/mongo-select/ProjectSelect ProjectSelect when a user filters projects displays no projects when none matches the search" name="packages/mongo-select/ProjectSelect ProjectSelect when a user filters projects displays no projects when none matches the search" time="0.026">
    </testcase>
    <testcase classname="packages/mongo-select/ProjectSelect ProjectSelect when a user filters projects when closing the menu the filter value is reset" name="packages/mongo-select/ProjectSelect ProjectSelect when a user filters projects when closing the menu the filter value is reset" time="4.536">
      <failure>Error: Timed out in waitForElementToBeRemoved.
    at /Users/brookeyalof/Development/MongoDB/leafygreen-ui/packages/mongo-nav/node_modules/@testing-library/dom/dist/wait-for-element-to-be-removed.js:28:14
    at Timeout.task (/Users/brookeyalof/Development/MongoDB/leafygreen-ui/node_modules/jsdom/lib/jsdom/browser/Window.js:391:19)
    at listOnTimeout (internal/timers.js:549:17)
    at processTimers (internal/timers.js:492:7)</failure>
    </testcase>
    <testcase classname="packages/mongo-select/ProjectSelect ProjectSelect when the onChange prop is set it does not filter the projects and calls the onChange callback" name="packages/mongo-select/ProjectSelect ProjectSelect when the onChange prop is set it does not filter the projects and calls the onChange callback" time="0.019">
    </testcase>
    <testcase classname="packages/mongo-select/ProjectSelect types work as expected does not error when only ProjectSelect values are passed to url prop" name="packages/mongo-select/ProjectSelect types work as expected does not error when only ProjectSelect values are passed to url prop" time="0">
      <skipped/>
    </testcase>
  </testsuite>
  <testsuite name="packages/RadioBox" errors="0" failures="0" skipped="0" timestamp="2020-07-29T17:05:27" time="0.455" tests="10">
    <testcase classname="packages/RadioBox renders &quot;test-radio-box-class&quot; in RadioBox&apos;s classList" name="packages/RadioBox renders &quot;test-radio-box-class&quot; in RadioBox&apos;s classList" time="0.002">
    </testcase>
    <testcase classname="packages/RadioBox renders as checked, when the checked prop is set" name="packages/RadioBox renders as checked, when the checked prop is set" time="0.001">
    </testcase>
    <testcase classname="packages/RadioBox renders as disabled, when the disabled prop is set" name="packages/RadioBox renders as disabled, when the disabled prop is set" time="0.005">
    </testcase>
    <testcase classname="packages/RadioBoxGroup renders children of Radio Box Group, that are not themselves Radio Boxes, as is, without converting them to RadioBoxes" name="packages/RadioBoxGroup renders children of Radio Box Group, that are not themselves Radio Boxes, as is, without converting them to RadioBoxes" time="0">
    </testcase>
    <testcase classname="packages/RadioBoxGroup when controlled initial value set by radio box group when prop provided" name="packages/RadioBoxGroup when controlled initial value set by radio box group when prop provided" time="0.001">
    </testcase>
    <testcase classname="packages/RadioBoxGroup when controlled onChange fires once when the label is clicked" name="packages/RadioBoxGroup when controlled onChange fires once when the label is clicked" time="0">
    </testcase>
    <testcase classname="packages/RadioBoxGroup when controlled radio input does not become checked when clicked" name="packages/RadioBoxGroup when controlled radio input does not become checked when clicked" time="0">
    </testcase>
    <testcase classname="packages/RadioBoxGroup when uncontrolled onChange fires once when the label is clicked" name="packages/RadioBoxGroup when uncontrolled onChange fires once when the label is clicked" time="0">
    </testcase>
    <testcase classname="packages/RadioBoxGroup when uncontrolled radio box becomes checked when clicked" name="packages/RadioBoxGroup when uncontrolled radio box becomes checked when clicked" time="0.001">
    </testcase>
    <testcase classname="packages/RadioBoxGroup when uncontrolled and the default prop is set radio box is checked when default prop is set" name="packages/RadioBoxGroup when uncontrolled and the default prop is set radio box is checked when default prop is set" time="0">
    </testcase>
  </testsuite>
  <testsuite name="packages/text-input" errors="0" failures="12" skipped="1" timestamp="2020-07-29T17:05:28" time="0.536" tests="14">
    <testcase classname="packages/text-input renders Test Input Label as the input label and This is the description as the description" name="packages/text-input renders Test Input Label as the input label and This is the description as the description" time="0.018">
    </testcase>
    <testcase classname="packages/text-input renders This is some placeholder text as placeholder text" name="packages/text-input renders This is some placeholder text as placeholder text" time="0.007">
      <failure>Error: Found multiple elements by: [data-testid=&quot;text-input&quot;]

(If this is intentional, then use the `*AllBy*` variant of the query (like `queryAllByText`, `getAllByText`, or `findAllByText`)).

&lt;body&gt;
  &lt;div&gt;
    &lt;div
      class=&quot;leafygreen-ui-1iyoj2o test-text-input-class&quot;
    &gt;
      &lt;label
        class=&quot;leafygreen-ui-1uh6n1l&quot;
        for=&quot;text-input-9599242&quot;
      &gt;
        Test Input Label
      &lt;/label&gt;
      &lt;p
        class=&quot;leafygreen-ui-1al9e6n&quot;
      &gt;
        This is the description
      &lt;/p&gt;
      &lt;div
        class=&quot;leafygreen-ui-lzja97&quot;
      &gt;
        &lt;input
          class=&quot;leafygreen-ui-om9pvn&quot;
          data-leafygreen-ui=&quot;input-selector&quot;
          data-testid=&quot;text-input&quot;
          id=&quot;text-input-9599242&quot;
          placeholder=&quot;This is some placeholder text&quot;
          required=&quot;&quot;
          type=&quot;text&quot;
          value=&quot;&quot;
        /&gt;
        &lt;div
          class=&quot;leafygreen-ui-m329s1&quot;
          data-leafygreen-ui=&quot;icon-selector&quot;
        /&gt;
        &lt;div
          class=&quot;leafygreen-ui-1andb55&quot;
        /&gt;
      &lt;/div&gt;
    &lt;/div&gt;
  &lt;/div&gt;
  &lt;div&gt;
    &lt;div
      class=&quot;leafygreen-ui-1iyoj2o test-text-input-class&quot;
    &gt;
      &lt;label
        class=&quot;leafygreen-ui-1uh6n1l&quot;
        for=&quot;text-input-2368259&quot;
      &gt;
        Test Input Label
      &lt;/label&gt;
      &lt;p
        class=&quot;leafygreen-ui-1al9e6n&quot;
      &gt;
        This is the description
      &lt;/p&gt;
      &lt;div
        class=&quot;leafygreen-ui-lzja97&quot;
      &gt;
        &lt;input
          class=&quot;leafygreen-ui-om9pvn&quot;
          data-leafygreen-ui=&quot;input-selector&quot;
          data-testid=&quot;text-input&quot;
          id=&quot;text-input-2368259&quot;
          placeholder=&quot;This is some placeholder text&quot;
          required=&quot;&quot;
          type=&quot;text&quot;
          value=&quot;&quot;
        /&gt;
        &lt;div
          class=&quot;leafygreen-ui-m329s1&quot;
          data-leafygreen-ui=&quot;icon-selector&quot;
        /&gt;
        &lt;div
          class=&quot;leafygreen-ui-1andb55&quot;
        /&gt;
      &lt;/div&gt;
    &lt;/div&gt;
  &lt;/div&gt;
&lt;/body&gt;
    at getElementError (/Users/brookeyalof/Development/MongoDB/leafygreen-ui/packages/text-input/node_modules/@testing-library/dom/dist/query-helpers.js:46:10)
    at getMultipleElementsFoundError (/Users/brookeyalof/Development/MongoDB/leafygreen-ui/packages/text-input/node_modules/@testing-library/dom/dist/query-helpers.js:50:10)
    at getByTestId (/Users/brookeyalof/Development/MongoDB/leafygreen-ui/packages/text-input/node_modules/@testing-library/dom/dist/query-helpers.js:86:13)
    at renderTextInput (/Users/brookeyalof/Development/MongoDB/leafygreen-ui/packages/text-input/src/TextInput.spec.tsx:24:27)
    at Object.&lt;anonymous&gt; (/Users/brookeyalof/Development/MongoDB/leafygreen-ui/packages/text-input/src/TextInput.spec.tsx:38:38)
    at Object.asyncJestTest (/Users/brookeyalof/Development/MongoDB/leafygreen-ui/node_modules/jest-jasmine2/build/jasmineAsyncInstall.js:100:37)
    at /Users/brookeyalof/Development/MongoDB/leafygreen-ui/node_modules/jest-jasmine2/build/queueRunner.js:47:12
    at new Promise (&lt;anonymous&gt;)
    at mapper (/Users/brookeyalof/Development/MongoDB/leafygreen-ui/node_modules/jest-jasmine2/build/queueRunner.js:30:19)
    at /Users/brookeyalof/Development/MongoDB/leafygreen-ui/node_modules/jest-jasmine2/build/queueRunner.js:77:41</failure>
    </testcase>
    <testcase classname="packages/text-input renders test-text-input-class in the classList" name="packages/text-input renders test-text-input-class in the classList" time="0.005">
      <failure>Error: Found multiple elements by: [data-testid=&quot;text-input&quot;]

(If this is intentional, then use the `*AllBy*` variant of the query (like `queryAllByText`, `getAllByText`, or `findAllByText`)).

&lt;body&gt;
  &lt;div&gt;
    &lt;div
      class=&quot;leafygreen-ui-1iyoj2o test-text-input-class&quot;
    &gt;
      &lt;label
        class=&quot;leafygreen-ui-1uh6n1l&quot;
        for=&quot;text-input-9599242&quot;
      &gt;
        Test Input Label
      &lt;/label&gt;
      &lt;p
        class=&quot;leafygreen-ui-1al9e6n&quot;
      &gt;
        This is the description
      &lt;/p&gt;
      &lt;div
        class=&quot;leafygreen-ui-lzja97&quot;
      &gt;
        &lt;input
          class=&quot;leafygreen-ui-om9pvn&quot;
          data-leafygreen-ui=&quot;input-selector&quot;
          data-testid=&quot;text-input&quot;
          id=&quot;text-input-9599242&quot;
          placeholder=&quot;This is some placeholder text&quot;
          required=&quot;&quot;
          type=&quot;text&quot;
          value=&quot;&quot;
        /&gt;
        &lt;div
          class=&quot;leafygreen-ui-m329s1&quot;
          data-leafygreen-ui=&quot;icon-selector&quot;
        /&gt;
        &lt;div
          class=&quot;leafygreen-ui-1andb55&quot;
        /&gt;
      &lt;/div&gt;
    &lt;/div&gt;
  &lt;/div&gt;
  &lt;div&gt;
    &lt;div
      class=&quot;leafygreen-ui-1iyoj2o test-text-input-class&quot;
    &gt;
      &lt;label
        class=&quot;leafygreen-ui-1uh6n1l&quot;
        for=&quot;text-input-2368259&quot;
      &gt;
        Test Input Label
      &lt;/label&gt;
      &lt;p
        class=&quot;leafygreen-ui-1al9e6n&quot;
      &gt;
        This is the description
      &lt;/p&gt;
      &lt;div
        class=&quot;leafygreen-ui-lzja97&quot;
      &gt;
        &lt;input
          class=&quot;leafygreen-ui-om9pvn&quot;
          data-leafygreen-ui=&quot;input-selector&quot;
          data-testid=&quot;text-input&quot;
          id=&quot;text-input-2368259&quot;
          placeholder=&quot;This is some placeholder text&quot;
          required=&quot;&quot;
          type=&quot;text&quot;
          value=&quot;&quot;
        /&gt;
        &lt;div
          class=&quot;leafygreen-ui-m329s1&quot;
          data-leafygreen-ui=&quot;icon-selector&quot;
        /&gt;
        &lt;div
          class=&quot;leafygreen-ui-1andb55&quot;
        /&gt;
      &lt;/div&gt;
    &lt;/div&gt;
  &lt;/div&gt;
  &lt;div&gt;
    &lt;div
      class=&quot;leafygreen-ui-1iyoj2o test-text-input-class&quot;
    &gt;
      &lt;label
        class=&quot;leafygreen-ui-1uh6n1l&quot;
        for=&quot;text-input-4561172&quot;
      &gt;
        Test Input Label
      &lt;/label&gt;
      &lt;p
        class=&quot;leafygreen-ui-1al9e6n&quot;
      &gt;
        This is the description
      &lt;/p&gt;
      &lt;div
        class=&quot;leafygreen-ui-lzja97&quot;
      &gt;
        &lt;input
          class=&quot;leafygreen-ui-om9pvn&quot;
          data-leafygreen-ui=&quot;input-selector&quot;
          data-testid=&quot;text-input&quot;
          id=&quot;text-input-4561172&quot;
          placeholder=&quot;This is some placeholder text&quot;
          required=&quot;&quot;
          type=&quot;text&quot;
          value=&quot;&quot;
        /&gt;
        &lt;div
          class=&quot;leafygreen-ui-m329s1&quot;
          data-leafygreen-ui=&quot;icon-selector&quot;
        /&gt;
        &lt;div
          class=&quot;leafygreen-ui-1andb55&quot;
        /&gt;
      &lt;/div&gt;
    &lt;/div&gt;
  &lt;/div&gt;
&lt;/body&gt;
    at getElementError (/Users/brookeyalof/Development/MongoDB/leafygreen-ui/packages/text-input/node_modules/@testing-library/dom/dist/query-helpers.js:46:10)
    at getMultipleElementsFoundError (/Users/brookeyalof/Development/MongoDB/leafygreen-ui/packages/text-input/node_modules/@testing-library/dom/dist/query-helpers.js:50:10)
    at getByTestId (/Users/brookeyalof/Development/MongoDB/leafygreen-ui/packages/text-input/node_modules/@testing-library/dom/dist/query-helpers.js:86:13)
    at renderTextInput (/Users/brookeyalof/Development/MongoDB/leafygreen-ui/packages/text-input/src/TextInput.spec.tsx:24:27)
    at Object.&lt;anonymous&gt; (/Users/brookeyalof/Development/MongoDB/leafygreen-ui/packages/text-input/src/TextInput.spec.tsx:43:27)
    at Object.asyncJestTest (/Users/brookeyalof/Development/MongoDB/leafygreen-ui/node_modules/jest-jasmine2/build/jasmineAsyncInstall.js:100:37)
    at /Users/brookeyalof/Development/MongoDB/leafygreen-ui/node_modules/jest-jasmine2/build/queueRunner.js:47:12
    at new Promise (&lt;anonymous&gt;)
    at mapper (/Users/brookeyalof/Development/MongoDB/leafygreen-ui/node_modules/jest-jasmine2/build/queueRunner.js:30:19)
    at /Users/brookeyalof/Development/MongoDB/leafygreen-ui/node_modules/jest-jasmine2/build/queueRunner.js:77:41</failure>
    </testcase>
    <testcase classname="packages/text-input renders &quot;optional&quot; text when the prop is set to true" name="packages/text-input renders &quot;optional&quot; text when the prop is set to true" time="0.007">
      <failure>Error: Found multiple elements by: [data-testid=&quot;text-input&quot;]

(If this is intentional, then use the `*AllBy*` variant of the query (like `queryAllByText`, `getAllByText`, or `findAllByText`)).

&lt;body&gt;
  &lt;div&gt;
    &lt;div
      class=&quot;leafygreen-ui-1iyoj2o test-text-input-class&quot;
    &gt;
      &lt;label
        class=&quot;leafygreen-ui-1uh6n1l&quot;
        for=&quot;text-input-9599242&quot;
      &gt;
        Test Input Label
      &lt;/label&gt;
      &lt;p
        class=&quot;leafygreen-ui-1al9e6n&quot;
      &gt;
        This is the description
      &lt;/p&gt;
      &lt;div
        class=&quot;leafygreen-ui-lzja97&quot;
      &gt;
        &lt;input
          class=&quot;leafygreen-ui-om9pvn&quot;
          data-leafygreen-ui=&quot;input-selector&quot;
          data-testid=&quot;text-input&quot;
          id=&quot;text-input-9599242&quot;
          placeholder=&quot;This is some placeholder text&quot;
          required=&quot;&quot;
          type=&quot;text&quot;
          value=&quot;&quot;
        /&gt;
        &lt;div
          class=&quot;leafygreen-ui-m329s1&quot;
          data-leafygreen-ui=&quot;icon-selector&quot;
        /&gt;
        &lt;div
          class=&quot;leafygreen-ui-1andb55&quot;
        /&gt;
      &lt;/div&gt;
    &lt;/div&gt;
  &lt;/div&gt;
  &lt;div&gt;
    &lt;div
      class=&quot;leafygreen-ui-1iyoj2o test-text-input-class&quot;
    &gt;
      &lt;label
        class=&quot;leafygreen-ui-1uh6n1l&quot;
        for=&quot;text-input-2368259&quot;
      &gt;
        Test Input Label
      &lt;/label&gt;
      &lt;p
        class=&quot;leafygreen-ui-1al9e6n&quot;
      &gt;
        This is the description
      &lt;/p&gt;
      &lt;div
        class=&quot;leafygreen-ui-lzja97&quot;
      &gt;
        &lt;input
          class=&quot;leafygreen-ui-om9pvn&quot;
          data-leafygreen-ui=&quot;input-selector&quot;
          data-testid=&quot;text-input&quot;
          id=&quot;text-input-2368259&quot;
          placeholder=&quot;This is some placeholder text&quot;
          required=&quot;&quot;
          type=&quot;text&quot;
          value=&quot;&quot;
        /&gt;
        &lt;div
          class=&quot;leafygreen-ui-m329s1&quot;
          data-leafygreen-ui=&quot;icon-selector&quot;
        /&gt;
        &lt;div
          class=&quot;leafygreen-ui-1andb55&quot;
        /&gt;
      &lt;/div&gt;
    &lt;/div&gt;
  &lt;/div&gt;
  &lt;div&gt;
    &lt;div
      class=&quot;leafygreen-ui-1iyoj2o test-text-input-class&quot;
    &gt;
      &lt;label
        class=&quot;leafygreen-ui-1uh6n1l&quot;
        for=&quot;text-input-4561172&quot;
      &gt;
        Test Input Label
      &lt;/label&gt;
      &lt;p
        class=&quot;leafygreen-ui-1al9e6n&quot;
      &gt;
        This is the description
      &lt;/p&gt;
      &lt;div
        class=&quot;leafygreen-ui-lzja97&quot;
      &gt;
        &lt;input
          class=&quot;leafygreen-ui-om9pvn&quot;
          data-leafygreen-ui=&quot;input-selector&quot;
          data-testid=&quot;text-input&quot;
          id=&quot;text-input-4561172&quot;
          placeholder=&quot;This is some placeholder text&quot;
          required=&quot;&quot;
          type=&quot;text&quot;
          value=&quot;&quot;
        /&gt;
        &lt;div
          class=&quot;leafygreen-ui-m329s1&quot;
          data-leafygreen-ui=&quot;icon-selector&quot;
        /&gt;
        &lt;div
          class=&quot;leafygreen-ui-1andb55&quot;
        /&gt;
      &lt;/div&gt;
    &lt;/div&gt;
  &lt;/div&gt;
  &lt;div&gt;
    &lt;div
      class=&quot;leafygreen-ui-1iyoj2o test-text-input-class&quot;
    &gt;
      &lt;label
        class=&quot;leafygreen-ui-1uh6n1l&quot;
        for=&quot;text-input-4491967&quot;
      &gt;
        Test Input Label
      &lt;/label&gt;
      &lt;p
        class=&quot;leafygreen-ui-1al9e6n&quot;
      &gt;
        This is the description
      &lt;/p&gt;
      &lt;div
        class=&quot;leafygreen-ui-lzja97&quot;
      &gt;
        &lt;input
          class=&quot;leafygreen-ui-rtrvsi&quot;
          data-leafygreen-ui=&quot;input-selector&quot;
          data-testid=&quot;text-input&quot;
          id=&quot;text-input-4491967&quot;
          placeholder=&quot;This is some placeholder text&quot;
          type=&quot;text&quot;
          value=&quot;&quot;
        /&gt;
        &lt;div
          class=&quot;leafygreen-ui-m329s1&quot;
          data-leafygreen-ui=&quot;icon-selector&quot;
        &gt;
          &lt;div
            class=&quot;leafygreen-ui-2l8292&quot;
          &gt;
            &lt;p&gt;
              Optional
            &lt;/p&gt;
          &lt;/div&gt;
        &lt;/div&gt;
        &lt;div
          class=&quot;leafygreen-ui-1andb55&quot;
        /&gt;
      &lt;/div&gt;
    &lt;/div&gt;
  &lt;/div&gt;
&lt;/body&gt;
    at getElementError (/Users/brookeyalof/Development/MongoDB/leafygreen-ui/packages/text-input/node_modules/@testing-library/dom/dist/query-helpers.js:46:10)
    at getMultipleElementsFoundError (/Users/brookeyalof/Development/MongoDB/leafygreen-ui/packages/text-input/node_modules/@testing-library/dom/dist/query-helpers.js:50:10)
    at getByTestId (/Users/brookeyalof/Development/MongoDB/leafygreen-ui/packages/text-input/node_modules/@testing-library/dom/dist/query-helpers.js:86:13)
    at renderTextInput (/Users/brookeyalof/Development/MongoDB/leafygreen-ui/packages/text-input/src/TextInput.spec.tsx:24:27)
    at Object.&lt;anonymous&gt; (/Users/brookeyalof/Development/MongoDB/leafygreen-ui/packages/text-input/src/TextInput.spec.tsx:52:27)
    at Object.asyncJestTest (/Users/brookeyalof/Development/MongoDB/leafygreen-ui/node_modules/jest-jasmine2/build/jasmineAsyncInstall.js:100:37)
    at /Users/brookeyalof/Development/MongoDB/leafygreen-ui/node_modules/jest-jasmine2/build/queueRunner.js:47:12
    at new Promise (&lt;anonymous&gt;)
    at mapper (/Users/brookeyalof/Development/MongoDB/leafygreen-ui/node_modules/jest-jasmine2/build/queueRunner.js:30:19)
    at /Users/brookeyalof/Development/MongoDB/leafygreen-ui/node_modules/jest-jasmine2/build/queueRunner.js:77:41</failure>
    </testcase>
    <testcase classname="packages/text-input renders type as &quot;text&quot; by default" name="packages/text-input renders type as &quot;text&quot; by default" time="0.004">
      <failure>Error: Found multiple elements by: [data-testid=&quot;text-input&quot;]

(If this is intentional, then use the `*AllBy*` variant of the query (like `queryAllByText`, `getAllByText`, or `findAllByText`)).

&lt;body&gt;
  &lt;div&gt;
    &lt;div
      class=&quot;leafygreen-ui-1iyoj2o test-text-input-class&quot;
    &gt;
      &lt;label
        class=&quot;leafygreen-ui-1uh6n1l&quot;
        for=&quot;text-input-9599242&quot;
      &gt;
        Test Input Label
      &lt;/label&gt;
      &lt;p
        class=&quot;leafygreen-ui-1al9e6n&quot;
      &gt;
        This is the description
      &lt;/p&gt;
      &lt;div
        class=&quot;leafygreen-ui-lzja97&quot;
      &gt;
        &lt;input
          class=&quot;leafygreen-ui-om9pvn&quot;
          data-leafygreen-ui=&quot;input-selector&quot;
          data-testid=&quot;text-input&quot;
          id=&quot;text-input-9599242&quot;
          placeholder=&quot;This is some placeholder text&quot;
          required=&quot;&quot;
          type=&quot;text&quot;
          value=&quot;&quot;
        /&gt;
        &lt;div
          class=&quot;leafygreen-ui-m329s1&quot;
          data-leafygreen-ui=&quot;icon-selector&quot;
        /&gt;
        &lt;div
          class=&quot;leafygreen-ui-1andb55&quot;
        /&gt;
      &lt;/div&gt;
    &lt;/div&gt;
  &lt;/div&gt;
  &lt;div&gt;
    &lt;div
      class=&quot;leafygreen-ui-1iyoj2o test-text-input-class&quot;
    &gt;
      &lt;label
        class=&quot;leafygreen-ui-1uh6n1l&quot;
        for=&quot;text-input-2368259&quot;
      &gt;
        Test Input Label
      &lt;/label&gt;
      &lt;p
        class=&quot;leafygreen-ui-1al9e6n&quot;
      &gt;
        This is the description
      &lt;/p&gt;
      &lt;div
        class=&quot;leafygreen-ui-lzja97&quot;
      &gt;
        &lt;input
          class=&quot;leafygreen-ui-om9pvn&quot;
          data-leafygreen-ui=&quot;input-selector&quot;
          data-testid=&quot;text-input&quot;
          id=&quot;text-input-2368259&quot;
          placeholder=&quot;This is some placeholder text&quot;
          required=&quot;&quot;
          type=&quot;text&quot;
          value=&quot;&quot;
        /&gt;
        &lt;div
          class=&quot;leafygreen-ui-m329s1&quot;
          data-leafygreen-ui=&quot;icon-selector&quot;
        /&gt;
        &lt;div
          class=&quot;leafygreen-ui-1andb55&quot;
        /&gt;
      &lt;/div&gt;
    &lt;/div&gt;
  &lt;/div&gt;
  &lt;div&gt;
    &lt;div
      class=&quot;leafygreen-ui-1iyoj2o test-text-input-class&quot;
    &gt;
      &lt;label
        class=&quot;leafygreen-ui-1uh6n1l&quot;
        for=&quot;text-input-4561172&quot;
      &gt;
        Test Input Label
      &lt;/label&gt;
      &lt;p
        class=&quot;leafygreen-ui-1al9e6n&quot;
      &gt;
        This is the description
      &lt;/p&gt;
      &lt;div
        class=&quot;leafygreen-ui-lzja97&quot;
      &gt;
        &lt;input
          class=&quot;leafygreen-ui-om9pvn&quot;
          data-leafygreen-ui=&quot;input-selector&quot;
          data-testid=&quot;text-input&quot;
          id=&quot;text-input-4561172&quot;
          placeholder=&quot;This is some placeholder text&quot;
          required=&quot;&quot;
          type=&quot;text&quot;
          value=&quot;&quot;
        /&gt;
        &lt;div
          class=&quot;leafygreen-ui-m329s1&quot;
          data-leafygreen-ui=&quot;icon-selector&quot;
        /&gt;
        &lt;div
          class=&quot;leafygreen-ui-1andb55&quot;
        /&gt;
      &lt;/div&gt;
    &lt;/div&gt;
  &lt;/div&gt;
  &lt;div&gt;
    &lt;div
      class=&quot;leafygreen-ui-1iyoj2o test-text-input-class&quot;
    &gt;
      &lt;label
        class=&quot;leafygreen-ui-1uh6n1l&quot;
        for=&quot;text-input-4491967&quot;
      &gt;
        Test Input Label
      &lt;/label&gt;
      &lt;p
        class=&quot;leafygreen-ui-1al9e6n&quot;
      &gt;
        This is the description
      &lt;/p&gt;
      &lt;div
        class=&quot;leafygreen-ui-lzja97&quot;
      &gt;
        &lt;input
          class=&quot;leafygreen-ui-rtrvsi&quot;
          data-leafygreen-ui=&quot;input-selector&quot;
          data-testid=&quot;text-input&quot;
          id=&quot;text-input-4491967&quot;
          placeholder=&quot;This is some placeholder text&quot;
          type=&quot;text&quot;
          value=&quot;&quot;
        /&gt;
        &lt;div
          class=&quot;leafygreen-ui-m329s1&quot;
          data-leafygreen-ui=&quot;icon-selector&quot;
        &gt;
          &lt;div
            class=&quot;leafygreen-ui-2l8292&quot;
          &gt;
            &lt;p&gt;
              Optional
            &lt;/p&gt;
          &lt;/div&gt;
        &lt;/div&gt;
        &lt;div
          class=&quot;leafygreen-ui-1andb55&quot;
        /&gt;
      &lt;/div&gt;
    &lt;/div&gt;
  &lt;/div&gt;
  &lt;div&gt;
    &lt;div
      class=&quot;leafygreen-ui-1iyoj2o&quot;
    &gt;
      &lt;label
        class=&quot;leafygreen-ui-1uh6n1l&quot;
        for=&quot;text-input-3051917&quot;
      &gt;
        Test Input Label
      &lt;/label&gt;
      &lt;div
        class=&quot;leafygreen-ui-lzja97&quot;
      &gt;
        &lt;input
          class=&quot;leafygreen-ui-om9pvn&quot;
          data-leafygreen-ui=&quot;input-selector&quot;
          data-testid=&quot;text-input&quot;
          id=&quot;text-input-3051917&quot;
          required=&quot;&quot;
          type=&quot;text&quot;
          value=&quot;&quot;
        /&gt;
        &lt;div
          class=&quot;leafygreen-ui-m329s1&quot;
          data-leafygreen-ui=&quot;icon-selector&quot;
        /&gt;
        &lt;div
          class=&quot;leafygreen-ui-1andb55&quot;
        /&gt;
      &lt;/div&gt;
    &lt;/div&gt;
  &lt;/div&gt;
&lt;/body&gt;
    at getElementError (/Users/brookeyalof/Development/MongoDB/leafygreen-ui/packages/text-input/node_modules/@testing-library/dom/dist/query-helpers.js:46:10)
    at getMultipleElementsFoundError (/Users/brookeyalof/Development/MongoDB/leafygreen-ui/packages/text-input/node_modules/@testing-library/dom/dist/query-helpers.js:50:10)
    at getByTestId (/Users/brookeyalof/Development/MongoDB/leafygreen-ui/packages/text-input/node_modules/@testing-library/dom/dist/query-helpers.js:86:13)
    at renderTextInput (/Users/brookeyalof/Development/MongoDB/leafygreen-ui/packages/text-input/src/TextInput.spec.tsx:24:27)
    at Object.&lt;anonymous&gt; (/Users/brookeyalof/Development/MongoDB/leafygreen-ui/packages/text-input/src/TextInput.spec.tsx:57:27)
    at Object.asyncJestTest (/Users/brookeyalof/Development/MongoDB/leafygreen-ui/node_modules/jest-jasmine2/build/jasmineAsyncInstall.js:100:37)
    at /Users/brookeyalof/Development/MongoDB/leafygreen-ui/node_modules/jest-jasmine2/build/queueRunner.js:47:12
    at new Promise (&lt;anonymous&gt;)
    at mapper (/Users/brookeyalof/Development/MongoDB/leafygreen-ui/node_modules/jest-jasmine2/build/queueRunner.js:30:19)
    at /Users/brookeyalof/Development/MongoDB/leafygreen-ui/node_modules/jest-jasmine2/build/queueRunner.js:77:41</failure>
    </testcase>
    <testcase classname="packages/text-input renders type as &quot;password&quot; when the prop is set" name="packages/text-input renders type as &quot;password&quot; when the prop is set" time="0.004">
      <failure>Error: Found multiple elements by: [data-testid=&quot;text-input&quot;]

(If this is intentional, then use the `*AllBy*` variant of the query (like `queryAllByText`, `getAllByText`, or `findAllByText`)).

&lt;body&gt;
  &lt;div&gt;
    &lt;div
      class=&quot;leafygreen-ui-1iyoj2o test-text-input-class&quot;
    &gt;
      &lt;label
        class=&quot;leafygreen-ui-1uh6n1l&quot;
        for=&quot;text-input-9599242&quot;
      &gt;
        Test Input Label
      &lt;/label&gt;
      &lt;p
        class=&quot;leafygreen-ui-1al9e6n&quot;
      &gt;
        This is the description
      &lt;/p&gt;
      &lt;div
        class=&quot;leafygreen-ui-lzja97&quot;
      &gt;
        &lt;input
          class=&quot;leafygreen-ui-om9pvn&quot;
          data-leafygreen-ui=&quot;input-selector&quot;
          data-testid=&quot;text-input&quot;
          id=&quot;text-input-9599242&quot;
          placeholder=&quot;This is some placeholder text&quot;
          required=&quot;&quot;
          type=&quot;text&quot;
          value=&quot;&quot;
        /&gt;
        &lt;div
          class=&quot;leafygreen-ui-m329s1&quot;
          data-leafygreen-ui=&quot;icon-selector&quot;
        /&gt;
        &lt;div
          class=&quot;leafygreen-ui-1andb55&quot;
        /&gt;
      &lt;/div&gt;
    &lt;/div&gt;
  &lt;/div&gt;
  &lt;div&gt;
    &lt;div
      class=&quot;leafygreen-ui-1iyoj2o test-text-input-class&quot;
    &gt;
      &lt;label
        class=&quot;leafygreen-ui-1uh6n1l&quot;
        for=&quot;text-input-2368259&quot;
      &gt;
        Test Input Label
      &lt;/label&gt;
      &lt;p
        class=&quot;leafygreen-ui-1al9e6n&quot;
      &gt;
        This is the description
      &lt;/p&gt;
      &lt;div
        class=&quot;leafygreen-ui-lzja97&quot;
      &gt;
        &lt;input
          class=&quot;leafygreen-ui-om9pvn&quot;
          data-leafygreen-ui=&quot;input-selector&quot;
          data-testid=&quot;text-input&quot;
          id=&quot;text-input-2368259&quot;
          placeholder=&quot;This is some placeholder text&quot;
          required=&quot;&quot;
          type=&quot;text&quot;
          value=&quot;&quot;
        /&gt;
        &lt;div
          class=&quot;leafygreen-ui-m329s1&quot;
          data-leafygreen-ui=&quot;icon-selector&quot;
        /&gt;
        &lt;div
          class=&quot;leafygreen-ui-1andb55&quot;
        /&gt;
      &lt;/div&gt;
    &lt;/div&gt;
  &lt;/div&gt;
  &lt;div&gt;
    &lt;div
      class=&quot;leafygreen-ui-1iyoj2o test-text-input-class&quot;
    &gt;
      &lt;label
        class=&quot;leafygreen-ui-1uh6n1l&quot;
        for=&quot;text-input-4561172&quot;
      &gt;
        Test Input Label
      &lt;/label&gt;
      &lt;p
        class=&quot;leafygreen-ui-1al9e6n&quot;
      &gt;
        This is the description
      &lt;/p&gt;
      &lt;div
        class=&quot;leafygreen-ui-lzja97&quot;
      &gt;
        &lt;input
          class=&quot;leafygreen-ui-om9pvn&quot;
          data-leafygreen-ui=&quot;input-selector&quot;
          data-testid=&quot;text-input&quot;
          id=&quot;text-input-4561172&quot;
          placeholder=&quot;This is some placeholder text&quot;
          required=&quot;&quot;
          type=&quot;text&quot;
          value=&quot;&quot;
        /&gt;
        &lt;div
          class=&quot;leafygreen-ui-m329s1&quot;
          data-leafygreen-ui=&quot;icon-selector&quot;
        /&gt;
        &lt;div
          class=&quot;leafygreen-ui-1andb55&quot;
        /&gt;
      &lt;/div&gt;
    &lt;/div&gt;
  &lt;/div&gt;
  &lt;div&gt;
    &lt;div
      class=&quot;leafygreen-ui-1iyoj2o test-text-input-class&quot;
    &gt;
      &lt;label
        class=&quot;leafygreen-ui-1uh6n1l&quot;
        for=&quot;text-input-4491967&quot;
      &gt;
        Test Input Label
      &lt;/label&gt;
      &lt;p
        class=&quot;leafygreen-ui-1al9e6n&quot;
      &gt;
        This is the description
      &lt;/p&gt;
      &lt;div
        class=&quot;leafygreen-ui-lzja97&quot;
      &gt;
        &lt;input
          class=&quot;leafygreen-ui-rtrvsi&quot;
          data-leafygreen-ui=&quot;input-selector&quot;
          data-testid=&quot;text-input&quot;
          id=&quot;text-input-4491967&quot;
          placeholder=&quot;This is some placeholder text&quot;
          type=&quot;text&quot;
          value=&quot;&quot;
        /&gt;
        &lt;div
          class=&quot;leafygreen-ui-m329s1&quot;
          data-leafygreen-ui=&quot;icon-selector&quot;
        &gt;
          &lt;div
            class=&quot;leafygreen-ui-2l8292&quot;
          &gt;
            &lt;p&gt;
              Optional
            &lt;/p&gt;
          &lt;/div&gt;
        &lt;/div&gt;
        &lt;div
          class=&quot;leafygreen-ui-1andb55&quot;
        /&gt;
      &lt;/div&gt;
    &lt;/div&gt;
  &lt;/div&gt;
  &lt;div&gt;
    &lt;div
      class=&quot;leafygreen-ui-1iyoj2o&quot;
    &gt;
      &lt;label
        class=&quot;leafygreen-ui-1uh6n1l&quot;
        for=&quot;text-input-3051917&quot;
      &gt;
        Test Input Label
      &lt;/label&gt;
      &lt;div
        class=&quot;leafygreen-ui-lzja97&quot;
      &gt;
        &lt;input
          class=&quot;leafygreen-ui-om9pvn&quot;
          data-leafygreen-ui=&quot;input-selector&quot;
          data-testid=&quot;text-input&quot;
          id=&quot;text-input-3051917&quot;
          required=&quot;&quot;
          type=&quot;text&quot;
          value=&quot;&quot;
        /&gt;
        &lt;div
          class=&quot;leafygreen-ui-m329s1&quot;
          data-leafygreen-ui=&quot;icon-selector&quot;
        /&gt;
        &lt;div
          class=&quot;leafygreen-ui-1andb55&quot;
        /&gt;
      &lt;/div&gt;
    &lt;/div&gt;
  &lt;/div&gt;
  &lt;div&gt;
    &lt;div
      class=&quot;leafygreen-ui-1iyoj2o&quot;
    &gt;
      &lt;label
        class=&quot;leafygreen-ui-1uh6n1l&quot;
        for=&quot;text-input-8026402&quot;
      &gt;
        Test Input Label
      &lt;/label&gt;
      &lt;div
        class=&quot;leafygreen-ui-lzja97&quot;
      &gt;
        &lt;input
          class=&quot;leafygreen-ui-om9pvn&quot;
          data-leafygreen-ui=&quot;input-selector&quot;
          data-testid=&quot;text-input&quot;
          id=&quot;text-input-8026402&quot;
          required=&quot;&quot;
          type=&quot;password&quot;
          value=&quot;&quot;
        /&gt;
        &lt;div
          class=&quot;leafygreen-ui-m329s1&quot;
          data-leafygreen-ui=&quot;icon-selector&quot;
        /&gt;
        &lt;div
          class=&quot;leafygreen-ui-1andb55&quot;
        /&gt;
      &lt;/div&gt;
    &lt;/div&gt;
  &lt;/div&gt;
&lt;/body&gt;
    at getElementError (/Users/brookeyalof/Development/MongoDB/leafygreen-ui/packages/text-input/node_modules/@testing-library/dom/dist/query-helpers.js:46:10)
    at getMultipleElementsFoundError (/Users/brookeyalof/Development/MongoDB/leafygreen-ui/packages/text-input/node_modules/@testing-library/dom/dist/query-helpers.js:50:10)
    at getByTestId (/Users/brookeyalof/Development/MongoDB/leafygreen-ui/packages/text-input/node_modules/@testing-library/dom/dist/query-helpers.js:86:13)
    at renderTextInput (/Users/brookeyalof/Development/MongoDB/leafygreen-ui/packages/text-input/src/TextInput.spec.tsx:24:27)
    at Object.&lt;anonymous&gt; (/Users/brookeyalof/Development/MongoDB/leafygreen-ui/packages/text-input/src/TextInput.spec.tsx:62:27)
    at Object.asyncJestTest (/Users/brookeyalof/Development/MongoDB/leafygreen-ui/node_modules/jest-jasmine2/build/jasmineAsyncInstall.js:100:37)
    at /Users/brookeyalof/Development/MongoDB/leafygreen-ui/node_modules/jest-jasmine2/build/queueRunner.js:47:12
    at new Promise (&lt;anonymous&gt;)
    at mapper (/Users/brookeyalof/Development/MongoDB/leafygreen-ui/node_modules/jest-jasmine2/build/queueRunner.js:30:19)
    at /Users/brookeyalof/Development/MongoDB/leafygreen-ui/node_modules/jest-jasmine2/build/queueRunner.js:77:41</failure>
    </testcase>
    <testcase classname="packages/text-input does not render &quot;optional&quot; text when the prop is set to false " name="packages/text-input does not render &quot;optional&quot; text when the prop is set to false " time="0.004">
      <failure>Error: Found multiple elements by: [data-testid=&quot;text-input&quot;]

(If this is intentional, then use the `*AllBy*` variant of the query (like `queryAllByText`, `getAllByText`, or `findAllByText`)).

&lt;body&gt;
  &lt;div&gt;
    &lt;div
      class=&quot;leafygreen-ui-1iyoj2o test-text-input-class&quot;
    &gt;
      &lt;label
        class=&quot;leafygreen-ui-1uh6n1l&quot;
        for=&quot;text-input-9599242&quot;
      &gt;
        Test Input Label
      &lt;/label&gt;
      &lt;p
        class=&quot;leafygreen-ui-1al9e6n&quot;
      &gt;
        This is the description
      &lt;/p&gt;
      &lt;div
        class=&quot;leafygreen-ui-lzja97&quot;
      &gt;
        &lt;input
          class=&quot;leafygreen-ui-om9pvn&quot;
          data-leafygreen-ui=&quot;input-selector&quot;
          data-testid=&quot;text-input&quot;
          id=&quot;text-input-9599242&quot;
          placeholder=&quot;This is some placeholder text&quot;
          required=&quot;&quot;
          type=&quot;text&quot;
          value=&quot;&quot;
        /&gt;
        &lt;div
          class=&quot;leafygreen-ui-m329s1&quot;
          data-leafygreen-ui=&quot;icon-selector&quot;
        /&gt;
        &lt;div
          class=&quot;leafygreen-ui-1andb55&quot;
        /&gt;
      &lt;/div&gt;
    &lt;/div&gt;
  &lt;/div&gt;
  &lt;div&gt;
    &lt;div
      class=&quot;leafygreen-ui-1iyoj2o test-text-input-class&quot;
    &gt;
      &lt;label
        class=&quot;leafygreen-ui-1uh6n1l&quot;
        for=&quot;text-input-2368259&quot;
      &gt;
        Test Input Label
      &lt;/label&gt;
      &lt;p
        class=&quot;leafygreen-ui-1al9e6n&quot;
      &gt;
        This is the description
      &lt;/p&gt;
      &lt;div
        class=&quot;leafygreen-ui-lzja97&quot;
      &gt;
        &lt;input
          class=&quot;leafygreen-ui-om9pvn&quot;
          data-leafygreen-ui=&quot;input-selector&quot;
          data-testid=&quot;text-input&quot;
          id=&quot;text-input-2368259&quot;
          placeholder=&quot;This is some placeholder text&quot;
          required=&quot;&quot;
          type=&quot;text&quot;
          value=&quot;&quot;
        /&gt;
        &lt;div
          class=&quot;leafygreen-ui-m329s1&quot;
          data-leafygreen-ui=&quot;icon-selector&quot;
        /&gt;
        &lt;div
          class=&quot;leafygreen-ui-1andb55&quot;
        /&gt;
      &lt;/div&gt;
    &lt;/div&gt;
  &lt;/div&gt;
  &lt;div&gt;
    &lt;div
      class=&quot;leafygreen-ui-1iyoj2o test-text-input-class&quot;
    &gt;
      &lt;label
        class=&quot;leafygreen-ui-1uh6n1l&quot;
        for=&quot;text-input-4561172&quot;
      &gt;
        Test Input Label
      &lt;/label&gt;
      &lt;p
        class=&quot;leafygreen-ui-1al9e6n&quot;
      &gt;
        This is the description
      &lt;/p&gt;
      &lt;div
        class=&quot;leafygreen-ui-lzja97&quot;
      &gt;
        &lt;input
          class=&quot;leafygreen-ui-om9pvn&quot;
          data-leafygreen-ui=&quot;input-selector&quot;
          data-testid=&quot;text-input&quot;
          id=&quot;text-input-4561172&quot;
          placeholder=&quot;This is some placeholder text&quot;
          required=&quot;&quot;
          type=&quot;text&quot;
          value=&quot;&quot;
        /&gt;
        &lt;div
          class=&quot;leafygreen-ui-m329s1&quot;
          data-leafygreen-ui=&quot;icon-selector&quot;
        /&gt;
        &lt;div
          class=&quot;leafygreen-ui-1andb55&quot;
        /&gt;
      &lt;/div&gt;
    &lt;/div&gt;
  &lt;/div&gt;
  &lt;div&gt;
    &lt;div
      class=&quot;leafygreen-ui-1iyoj2o test-text-input-class&quot;
    &gt;
      &lt;label
        class=&quot;leafygreen-ui-1uh6n1l&quot;
        for=&quot;text-input-4491967&quot;
      &gt;
        Test Input Label
      &lt;/label&gt;
      &lt;p
        class=&quot;leafygreen-ui-1al9e6n&quot;
      &gt;
        This is the description
      &lt;/p&gt;
      &lt;div
        class=&quot;leafygreen-ui-lzja97&quot;
      &gt;
        &lt;input
          class=&quot;leafygreen-ui-rtrvsi&quot;
          data-leafygreen-ui=&quot;input-selector&quot;
          data-testid=&quot;text-input&quot;
          id=&quot;text-input-4491967&quot;
          placeholder=&quot;This is some placeholder text&quot;
          type=&quot;text&quot;
          value=&quot;&quot;
        /&gt;
        &lt;div
          class=&quot;leafygreen-ui-m329s1&quot;
          data-leafygreen-ui=&quot;icon-selector&quot;
        &gt;
          &lt;div
            class=&quot;leafygreen-ui-2l8292&quot;
          &gt;
            &lt;p&gt;
              Optional
            &lt;/p&gt;
          &lt;/div&gt;
        &lt;/div&gt;
        &lt;div
          class=&quot;leafygreen-ui-1andb55&quot;
        /&gt;
      &lt;/div&gt;
    &lt;/div&gt;
  &lt;/div&gt;
  &lt;div&gt;
    &lt;div
      class=&quot;leafygreen-ui-1iyoj2o&quot;
    &gt;
      &lt;label
        class=&quot;leafygreen-ui-1uh6n1l&quot;
        for=&quot;text-input-3051917&quot;
      &gt;
        Test Input Label
      &lt;/label&gt;
      &lt;div
        class=&quot;leafygreen-ui-lzja97&quot;
      &gt;
        &lt;input
          class=&quot;leafygreen-ui-om9pvn&quot;
          data-leafygreen-ui=&quot;input-selector&quot;
          data-testid=&quot;text-input&quot;
          id=&quot;text-input-3051917&quot;
          required=&quot;&quot;
          type=&quot;text&quot;
          value=&quot;&quot;
        /&gt;
        &lt;div
          class=&quot;leafygreen-ui-m329s1&quot;
          data-leafygreen-ui=&quot;icon-selector&quot;
        /&gt;
        &lt;div
          class=&quot;leafygreen-ui-1andb55&quot;
        /&gt;
      &lt;/div&gt;
    &lt;/div&gt;
  &lt;/div&gt;
  &lt;div&gt;
    &lt;div
      class=&quot;leafygreen-ui-1iyoj2o&quot;
    &gt;
      &lt;label
        class=&quot;leafygreen-ui-1uh6n1l&quot;
        for=&quot;text-input-8026402&quot;
      &gt;
        Test Input Label
      &lt;/label&gt;
      &lt;div
        class=&quot;leafygreen-ui-lzja97&quot;
      &gt;
        &lt;input
          class=&quot;leafygreen-ui-om9pvn&quot;
          data-leafygreen-ui=&quot;input-selector&quot;
          data-testid=&quot;text-input&quot;
          id=&quot;text-input-8026402&quot;
          required=&quot;&quot;
          type=&quot;password&quot;
          value=&quot;&quot;
        /&gt;
        &lt;div
          class=&quot;leafygreen-ui-m329s1&quot;
          data-leafygreen-ui=&quot;icon-selector&quot;
        /&gt;
        &lt;div
          class=&quot;leafygreen-ui-1andb55&quot;
        /&gt;
      &lt;/div&gt;
    &lt;/div&gt;
  &lt;/div&gt;
  &lt;div&gt;
    &lt;div
      class=&quot;leafygreen-ui-1iyoj2o test-text-input-class&quot;
    &gt;
      &lt;label
        class=&quot;leafygreen-ui-1uh6n1l&quot;
        for=&quot;text-input-861740&quot;
      &gt;
        Test Input Label
      &lt;/label&gt;
      &lt;p
        class=&quot;leafygreen-ui-1al9e6n&quot;
      &gt;
        This is the description
      &lt;/p&gt;
      &lt;div
        class=&quot;leafygreen-ui-lzja97&quot;
      &gt;
        &lt;input
          class=&quot;leafygreen-ui-om9pvn&quot;
          data-leafygreen-ui=&quot;input-selector&quot;
          data-testid=&quot;text-input&quot;
          id=&quot;text-input-861740&quot;
          placeholder=&quot;This is some placeholder text&quot;
          required=&quot;&quot;
          type=&quot;text&quot;
          value=&quot;&quot;
        /&gt;
        &lt;div
          class=&quot;leafygreen-ui-m329s1&quot;
          data-leafygreen-ui=&quot;icon-selector&quot;
        /&gt;
        &lt;div
          class=&quot;leafygreen-ui-1andb55&quot;
        /&gt;
      &lt;/div&gt;
    &lt;/div&gt;
  &lt;/div&gt;
&lt;/body&gt;
    at getElementError (/Users/brookeyalof/Development/MongoDB/leafygreen-ui/packages/text-input/node_modules/@testing-library/dom/dist/query-helpers.js:46:10)
    at getMultipleElementsFoundError (/Users/brookeyalof/Development/MongoDB/leafygreen-ui/packages/text-input/node_modules/@testing-library/dom/dist/query-helpers.js:50:10)
    at getByTestId (/Users/brookeyalof/Development/MongoDB/leafygreen-ui/packages/text-input/node_modules/@testing-library/dom/dist/query-helpers.js:86:13)
    at renderTextInput (/Users/brookeyalof/Development/MongoDB/leafygreen-ui/packages/text-input/src/TextInput.spec.tsx:24:27)
    at Object.&lt;anonymous&gt; (/Users/brookeyalof/Development/MongoDB/leafygreen-ui/packages/text-input/src/TextInput.spec.tsx:67:27)
    at Object.asyncJestTest (/Users/brookeyalof/Development/MongoDB/leafygreen-ui/node_modules/jest-jasmine2/build/jasmineAsyncInstall.js:100:37)
    at /Users/brookeyalof/Development/MongoDB/leafygreen-ui/node_modules/jest-jasmine2/build/queueRunner.js:47:12
    at new Promise (&lt;anonymous&gt;)
    at mapper (/Users/brookeyalof/Development/MongoDB/leafygreen-ui/node_modules/jest-jasmine2/build/queueRunner.js:30:19)
    at /Users/brookeyalof/Development/MongoDB/leafygreen-ui/node_modules/jest-jasmine2/build/queueRunner.js:77:41</failure>
    </testcase>
    <testcase classname="packages/text-input when the &quot;state&quot; is &quot;valid&quot; displays checkmark icon when input is valid" name="packages/text-input when the &quot;state&quot; is &quot;valid&quot; displays checkmark icon when input is valid" time="0.014">
      <failure>Error: Found multiple elements by: [data-testid=&quot;text-input&quot;]

(If this is intentional, then use the `*AllBy*` variant of the query (like `queryAllByText`, `getAllByText`, or `findAllByText`)).

&lt;body&gt;
  &lt;div&gt;
    &lt;div
      class=&quot;leafygreen-ui-1iyoj2o test-text-input-class&quot;
    &gt;
      &lt;label
        class=&quot;leafygreen-ui-1uh6n1l&quot;
        for=&quot;text-input-9599242&quot;
      &gt;
        Test Input Label
      &lt;/label&gt;
      &lt;p
        class=&quot;leafygreen-ui-1al9e6n&quot;
      &gt;
        This is the description
      &lt;/p&gt;
      &lt;div
        class=&quot;leafygreen-ui-lzja97&quot;
      &gt;
        &lt;input
          class=&quot;leafygreen-ui-om9pvn&quot;
          data-leafygreen-ui=&quot;input-selector&quot;
          data-testid=&quot;text-input&quot;
          id=&quot;text-input-9599242&quot;
          placeholder=&quot;This is some placeholder text&quot;
          required=&quot;&quot;
          type=&quot;text&quot;
          value=&quot;&quot;
        /&gt;
        &lt;div
          class=&quot;leafygreen-ui-m329s1&quot;
          data-leafygreen-ui=&quot;icon-selector&quot;
        /&gt;
        &lt;div
          class=&quot;leafygreen-ui-1andb55&quot;
        /&gt;
      &lt;/div&gt;
    &lt;/div&gt;
  &lt;/div&gt;
  &lt;div&gt;
    &lt;div
      class=&quot;leafygreen-ui-1iyoj2o test-text-input-class&quot;
    &gt;
      &lt;label
        class=&quot;leafygreen-ui-1uh6n1l&quot;
        for=&quot;text-input-2368259&quot;
      &gt;
        Test Input Label
      &lt;/label&gt;
      &lt;p
        class=&quot;leafygreen-ui-1al9e6n&quot;
      &gt;
        This is the description
      &lt;/p&gt;
      &lt;div
        class=&quot;leafygreen-ui-lzja97&quot;
      &gt;
        &lt;input
          class=&quot;leafygreen-ui-om9pvn&quot;
          data-leafygreen-ui=&quot;input-selector&quot;
          data-testid=&quot;text-input&quot;
          id=&quot;text-input-2368259&quot;
          placeholder=&quot;This is some placeholder text&quot;
          required=&quot;&quot;
          type=&quot;text&quot;
          value=&quot;&quot;
        /&gt;
        &lt;div
          class=&quot;leafygreen-ui-m329s1&quot;
          data-leafygreen-ui=&quot;icon-selector&quot;
        /&gt;
        &lt;div
          class=&quot;leafygreen-ui-1andb55&quot;
        /&gt;
      &lt;/div&gt;
    &lt;/div&gt;
  &lt;/div&gt;
  &lt;div&gt;
    &lt;div
      class=&quot;leafygreen-ui-1iyoj2o test-text-input-class&quot;
    &gt;
      &lt;label
        class=&quot;leafygreen-ui-1uh6n1l&quot;
        for=&quot;text-input-4561172&quot;
      &gt;
        Test Input Label
      &lt;/label&gt;
      &lt;p
        class=&quot;leafygreen-ui-1al9e6n&quot;
      &gt;
        This is the description
      &lt;/p&gt;
      &lt;div
        class=&quot;leafygreen-ui-lzja97&quot;
      &gt;
        &lt;input
          class=&quot;leafygreen-ui-om9pvn&quot;
          data-leafygreen-ui=&quot;input-selector&quot;
          data-testid=&quot;text-input&quot;
          id=&quot;text-input-4561172&quot;
          placeholder=&quot;This is some placeholder text&quot;
          required=&quot;&quot;
          type=&quot;text&quot;
          value=&quot;&quot;
        /&gt;
        &lt;div
          class=&quot;leafygreen-ui-m329s1&quot;
          data-leafygreen-ui=&quot;icon-selector&quot;
        /&gt;
        &lt;div
          class=&quot;leafygreen-ui-1andb55&quot;
        /&gt;
      &lt;/div&gt;
    &lt;/div&gt;
  &lt;/div&gt;
  &lt;div&gt;
    &lt;div
      class=&quot;leafygreen-ui-1iyoj2o test-text-input-class&quot;
    &gt;
      &lt;label
        class=&quot;leafygreen-ui-1uh6n1l&quot;
        for=&quot;text-input-4491967&quot;
      &gt;
        Test Input Label
      &lt;/label&gt;
      &lt;p
        class=&quot;leafygreen-ui-1al9e6n&quot;
      &gt;
        This is the description
      &lt;/p&gt;
      &lt;div
        class=&quot;leafygreen-ui-lzja97&quot;
      &gt;
        &lt;input
          class=&quot;leafygreen-ui-rtrvsi&quot;
          data-leafygreen-ui=&quot;input-selector&quot;
          data-testid=&quot;text-input&quot;
          id=&quot;text-input-4491967&quot;
          placeholder=&quot;This is some placeholder text&quot;
          type=&quot;text&quot;
          value=&quot;&quot;
        /&gt;
        &lt;div
          class=&quot;leafygreen-ui-m329s1&quot;
          data-leafygreen-ui=&quot;icon-selector&quot;
        &gt;
          &lt;div
            class=&quot;leafygreen-ui-2l8292&quot;
          &gt;
            &lt;p&gt;
              Optional
            &lt;/p&gt;
          &lt;/div&gt;
        &lt;/div&gt;
        &lt;div
          class=&quot;leafygreen-ui-1andb55&quot;
        /&gt;
      &lt;/div&gt;
    &lt;/div&gt;
  &lt;/div&gt;
  &lt;div&gt;
    &lt;div
      class=&quot;leafygreen-ui-1iyoj2o&quot;
    &gt;
      &lt;label
        class=&quot;leafygreen-ui-1uh6n1l&quot;
        for=&quot;text-input-3051917&quot;
      &gt;
        Test Input Label
      &lt;/label&gt;
      &lt;div
        class=&quot;leafygreen-ui-lzja97&quot;
      &gt;
        &lt;input
          class=&quot;leafygreen-ui-om9pvn&quot;
          data-leafygreen-ui=&quot;input-selector&quot;
          data-testid=&quot;text-input&quot;
          id=&quot;text-input-3051917&quot;
          required=&quot;&quot;
          type=&quot;text&quot;
          value=&quot;&quot;
        /&gt;
        &lt;div
          class=&quot;leafygreen-ui-m329s1&quot;
          data-leafygreen-ui=&quot;icon-selector&quot;
        /&gt;
        &lt;div
          class=&quot;leafygreen-ui-1andb55&quot;
        /&gt;
      &lt;/div&gt;
    &lt;/div&gt;
  &lt;/div&gt;
  &lt;div&gt;
    &lt;div
      class=&quot;leafygreen-ui-1iyoj2o&quot;
    &gt;
      &lt;label
        class=&quot;leafygreen-ui-1uh6n1l&quot;
        for=&quot;text-input-8026402&quot;
      &gt;
        Test Input Label
      &lt;/label&gt;
      &lt;div
        class=&quot;leafygreen-ui-lzja97&quot;
      &gt;
        &lt;input
          class=&quot;leafygreen-ui-om9pvn&quot;
          data-leafygreen-ui=&quot;input-selector&quot;
          data-testid=&quot;text-input&quot;
          id=&quot;text-input-8026402&quot;
          required=&quot;&quot;
          type=&quot;password&quot;
          value=&quot;&quot;
        /&gt;
        &lt;div
          class=&quot;leafygreen-ui-m329s1&quot;
          data-leafygreen-ui=&quot;icon-selector&quot;
        /&gt;
        &lt;div
          class=&quot;leafygreen-ui-1andb55&quot;
        /&gt;
      &lt;/div&gt;
    &lt;/div&gt;
  &lt;/div&gt;
  &lt;div&gt;
    &lt;div
      class=&quot;leafygreen-ui-1iyoj2o test-text-input-class&quot;
    &gt;
      &lt;label
        class=&quot;leafygreen-ui-1uh6n1l&quot;
        for=&quot;text-input-861740&quot;
      &gt;
        Test Input Label
      &lt;/label&gt;
      &lt;p
        class=&quot;leafygreen-ui-1al9e6n&quot;
      &gt;
        This is the description
      &lt;/p&gt;
      &lt;div
        class=&quot;leafygreen-ui-lzja97&quot;
      &gt;
        &lt;input
          class=&quot;leafygreen-ui-om9pvn&quot;
          data-leafygreen-ui=&quot;input-selector&quot;
          data-testid=&quot;text-input&quot;
          id=&quot;text-input-861740&quot;
          placeholder=&quot;This is some placeholder text&quot;
          required=&quot;&quot;
          type=&quot;text&quot;
          value=&quot;&quot;
        /&gt;
        &lt;div
          class=&quot;leafygreen-ui-m329s1&quot;
          data-leafygreen-ui=&quot;icon-selector&quot;
        /&gt;
        &lt;div
          class=&quot;leafygreen-ui-1andb55&quot;
        /&gt;
      &lt;/div&gt;
    &lt;/div&gt;
  &lt;/div&gt;
  &lt;div&gt;
    &lt;div
      class=&quot;leafygreen-ui-1iyoj2o test-text-input-class&quot;
    &gt;
      &lt;label
        class=&quot;leafygreen-ui-1uh6n1l&quot;
        for=&quot;text-input-4321630&quot;
      &gt;
        Test Input Label
      &lt;/label&gt;
      &lt;p
        class=&quot;leafygreen-ui-1al9e6n&quot;
      &gt;
        This is the description
      &lt;/p&gt;
      &lt;div
        class=&quot;leafygreen-ui-lzja97&quot;
      &gt;
        &lt;input
          class=&quot;leafygreen-ui-dn9ldp&quot;
          data-leafygreen-ui=&quot;input-selector&quot;
          data-testid=&quot;text-input&quot;
          id=&quot;text-input-4321630&quot;
          placeholder=&quot;This is some placeholder text&quot;
          type=&quot;text&quot;
          value=&quot;test.email@mongodb.com&quot;
        /&gt;
        &lt;div
          class=&quot;leafygreen-ui-m329s1&quot;
          data-leafygreen-ui=&quot;icon-selector&quot;
        &gt;
          &lt;svg
            class=&quot;leafygreen-ui-7wvnua&quot;
            height=&quot;16&quot;
            role=&quot;img&quot;
            title=&quot;Checkmark Icon&quot;
            viewBox=&quot;0 0 16 16&quot;
            width=&quot;16&quot;
          &gt;
            &lt;title&gt;
              Glyphs / Checkmark
            &lt;/title&gt;
            &lt;desc&gt;
              Created with Sketch.
            &lt;/desc&gt;
            &lt;g
              fill=&quot;none&quot;
              fill-rule=&quot;evenodd&quot;
              id=&quot;Glyphs-/-Checkmark&quot;
              stroke=&quot;none&quot;
              stroke-width=&quot;1&quot;
            &gt;
              &lt;path
                d=&quot;M6.94974747,10.363961 L13.3137085,4 L14.7279221,5.41421356 L8.36396103,11.7781746 L6.94974747,13.1923882 L2,8.24264069 L3.41421356,6.82842712 L6.94974747,10.363961 Z&quot;
                fill=&quot;currentColor&quot;
              /&gt;
            &lt;/g&gt;
          &lt;/svg&gt;
        &lt;/div&gt;
        &lt;div
          class=&quot;leafygreen-ui-1andb55&quot;
        /&gt;
      &lt;/div&gt;
    &lt;/div&gt;
  &lt;/div&gt;
&lt;/body&gt;
    at getElementError (/Users/brookeyalof/Development/MongoDB/leafygreen-ui/packages/text-input/node_modules/@testing-library/dom/dist/query-helpers.js:46:10)
    at getMultipleElementsFoundError (/Users/brookeyalof/Development/MongoDB/leafygreen-ui/packages/text-input/node_modules/@testing-library/dom/dist/query-helpers.js:50:10)
    at getByTestId (/Users/brookeyalof/Development/MongoDB/leafygreen-ui/packages/text-input/node_modules/@testing-library/dom/dist/query-helpers.js:86:13)
    at renderTextInput (/Users/brookeyalof/Development/MongoDB/leafygreen-ui/packages/text-input/src/TextInput.spec.tsx:24:27)
    at Object.&lt;anonymous&gt; (/Users/brookeyalof/Development/MongoDB/leafygreen-ui/packages/text-input/src/TextInput.spec.tsx:73:52)
    at Object.asyncJestTest (/Users/brookeyalof/Development/MongoDB/leafygreen-ui/node_modules/jest-jasmine2/build/jasmineAsyncInstall.js:100:37)
    at /Users/brookeyalof/Development/MongoDB/leafygreen-ui/node_modules/jest-jasmine2/build/queueRunner.js:47:12
    at new Promise (&lt;anonymous&gt;)
    at mapper (/Users/brookeyalof/Development/MongoDB/leafygreen-ui/node_modules/jest-jasmine2/build/queueRunner.js:30:19)
    at /Users/brookeyalof/Development/MongoDB/leafygreen-ui/node_modules/jest-jasmine2/build/queueRunner.js:77:41</failure>
    </testcase>
    <testcase classname="packages/text-input when the &quot;state&quot; is &quot;error&quot; displays warning icon when input is invalid" name="packages/text-input when the &quot;state&quot; is &quot;error&quot; displays warning icon when input is invalid" time="0.01">
      <failure>Error: Found multiple elements by: [data-testid=&quot;text-input&quot;]

(If this is intentional, then use the `*AllBy*` variant of the query (like `queryAllByText`, `getAllByText`, or `findAllByText`)).

&lt;body&gt;
  &lt;div&gt;
    &lt;div
      class=&quot;leafygreen-ui-1iyoj2o test-text-input-class&quot;
    &gt;
      &lt;label
        class=&quot;leafygreen-ui-1uh6n1l&quot;
        for=&quot;text-input-9599242&quot;
      &gt;
        Test Input Label
      &lt;/label&gt;
      &lt;p
        class=&quot;leafygreen-ui-1al9e6n&quot;
      &gt;
        This is the description
      &lt;/p&gt;
      &lt;div
        class=&quot;leafygreen-ui-lzja97&quot;
      &gt;
        &lt;input
          class=&quot;leafygreen-ui-om9pvn&quot;
          data-leafygreen-ui=&quot;input-selector&quot;
          data-testid=&quot;text-input&quot;
          id=&quot;text-input-9599242&quot;
          placeholder=&quot;This is some placeholder text&quot;
          required=&quot;&quot;
          type=&quot;text&quot;
          value=&quot;&quot;
        /&gt;
        &lt;div
          class=&quot;leafygreen-ui-m329s1&quot;
          data-leafygreen-ui=&quot;icon-selector&quot;
        /&gt;
        &lt;div
          class=&quot;leafygreen-ui-1andb55&quot;
        /&gt;
      &lt;/div&gt;
    &lt;/div&gt;
  &lt;/div&gt;
  &lt;div&gt;
    &lt;div
      class=&quot;leafygreen-ui-1iyoj2o test-text-input-class&quot;
    &gt;
      &lt;label
        class=&quot;leafygreen-ui-1uh6n1l&quot;
        for=&quot;text-input-2368259&quot;
      &gt;
        Test Input Label
      &lt;/label&gt;
      &lt;p
        class=&quot;leafygreen-ui-1al9e6n&quot;
      &gt;
        This is the description
      &lt;/p&gt;
      &lt;div
        class=&quot;leafygreen-ui-lzja97&quot;
      &gt;
        &lt;input
          class=&quot;leafygreen-ui-om9pvn&quot;
          data-leafygreen-ui=&quot;input-selector&quot;
          data-testid=&quot;text-input&quot;
          id=&quot;text-input-2368259&quot;
          placeholder=&quot;This is some placeholder text&quot;
          required=&quot;&quot;
          type=&quot;text&quot;
          value=&quot;&quot;
        /&gt;
        &lt;div
          class=&quot;leafygreen-ui-m329s1&quot;
          data-leafygreen-ui=&quot;icon-selector&quot;
        /&gt;
        &lt;div
          class=&quot;leafygreen-ui-1andb55&quot;
        /&gt;
      &lt;/div&gt;
    &lt;/div&gt;
  &lt;/div&gt;
  &lt;div&gt;
    &lt;div
      class=&quot;leafygreen-ui-1iyoj2o test-text-input-class&quot;
    &gt;
      &lt;label
        class=&quot;leafygreen-ui-1uh6n1l&quot;
        for=&quot;text-input-4561172&quot;
      &gt;
        Test Input Label
      &lt;/label&gt;
      &lt;p
        class=&quot;leafygreen-ui-1al9e6n&quot;
      &gt;
        This is the description
      &lt;/p&gt;
      &lt;div
        class=&quot;leafygreen-ui-lzja97&quot;
      &gt;
        &lt;input
          class=&quot;leafygreen-ui-om9pvn&quot;
          data-leafygreen-ui=&quot;input-selector&quot;
          data-testid=&quot;text-input&quot;
          id=&quot;text-input-4561172&quot;
          placeholder=&quot;This is some placeholder text&quot;
          required=&quot;&quot;
          type=&quot;text&quot;
          value=&quot;&quot;
        /&gt;
        &lt;div
          class=&quot;leafygreen-ui-m329s1&quot;
          data-leafygreen-ui=&quot;icon-selector&quot;
        /&gt;
        &lt;div
          class=&quot;leafygreen-ui-1andb55&quot;
        /&gt;
      &lt;/div&gt;
    &lt;/div&gt;
  &lt;/div&gt;
  &lt;div&gt;
    &lt;div
      class=&quot;leafygreen-ui-1iyoj2o test-text-input-class&quot;
    &gt;
      &lt;label
        class=&quot;leafygreen-ui-1uh6n1l&quot;
        for=&quot;text-input-4491967&quot;
      &gt;
        Test Input Label
      &lt;/label&gt;
      &lt;p
        class=&quot;leafygreen-ui-1al9e6n&quot;
      &gt;
        This is the description
      &lt;/p&gt;
      &lt;div
        class=&quot;leafygreen-ui-lzja97&quot;
      &gt;
        &lt;input
          class=&quot;leafygreen-ui-rtrvsi&quot;
          data-leafygreen-ui=&quot;input-selector&quot;
          data-testid=&quot;text-input&quot;
          id=&quot;text-input-4491967&quot;
          placeholder=&quot;This is some placeholder text&quot;
          type=&quot;text&quot;
          value=&quot;&quot;
        /&gt;
        &lt;div
          class=&quot;leafygreen-ui-m329s1&quot;
          data-leafygreen-ui=&quot;icon-selector&quot;
        &gt;
          &lt;div
            class=&quot;leafygreen-ui-2l8292&quot;
          &gt;
            &lt;p&gt;
              Optional
            &lt;/p&gt;
          &lt;/div&gt;
        &lt;/div&gt;
        &lt;div
          class=&quot;leafygreen-ui-1andb55&quot;
        /&gt;
      &lt;/div&gt;
    &lt;/div&gt;
  &lt;/div&gt;
  &lt;div&gt;
    &lt;div
      class=&quot;leafygreen-ui-1iyoj2o&quot;
    &gt;
      &lt;label
        class=&quot;leafygreen-ui-1uh6n1l&quot;
        for=&quot;text-input-3051917&quot;
      &gt;
        Test Input Label
      &lt;/label&gt;
      &lt;div
        class=&quot;leafygreen-ui-lzja97&quot;
      &gt;
        &lt;input
          class=&quot;leafygreen-ui-om9pvn&quot;
          data-leafygreen-ui=&quot;input-selector&quot;
          data-testid=&quot;text-input&quot;
          id=&quot;text-input-3051917&quot;
          required=&quot;&quot;
          type=&quot;text&quot;
          value=&quot;&quot;
        /&gt;
        &lt;div
          class=&quot;leafygreen-ui-m329s1&quot;
          data-leafygreen-ui=&quot;icon-selector&quot;
        /&gt;
        &lt;div
          class=&quot;leafygreen-ui-1andb55&quot;
        /&gt;
      &lt;/div&gt;
    &lt;/div&gt;
  &lt;/div&gt;
  &lt;div&gt;
    &lt;div
      class=&quot;leafygreen-ui-1iyoj2o&quot;
    &gt;
      &lt;label
        class=&quot;leafygreen-ui-1uh6n1l&quot;
        for=&quot;text-input-8026402&quot;
      &gt;
        Test Input Label
      &lt;/label&gt;
      &lt;div
        class=&quot;leafygreen-ui-lzja97&quot;
      &gt;
        &lt;input
          class=&quot;leafygreen-ui-om9pvn&quot;
          data-leafygreen-ui=&quot;input-selector&quot;
          data-testid=&quot;text-input&quot;
          id=&quot;text-input-8026402&quot;
          required=&quot;&quot;
          type=&quot;password&quot;
          value=&quot;&quot;
        /&gt;
        &lt;div
          class=&quot;leafygreen-ui-m329s1&quot;
          data-leafygreen-ui=&quot;icon-selector&quot;
        /&gt;
        &lt;div
          class=&quot;leafygreen-ui-1andb55&quot;
        /&gt;
      &lt;/div&gt;
    &lt;/div&gt;
  &lt;/div&gt;
  &lt;div&gt;
    &lt;div
      class=&quot;leafygreen-ui-1iyoj2o test-text-input-class&quot;
    &gt;
      &lt;label
        class=&quot;leafygreen-ui-1uh6n1l&quot;
        for=&quot;text-input-861740&quot;
      &gt;
        Test Input Label
      &lt;/label&gt;
      &lt;p
        class=&quot;leafygreen-ui-1al9e6n&quot;
      &gt;
        This is the description
      &lt;/p&gt;
      &lt;div
        class=&quot;leafygreen-ui-lzja97&quot;
      &gt;
        &lt;input
          class=&quot;leafygreen-ui-om9pvn&quot;
          data-leafygreen-ui=&quot;input-selector&quot;
          data-testid=&quot;text-input&quot;
          id=&quot;text-input-861740&quot;
          placeholder=&quot;This is some placeholder text&quot;
          required=&quot;&quot;
          type=&quot;text&quot;
          value=&quot;&quot;
        /&gt;
        &lt;div
          class=&quot;leafygreen-ui-m329s1&quot;
          data-leafygreen-ui=&quot;icon-selector&quot;
        /&gt;
        &lt;div
          class=&quot;leafygreen-ui-1andb55&quot;
        /&gt;
      &lt;/div&gt;
    &lt;/div&gt;
  &lt;/div&gt;
  &lt;div&gt;
    &lt;div
      class=&quot;leafygreen-ui-1iyoj2o test-text-input-class&quot;
    &gt;
      &lt;label
        class=&quot;leafygreen-ui-1uh6n1l&quot;
        for=&quot;text-input-4321630&quot;
      &gt;
        Test Input Label
      &lt;/label&gt;
      &lt;p
        class=&quot;leafygreen-ui-1al9e6n&quot;
      &gt;
        This is the description
      &lt;/p&gt;
      &lt;div
        class=&quot;leafygreen-ui-lzja97&quot;
      &gt;
        &lt;input
          class=&quot;leafygreen-ui-dn9ldp&quot;
          data-leafygreen-ui=&quot;input-selector&quot;
          data-testid=&quot;text-input&quot;
          id=&quot;text-input-4321630&quot;
          placeholder=&quot;This is some placeholder text&quot;
          type=&quot;text&quot;
          value=&quot;test.email@mongodb.com&quot;
        /&gt;
        &lt;div
          class=&quot;leafygreen-ui-m329s1&quot;
          data-leafygreen-ui=&quot;icon-selector&quot;
        &gt;
          &lt;svg
            class=&quot;leafygreen-ui-7wvnua&quot;
            height=&quot;16&quot;
            role=&quot;img&quot;
            title=&quot;Checkmark Icon&quot;
            viewBox=&quot;0 0 16 16&quot;
            width=&quot;16&quot;
          &gt;
            &lt;title&gt;
              Glyphs / Checkmark
            &lt;/title&gt;
            &lt;desc&gt;
              Created with Sketch.
            &lt;/desc&gt;
            &lt;g
              fill=&quot;none&quot;
              fill-rule=&quot;evenodd&quot;
              id=&quot;Glyphs-/-Checkmark&quot;
              stroke=&quot;none&quot;
              stroke-width=&quot;1&quot;
            &gt;
              &lt;path
                d=&quot;M6.94974747,10.363961 L13.3137085,4 L14.7279221,5.41421356 L8.36396103,11.7781746 L6.94974747,13.1923882 L2,8.24264069 L3.41421356,6.82842712 L6.94974747,10.363961 Z&quot;
                fill=&quot;currentColor&quot;
              /&gt;
            &lt;/g&gt;
          &lt;/svg&gt;
        &lt;/div&gt;
        &lt;div
          class=&quot;leafygreen-ui-1andb55&quot;
        /&gt;
      &lt;/div&gt;
    &lt;/div&gt;
  &lt;/div&gt;
  &lt;div&gt;
    &lt;div
      class=&quot;leafygreen-ui-1iyoj2o test-text-input-class&quot;
    &gt;
      &lt;label
        class=&quot;leafygreen-ui-1uh6n1l&quot;
        for=&quot;text-input-3351935&quot;
      &gt;
        Test Input Label
      &lt;/label&gt;
      &lt;p
        class=&quot;leafygreen-ui-1al9e6n&quot;
      &gt;
        This is the description
      &lt;/p&gt;
      &lt;div
        class=&quot;leafygreen-ui-lzja97&quot;
      &gt;
        &lt;input
          class=&quot;leafygreen-ui-1yv2n41&quot;
          data-leafygreen-ui=&quot;input-selector&quot;
          data-testid=&quot;text-input&quot;
          id=&quot;text-input-3351935&quot;
          placeholder=&quot;This is some placeholder text&quot;
          type=&quot;text&quot;
          value=&quot;invalid.email&quot;
        /&gt;
        &lt;div
          class=&quot;leafygreen-ui-m329s1&quot;
          data-leafygreen-ui=&quot;icon-selector&quot;
        &gt;
          &lt;svg
            class=&quot;leafygreen-ui-zzm1v1&quot;
            height=&quot;16&quot;
            role=&quot;img&quot;
            title=&quot;Warning Icon&quot;
            viewBox=&quot;0 0 16 16&quot;
            width=&quot;16&quot;
          &gt;
            &lt;title&gt;
              Glyphs / Warning
            &lt;/title&gt;
            &lt;desc&gt;
              Created with Sketch.
            &lt;/desc&gt;
            &lt;g
              fill=&quot;none&quot;
              fill-rule=&quot;evenodd&quot;
              id=&quot;Glyphs-/-Warning&quot;
              stroke=&quot;none&quot;
              stroke-width=&quot;1&quot;
            &gt;
              &lt;path
                d=&quot;M9.30723029,0.76487417 L15.7424591,12.2052809 C16.1486048,12.9273177 15.8925244,13.8418903 15.1704876,14.248036 C14.9459652,14.3743299 14.692701,14.4406727 14.4350958,14.4406727 L1.56463821,14.4406727 C0.736211087,14.4406727 0.0646382121,13.7690999 0.0646382121,12.9406727 C0.0646382121,12.6830675 0.130981021,12.4298033 0.257274906,12.2052809 L6.69250368,0.76487417 C7.09864939,0.0428373535 8.01322203,-0.213242986 8.73525884,0.192902723 C8.97469558,0.327585886 9.17254713,0.525437435 9.30723029,0.76487417 Z M6.74986699,4.36840711 L6.99986699,9.36840711 L8.99986699,9.36840711 L9.24986699,4.36840711 L6.74986699,4.36840711 Z M7.99986699,12.8684071 C8.69022292,12.8684071 9.24986699,12.308763 9.24986699,11.6184071 C9.24986699,10.9280512 8.69022292,10.3684071 7.99986699,10.3684071 C7.30951105,10.3684071 6.74986699,10.9280512 6.74986699,11.6184071 C6.74986699,12.308763 7.30951105,12.8684071 7.99986699,12.8684071 Z&quot;
                fill=&quot;currentColor&quot;
              /&gt;
            &lt;/g&gt;
          &lt;/svg&gt;
        &lt;/div&gt;
        &lt;div
          class=&quot;leafygreen-ui-1andb55&quot;
        /&gt;
      &lt;/div&gt;
    &lt;/div&gt;
  &lt;/div&gt;
&lt;/body&gt;
    at getElementError (/Users/brookeyalof/Development/MongoDB/leafygreen-ui/packages/text-input/node_modules/@testing-library/dom/dist/query-helpers.js:46:10)
    at getMultipleElementsFoundError (/Users/brookeyalof/Development/MongoDB/leafygreen-ui/packages/text-input/node_modules/@testing-library/dom/dist/query-helpers.js:50:10)
    at getByTestId (/Users/brookeyalof/Development/MongoDB/leafygreen-ui/packages/text-input/node_modules/@testing-library/dom/dist/query-helpers.js:86:13)
    at renderTextInput (/Users/brookeyalof/Development/MongoDB/leafygreen-ui/packages/text-input/src/TextInput.spec.tsx:24:27)
    at Object.&lt;anonymous&gt; (/Users/brookeyalof/Development/MongoDB/leafygreen-ui/packages/text-input/src/TextInput.spec.tsx:88:52)
    at Object.asyncJestTest (/Users/brookeyalof/Development/MongoDB/leafygreen-ui/node_modules/jest-jasmine2/build/jasmineAsyncInstall.js:100:37)
    at /Users/brookeyalof/Development/MongoDB/leafygreen-ui/node_modules/jest-jasmine2/build/queueRunner.js:47:12
    at new Promise (&lt;anonymous&gt;)
    at mapper (/Users/brookeyalof/Development/MongoDB/leafygreen-ui/node_modules/jest-jasmine2/build/queueRunner.js:30:19)
    at /Users/brookeyalof/Development/MongoDB/leafygreen-ui/node_modules/jest-jasmine2/build/queueRunner.js:77:41</failure>
    </testcase>
    <testcase classname="packages/text-input when the &quot;state&quot; is &quot;error&quot; displays error message when input is invalid" name="packages/text-input when the &quot;state&quot; is &quot;error&quot; displays error message when input is invalid" time="0.008">
      <failure>Error: Found multiple elements by: [data-testid=&quot;text-input&quot;]

(If this is intentional, then use the `*AllBy*` variant of the query (like `queryAllByText`, `getAllByText`, or `findAllByText`)).

&lt;body&gt;
  &lt;div&gt;
    &lt;div
      class=&quot;leafygreen-ui-1iyoj2o test-text-input-class&quot;
    &gt;
      &lt;label
        class=&quot;leafygreen-ui-1uh6n1l&quot;
        for=&quot;text-input-9599242&quot;
      &gt;
        Test Input Label
      &lt;/label&gt;
      &lt;p
        class=&quot;leafygreen-ui-1al9e6n&quot;
      &gt;
        This is the description
      &lt;/p&gt;
      &lt;div
        class=&quot;leafygreen-ui-lzja97&quot;
      &gt;
        &lt;input
          class=&quot;leafygreen-ui-om9pvn&quot;
          data-leafygreen-ui=&quot;input-selector&quot;
          data-testid=&quot;text-input&quot;
          id=&quot;text-input-9599242&quot;
          placeholder=&quot;This is some placeholder text&quot;
          required=&quot;&quot;
          type=&quot;text&quot;
          value=&quot;&quot;
        /&gt;
        &lt;div
          class=&quot;leafygreen-ui-m329s1&quot;
          data-leafygreen-ui=&quot;icon-selector&quot;
        /&gt;
        &lt;div
          class=&quot;leafygreen-ui-1andb55&quot;
        /&gt;
      &lt;/div&gt;
    &lt;/div&gt;
  &lt;/div&gt;
  &lt;div&gt;
    &lt;div
      class=&quot;leafygreen-ui-1iyoj2o test-text-input-class&quot;
    &gt;
      &lt;label
        class=&quot;leafygreen-ui-1uh6n1l&quot;
        for=&quot;text-input-2368259&quot;
      &gt;
        Test Input Label
      &lt;/label&gt;
      &lt;p
        class=&quot;leafygreen-ui-1al9e6n&quot;
      &gt;
        This is the description
      &lt;/p&gt;
      &lt;div
        class=&quot;leafygreen-ui-lzja97&quot;
      &gt;
        &lt;input
          class=&quot;leafygreen-ui-om9pvn&quot;
          data-leafygreen-ui=&quot;input-selector&quot;
          data-testid=&quot;text-input&quot;
          id=&quot;text-input-2368259&quot;
          placeholder=&quot;This is some placeholder text&quot;
          required=&quot;&quot;
          type=&quot;text&quot;
          value=&quot;&quot;
        /&gt;
        &lt;div
          class=&quot;leafygreen-ui-m329s1&quot;
          data-leafygreen-ui=&quot;icon-selector&quot;
        /&gt;
        &lt;div
          class=&quot;leafygreen-ui-1andb55&quot;
        /&gt;
      &lt;/div&gt;
    &lt;/div&gt;
  &lt;/div&gt;
  &lt;div&gt;
    &lt;div
      class=&quot;leafygreen-ui-1iyoj2o test-text-input-class&quot;
    &gt;
      &lt;label
        class=&quot;leafygreen-ui-1uh6n1l&quot;
        for=&quot;text-input-4561172&quot;
      &gt;
        Test Input Label
      &lt;/label&gt;
      &lt;p
        class=&quot;leafygreen-ui-1al9e6n&quot;
      &gt;
        This is the description
      &lt;/p&gt;
      &lt;div
        class=&quot;leafygreen-ui-lzja97&quot;
      &gt;
        &lt;input
          class=&quot;leafygreen-ui-om9pvn&quot;
          data-leafygreen-ui=&quot;input-selector&quot;
          data-testid=&quot;text-input&quot;
          id=&quot;text-input-4561172&quot;
          placeholder=&quot;This is some placeholder text&quot;
          required=&quot;&quot;
          type=&quot;text&quot;
          value=&quot;&quot;
        /&gt;
        &lt;div
          class=&quot;leafygreen-ui-m329s1&quot;
          data-leafygreen-ui=&quot;icon-selector&quot;
        /&gt;
        &lt;div
          class=&quot;leafygreen-ui-1andb55&quot;
        /&gt;
      &lt;/div&gt;
    &lt;/div&gt;
  &lt;/div&gt;
  &lt;div&gt;
    &lt;div
      class=&quot;leafygreen-ui-1iyoj2o test-text-input-class&quot;
    &gt;
      &lt;label
        class=&quot;leafygreen-ui-1uh6n1l&quot;
        for=&quot;text-input-4491967&quot;
      &gt;
        Test Input Label
      &lt;/label&gt;
      &lt;p
        class=&quot;leafygreen-ui-1al9e6n&quot;
      &gt;
        This is the description
      &lt;/p&gt;
      &lt;div
        class=&quot;leafygreen-ui-lzja97&quot;
      &gt;
        &lt;input
          class=&quot;leafygreen-ui-rtrvsi&quot;
          data-leafygreen-ui=&quot;input-selector&quot;
          data-testid=&quot;text-input&quot;
          id=&quot;text-input-4491967&quot;
          placeholder=&quot;This is some placeholder text&quot;
          type=&quot;text&quot;
          value=&quot;&quot;
        /&gt;
        &lt;div
          class=&quot;leafygreen-ui-m329s1&quot;
          data-leafygreen-ui=&quot;icon-selector&quot;
        &gt;
          &lt;div
            class=&quot;leafygreen-ui-2l8292&quot;
          &gt;
            &lt;p&gt;
              Optional
            &lt;/p&gt;
          &lt;/div&gt;
        &lt;/div&gt;
        &lt;div
          class=&quot;leafygreen-ui-1andb55&quot;
        /&gt;
      &lt;/div&gt;
    &lt;/div&gt;
  &lt;/div&gt;
  &lt;div&gt;
    &lt;div
      class=&quot;leafygreen-ui-1iyoj2o&quot;
    &gt;
      &lt;label
        class=&quot;leafygreen-ui-1uh6n1l&quot;
        for=&quot;text-input-3051917&quot;
      &gt;
        Test Input Label
      &lt;/label&gt;
      &lt;div
        class=&quot;leafygreen-ui-lzja97&quot;
      &gt;
        &lt;input
          class=&quot;leafygreen-ui-om9pvn&quot;
          data-leafygreen-ui=&quot;input-selector&quot;
          data-testid=&quot;text-input&quot;
          id=&quot;text-input-3051917&quot;
          required=&quot;&quot;
          type=&quot;text&quot;
          value=&quot;&quot;
        /&gt;
        &lt;div
          class=&quot;leafygreen-ui-m329s1&quot;
          data-leafygreen-ui=&quot;icon-selector&quot;
        /&gt;
        &lt;div
          class=&quot;leafygreen-ui-1andb55&quot;
        /&gt;
      &lt;/div&gt;
    &lt;/div&gt;
  &lt;/div&gt;
  &lt;d...
    at getElementError (/Users/brookeyalof/Development/MongoDB/leafygreen-ui/packages/text-input/node_modules/@testing-library/dom/dist/query-helpers.js:46:10)
    at getMultipleElementsFoundError (/Users/brookeyalof/Development/MongoDB/leafygreen-ui/packages/text-input/node_modules/@testing-library/dom/dist/query-helpers.js:50:10)
    at getByTestId (/Users/brookeyalof/Development/MongoDB/leafygreen-ui/packages/text-input/node_modules/@testing-library/dom/dist/query-helpers.js:86:13)
    at renderTextInput (/Users/brookeyalof/Development/MongoDB/leafygreen-ui/packages/text-input/src/TextInput.spec.tsx:24:27)
    at Object.&lt;anonymous&gt; (/Users/brookeyalof/Development/MongoDB/leafygreen-ui/packages/text-input/src/TextInput.spec.tsx:101:29)
    at Object.asyncJestTest (/Users/brookeyalof/Development/MongoDB/leafygreen-ui/node_modules/jest-jasmine2/build/jasmineAsyncInstall.js:100:37)
    at /Users/brookeyalof/Development/MongoDB/leafygreen-ui/node_modules/jest-jasmine2/build/queueRunner.js:47:12
    at new Promise (&lt;anonymous&gt;)
    at mapper (/Users/brookeyalof/Development/MongoDB/leafygreen-ui/node_modules/jest-jasmine2/build/queueRunner.js:30:19)
    at /Users/brookeyalof/Development/MongoDB/leafygreen-ui/node_modules/jest-jasmine2/build/queueRunner.js:77:41</failure>
    </testcase>
    <testcase classname="packages/text-input when the &quot;state&quot; is &quot;none&quot; valid/error icons are not present" name="packages/text-input when the &quot;state&quot; is &quot;none&quot; valid/error icons are not present" time="0.006">
      <failure>Error: Found multiple elements by: [data-testid=&quot;text-input&quot;]

(If this is intentional, then use the `*AllBy*` variant of the query (like `queryAllByText`, `getAllByText`, or `findAllByText`)).

&lt;body&gt;
  &lt;div&gt;
    &lt;div
      class=&quot;leafygreen-ui-1iyoj2o test-text-input-class&quot;
    &gt;
      &lt;label
        class=&quot;leafygreen-ui-1uh6n1l&quot;
        for=&quot;text-input-9599242&quot;
      &gt;
        Test Input Label
      &lt;/label&gt;
      &lt;p
        class=&quot;leafygreen-ui-1al9e6n&quot;
      &gt;
        This is the description
      &lt;/p&gt;
      &lt;div
        class=&quot;leafygreen-ui-lzja97&quot;
      &gt;
        &lt;input
          class=&quot;leafygreen-ui-om9pvn&quot;
          data-leafygreen-ui=&quot;input-selector&quot;
          data-testid=&quot;text-input&quot;
          id=&quot;text-input-9599242&quot;
          placeholder=&quot;This is some placeholder text&quot;
          required=&quot;&quot;
          type=&quot;text&quot;
          value=&quot;&quot;
        /&gt;
        &lt;div
          class=&quot;leafygreen-ui-m329s1&quot;
          data-leafygreen-ui=&quot;icon-selector&quot;
        /&gt;
        &lt;div
          class=&quot;leafygreen-ui-1andb55&quot;
        /&gt;
      &lt;/div&gt;
    &lt;/div&gt;
  &lt;/div&gt;
  &lt;div&gt;
    &lt;div
      class=&quot;leafygreen-ui-1iyoj2o test-text-input-class&quot;
    &gt;
      &lt;label
        class=&quot;leafygreen-ui-1uh6n1l&quot;
        for=&quot;text-input-2368259&quot;
      &gt;
        Test Input Label
      &lt;/label&gt;
      &lt;p
        class=&quot;leafygreen-ui-1al9e6n&quot;
      &gt;
        This is the description
      &lt;/p&gt;
      &lt;div
        class=&quot;leafygreen-ui-lzja97&quot;
      &gt;
        &lt;input
          class=&quot;leafygreen-ui-om9pvn&quot;
          data-leafygreen-ui=&quot;input-selector&quot;
          data-testid=&quot;text-input&quot;
          id=&quot;text-input-2368259&quot;
          placeholder=&quot;This is some placeholder text&quot;
          required=&quot;&quot;
          type=&quot;text&quot;
          value=&quot;&quot;
        /&gt;
        &lt;div
          class=&quot;leafygreen-ui-m329s1&quot;
          data-leafygreen-ui=&quot;icon-selector&quot;
        /&gt;
        &lt;div
          class=&quot;leafygreen-ui-1andb55&quot;
        /&gt;
      &lt;/div&gt;
    &lt;/div&gt;
  &lt;/div&gt;
  &lt;div&gt;
    &lt;div
      class=&quot;leafygreen-ui-1iyoj2o test-text-input-class&quot;
    &gt;
      &lt;label
        class=&quot;leafygreen-ui-1uh6n1l&quot;
        for=&quot;text-input-4561172&quot;
      &gt;
        Test Input Label
      &lt;/label&gt;
      &lt;p
        class=&quot;leafygreen-ui-1al9e6n&quot;
      &gt;
        This is the description
      &lt;/p&gt;
      &lt;div
        class=&quot;leafygreen-ui-lzja97&quot;
      &gt;
        &lt;input
          class=&quot;leafygreen-ui-om9pvn&quot;
          data-leafygreen-ui=&quot;input-selector&quot;
          data-testid=&quot;text-input&quot;
          id=&quot;text-input-4561172&quot;
          placeholder=&quot;This is some placeholder text&quot;
          required=&quot;&quot;
          type=&quot;text&quot;
          value=&quot;&quot;
        /&gt;
        &lt;div
          class=&quot;leafygreen-ui-m329s1&quot;
          data-leafygreen-ui=&quot;icon-selector&quot;
        /&gt;
        &lt;div
          class=&quot;leafygreen-ui-1andb55&quot;
        /&gt;
      &lt;/div&gt;
    &lt;/div&gt;
  &lt;/div&gt;
  &lt;div&gt;
    &lt;div
      class=&quot;leafygreen-ui-1iyoj2o test-text-input-class&quot;
    &gt;
      &lt;label
        class=&quot;leafygreen-ui-1uh6n1l&quot;
        for=&quot;text-input-4491967&quot;
      &gt;
        Test Input Label
      &lt;/label&gt;
      &lt;p
        class=&quot;leafygreen-ui-1al9e6n&quot;
      &gt;
        This is the description
      &lt;/p&gt;
      &lt;div
        class=&quot;leafygreen-ui-lzja97&quot;
      &gt;
        &lt;input
          class=&quot;leafygreen-ui-rtrvsi&quot;
          data-leafygreen-ui=&quot;input-selector&quot;
          data-testid=&quot;text-input&quot;
          id=&quot;text-input-4491967&quot;
          placeholder=&quot;This is some placeholder text&quot;
          type=&quot;text&quot;
          value=&quot;&quot;
        /&gt;
        &lt;div
          class=&quot;leafygreen-ui-m329s1&quot;
          data-leafygreen-ui=&quot;icon-selector&quot;
        &gt;
          &lt;div
            class=&quot;leafygreen-ui-2l8292&quot;
          &gt;
            &lt;p&gt;
              Optional
            &lt;/p&gt;
          &lt;/div&gt;
        &lt;/div&gt;
        &lt;div
          class=&quot;leafygreen-ui-1andb55&quot;
        /&gt;
      &lt;/div&gt;
    &lt;/div&gt;
  &lt;/div&gt;
  &lt;div&gt;
    &lt;div
      class=&quot;leafygreen-ui-1iyoj2o&quot;
    &gt;
      &lt;label
        class=&quot;leafygreen-ui-1uh6n1l&quot;
        for=&quot;text-input-3051917&quot;
      &gt;
        Test Input Label
      &lt;/label&gt;
      &lt;div
        class=&quot;leafygreen-ui-lzja97&quot;
      &gt;
        &lt;input
          class=&quot;leafygreen-ui-om9pvn&quot;
          data-leafygreen-ui=&quot;input-selector&quot;
          data-testid=&quot;text-input&quot;
          id=&quot;text-input-3051917&quot;
          required=&quot;&quot;
          type=&quot;text&quot;
          value=&quot;&quot;
        /&gt;
        &lt;div
          class=&quot;leafygreen-ui-m329s1&quot;
          data-leafygreen-ui=&quot;icon-selector&quot;
        /&gt;
        &lt;div
          class=&quot;leafygreen-ui-1andb55&quot;
        /&gt;
      &lt;/div&gt;
    &lt;/div&gt;
  &lt;/div&gt;
  &lt;d...
    at getElementError (/Users/brookeyalof/Development/MongoDB/leafygreen-ui/packages/text-input/node_modules/@testing-library/dom/dist/query-helpers.js:46:10)
    at getMultipleElementsFoundError (/Users/brookeyalof/Development/MongoDB/leafygreen-ui/packages/text-input/node_modules/@testing-library/dom/dist/query-helpers.js:50:10)
    at getByTestId (/Users/brookeyalof/Development/MongoDB/leafygreen-ui/packages/text-input/node_modules/@testing-library/dom/dist/query-helpers.js:86:13)
    at renderTextInput (/Users/brookeyalof/Development/MongoDB/leafygreen-ui/packages/text-input/src/TextInput.spec.tsx:24:27)
    at Object.&lt;anonymous&gt; (/Users/brookeyalof/Development/MongoDB/leafygreen-ui/packages/text-input/src/TextInput.spec.tsx:116:29)
    at Object.asyncJestTest (/Users/brookeyalof/Development/MongoDB/leafygreen-ui/node_modules/jest-jasmine2/build/jasmineAsyncInstall.js:100:37)
    at /Users/brookeyalof/Development/MongoDB/leafygreen-ui/node_modules/jest-jasmine2/build/queueRunner.js:47:12
    at new Promise (&lt;anonymous&gt;)
    at mapper (/Users/brookeyalof/Development/MongoDB/leafygreen-ui/node_modules/jest-jasmine2/build/queueRunner.js:30:19)
    at /Users/brookeyalof/Development/MongoDB/leafygreen-ui/node_modules/jest-jasmine2/build/queueRunner.js:77:41</failure>
    </testcase>
    <testcase classname="packages/text-input when the &quot;state&quot; is &quot;none&quot; key presses are reflected in component and onChange function is called when value changes" name="packages/text-input when the &quot;state&quot; is &quot;none&quot; key presses are reflected in component and onChange function is called when value changes" time="0.006">
      <failure>Error: Found multiple elements by: [data-testid=&quot;text-input&quot;]

(If this is intentional, then use the `*AllBy*` variant of the query (like `queryAllByText`, `getAllByText`, or `findAllByText`)).

&lt;body&gt;
  &lt;div&gt;
    &lt;div
      class=&quot;leafygreen-ui-1iyoj2o test-text-input-class&quot;
    &gt;
      &lt;label
        class=&quot;leafygreen-ui-1uh6n1l&quot;
        for=&quot;text-input-9599242&quot;
      &gt;
        Test Input Label
      &lt;/label&gt;
      &lt;p
        class=&quot;leafygreen-ui-1al9e6n&quot;
      &gt;
        This is the description
      &lt;/p&gt;
      &lt;div
        class=&quot;leafygreen-ui-lzja97&quot;
      &gt;
        &lt;input
          class=&quot;leafygreen-ui-om9pvn&quot;
          data-leafygreen-ui=&quot;input-selector&quot;
          data-testid=&quot;text-input&quot;
          id=&quot;text-input-9599242&quot;
          placeholder=&quot;This is some placeholder text&quot;
          required=&quot;&quot;
          type=&quot;text&quot;
          value=&quot;&quot;
        /&gt;
        &lt;div
          class=&quot;leafygreen-ui-m329s1&quot;
          data-leafygreen-ui=&quot;icon-selector&quot;
        /&gt;
        &lt;div
          class=&quot;leafygreen-ui-1andb55&quot;
        /&gt;
      &lt;/div&gt;
    &lt;/div&gt;
  &lt;/div&gt;
  &lt;div&gt;
    &lt;div
      class=&quot;leafygreen-ui-1iyoj2o test-text-input-class&quot;
    &gt;
      &lt;label
        class=&quot;leafygreen-ui-1uh6n1l&quot;
        for=&quot;text-input-2368259&quot;
      &gt;
        Test Input Label
      &lt;/label&gt;
      &lt;p
        class=&quot;leafygreen-ui-1al9e6n&quot;
      &gt;
        This is the description
      &lt;/p&gt;
      &lt;div
        class=&quot;leafygreen-ui-lzja97&quot;
      &gt;
        &lt;input
          class=&quot;leafygreen-ui-om9pvn&quot;
          data-leafygreen-ui=&quot;input-selector&quot;
          data-testid=&quot;text-input&quot;
          id=&quot;text-input-2368259&quot;
          placeholder=&quot;This is some placeholder text&quot;
          required=&quot;&quot;
          type=&quot;text&quot;
          value=&quot;&quot;
        /&gt;
        &lt;div
          class=&quot;leafygreen-ui-m329s1&quot;
          data-leafygreen-ui=&quot;icon-selector&quot;
        /&gt;
        &lt;div
          class=&quot;leafygreen-ui-1andb55&quot;
        /&gt;
      &lt;/div&gt;
    &lt;/div&gt;
  &lt;/div&gt;
  &lt;div&gt;
    &lt;div
      class=&quot;leafygreen-ui-1iyoj2o test-text-input-class&quot;
    &gt;
      &lt;label
        class=&quot;leafygreen-ui-1uh6n1l&quot;
        for=&quot;text-input-4561172&quot;
      &gt;
        Test Input Label
      &lt;/label&gt;
      &lt;p
        class=&quot;leafygreen-ui-1al9e6n&quot;
      &gt;
        This is the description
      &lt;/p&gt;
      &lt;div
        class=&quot;leafygreen-ui-lzja97&quot;
      &gt;
        &lt;input
          class=&quot;leafygreen-ui-om9pvn&quot;
          data-leafygreen-ui=&quot;input-selector&quot;
          data-testid=&quot;text-input&quot;
          id=&quot;text-input-4561172&quot;
          placeholder=&quot;This is some placeholder text&quot;
          required=&quot;&quot;
          type=&quot;text&quot;
          value=&quot;&quot;
        /&gt;
        &lt;div
          class=&quot;leafygreen-ui-m329s1&quot;
          data-leafygreen-ui=&quot;icon-selector&quot;
        /&gt;
        &lt;div
          class=&quot;leafygreen-ui-1andb55&quot;
        /&gt;
      &lt;/div&gt;
    &lt;/div&gt;
  &lt;/div&gt;
  &lt;div&gt;
    &lt;div
      class=&quot;leafygreen-ui-1iyoj2o test-text-input-class&quot;
    &gt;
      &lt;label
        class=&quot;leafygreen-ui-1uh6n1l&quot;
        for=&quot;text-input-4491967&quot;
      &gt;
        Test Input Label
      &lt;/label&gt;
      &lt;p
        class=&quot;leafygreen-ui-1al9e6n&quot;
      &gt;
        This is the description
      &lt;/p&gt;
      &lt;div
        class=&quot;leafygreen-ui-lzja97&quot;
      &gt;
        &lt;input
          class=&quot;leafygreen-ui-rtrvsi&quot;
          data-leafygreen-ui=&quot;input-selector&quot;
          data-testid=&quot;text-input&quot;
          id=&quot;text-input-4491967&quot;
          placeholder=&quot;This is some placeholder text&quot;
          type=&quot;text&quot;
          value=&quot;&quot;
        /&gt;
        &lt;div
          class=&quot;leafygreen-ui-m329s1&quot;
          data-leafygreen-ui=&quot;icon-selector&quot;
        &gt;
          &lt;div
            class=&quot;leafygreen-ui-2l8292&quot;
          &gt;
            &lt;p&gt;
              Optional
            &lt;/p&gt;
          &lt;/div&gt;
        &lt;/div&gt;
        &lt;div
          class=&quot;leafygreen-ui-1andb55&quot;
        /&gt;
      &lt;/div&gt;
    &lt;/div&gt;
  &lt;/div&gt;
  &lt;div&gt;
    &lt;div
      class=&quot;leafygreen-ui-1iyoj2o&quot;
    &gt;
      &lt;label
        class=&quot;leafygreen-ui-1uh6n1l&quot;
        for=&quot;text-input-3051917&quot;
      &gt;
        Test Input Label
      &lt;/label&gt;
      &lt;div
        class=&quot;leafygreen-ui-lzja97&quot;
      &gt;
        &lt;input
          class=&quot;leafygreen-ui-om9pvn&quot;
          data-leafygreen-ui=&quot;input-selector&quot;
          data-testid=&quot;text-input&quot;
          id=&quot;text-input-3051917&quot;
          required=&quot;&quot;
          type=&quot;text&quot;
          value=&quot;&quot;
        /&gt;
        &lt;div
          class=&quot;leafygreen-ui-m329s1&quot;
          data-leafygreen-ui=&quot;icon-selector&quot;
        /&gt;
        &lt;div
          class=&quot;leafygreen-ui-1andb55&quot;
        /&gt;
      &lt;/div&gt;
    &lt;/div&gt;
  &lt;/div&gt;
  &lt;d...
    at getElementError (/Users/brookeyalof/Development/MongoDB/leafygreen-ui/packages/text-input/node_modules/@testing-library/dom/dist/query-helpers.js:46:10)
    at getMultipleElementsFoundError (/Users/brookeyalof/Development/MongoDB/leafygreen-ui/packages/text-input/node_modules/@testing-library/dom/dist/query-helpers.js:50:10)
    at getByTestId (/Users/brookeyalof/Development/MongoDB/leafygreen-ui/packages/text-input/node_modules/@testing-library/dom/dist/query-helpers.js:86:13)
    at renderTextInput (/Users/brookeyalof/Development/MongoDB/leafygreen-ui/packages/text-input/src/TextInput.spec.tsx:24:27)
    at Object.&lt;anonymous&gt; (/Users/brookeyalof/Development/MongoDB/leafygreen-ui/packages/text-input/src/TextInput.spec.tsx:125:29)
    at Object.asyncJestTest (/Users/brookeyalof/Development/MongoDB/leafygreen-ui/node_modules/jest-jasmine2/build/jasmineAsyncInstall.js:100:37)
    at /Users/brookeyalof/Development/MongoDB/leafygreen-ui/node_modules/jest-jasmine2/build/queueRunner.js:47:12
    at new Promise (&lt;anonymous&gt;)
    at mapper (/Users/brookeyalof/Development/MongoDB/leafygreen-ui/node_modules/jest-jasmine2/build/queueRunner.js:30:19)
    at /Users/brookeyalof/Development/MongoDB/leafygreen-ui/node_modules/jest-jasmine2/build/queueRunner.js:77:41</failure>
    </testcase>
    <testcase classname="packages/text-input when no label is supplied no label tag renders to the DOM" name="packages/text-input when no label is supplied no label tag renders to the DOM" time="0.006">
      <failure>Error: Found multiple elements by: [data-testid=&quot;text-input&quot;]

(If this is intentional, then use the `*AllBy*` variant of the query (like `queryAllByText`, `getAllByText`, or `findAllByText`)).

&lt;body&gt;
  &lt;div&gt;
    &lt;div
      class=&quot;leafygreen-ui-1iyoj2o test-text-input-class&quot;
    &gt;
      &lt;label
        class=&quot;leafygreen-ui-1uh6n1l&quot;
        for=&quot;text-input-9599242&quot;
      &gt;
        Test Input Label
      &lt;/label&gt;
      &lt;p
        class=&quot;leafygreen-ui-1al9e6n&quot;
      &gt;
        This is the description
      &lt;/p&gt;
      &lt;div
        class=&quot;leafygreen-ui-lzja97&quot;
      &gt;
        &lt;input
          class=&quot;leafygreen-ui-om9pvn&quot;
          data-leafygreen-ui=&quot;input-selector&quot;
          data-testid=&quot;text-input&quot;
          id=&quot;text-input-9599242&quot;
          placeholder=&quot;This is some placeholder text&quot;
          required=&quot;&quot;
          type=&quot;text&quot;
          value=&quot;&quot;
        /&gt;
        &lt;div
          class=&quot;leafygreen-ui-m329s1&quot;
          data-leafygreen-ui=&quot;icon-selector&quot;
        /&gt;
        &lt;div
          class=&quot;leafygreen-ui-1andb55&quot;
        /&gt;
      &lt;/div&gt;
    &lt;/div&gt;
  &lt;/div&gt;
  &lt;div&gt;
    &lt;div
      class=&quot;leafygreen-ui-1iyoj2o test-text-input-class&quot;
    &gt;
      &lt;label
        class=&quot;leafygreen-ui-1uh6n1l&quot;
        for=&quot;text-input-2368259&quot;
      &gt;
        Test Input Label
      &lt;/label&gt;
      &lt;p
        class=&quot;leafygreen-ui-1al9e6n&quot;
      &gt;
        This is the description
      &lt;/p&gt;
      &lt;div
        class=&quot;leafygreen-ui-lzja97&quot;
      &gt;
        &lt;input
          class=&quot;leafygreen-ui-om9pvn&quot;
          data-leafygreen-ui=&quot;input-selector&quot;
          data-testid=&quot;text-input&quot;
          id=&quot;text-input-2368259&quot;
          placeholder=&quot;This is some placeholder text&quot;
          required=&quot;&quot;
          type=&quot;text&quot;
          value=&quot;&quot;
        /&gt;
        &lt;div
          class=&quot;leafygreen-ui-m329s1&quot;
          data-leafygreen-ui=&quot;icon-selector&quot;
        /&gt;
        &lt;div
          class=&quot;leafygreen-ui-1andb55&quot;
        /&gt;
      &lt;/div&gt;
    &lt;/div&gt;
  &lt;/div&gt;
  &lt;div&gt;
    &lt;div
      class=&quot;leafygreen-ui-1iyoj2o test-text-input-class&quot;
    &gt;
      &lt;label
        class=&quot;leafygreen-ui-1uh6n1l&quot;
        for=&quot;text-input-4561172&quot;
      &gt;
        Test Input Label
      &lt;/label&gt;
      &lt;p
        class=&quot;leafygreen-ui-1al9e6n&quot;
      &gt;
        This is the description
      &lt;/p&gt;
      &lt;div
        class=&quot;leafygreen-ui-lzja97&quot;
      &gt;
        &lt;input
          class=&quot;leafygreen-ui-om9pvn&quot;
          data-leafygreen-ui=&quot;input-selector&quot;
          data-testid=&quot;text-input&quot;
          id=&quot;text-input-4561172&quot;
          placeholder=&quot;This is some placeholder text&quot;
          required=&quot;&quot;
          type=&quot;text&quot;
          value=&quot;&quot;
        /&gt;
        &lt;div
          class=&quot;leafygreen-ui-m329s1&quot;
          data-leafygreen-ui=&quot;icon-selector&quot;
        /&gt;
        &lt;div
          class=&quot;leafygreen-ui-1andb55&quot;
        /&gt;
      &lt;/div&gt;
    &lt;/div&gt;
  &lt;/div&gt;
  &lt;div&gt;
    &lt;div
      class=&quot;leafygreen-ui-1iyoj2o test-text-input-class&quot;
    &gt;
      &lt;label
        class=&quot;leafygreen-ui-1uh6n1l&quot;
        for=&quot;text-input-4491967&quot;
      &gt;
        Test Input Label
      &lt;/label&gt;
      &lt;p
        class=&quot;leafygreen-ui-1al9e6n&quot;
      &gt;
        This is the description
      &lt;/p&gt;
      &lt;div
        class=&quot;leafygreen-ui-lzja97&quot;
      &gt;
        &lt;input
          class=&quot;leafygreen-ui-rtrvsi&quot;
          data-leafygreen-ui=&quot;input-selector&quot;
          data-testid=&quot;text-input&quot;
          id=&quot;text-input-4491967&quot;
          placeholder=&quot;This is some placeholder text&quot;
          type=&quot;text&quot;
          value=&quot;&quot;
        /&gt;
        &lt;div
          class=&quot;leafygreen-ui-m329s1&quot;
          data-leafygreen-ui=&quot;icon-selector&quot;
        &gt;
          &lt;div
            class=&quot;leafygreen-ui-2l8292&quot;
          &gt;
            &lt;p&gt;
              Optional
            &lt;/p&gt;
          &lt;/div&gt;
        &lt;/div&gt;
        &lt;div
          class=&quot;leafygreen-ui-1andb55&quot;
        /&gt;
      &lt;/div&gt;
    &lt;/div&gt;
  &lt;/div&gt;
  &lt;div&gt;
    &lt;div
      class=&quot;leafygreen-ui-1iyoj2o&quot;
    &gt;
      &lt;label
        class=&quot;leafygreen-ui-1uh6n1l&quot;
        for=&quot;text-input-3051917&quot;
      &gt;
        Test Input Label
      &lt;/label&gt;
      &lt;div
        class=&quot;leafygreen-ui-lzja97&quot;
      &gt;
        &lt;input
          class=&quot;leafygreen-ui-om9pvn&quot;
          data-leafygreen-ui=&quot;input-selector&quot;
          data-testid=&quot;text-input&quot;
          id=&quot;text-input-3051917&quot;
          required=&quot;&quot;
          type=&quot;text&quot;
          value=&quot;&quot;
        /&gt;
        &lt;div
          class=&quot;leafygreen-ui-m329s1&quot;
          data-leafygreen-ui=&quot;icon-selector&quot;
        /&gt;
        &lt;div
          class=&quot;leafygreen-ui-1andb55&quot;
        /&gt;
      &lt;/div&gt;
    &lt;/div&gt;
  &lt;/div&gt;
  &lt;d...
    at getElementError (/Users/brookeyalof/Development/MongoDB/leafygreen-ui/packages/text-input/node_modules/@testing-library/dom/dist/query-helpers.js:46:10)
    at getMultipleElementsFoundError (/Users/brookeyalof/Development/MongoDB/leafygreen-ui/packages/text-input/node_modules/@testing-library/dom/dist/query-helpers.js:50:10)
    at getByTestId (/Users/brookeyalof/Development/MongoDB/leafygreen-ui/packages/text-input/node_modules/@testing-library/dom/dist/query-helpers.js:86:13)
    at renderTextInput (/Users/brookeyalof/Development/MongoDB/leafygreen-ui/packages/text-input/src/TextInput.spec.tsx:24:27)
    at Object.&lt;anonymous&gt; (/Users/brookeyalof/Development/MongoDB/leafygreen-ui/packages/text-input/src/TextInput.spec.tsx:143:7)
    at Object.asyncJestTest (/Users/brookeyalof/Development/MongoDB/leafygreen-ui/node_modules/jest-jasmine2/build/jasmineAsyncInstall.js:100:37)
    at /Users/brookeyalof/Development/MongoDB/leafygreen-ui/node_modules/jest-jasmine2/build/queueRunner.js:47:12
    at new Promise (&lt;anonymous&gt;)
    at mapper (/Users/brookeyalof/Development/MongoDB/leafygreen-ui/node_modules/jest-jasmine2/build/queueRunner.js:30:19)
    at /Users/brookeyalof/Development/MongoDB/leafygreen-ui/node_modules/jest-jasmine2/build/queueRunner.js:77:41</failure>
    </testcase>
    <testcase classname="packages/text-input types behave as expected TextInput throws error when neither aria-labelledby or label is supplied" name="packages/text-input types behave as expected TextInput throws error when neither aria-labelledby or label is supplied" time="0">
      <skipped/>
    </testcase>
  </testsuite>
  <testsuite name="packages/tab" errors="0" failures="9" skipped="0" timestamp="2020-07-29T17:05:28" time="0.636" tests="14">
    <testcase classname="packages/tab clicking a tab fires setSelected callback" name="packages/tab clicking a tab fires setSelected callback" time="0.031">
    </testcase>
    <testcase classname="packages/tab renders &quot;tabs-class-name&quot; in the Tabs componenet&apos;s classList" name="packages/tab renders &quot;tabs-class-name&quot; in the Tabs componenet&apos;s classList" time="0.011">
      <failure>Error: Found multiple elements by: [data-testid=&quot;tabs-component&quot;]

(If this is intentional, then use the `*AllBy*` variant of the query (like `queryAllByText`, `getAllByText`, or `findAllByText`)).

&lt;body&gt;
  &lt;div&gt;
    &lt;div
      data-testid=&quot;tabs-component&quot;
    &gt;
      &lt;div
        class=&quot;leafygreen-ui-m8dvyl&quot;
        role=&quot;tablist&quot;
        tabindex=&quot;0&quot;
      &gt;
        &lt;button
          aria-controls=&quot;tab-0&quot;
          aria-selected=&quot;false&quot;
          class=&quot;leafygreen-ui-1wko8dp&quot;
          role=&quot;tab&quot;
          tabindex=&quot;-1&quot;
        &gt;
          Name A
        &lt;/button&gt;
        &lt;button
          aria-controls=&quot;tab-1&quot;
          aria-selected=&quot;true&quot;
          class=&quot;leafygreen-ui-1y1cha6&quot;
          role=&quot;tab&quot;
          tabindex=&quot;0&quot;
        &gt;
          Name B
        &lt;/button&gt;
        &lt;button
          aria-controls=&quot;tab-2&quot;
          aria-disabled=&quot;true&quot;
          aria-selected=&quot;false&quot;
          class=&quot;leafygreen-ui-k2z8d7&quot;
          role=&quot;tab&quot;
          tabindex=&quot;-1&quot;
        &gt;
          Name C
        &lt;/button&gt;
      &lt;/div&gt;
      &lt;div
        class=&quot;leafygreen-ui-1kosun9&quot;
      &gt;
        &lt;div
          class=&quot;leafygreen-ui-7f53c3&quot;
        /&gt;
      &lt;/div&gt;
      &lt;div
        aria-controls=&quot;tab-1&quot;
        aria-disabled=&quot;false&quot;
        id=&quot;tab-1&quot;
        role=&quot;tabpanel&quot;
      &gt;
        Test Content 2
      &lt;/div&gt;
    &lt;/div&gt;
  &lt;/div&gt;
  &lt;div&gt;
    &lt;div
      class=&quot;tabs-class-name&quot;
      data-testid=&quot;tabs-component&quot;
    &gt;
      &lt;div
        class=&quot;leafygreen-ui-m8dvyl&quot;
        role=&quot;tablist&quot;
        tabindex=&quot;0&quot;
      &gt;
        &lt;button
          aria-controls=&quot;tab-0&quot;
          aria-selected=&quot;false&quot;
          class=&quot;leafygreen-ui-1wko8dp&quot;
          role=&quot;tab&quot;
          tabindex=&quot;-1&quot;
        &gt;
          Name A
        &lt;/button&gt;
        &lt;button
          aria-controls=&quot;tab-1&quot;
          aria-selected=&quot;true&quot;
          class=&quot;leafygreen-ui-1y1cha6&quot;
          role=&quot;tab&quot;
          tabindex=&quot;0&quot;
        &gt;
          Name B
        &lt;/button&gt;
        &lt;button
          aria-controls=&quot;tab-2&quot;
          aria-disabled=&quot;true&quot;
          aria-selected=&quot;false&quot;
          class=&quot;leafygreen-ui-k2z8d7&quot;
          role=&quot;tab&quot;
          tabindex=&quot;-1&quot;
        &gt;
          Name C
        &lt;/button&gt;
      &lt;/div&gt;
      &lt;div
        class=&quot;leafygreen-ui-1kosun9&quot;
      &gt;
        &lt;div
          class=&quot;leafygreen-ui-7f53c3&quot;
        /&gt;
      &lt;/div&gt;
      &lt;div
        aria-controls=&quot;tab-1&quot;
        aria-disabled=&quot;false&quot;
        id=&quot;tab-1&quot;
        role=&quot;tabpanel&quot;
      &gt;
        Test Content 2
      &lt;/div&gt;
    &lt;/div&gt;
  &lt;/div&gt;
&lt;/body&gt;
    at getElementError (/Users/brookeyalof/Development/MongoDB/leafygreen-ui/packages/tabs/node_modules/@testing-library/dom/dist/query-helpers.js:46:10)
    at getMultipleElementsFoundError (/Users/brookeyalof/Development/MongoDB/leafygreen-ui/packages/tabs/node_modules/@testing-library/dom/dist/query-helpers.js:50:10)
    at getByTestId (/Users/brookeyalof/Development/MongoDB/leafygreen-ui/packages/tabs/node_modules/@testing-library/dom/dist/query-helpers.js:86:13)
    at Object.&lt;anonymous&gt; (/Users/brookeyalof/Development/MongoDB/leafygreen-ui/packages/tabs/src/Tabs.spec.tsx:52:18)
    at Object.asyncJestTest (/Users/brookeyalof/Development/MongoDB/leafygreen-ui/node_modules/jest-jasmine2/build/jasmineAsyncInstall.js:100:37)
    at /Users/brookeyalof/Development/MongoDB/leafygreen-ui/node_modules/jest-jasmine2/build/queueRunner.js:47:12
    at new Promise (&lt;anonymous&gt;)
    at mapper (/Users/brookeyalof/Development/MongoDB/leafygreen-ui/node_modules/jest-jasmine2/build/queueRunner.js:30:19)
    at /Users/brookeyalof/Development/MongoDB/leafygreen-ui/node_modules/jest-jasmine2/build/queueRunner.js:77:41</failure>
    </testcase>
    <testcase classname="packages/tab renders component inside of a React Element/HTML tag based on as prop" name="packages/tab renders component inside of a React Element/HTML tag based on as prop" time="0.01">
      <failure>Error: Found multiple elements with the text: Name A

(If this is intentional, then use the `*AllBy*` variant of the query (like `queryAllByText`, `getAllByText`, or `findAllByText`)).

&lt;body&gt;
  &lt;div&gt;
    &lt;div
      data-testid=&quot;tabs-component&quot;
    &gt;
      &lt;div
        class=&quot;leafygreen-ui-m8dvyl&quot;
        role=&quot;tablist&quot;
        tabindex=&quot;0&quot;
      &gt;
        &lt;button
          aria-controls=&quot;tab-0&quot;
          aria-selected=&quot;false&quot;
          class=&quot;leafygreen-ui-1wko8dp&quot;
          role=&quot;tab&quot;
          tabindex=&quot;-1&quot;
        &gt;
          Name A
        &lt;/button&gt;
        &lt;button
          aria-controls=&quot;tab-1&quot;
          aria-selected=&quot;true&quot;
          class=&quot;leafygreen-ui-1y1cha6&quot;
          role=&quot;tab&quot;
          tabindex=&quot;0&quot;
        &gt;
          Name B
        &lt;/button&gt;
        &lt;button
          aria-controls=&quot;tab-2&quot;
          aria-disabled=&quot;true&quot;
          aria-selected=&quot;false&quot;
          class=&quot;leafygreen-ui-k2z8d7&quot;
          role=&quot;tab&quot;
          tabindex=&quot;-1&quot;
        &gt;
          Name C
        &lt;/button&gt;
      &lt;/div&gt;
      &lt;div
        class=&quot;leafygreen-ui-1kosun9&quot;
      &gt;
        &lt;div
          class=&quot;leafygreen-ui-7f53c3&quot;
        /&gt;
      &lt;/div&gt;
      &lt;div
        aria-controls=&quot;tab-1&quot;
        aria-disabled=&quot;false&quot;
        id=&quot;tab-1&quot;
        role=&quot;tabpanel&quot;
      &gt;
        Test Content 2
      &lt;/div&gt;
    &lt;/div&gt;
  &lt;/div&gt;
  &lt;div&gt;
    &lt;div
      class=&quot;tabs-class-name&quot;
      data-testid=&quot;tabs-component&quot;
    &gt;
      &lt;div
        class=&quot;leafygreen-ui-m8dvyl&quot;
        role=&quot;tablist&quot;
        tabindex=&quot;0&quot;
      &gt;
        &lt;button
          aria-controls=&quot;tab-0&quot;
          aria-selected=&quot;false&quot;
          class=&quot;leafygreen-ui-1wko8dp&quot;
          role=&quot;tab&quot;
          tabindex=&quot;-1&quot;
        &gt;
          Name A
        &lt;/button&gt;
        &lt;button
          aria-controls=&quot;tab-1&quot;
          aria-selected=&quot;true&quot;
          class=&quot;leafygreen-ui-1y1cha6&quot;
          role=&quot;tab&quot;
          tabindex=&quot;0&quot;
        &gt;
          Name B
        &lt;/button&gt;
        &lt;button
          aria-controls=&quot;tab-2&quot;
          aria-disabled=&quot;true&quot;
          aria-selected=&quot;false&quot;
          class=&quot;leafygreen-ui-k2z8d7&quot;
          role=&quot;tab&quot;
          tabindex=&quot;-1&quot;
        &gt;
          Name C
        &lt;/button&gt;
      &lt;/div&gt;
      &lt;div
        class=&quot;leafygreen-ui-1kosun9&quot;
      &gt;
        &lt;div
          class=&quot;leafygreen-ui-7f53c3&quot;
        /&gt;
      &lt;/div&gt;
      &lt;div
        aria-controls=&quot;tab-1&quot;
        aria-disabled=&quot;false&quot;
        id=&quot;tab-1&quot;
        role=&quot;tabpanel&quot;
      &gt;
        Test Content 2
      &lt;/div&gt;
    &lt;/div&gt;
  &lt;/div&gt;
  &lt;div&gt;
    &lt;div
      data-testid=&quot;tabs-component&quot;
    &gt;
      &lt;div
        class=&quot;leafygreen-ui-m8dvyl&quot;
        role=&quot;tablist&quot;
        tabindex=&quot;0&quot;
      &gt;
        &lt;a
          aria-controls=&quot;tab-0&quot;
          aria-selected=&quot;false&quot;
          class=&quot;leafygreen-ui-1wko8dp&quot;
          role=&quot;tab&quot;
          tabindex=&quot;-1&quot;
        &gt;
          Name A
        &lt;/a&gt;
        &lt;a
          aria-controls=&quot;tab-1&quot;
          aria-selected=&quot;true&quot;
          class=&quot;leafygreen-ui-1y1cha6&quot;
          role=&quot;tab&quot;
          tabindex=&quot;0&quot;
        &gt;
          Name B
        &lt;/a&gt;
        &lt;a
          aria-controls=&quot;tab-2&quot;
          aria-disabled=&quot;true&quot;
          aria-selected=&quot;false&quot;
          class=&quot;leafygreen-ui-k2z8d7&quot;
          role=&quot;tab&quot;
          tabindex=&quot;-1&quot;
        &gt;
          Name C
        &lt;/a&gt;
      &lt;/div&gt;
      &lt;div
        class=&quot;leafygreen-ui-1kosun9&quot;
      &gt;
        &lt;div
          class=&quot;leafygreen-ui-7f53c3&quot;
        /&gt;
      &lt;/div&gt;
      &lt;div
        aria-controls=&quot;tab-1&quot;
        aria-disabled=&quot;false&quot;
        id=&quot;tab-1&quot;
        role=&quot;tabpanel&quot;
      &gt;
        Test Content 2
      &lt;/div&gt;
    &lt;/div&gt;
  &lt;/div&gt;
&lt;/body&gt;
    at getElementError (/Users/brookeyalof/Development/MongoDB/leafygreen-ui/packages/tabs/node_modules/@testing-library/dom/dist/query-helpers.js:46:10)
    at getMultipleElementsFoundError (/Users/brookeyalof/Development/MongoDB/leafygreen-ui/packages/tabs/node_modules/@testing-library/dom/dist/query-helpers.js:50:10)
    at getByText (/Users/brookeyalof/Development/MongoDB/leafygreen-ui/packages/tabs/node_modules/@testing-library/dom/dist/query-helpers.js:86:13)
    at Object.&lt;anonymous&gt; (/Users/brookeyalof/Development/MongoDB/leafygreen-ui/packages/tabs/src/Tabs.spec.tsx:63:25)
    at Object.asyncJestTest (/Users/brookeyalof/Development/MongoDB/leafygreen-ui/node_modules/jest-jasmine2/build/jasmineAsyncInstall.js:100:37)
    at /Users/brookeyalof/Development/MongoDB/leafygreen-ui/node_modules/jest-jasmine2/build/queueRunner.js:47:12
    at new Promise (&lt;anonymous&gt;)
    at mapper (/Users/brookeyalof/Development/MongoDB/leafygreen-ui/node_modules/jest-jasmine2/build/queueRunner.js:30:19)
    at /Users/brookeyalof/Development/MongoDB/leafygreen-ui/node_modules/jest-jasmine2/build/queueRunner.js:77:41</failure>
    </testcase>
    <testcase classname="packages/tab renders correct number of elements in the tablist" name="packages/tab renders correct number of elements in the tablist" time="0.008">
    </testcase>
    <testcase classname="packages/tab renders only one tabpanel at a time" name="packages/tab renders only one tabpanel at a time" time="0.007">
    </testcase>
    <testcase classname="packages/tab when the component is controlled selected tab is active on first render" name="packages/tab when the component is controlled selected tab is active on first render" time="0.01">
      <failure>Error: Found multiple elements with the text: Test Content 2

(If this is intentional, then use the `*AllBy*` variant of the query (like `queryAllByText`, `getAllByText`, or `findAllByText`)).

&lt;body&gt;
  &lt;div&gt;
    &lt;div
      data-testid=&quot;tabs-component&quot;
    &gt;
      &lt;div
        class=&quot;leafygreen-ui-m8dvyl&quot;
        role=&quot;tablist&quot;
        tabindex=&quot;0&quot;
      &gt;
        &lt;button
          aria-controls=&quot;tab-0&quot;
          aria-selected=&quot;false&quot;
          class=&quot;leafygreen-ui-1wko8dp&quot;
          role=&quot;tab&quot;
          tabindex=&quot;-1&quot;
        &gt;
          Name A
        &lt;/button&gt;
        &lt;button
          aria-controls=&quot;tab-1&quot;
          aria-selected=&quot;true&quot;
          class=&quot;leafygreen-ui-1y1cha6&quot;
          role=&quot;tab&quot;
          tabindex=&quot;0&quot;
        &gt;
          Name B
        &lt;/button&gt;
        &lt;button
          aria-controls=&quot;tab-2&quot;
          aria-disabled=&quot;true&quot;
          aria-selected=&quot;false&quot;
          class=&quot;leafygreen-ui-k2z8d7&quot;
          role=&quot;tab&quot;
          tabindex=&quot;-1&quot;
        &gt;
          Name C
        &lt;/button&gt;
      &lt;/div&gt;
      &lt;div
        class=&quot;leafygreen-ui-1kosun9&quot;
      &gt;
        &lt;div
          class=&quot;leafygreen-ui-7f53c3&quot;
        /&gt;
      &lt;/div&gt;
      &lt;div
        aria-controls=&quot;tab-1&quot;
        aria-disabled=&quot;false&quot;
        id=&quot;tab-1&quot;
        role=&quot;tabpanel&quot;
      &gt;
        Test Content 2
      &lt;/div&gt;
    &lt;/div&gt;
  &lt;/div&gt;
  &lt;div&gt;
    &lt;div
      class=&quot;tabs-class-name&quot;
      data-testid=&quot;tabs-component&quot;
    &gt;
      &lt;div
        class=&quot;leafygreen-ui-m8dvyl&quot;
        role=&quot;tablist&quot;
        tabindex=&quot;0&quot;
      &gt;
        &lt;button
          aria-controls=&quot;tab-0&quot;
          aria-selected=&quot;false&quot;
          class=&quot;leafygreen-ui-1wko8dp&quot;
          role=&quot;tab&quot;
          tabindex=&quot;-1&quot;
        &gt;
          Name A
        &lt;/button&gt;
        &lt;button
          aria-controls=&quot;tab-1&quot;
          aria-selected=&quot;true&quot;
          class=&quot;leafygreen-ui-1y1cha6&quot;
          role=&quot;tab&quot;
          tabindex=&quot;0&quot;
        &gt;
          Name B
        &lt;/button&gt;
        &lt;button
          aria-controls=&quot;tab-2&quot;
          aria-disabled=&quot;true&quot;
          aria-selected=&quot;false&quot;
          class=&quot;leafygreen-ui-k2z8d7&quot;
          role=&quot;tab&quot;
          tabindex=&quot;-1&quot;
        &gt;
          Name C
        &lt;/button&gt;
      &lt;/div&gt;
      &lt;div
        class=&quot;leafygreen-ui-1kosun9&quot;
      &gt;
        &lt;div
          class=&quot;leafygreen-ui-7f53c3&quot;
        /&gt;
      &lt;/div&gt;
      &lt;div
        aria-controls=&quot;tab-1&quot;
        aria-disabled=&quot;false&quot;
        id=&quot;tab-1&quot;
        role=&quot;tabpanel&quot;
      &gt;
        Test Content 2
      &lt;/div&gt;
    &lt;/div&gt;
  &lt;/div&gt;
  &lt;div&gt;
    &lt;div
      data-testid=&quot;tabs-component&quot;
    &gt;
      &lt;div
        class=&quot;leafygreen-ui-m8dvyl&quot;
        role=&quot;tablist&quot;
        tabindex=&quot;0&quot;
      &gt;
        &lt;a
          aria-controls=&quot;tab-0&quot;
          aria-selected=&quot;false&quot;
          class=&quot;leafygreen-ui-1wko8dp&quot;
          role=&quot;tab&quot;
          tabindex=&quot;-1&quot;
        &gt;
          Name A
        &lt;/a&gt;
        &lt;a
          aria-controls=&quot;tab-1&quot;
          aria-selected=&quot;true&quot;
          class=&quot;leafygreen-ui-1y1cha6&quot;
          role=&quot;tab&quot;
          tabindex=&quot;0&quot;
        &gt;
          Name B
        &lt;/a&gt;
        &lt;a
          aria-controls=&quot;tab-2&quot;
          aria-disabled=&quot;true&quot;
          aria-selected=&quot;false&quot;
          class=&quot;leafygreen-ui-k2z8d7&quot;
          role=&quot;tab&quot;
          tabindex=&quot;-1&quot;
        &gt;
          Name C
        &lt;/a&gt;
      &lt;/div&gt;
      &lt;div
        class=&quot;leafygreen-ui-1kosun9&quot;
      &gt;
        &lt;div
          class=&quot;leafygreen-ui-7f53c3&quot;
        /&gt;
      &lt;/div&gt;
      &lt;div
        aria-controls=&quot;tab-1&quot;
        aria-disabled=&quot;false&quot;
        id=&quot;tab-1&quot;
        role=&quot;tabpanel&quot;
      &gt;
        Test Content 2
      &lt;/div&gt;
    &lt;/div&gt;
  &lt;/div&gt;
  &lt;div&gt;
    &lt;div
      data-testid=&quot;tabs-component&quot;
    &gt;
      &lt;div
        class=&quot;leafygreen-ui-m8dvyl&quot;
        role=&quot;tablist&quot;
        tabindex=&quot;0&quot;
      &gt;
        &lt;button
          aria-controls=&quot;tab-0&quot;
          aria-selected=&quot;false&quot;
          class=&quot;leafygreen-ui-1wko8dp&quot;
          role=&quot;tab&quot;
          tabindex=&quot;-1&quot;
        &gt;
          Name A
        &lt;/button&gt;
        &lt;button
          aria-controls=&quot;tab-1&quot;
          aria-selected=&quot;true&quot;
          class=&quot;leafygreen-ui-1y1cha6&quot;
          role=&quot;tab&quot;
          tabindex=&quot;0&quot;
        &gt;
          Name B
        &lt;/button&gt;
        &lt;button
          aria-controls=&quot;tab-2&quot;
          aria-disabled=&quot;true&quot;
          aria-selected=&quot;false&quot;
          class=&quot;leafygreen-ui-k2z8d7&quot;
          role=&quot;tab&quot;
          tabindex=&quot;-1&quot;
        &gt;
          Name C
        &lt;/button&gt;
      &lt;/div&gt;
      &lt;div
        class=&quot;leafygreen-ui-1kosun9&quot;
      &gt;
        &lt;div
          class=&quot;leafygreen-ui-7f53c3&quot;
        /&gt;
      &lt;/div&gt;
      &lt;div
        aria-controls=&quot;tab-1&quot;
        aria-disabled=&quot;false&quot;
        id=&quot;tab-1&quot;
        role=&quot;tabpanel&quot;
      &gt;
        Test Content 2
      &lt;/div&gt;
    &lt;/div&gt;
  &lt;/div&gt;
  &lt;div&gt;
    &lt;div
      data-testid=&quot;tabs-component&quot;
    &gt;
      &lt;div
        class=&quot;leafygreen-ui-m8dvyl&quot;
        role=&quot;tablist&quot;
        tabindex=&quot;0&quot;
      &gt;
        &lt;button
          aria-controls=&quot;tab-0&quot;
          aria-selected=&quot;false&quot;
          class=&quot;leafygreen-ui-1wko8dp&quot;
          role=&quot;tab&quot;
          tabindex=&quot;-1&quot;
        &gt;
          Name A
        &lt;/button&gt;
        &lt;button
          aria-controls=&quot;tab-1&quot;
          aria-selected=&quot;true&quot;
          class=&quot;leafygreen-ui-1y1cha6&quot;
          role=&quot;tab&quot;
          tabindex=&quot;0&quot;
        &gt;
          Name B
        &lt;/button&gt;
        &lt;button
          aria-controls=&quot;tab-2&quot;
          aria-disabled=&quot;true&quot;
          aria-selected=&quot;false&quot;
          class=&quot;leafygreen-ui-k2z8d7&quot;
          role=&quot;tab&quot;
          tabindex=&quot;-1&quot;
        &gt;
          Name C
        &lt;/button&gt;
      &lt;/div&gt;
      &lt;div
        class=&quot;leafygreen-ui-1kosun9&quot;
      &gt;
        &lt;div
          class=&quot;leafygreen-ui-7f53c3&quot;
        /&gt;
      &lt;/div&gt;
      &lt;div
        aria-controls=&quot;tab-1&quot;
        aria-disabled=&quot;false&quot;
        id=&quot;tab-1&quot;
        role=&quot;tabpanel&quot;
      &gt;
        Test Content 2
      &lt;/div&gt;
    &lt;/div&gt;
  &lt;/div&gt;
  &lt;div&gt;
    &lt;div
      data-testid=&quot;tabs-component&quot;
    &gt;
      &lt;div
        class=&quot;leafygreen-ui-m8dvyl&quot;
        role=&quot;tablist&quot;
        tabindex=&quot;0&quot;
      &gt;
        &lt;button
          aria-controls=&quot;tab-0&quot;
          aria-selected=&quot;false&quot;
          class=&quot;leafygreen-ui-1wko8dp&quot;
          role=&quot;tab&quot;
          tabindex=&quot;-1&quot;
        &gt;
          Name A
        &lt;/button&gt;
        &lt;button
          aria-controls=&quot;tab-1&quot;
          aria-selected=&quot;true&quot;
          class=&quot;leafygreen-ui-1y1cha6&quot;
          role=&quot;tab&quot;
          tabindex=&quot;0&quot;
        &gt;
          Name B
        &lt;/button&gt;
        &lt;button
          aria-controls=&quot;tab-2&quot;
          aria-disabled=&quot;true&quot;
          aria-selected=&quot;false&quot;
          class=&quot;leafygreen-ui-k2z8d7&quot;
          role=&quot;tab&quot;
          tabindex=&quot;-1&quot;
        &gt;
          Name C
        &lt;/button&gt;
      &lt;/div&gt;
      &lt;div
        class=&quot;leafygreen-ui-1kosun9&quot;
      &gt;
        &lt;div
          class=&quot;leafygreen-ui-7f53c3&quot;
        /&gt;
      &lt;/div&gt;
      &lt;div
        aria-controls=&quot;tab-1&quot;
        aria-disabled=&quot;false&quot;
        id=&quot;tab-1&quot;
        role=&quot;tabpanel&quot;
      &gt;
        Test Content 2
      &lt;/div&gt;
    &lt;/div&gt;
  &lt;/div&gt;
&lt;/body&gt;
    at getElementError (/Users/brookeyalof/Development/MongoDB/leafygreen-ui/packages/tabs/node_modules/@testing-library/dom/dist/query-helpers.js:46:10)
    at getMultipleElementsFoundError (/Users/brookeyalof/Development/MongoDB/leafygreen-ui/packages/tabs/node_modules/@testing-library/dom/dist/query-helpers.js:50:10)
    at getByText (/Users/brookeyalof/Development/MongoDB/leafygreen-ui/packages/tabs/node_modules/@testing-library/dom/dist/query-helpers.js:86:13)
    at Object.&lt;anonymous&gt; (/Users/brookeyalof/Development/MongoDB/leafygreen-ui/packages/tabs/src/Tabs.spec.tsx:86:25)
    at Object.asyncJestTest (/Users/brookeyalof/Development/MongoDB/leafygreen-ui/node_modules/jest-jasmine2/build/jasmineAsyncInstall.js:100:37)
    at /Users/brookeyalof/Development/MongoDB/leafygreen-ui/node_modules/jest-jasmine2/build/queueRunner.js:47:12
    at new Promise (&lt;anonymous&gt;)
    at mapper (/Users/brookeyalof/Development/MongoDB/leafygreen-ui/node_modules/jest-jasmine2/build/queueRunner.js:30:19)
    at /Users/brookeyalof/Development/MongoDB/leafygreen-ui/node_modules/jest-jasmine2/build/queueRunner.js:77:41</failure>
    </testcase>
    <testcase classname="packages/tab when the component is controlled clicking a tab does not change the active tab" name="packages/tab when the component is controlled clicking a tab does not change the active tab" time="0.01">
      <failure>Error: Found multiple elements with the text: Name A

(If this is intentional, then use the `*AllBy*` variant of the query (like `queryAllByText`, `getAllByText`, or `findAllByText`)).

&lt;body&gt;
  &lt;div&gt;
    &lt;div
      data-testid=&quot;tabs-component&quot;
    &gt;
      &lt;div
        class=&quot;leafygreen-ui-m8dvyl&quot;
        role=&quot;tablist&quot;
        tabindex=&quot;0&quot;
      &gt;
        &lt;button
          aria-controls=&quot;tab-0&quot;
          aria-selected=&quot;false&quot;
          class=&quot;leafygreen-ui-1wko8dp&quot;
          role=&quot;tab&quot;
          tabindex=&quot;-1&quot;
        &gt;
          Name A
        &lt;/button&gt;
        &lt;button
          aria-controls=&quot;tab-1&quot;
          aria-selected=&quot;true&quot;
          class=&quot;leafygreen-ui-1y1cha6&quot;
          role=&quot;tab&quot;
          tabindex=&quot;0&quot;
        &gt;
          Name B
        &lt;/button&gt;
        &lt;button
          aria-controls=&quot;tab-2&quot;
          aria-disabled=&quot;true&quot;
          aria-selected=&quot;false&quot;
          class=&quot;leafygreen-ui-k2z8d7&quot;
          role=&quot;tab&quot;
          tabindex=&quot;-1&quot;
        &gt;
          Name C
        &lt;/button&gt;
      &lt;/div&gt;
      &lt;div
        class=&quot;leafygreen-ui-1kosun9&quot;
      &gt;
        &lt;div
          class=&quot;leafygreen-ui-7f53c3&quot;
        /&gt;
      &lt;/div&gt;
      &lt;div
        aria-controls=&quot;tab-1&quot;
        aria-disabled=&quot;false&quot;
        id=&quot;tab-1&quot;
        role=&quot;tabpanel&quot;
      &gt;
        Test Content 2
      &lt;/div&gt;
    &lt;/div&gt;
  &lt;/div&gt;
  &lt;div&gt;
    &lt;div
      class=&quot;tabs-class-name&quot;
      data-testid=&quot;tabs-component&quot;
    &gt;
      &lt;div
        class=&quot;leafygreen-ui-m8dvyl&quot;
        role=&quot;tablist&quot;
        tabindex=&quot;0&quot;
      &gt;
        &lt;button
          aria-controls=&quot;tab-0&quot;
          aria-selected=&quot;false&quot;
          class=&quot;leafygreen-ui-1wko8dp&quot;
          role=&quot;tab&quot;
          tabindex=&quot;-1&quot;
        &gt;
          Name A
        &lt;/button&gt;
        &lt;button
          aria-controls=&quot;tab-1&quot;
          aria-selected=&quot;true&quot;
          class=&quot;leafygreen-ui-1y1cha6&quot;
          role=&quot;tab&quot;
          tabindex=&quot;0&quot;
        &gt;
          Name B
        &lt;/button&gt;
        &lt;button
          aria-controls=&quot;tab-2&quot;
          aria-disabled=&quot;true&quot;
          aria-selected=&quot;false&quot;
          class=&quot;leafygreen-ui-k2z8d7&quot;
          role=&quot;tab&quot;
          tabindex=&quot;-1&quot;
        &gt;
          Name C
        &lt;/button&gt;
      &lt;/div&gt;
      &lt;div
        class=&quot;leafygreen-ui-1kosun9&quot;
      &gt;
        &lt;div
          class=&quot;leafygreen-ui-7f53c3&quot;
        /&gt;
      &lt;/div&gt;
      &lt;div
        aria-controls=&quot;tab-1&quot;
        aria-disabled=&quot;false&quot;
        id=&quot;tab-1&quot;
        role=&quot;tabpanel&quot;
      &gt;
        Test Content 2
      &lt;/div&gt;
    &lt;/div&gt;
  &lt;/div&gt;
  &lt;div&gt;
    &lt;div
      data-testid=&quot;tabs-component&quot;
    &gt;
      &lt;div
        class=&quot;leafygreen-ui-m8dvyl&quot;
        role=&quot;tablist&quot;
        tabindex=&quot;0&quot;
      &gt;
        &lt;a
          aria-controls=&quot;tab-0&quot;
          aria-selected=&quot;false&quot;
          class=&quot;leafygreen-ui-1wko8dp&quot;
          role=&quot;tab&quot;
          tabindex=&quot;-1&quot;
        &gt;
          Name A
        &lt;/a&gt;
        &lt;a
          aria-controls=&quot;tab-1&quot;
          aria-selected=&quot;true&quot;
          class=&quot;leafygreen-ui-1y1cha6&quot;
          role=&quot;tab&quot;
          tabindex=&quot;0&quot;
        &gt;
          Name B
        &lt;/a&gt;
        &lt;a
          aria-controls=&quot;tab-2&quot;
          aria-disabled=&quot;true&quot;
          aria-selected=&quot;false&quot;
          class=&quot;leafygreen-ui-k2z8d7&quot;
          role=&quot;tab&quot;
          tabindex=&quot;-1&quot;
        &gt;
          Name C
        &lt;/a&gt;
      &lt;/div&gt;
      &lt;div
        class=&quot;leafygreen-ui-1kosun9&quot;
      &gt;
        &lt;div
          class=&quot;leafygreen-ui-7f53c3&quot;
        /&gt;
      &lt;/div&gt;
      &lt;div
        aria-controls=&quot;tab-1&quot;
        aria-disabled=&quot;false&quot;
        id=&quot;tab-1&quot;
        role=&quot;tabpanel&quot;
      &gt;
        Test Content 2
      &lt;/div&gt;
    &lt;/div&gt;
  &lt;/div&gt;
  &lt;div&gt;
    &lt;div
      data-testid=&quot;tabs-component&quot;
    &gt;
      &lt;div
        class=&quot;leafygreen-ui-m8dvyl&quot;
        role=&quot;tablist&quot;
        tabindex=&quot;0&quot;
      &gt;
        &lt;button
          aria-controls=&quot;tab-0&quot;
          aria-selected=&quot;false&quot;
          class=&quot;leafygreen-ui-1wko8dp&quot;
          role=&quot;tab&quot;
          tabindex=&quot;-1&quot;
        &gt;
          Name A
        &lt;/button&gt;
        &lt;button
          aria-controls=&quot;tab-1&quot;
          aria-selected=&quot;true&quot;
          class=&quot;leafygreen-ui-1y1cha6&quot;
          role=&quot;tab&quot;
          tabindex=&quot;0&quot;
        &gt;
          Name B
        &lt;/button&gt;
        &lt;button
          aria-controls=&quot;tab-2&quot;
          aria-disabled=&quot;true&quot;
          aria-selected=&quot;false&quot;
          class=&quot;leafygreen-ui-k2z8d7&quot;
          role=&quot;tab&quot;
          tabindex=&quot;-1&quot;
        &gt;
          Name C
        &lt;/button&gt;
      &lt;/div&gt;
      &lt;div
        class=&quot;leafygreen-ui-1kosun9&quot;
      &gt;
        &lt;div
          class=&quot;leafygreen-ui-7f53c3&quot;
        /&gt;
      &lt;/div&gt;
      &lt;div
        aria-controls=&quot;tab-1&quot;
        aria-disabled=&quot;false&quot;
        id=&quot;tab-1&quot;
        role=&quot;tabpanel&quot;
      &gt;
        Test Content 2
      &lt;/div&gt;
    &lt;/div&gt;
  &lt;/div&gt;
  &lt;div&gt;
    &lt;div
      data-testid=&quot;tabs-component&quot;
    &gt;
      &lt;div
        class=&quot;leafygreen-ui-m8dvyl&quot;
        role=&quot;tablist&quot;
        tabindex=&quot;0&quot;
      &gt;
        &lt;button
          aria-controls=&quot;tab-0&quot;
          aria-selected=&quot;false&quot;
          class=&quot;leafygreen-ui-1wko8dp&quot;
          role=&quot;tab&quot;
          tabindex=&quot;-1&quot;
        &gt;
          Name A
        &lt;/button&gt;
        &lt;button
          aria-controls=&quot;tab-1&quot;
          aria-selected=&quot;true&quot;
          class=&quot;leafygreen-ui-1y1cha6&quot;
          role=&quot;tab&quot;
          tabindex=&quot;0&quot;
        &gt;
          Name B
        &lt;/button&gt;
        &lt;button
          aria-controls=&quot;tab-2&quot;
          aria-disabled=&quot;true&quot;
          aria-selected=&quot;false&quot;
          class=&quot;leafygreen-ui-k2z8d7&quot;
          role=&quot;tab&quot;
          tabindex=&quot;-1&quot;
        &gt;
          Name C
        &lt;/button&gt;
      &lt;/div&gt;
      &lt;div
        class=&quot;leafygreen-ui-1kosun9&quot;
      &gt;
        &lt;div
          class=&quot;leafygreen-ui-7f53c3&quot;
        /&gt;
      &lt;/div&gt;
      &lt;div
        aria-controls=&quot;tab-1&quot;
        aria-disabled=&quot;false&quot;
        id=&quot;tab-1&quot;
        role=&quot;tabpanel&quot;
      &gt;
        Test Content 2
      &lt;/div&gt;
    &lt;/div&gt;
  &lt;/div&gt;
  &lt;div&gt;
    &lt;div
      data-testid=&quot;tabs-component&quot;
    &gt;
      &lt;div
        class=&quot;leafygreen-ui-m8dvyl&quot;
        role=&quot;tablist&quot;
        tabindex=&quot;0&quot;
      &gt;
        &lt;button
          aria-controls=&quot;tab-0&quot;
          aria-selected=&quot;false&quot;
          class=&quot;leafygreen-ui-1wko8dp&quot;
          role=&quot;tab&quot;
          tabindex=&quot;-1&quot;
        &gt;
          Name A
        &lt;/button&gt;
        &lt;button
          aria-controls=&quot;tab-1&quot;
          aria-selected=&quot;true&quot;
          class=&quot;leafygreen-ui-1y1cha6&quot;
          role=&quot;tab&quot;
          tabindex=&quot;0&quot;
        &gt;
          Name B
        &lt;/button&gt;
        &lt;button
          aria-controls=&quot;tab-2&quot;
          aria-disabled=&quot;true&quot;
          aria-selected=&quot;false&quot;
          class=&quot;leafygreen-ui-k2z8d7&quot;
          role=&quot;tab&quot;
          tabindex=&quot;-1&quot;
        &gt;
          Name C
        &lt;/button&gt;
      &lt;/div&gt;
      &lt;div
        class=&quot;leafygreen-ui-1kosun9&quot;
      &gt;
        &lt;div
          class=&quot;leafygreen-ui-7f53c3&quot;
        /&gt;
      &lt;/div&gt;
      &lt;div
        aria-controls=&quot;tab-1&quot;
        aria-disabled=&quot;false&quot;
        id=&quot;tab-1&quot;
        role=&quot;tabpanel&quot;
      &gt;
        Test Content 2
      &lt;/div&gt;
    &lt;/div&gt;
  &lt;/div&gt;
  &lt;div&gt;
    &lt;div
      data-testid=&quot;tabs-component&quot;
    &gt;
      &lt;div
        class=&quot;leafygreen-ui-m8dvyl&quot;
        role=&quot;tablist&quot;
        tabindex=&quot;0&quot;
      &gt;
        &lt;button
          aria-controls=&quot;tab-0&quot;
          aria-selected=&quot;false&quot;
          class=&quot;leafygreen-ui-1wko8dp&quot;
          role=&quot;tab&quot;
          tabindex=&quot;-1&quot;
        &gt;
          Name A
        &lt;/button&gt;
        &lt;button
          aria-controls=&quot;tab-1&quot;
          aria-selected=&quot;true&quot;
          class=&quot;leafygreen-ui-1y1cha6&quot;
          role=&quot;tab&quot;
          tabindex=&quot;0&quot;
        &gt;
          Name B
        &lt;/button&gt;
        &lt;button
          aria-controls=&quot;tab-2&quot;
          aria-disabled=&quot;true&quot;
          aria-selected=&quot;false&quot;
          class=&quot;leafygreen-ui-k2z8d7&quot;
          role=&quot;tab&quot;
          tabindex=&quot;-1&quot;
        &gt;
          Name C
        &lt;/button&gt;
      &lt;/div&gt;
      &lt;div
        class=&quot;leafygreen-ui-1kosun9&quot;
      &gt;
        &lt;div
          class=&quot;leafygreen-ui-7f53c3&quot;
        /&gt;
      &lt;/div&gt;
      &lt;div
        aria-controls=&quot;tab-1&quot;
        aria-disabled=&quot;false&quot;
        id=&quot;tab-1&quot;
        role=&quot;tabpanel&quot;
      &gt;
        Test Content 2
      &lt;/div&gt;
    &lt;/div&gt;
  &lt;/div&gt;
&lt;/body&gt;
    at getElementError (/Users/brookeyalof/Development/MongoDB/leafygreen-ui/packages/tabs/node_modules/@testing-library/dom/dist/query-helpers.js:46:10)
    at getMultipleElementsFoundError (/Users/brookeyalof/Development/MongoDB/leafygreen-ui/packages/tabs/node_modules/@testing-library/dom/dist/query-helpers.js:50:10)
    at getByText (/Users/brookeyalof/Development/MongoDB/leafygreen-ui/packages/tabs/node_modules/@testing-library/dom/dist/query-helpers.js:86:13)
    at Object.&lt;anonymous&gt; (/Users/brookeyalof/Development/MongoDB/leafygreen-ui/packages/tabs/src/Tabs.spec.tsx:92:19)
    at Object.asyncJestTest (/Users/brookeyalof/Development/MongoDB/leafygreen-ui/node_modules/jest-jasmine2/build/jasmineAsyncInstall.js:100:37)
    at /Users/brookeyalof/Development/MongoDB/leafygreen-ui/node_modules/jest-jasmine2/build/queueRunner.js:47:12
    at new Promise (&lt;anonymous&gt;)
    at mapper (/Users/brookeyalof/Development/MongoDB/leafygreen-ui/node_modules/jest-jasmine2/build/queueRunner.js:30:19)
    at /Users/brookeyalof/Development/MongoDB/leafygreen-ui/node_modules/jest-jasmine2/build/queueRunner.js:77:41</failure>
    </testcase>
    <testcase classname="packages/tab when the component is controlled keyboard nav is not supported" name="packages/tab when the component is controlled keyboard nav is not supported" time="0.012">
      <failure>Error: Found multiple elements with the text: Name B

(If this is intentional, then use the `*AllBy*` variant of the query (like `queryAllByText`, `getAllByText`, or `findAllByText`)).

&lt;body&gt;
  &lt;div&gt;
    &lt;div
      data-testid=&quot;tabs-component&quot;
    &gt;
      &lt;div
        class=&quot;leafygreen-ui-m8dvyl&quot;
        role=&quot;tablist&quot;
        tabindex=&quot;0&quot;
      &gt;
        &lt;button
          aria-controls=&quot;tab-0&quot;
          aria-selected=&quot;false&quot;
          class=&quot;leafygreen-ui-1wko8dp&quot;
          role=&quot;tab&quot;
          tabindex=&quot;-1&quot;
        &gt;
          Name A
        &lt;/button&gt;
        &lt;button
          aria-controls=&quot;tab-1&quot;
          aria-selected=&quot;true&quot;
          class=&quot;leafygreen-ui-1y1cha6&quot;
          role=&quot;tab&quot;
          tabindex=&quot;0&quot;
        &gt;
          Name B
        &lt;/button&gt;
        &lt;button
          aria-controls=&quot;tab-2&quot;
          aria-disabled=&quot;true&quot;
          aria-selected=&quot;false&quot;
          class=&quot;leafygreen-ui-k2z8d7&quot;
          role=&quot;tab&quot;
          tabindex=&quot;-1&quot;
        &gt;
          Name C
        &lt;/button&gt;
      &lt;/div&gt;
      &lt;div
        class=&quot;leafygreen-ui-1kosun9&quot;
      &gt;
        &lt;div
          class=&quot;leafygreen-ui-7f53c3&quot;
        /&gt;
      &lt;/div&gt;
      &lt;div
        aria-controls=&quot;tab-1&quot;
        aria-disabled=&quot;false&quot;
        id=&quot;tab-1&quot;
        role=&quot;tabpanel&quot;
      &gt;
        Test Content 2
      &lt;/div&gt;
    &lt;/div&gt;
  &lt;/div&gt;
  &lt;div&gt;
    &lt;div
      class=&quot;tabs-class-name&quot;
      data-testid=&quot;tabs-component&quot;
    &gt;
      &lt;div
        class=&quot;leafygreen-ui-m8dvyl&quot;
        role=&quot;tablist&quot;
        tabindex=&quot;0&quot;
      &gt;
        &lt;button
          aria-controls=&quot;tab-0&quot;
          aria-selected=&quot;false&quot;
          class=&quot;leafygreen-ui-1wko8dp&quot;
          role=&quot;tab&quot;
          tabindex=&quot;-1&quot;
        &gt;
          Name A
        &lt;/button&gt;
        &lt;button
          aria-controls=&quot;tab-1&quot;
          aria-selected=&quot;true&quot;
          class=&quot;leafygreen-ui-1y1cha6&quot;
          role=&quot;tab&quot;
          tabindex=&quot;0&quot;
        &gt;
          Name B
        &lt;/button&gt;
        &lt;button
          aria-controls=&quot;tab-2&quot;
          aria-disabled=&quot;true&quot;
          aria-selected=&quot;false&quot;
          class=&quot;leafygreen-ui-k2z8d7&quot;
          role=&quot;tab&quot;
          tabindex=&quot;-1&quot;
        &gt;
          Name C
        &lt;/button&gt;
      &lt;/div&gt;
      &lt;div
        class=&quot;leafygreen-ui-1kosun9&quot;
      &gt;
        &lt;div
          class=&quot;leafygreen-ui-7f53c3&quot;
        /&gt;
      &lt;/div&gt;
      &lt;div
        aria-controls=&quot;tab-1&quot;
        aria-disabled=&quot;false&quot;
        id=&quot;tab-1&quot;
        role=&quot;tabpanel&quot;
      &gt;
        Test Content 2
      &lt;/div&gt;
    &lt;/div&gt;
  &lt;/div&gt;
  &lt;div&gt;
    &lt;div
      data-testid=&quot;tabs-component&quot;
    &gt;
      &lt;div
        class=&quot;leafygreen-ui-m8dvyl&quot;
        role=&quot;tablist&quot;
        tabindex=&quot;0&quot;
      &gt;
        &lt;a
          aria-controls=&quot;tab-0&quot;
          aria-selected=&quot;false&quot;
          class=&quot;leafygreen-ui-1wko8dp&quot;
          role=&quot;tab&quot;
          tabindex=&quot;-1&quot;
        &gt;
          Name A
        &lt;/a&gt;
        &lt;a
          aria-controls=&quot;tab-1&quot;
          aria-selected=&quot;true&quot;
          class=&quot;leafygreen-ui-1y1cha6&quot;
          role=&quot;tab&quot;
          tabindex=&quot;0&quot;
        &gt;
          Name B
        &lt;/a&gt;
        &lt;a
          aria-controls=&quot;tab-2&quot;
          aria-disabled=&quot;true&quot;
          aria-selected=&quot;false&quot;
          class=&quot;leafygreen-ui-k2z8d7&quot;
          role=&quot;tab&quot;
          tabindex=&quot;-1&quot;
        &gt;
          Name C
        &lt;/a&gt;
      &lt;/div&gt;
      &lt;div
        class=&quot;leafygreen-ui-1kosun9&quot;
      &gt;
        &lt;div
          class=&quot;leafygreen-ui-7f53c3&quot;
        /&gt;
      &lt;/div&gt;
      &lt;div
        aria-controls=&quot;tab-1&quot;
        aria-disabled=&quot;false&quot;
        id=&quot;tab-1&quot;
        role=&quot;tabpanel&quot;
      &gt;
        Test Content 2
      &lt;/div&gt;
    &lt;/div&gt;
  &lt;/div&gt;
  &lt;div&gt;
    &lt;div
      data-testid=&quot;tabs-component&quot;
    &gt;
      &lt;div
        class=&quot;leafygreen-ui-m8dvyl&quot;
        role=&quot;tablist&quot;
        tabindex=&quot;0&quot;
      &gt;
        &lt;button
          aria-controls=&quot;tab-0&quot;
          aria-selected=&quot;false&quot;
          class=&quot;leafygreen-ui-1wko8dp&quot;
          role=&quot;tab&quot;
          tabindex=&quot;-1&quot;
        &gt;
          Name A
        &lt;/button&gt;
        &lt;button
          aria-controls=&quot;tab-1&quot;
          aria-selected=&quot;true&quot;
          class=&quot;leafygreen-ui-1y1cha6&quot;
          role=&quot;tab&quot;
          tabindex=&quot;0&quot;
        &gt;
          Name B
        &lt;/button&gt;
        &lt;button
          aria-controls=&quot;tab-2&quot;
          aria-disabled=&quot;true&quot;
          aria-selected=&quot;false&quot;
          class=&quot;leafygreen-ui-k2z8d7&quot;
          role=&quot;tab&quot;
          tabindex=&quot;-1&quot;
        &gt;
          Name C
        &lt;/button&gt;
      &lt;/div&gt;
      &lt;div
        class=&quot;leafygreen-ui-1kosun9&quot;
      &gt;
        &lt;div
          class=&quot;leafygreen-ui-7f53c3&quot;
        /&gt;
      &lt;/div&gt;
      &lt;div
        aria-controls=&quot;tab-1&quot;
        aria-disabled=&quot;false&quot;
        id=&quot;tab-1&quot;
        role=&quot;tabpanel&quot;
      &gt;
        Test Content 2
      &lt;/div&gt;
    &lt;/div&gt;
  &lt;/div&gt;
  &lt;div&gt;
    &lt;div
      data-testid=&quot;tabs-component&quot;
    &gt;
      &lt;div
        class=&quot;leafygreen-ui-m8dvyl&quot;
        role=&quot;tablist&quot;
        tabindex=&quot;0&quot;
      &gt;
        &lt;button
          aria-controls=&quot;tab-0&quot;
          aria-selected=&quot;false&quot;
          class=&quot;leafygreen-ui-1wko8dp&quot;
          role=&quot;tab&quot;
          tabindex=&quot;-1&quot;
        &gt;
          Name A
        &lt;/button&gt;
        &lt;button
          aria-controls=&quot;tab-1&quot;
          aria-selected=&quot;true&quot;
          class=&quot;leafygreen-ui-1y1cha6&quot;
          role=&quot;tab&quot;
          tabindex=&quot;0&quot;
        &gt;
          Name B
        &lt;/button&gt;
        &lt;button
          aria-controls=&quot;tab-2&quot;
          aria-disabled=&quot;true&quot;
          aria-selected=&quot;false&quot;
          class=&quot;leafygreen-ui-k2z8d7&quot;
          role=&quot;tab&quot;
          tabindex=&quot;-1&quot;
        &gt;
          Name C
        &lt;/button&gt;
      &lt;/div&gt;
      &lt;div
        class=&quot;leafygreen-ui-1kosun9&quot;
      &gt;
        &lt;div
          class=&quot;leafygreen-ui-7f53c3&quot;
        /&gt;
      &lt;/div&gt;
      &lt;div
        aria-controls=&quot;tab-1&quot;
        aria-disabled=&quot;false&quot;
        id=&quot;tab-1&quot;
        role=&quot;tabpanel&quot;
      &gt;
        Test Content 2
      &lt;/div&gt;
    &lt;/div&gt;
  &lt;/div&gt;
  &lt;div&gt;
    &lt;div
      data-testid=&quot;tabs-component&quot;
    &gt;
      &lt;div
        class=&quot;leafygreen-ui-m8dvyl&quot;
        role=&quot;tablist&quot;
        tabindex=&quot;0&quot;
      &gt;
        &lt;button
          aria-controls=&quot;tab-0&quot;
          aria-selected=&quot;false&quot;
          class=&quot;leafygreen-ui-1wko8dp&quot;
          role=&quot;tab&quot;
          tabindex=&quot;-1&quot;
        &gt;
          Name A
        &lt;/button&gt;
        &lt;button
          aria-controls=&quot;tab-1&quot;
          aria-selected=&quot;true&quot;
          class=&quot;leafygreen-ui-1y1cha6&quot;
          role=&quot;tab&quot;
          tabindex=&quot;0&quot;
        &gt;
          Name B
        &lt;/button&gt;
        &lt;button
          aria-controls=&quot;tab-2&quot;
          aria-disabled=&quot;true&quot;
          aria-selected=&quot;false&quot;
          class=&quot;leafygreen-ui-k2z8d7&quot;
          role=&quot;tab&quot;
          tabindex=&quot;-1&quot;
        &gt;
          Name C
        &lt;/button&gt;
      &lt;/div&gt;
      &lt;div
        class=&quot;leafygreen-ui-1kosun9&quot;
      &gt;
        &lt;div
          class=&quot;leafygreen-ui-7f53c3&quot;
        /&gt;
      &lt;/div&gt;
      &lt;div
        aria-controls=&quot;tab-1&quot;
        aria-disabled=&quot;false&quot;
        id=&quot;tab-1&quot;
        role=&quot;tabpanel&quot;
      &gt;
        Test Content 2
      &lt;/div&gt;
    &lt;/div&gt;
  &lt;/div&gt;
  &lt;div&gt;
    &lt;div
      data-testid=&quot;tabs-component&quot;
    &gt;
      &lt;div
        class=&quot;leafygreen-ui-m8dvyl&quot;
        role=&quot;tablist&quot;
        tabindex=&quot;0&quot;
      &gt;
        &lt;button
          aria-controls=&quot;tab-0&quot;
          aria-selected=&quot;false&quot;
          class=&quot;leafygreen-ui-1wko8dp&quot;
          role=&quot;tab&quot;
          tabindex=&quot;-1&quot;
        &gt;
          Name A
        &lt;/button&gt;
        &lt;button
          aria-controls=&quot;tab-1&quot;
          aria-selected=&quot;true&quot;
          class=&quot;leafygreen-ui-1y1cha6&quot;
          role=&quot;tab&quot;
          tabindex=&quot;0&quot;
        &gt;
          Name B
        &lt;/button&gt;
        &lt;button
          aria-controls=&quot;tab-2&quot;
          aria-disabled=&quot;true&quot;
          aria-selected=&quot;false&quot;
          class=&quot;leafygreen-ui-k2z8d7&quot;
          role=&quot;tab&quot;
          tabindex=&quot;-1&quot;
        &gt;
          Name C
        &lt;/button&gt;
      &lt;/div&gt;
      &lt;div
        class=&quot;leafygreen-ui-1kosun9&quot;
      &gt;
        &lt;div
          class=&quot;leafygreen-ui-7f53c3&quot;
        /&gt;
      &lt;/div&gt;
      &lt;div
        aria-controls=&quot;tab-1&quot;
        aria-disabled=&quot;false&quot;
        id=&quot;tab-1&quot;
        role=&quot;tabpanel&quot;
      &gt;
        Test Content 2
      &lt;/div&gt;
    &lt;/div&gt;
  &lt;/div&gt;
  &lt;div&gt;
    &lt;div
      data-testid=&quot;tabs-component&quot;
    &gt;
      &lt;div
        class=&quot;leafygreen-ui-m8dvyl&quot;
        role=&quot;tablist&quot;
        tabindex=&quot;0&quot;
      &gt;
        &lt;button
          aria-controls=&quot;tab-0&quot;
          aria-selected=&quot;false&quot;
          class=&quot;leafygreen-ui-1wko8dp&quot;
          role=&quot;tab&quot;
          tabindex=&quot;-1&quot;
        &gt;
          Name A
        &lt;/button&gt;
        &lt;button
          aria-controls=&quot;tab-1&quot;
          aria-selected=&quot;true&quot;
          class=&quot;leafygreen-ui-1y1cha6&quot;
          role=&quot;tab&quot;
          tabindex=&quot;0&quot;
        &gt;
          Name B
        &lt;/button&gt;
        &lt;button
          aria-controls=&quot;tab-2&quot;
          aria-disabled=&quot;true&quot;
          aria-selected=&quot;false&quot;
          class=&quot;leafygreen-ui-k2z8d7&quot;
          role=&quot;tab&quot;
          tabindex=&quot;-1&quot;
        &gt;
          Name C
        &lt;/button&gt;
      &lt;/div&gt;
      &lt;div
        class=&quot;leafygreen-ui-1kosun9&quot;
      &gt;
        &lt;div
          class=&quot;leafygreen-ui-7f53c3&quot;
        /&gt;
      &lt;/div&gt;
      &lt;div
        aria-controls=&quot;tab-1&quot;
        aria-disabled=&quot;false&quot;
        id=&quot;tab-1&quot;
        role=&quot;tabpanel&quot;
      &gt;
        Test Content 2
      &lt;/div&gt;
    &lt;/div&gt;
  &lt;/div&gt;
&lt;/body&gt;
    at getElementError (/Users/brookeyalof/Development/MongoDB/leafygreen-ui/packages/tabs/node_modules/@testing-library/dom/dist/query-helpers.js:46:10)
    at getMultipleElementsFoundError (/Users/brookeyalof/Development/MongoDB/leafygreen-ui/packages/tabs/node_modules/@testing-library/dom/dist/query-helpers.js:50:10)
    at getByText (/Users/brookeyalof/Development/MongoDB/leafygreen-ui/packages/tabs/node_modules/@testing-library/dom/dist/query-helpers.js:86:13)
    at Object.&lt;anonymous&gt; (/Users/brookeyalof/Development/MongoDB/leafygreen-ui/packages/tabs/src/Tabs.spec.tsx:101:33)
    at Object.asyncJestTest (/Users/brookeyalof/Development/MongoDB/leafygreen-ui/node_modules/jest-jasmine2/build/jasmineAsyncInstall.js:100:37)
    at /Users/brookeyalof/Development/MongoDB/leafygreen-ui/node_modules/jest-jasmine2/build/queueRunner.js:47:12
    at new Promise (&lt;anonymous&gt;)
    at mapper (/Users/brookeyalof/Development/MongoDB/leafygreen-ui/node_modules/jest-jasmine2/build/queueRunner.js:30:19)
    at /Users/brookeyalof/Development/MongoDB/leafygreen-ui/node_modules/jest-jasmine2/build/queueRunner.js:77:41</failure>
    </testcase>
    <testcase classname="packages/tab when the component is uncontrolled default tab is active on first render" name="packages/tab when the component is uncontrolled default tab is active on first render" time="0.012">
    </testcase>
    <testcase classname="packages/tab when the component is uncontrolled clicking a tab changes the active tab" name="packages/tab when the component is uncontrolled clicking a tab changes the active tab" time="0.013">
      <failure>Error: Found multiple elements with the text: Name B

(If this is intentional, then use the `*AllBy*` variant of the query (like `queryAllByText`, `getAllByText`, or `findAllByText`)).

&lt;body&gt;
  &lt;div&gt;
    &lt;div
      data-testid=&quot;tabs-component&quot;
    &gt;
      &lt;div
        class=&quot;leafygreen-ui-m8dvyl&quot;
        role=&quot;tablist&quot;
        tabindex=&quot;0&quot;
      &gt;
        &lt;button
          aria-controls=&quot;tab-0&quot;
          aria-selected=&quot;false&quot;
          class=&quot;leafygreen-ui-1wko8dp&quot;
          role=&quot;tab&quot;
          tabindex=&quot;-1&quot;
        &gt;
          Name A
        &lt;/button&gt;
        &lt;button
          aria-controls=&quot;tab-1&quot;
          aria-selected=&quot;true&quot;
          class=&quot;leafygreen-ui-1y1cha6&quot;
          role=&quot;tab&quot;
          tabindex=&quot;0&quot;
        &gt;
          Name B
        &lt;/button&gt;
        &lt;button
          aria-controls=&quot;tab-2&quot;
          aria-disabled=&quot;true&quot;
          aria-selected=&quot;false&quot;
          class=&quot;leafygreen-ui-k2z8d7&quot;
          role=&quot;tab&quot;
          tabindex=&quot;-1&quot;
        &gt;
          Name C
        &lt;/button&gt;
      &lt;/div&gt;
      &lt;div
        class=&quot;leafygreen-ui-1kosun9&quot;
      &gt;
        &lt;div
          class=&quot;leafygreen-ui-7f53c3&quot;
        /&gt;
      &lt;/div&gt;
      &lt;div
        aria-controls=&quot;tab-1&quot;
        aria-disabled=&quot;false&quot;
        id=&quot;tab-1&quot;
        role=&quot;tabpanel&quot;
      &gt;
        Test Content 2
      &lt;/div&gt;
    &lt;/div&gt;
  &lt;/div&gt;
  &lt;div&gt;
    &lt;div
      class=&quot;tabs-class-name&quot;
      data-testid=&quot;tabs-component&quot;
    &gt;
      &lt;div
        class=&quot;leafygreen-ui-m8dvyl&quot;
        role=&quot;tablist&quot;
        tabindex=&quot;0&quot;
      &gt;
        &lt;button
          aria-controls=&quot;tab-0&quot;
          aria-selected=&quot;false&quot;
          class=&quot;leafygreen-ui-1wko8dp&quot;
          role=&quot;tab&quot;
          tabindex=&quot;-1&quot;
        &gt;
          Name A
        &lt;/button&gt;
        &lt;button
          aria-controls=&quot;tab-1&quot;
          aria-selected=&quot;true&quot;
          class=&quot;leafygreen-ui-1y1cha6&quot;
          role=&quot;tab&quot;
          tabindex=&quot;0&quot;
        &gt;
          Name B
        &lt;/button&gt;
        &lt;button
          aria-controls=&quot;tab-2&quot;
          aria-disabled=&quot;true&quot;
          aria-selected=&quot;false&quot;
          class=&quot;leafygreen-ui-k2z8d7&quot;
          role=&quot;tab&quot;
          tabindex=&quot;-1&quot;
        &gt;
          Name C
        &lt;/button&gt;
      &lt;/div&gt;
      &lt;div
        class=&quot;leafygreen-ui-1kosun9&quot;
      &gt;
        &lt;div
          class=&quot;leafygreen-ui-7f53c3&quot;
        /&gt;
      &lt;/div&gt;
      &lt;div
        aria-controls=&quot;tab-1&quot;
        aria-disabled=&quot;false&quot;
        id=&quot;tab-1&quot;
        role=&quot;tabpanel&quot;
      &gt;
        Test Content 2
      &lt;/div&gt;
    &lt;/div&gt;
  &lt;/div&gt;
  &lt;div&gt;
    &lt;div
      data-testid=&quot;tabs-component&quot;
    &gt;
      &lt;div
        class=&quot;leafygreen-ui-m8dvyl&quot;
        role=&quot;tablist&quot;
        tabindex=&quot;0&quot;
      &gt;
        &lt;a
          aria-controls=&quot;tab-0&quot;
          aria-selected=&quot;false&quot;
          class=&quot;leafygreen-ui-1wko8dp&quot;
          role=&quot;tab&quot;
          tabindex=&quot;-1&quot;
        &gt;
          Name A
        &lt;/a&gt;
        &lt;a
          aria-controls=&quot;tab-1&quot;
          aria-selected=&quot;true&quot;
          class=&quot;leafygreen-ui-1y1cha6&quot;
          role=&quot;tab&quot;
          tabindex=&quot;0&quot;
        &gt;
          Name B
        &lt;/a&gt;
        &lt;a
          aria-controls=&quot;tab-2&quot;
          aria-disabled=&quot;true&quot;
          aria-selected=&quot;false&quot;
          class=&quot;leafygreen-ui-k2z8d7&quot;
          role=&quot;tab&quot;
          tabindex=&quot;-1&quot;
        &gt;
          Name C
        &lt;/a&gt;
      &lt;/div&gt;
      &lt;div
        class=&quot;leafygreen-ui-1kosun9&quot;
      &gt;
        &lt;div
          class=&quot;leafygreen-ui-7f53c3&quot;
        /&gt;
      &lt;/div&gt;
      &lt;div
        aria-controls=&quot;tab-1&quot;
        aria-disabled=&quot;false&quot;
        id=&quot;tab-1&quot;
        role=&quot;tabpanel&quot;
      &gt;
        Test Content 2
      &lt;/div&gt;
    &lt;/div&gt;
  &lt;/div&gt;
  &lt;div&gt;
    &lt;div
      data-testid=&quot;tabs-component&quot;
    &gt;
      &lt;div
        class=&quot;leafygreen-ui-m8dvyl&quot;
        role=&quot;tablist&quot;
        tabindex=&quot;0&quot;
      &gt;
        &lt;button
          aria-controls=&quot;tab-0&quot;
          aria-selected=&quot;false&quot;
          class=&quot;leafygreen-ui-1wko8dp&quot;
          role=&quot;tab&quot;
          tabindex=&quot;-1&quot;
        &gt;
          Name A
        &lt;/button&gt;
        &lt;button
          aria-controls=&quot;tab-1&quot;
          aria-selected=&quot;true&quot;
          class=&quot;leafygreen-ui-1y1cha6&quot;
          role=&quot;tab&quot;
          tabindex=&quot;0&quot;
        &gt;
          Name B
        &lt;/button&gt;
        &lt;button
          aria-controls=&quot;tab-2&quot;
          aria-disabled=&quot;true&quot;
          aria-selected=&quot;false&quot;
          class=&quot;leafygreen-ui-k2z8d7&quot;
          role=&quot;tab&quot;
          tabindex=&quot;-1&quot;
        &gt;
          Name C
        &lt;/button&gt;
      &lt;/div&gt;
      &lt;div
        class=&quot;leafygreen-ui-1kosun9&quot;
      &gt;
        &lt;div
          class=&quot;leafygreen-ui-7f53c3&quot;
        /&gt;
      &lt;/div&gt;
      &lt;div
        aria-controls=&quot;tab-1&quot;
        aria-disabled=&quot;false&quot;
        id=&quot;tab-1&quot;
        role=&quot;tabpanel&quot;
      &gt;
        Test Content 2
      &lt;/div&gt;
    &lt;/div&gt;
  &lt;/div&gt;
  &lt;div&gt;
    &lt;div
      data-testid=&quot;tabs-component&quot;
    &gt;
      &lt;div
        class=&quot;leafygreen-ui-m8dvyl&quot;
        role=&quot;tablist&quot;
        tabindex=&quot;0&quot;
      &gt;
        &lt;button
          aria-controls=&quot;tab-0&quot;
          aria-selected=&quot;false&quot;
          class=&quot;leafygreen-ui-1wko8dp&quot;
          role=&quot;tab&quot;
          tabindex=&quot;-1&quot;
        &gt;
          Name A
        &lt;/button&gt;
        &lt;button
          aria-controls=&quot;tab-1&quot;
          aria-selected=&quot;true&quot;
          class=&quot;leafygreen-ui-1y1cha6&quot;
          role=&quot;tab&quot;
          tabindex=&quot;0&quot;
        &gt;
          Name B
        &lt;/button&gt;
        &lt;button
          aria-controls=&quot;tab-2&quot;
          aria-disabled=&quot;true&quot;
          aria-selected=&quot;false&quot;
          class=&quot;leafygreen-ui-k2z8d7&quot;
          role=&quot;tab&quot;
          tabindex=&quot;-1&quot;
        &gt;
          Name C
        &lt;/button&gt;
      &lt;/div&gt;
      &lt;div
        class=&quot;leafygreen-ui-1kosun9&quot;
      &gt;
        &lt;div
          class=&quot;leafygreen-ui-7f53c3&quot;
        /&gt;
      &lt;/div&gt;
      &lt;div
        aria-controls=&quot;tab-1&quot;
        aria-disabled=&quot;false&quot;
        id=&quot;tab-1&quot;
        role=&quot;tabpanel&quot;
      &gt;
        Test Content 2
      &lt;/div&gt;
    &lt;/div&gt;
  &lt;/div&gt;
  &lt;div&gt;
    &lt;div
      data-testid=&quot;tabs-component&quot;
    &gt;
      &lt;div
        class=&quot;leafygreen-ui-m8dvyl&quot;
        role=&quot;tablist&quot;
        tabindex=&quot;0&quot;
      &gt;
        &lt;button
          aria-controls=&quot;tab-0&quot;
          aria-selected=&quot;false&quot;
          class=&quot;leafygreen-ui-1wko8dp&quot;
          role=&quot;tab&quot;
          tabindex=&quot;-1&quot;
        &gt;
          Name A
        &lt;/button&gt;
        &lt;button
          aria-controls=&quot;tab-1&quot;
          aria-selected=&quot;true&quot;
          class=&quot;leafygreen-ui-1y1cha6&quot;
          role=&quot;tab&quot;
          tabindex=&quot;0&quot;
        &gt;
          Name B
        &lt;/button&gt;
        &lt;button
          aria-controls=&quot;tab-2&quot;
          aria-disabled=&quot;true&quot;
          aria-selected=&quot;false&quot;
          class=&quot;leafygreen-ui-k2z8d7&quot;
          role=&quot;tab&quot;
          tabindex=&quot;-1&quot;
        &gt;
          Name C
        &lt;/button&gt;
      &lt;/div&gt;
      &lt;div
        class=&quot;leafygreen-ui-1kosun9&quot;
      &gt;
        &lt;div
          class=&quot;leafygreen-ui-7f53c3&quot;
        /&gt;
      &lt;/div&gt;
      &lt;div
        aria-controls=&quot;tab-1&quot;
        aria-disabled=&quot;false&quot;
        id=&quot;tab-1&quot;
        role=&quot;tabpanel&quot;
      &gt;
        Test Content 2
      &lt;/div&gt;
    &lt;/div&gt;
  &lt;/div&gt;
  &lt;div&gt;
    &lt;div
      data-testid=&quot;tabs-component&quot;
    &gt;
      &lt;div
        class=&quot;leafygreen-ui-m8dvyl&quot;
        role=&quot;tablist&quot;
        tabindex=&quot;0&quot;
      &gt;
        &lt;button
          aria-controls=&quot;tab-0&quot;
          aria-selected=&quot;false&quot;
          class=&quot;leafygreen-ui-1wko8dp&quot;
          role=&quot;tab&quot;
          tabindex=&quot;-1&quot;
        &gt;
          Name A
        &lt;/button&gt;
        &lt;button
          aria-controls=&quot;tab-1&quot;
          aria-selected=&quot;true&quot;
          class=&quot;leafygreen-ui-1y1cha6&quot;
          role=&quot;tab&quot;
          tabindex=&quot;0&quot;
        &gt;
          Name B
        &lt;/button&gt;
        &lt;button
          aria-controls=&quot;tab-2&quot;
          aria-disabled=&quot;true&quot;
          aria-selected=&quot;false&quot;
          class=&quot;leafygreen-ui-k2z8d7&quot;
          role=&quot;tab&quot;
          tabindex=&quot;-1&quot;
        &gt;
          Name C
        &lt;/button&gt;
      &lt;/div&gt;
      &lt;div
        class=&quot;leafygreen-ui-1kosun9&quot;
      &gt;
        &lt;div
          class=&quot;leafygreen-ui-7f53c3&quot;
        /&gt;
      &lt;/div&gt;
      &lt;div
        aria-controls=&quot;tab-1&quot;
        aria-disabled=&quot;false&quot;
        id=&quot;tab-1&quot;
        role=&quot;tabpanel&quot;
      &gt;
        Test Content 2
      &lt;/div&gt;
    &lt;/div&gt;
  &lt;/div&gt;
  &lt;div&gt;
    &lt;div
      data-testid=&quot;tabs-component&quot;
    &gt;
      &lt;div
        class=&quot;leafygreen-ui-m8dvyl&quot;
        role=&quot;tablist&quot;
        tabindex=&quot;0&quot;
      &gt;
        &lt;button
          aria-controls=&quot;tab-0&quot;
          aria-selected=&quot;false&quot;
          class=&quot;leafygreen-ui-1wko8dp&quot;
          role=&quot;tab&quot;
          tabindex=&quot;-1&quot;
        &gt;
          Name A
        &lt;/button&gt;
        &lt;button
          aria-controls=&quot;tab-1&quot;
          aria-selected=&quot;true&quot;
          class=&quot;leafygreen-ui-1y1cha6&quot;
          role=&quot;tab&quot;
          tabindex=&quot;0&quot;
        &gt;
          Name B
        &lt;/button&gt;
        &lt;button
          aria-controls=&quot;tab-2&quot;
          aria-disabled=&quot;true&quot;
          aria-selected=&quot;false&quot;
          class=&quot;leafygreen-ui-k2z8d7&quot;
          role=&quot;tab&quot;
          tabindex=&quot;-1&quot;
        &gt;
          Name C
        &lt;/button&gt;
      &lt;/div&gt;
      &lt;div
        class=&quot;leafygreen-ui-1kosun9&quot;
      &gt;
        &lt;div
          class=&quot;leafygreen-ui-7f53c3&quot;
        /&gt;
      &lt;/div&gt;
      &lt;div
        aria-controls=&quot;tab-1&quot;
        aria-disabled=&quot;false&quot;
        id=&quot;tab-1&quot;
        role=&quot;tabpanel&quot;
      &gt;
        Test Content 2
      &lt;/div&gt;
    &lt;/div&gt;
  &lt;/div&gt;
  &lt;div&gt;
    &lt;div
      data-testid=&quot;tabs-component&quot;
    &gt;
      &lt;div
        class=&quot;leafygreen-ui-m8dvyl&quot;
        role=&quot;tablist&quot;
        tabindex=&quot;0&quot;
      &gt;
        &lt;button
          aria-controls=&quot;tab-0&quot;
          aria-selected=&quot;true&quot;
          class=&quot;leafygreen-ui-1y1cha6&quot;
          role=&quot;tab&quot;
          tabindex=&quot;0&quot;
        &gt;
          Name A
        &lt;/button&gt;
        &lt;button
          aria-controls=&quot;tab-1&quot;
          aria-selected=&quot;false&quot;
          class=&quot;leafygreen-ui-1wko8dp&quot;
          role=&quot;tab&quot;
          tabindex=&quot;-1&quot;
        &gt;
          Name B
        &lt;/button&gt;
        &lt;button
          aria-controls=&quot;tab-2&quot;
          aria-disabled=&quot;true&quot;
          aria-selected=&quot;false&quot;
          class=&quot;leafygreen-ui-k2z8d7&quot;
          role=&quot;tab&quot;
          tabindex=&quot;-1&quot;
        &gt;
          Name C
        &lt;/button&gt;
      &lt;/div&gt;
      &lt;div
        class=&quot;leafygreen-ui-1kosun9&quot;
      &gt;
        &lt;div
          class=&quot;leafygreen-ui-10x3o57&quot;
        /&gt;
      &lt;/div&gt;
      &lt;div
        aria-controls=&quot;tab-0&quot;
        aria-disabled=&quot;false&quot;
        id=&quot;tab-0&quot;
        role=&quot;tabpanel&quot;
      &gt;
        Test Content 1
      &lt;/div&gt;
    &lt;/div&gt;
  &lt;/div&gt;
  &lt;div&gt;
    &lt;div
      data-testid=&quot;tabs-component&quot;
    &gt;
      &lt;div
        class=&quot;leafygreen-ui-m8dvyl&quot;
        role=&quot;tablist&quot;
        tabindex=&quot;0&quot;
      &gt;
        &lt;button
          aria-controls=&quot;tab-0&quot;
          aria-selected=&quot;true&quot;
          class=&quot;leafygreen-ui-1y1cha6&quot;
          role=&quot;tab&quot;
          tabindex=&quot;0&quot;
        &gt;
          Name A
        &lt;/button&gt;
        &lt;button
          aria-controls=&quot;tab-1&quot;
          aria-selected=&quot;false&quot;
          class=&quot;leafygreen-ui-1wko8dp&quot;
          role=&quot;tab&quot;
          tabindex=&quot;-1&quot;
        &gt;
          Name B
        &lt;/button&gt;
        &lt;button
          aria-controls=&quot;tab-2&quot;
          aria-disabled=&quot;true&quot;
          aria-selected=&quot;false&quot;
          class=&quot;leafygreen-ui-k2z8d7&quot;
          role=&quot;tab&quot;
          tabindex=&quot;-1&quot;
        &gt;
          Name C
        &lt;/button&gt;
      &lt;/div&gt;
      &lt;div
        class=&quot;leafygreen-ui-1kosun9&quot;
      &gt;
        &lt;div
          class=&quot;leafygreen-ui-7f53c3&quot;
        /&gt;
      &lt;/div&gt;
      &lt;div
        aria-controls=&quot;tab-0&quot;
        aria-disabled=&quot;false&quot;
        id=&quot;tab-0&quot;
        role=&quot;tabpanel&quot;
      &gt;
        Test Content 1
      &lt;/div&gt;
    &lt;/div&gt;
  &lt;/div&gt;
&lt;/body&gt;
    at getElementError (/Users/brookeyalof/Development/MongoDB/leafygreen-ui/packages/tabs/node_modules/@testing-library/dom/dist/query-helpers.js:46:10)
    at getMultipleElementsFoundError (/Users/brookeyalof/Development/MongoDB/leafygreen-ui/packages/tabs/node_modules/@testing-library/dom/dist/query-helpers.js:50:10)
    at getByText (/Users/brookeyalof/Development/MongoDB/leafygreen-ui/packages/tabs/node_modules/@testing-library/dom/dist/query-helpers.js:86:13)
    at Object.&lt;anonymous&gt; (/Users/brookeyalof/Development/MongoDB/leafygreen-ui/packages/tabs/src/Tabs.spec.tsx:118:19)
    at Object.asyncJestTest (/Users/brookeyalof/Development/MongoDB/leafygreen-ui/node_modules/jest-jasmine2/build/jasmineAsyncInstall.js:100:37)
    at /Users/brookeyalof/Development/MongoDB/leafygreen-ui/node_modules/jest-jasmine2/build/queueRunner.js:47:12
    at new Promise (&lt;anonymous&gt;)
    at mapper (/Users/brookeyalof/Development/MongoDB/leafygreen-ui/node_modules/jest-jasmine2/build/queueRunner.js:30:19)
    at /Users/brookeyalof/Development/MongoDB/leafygreen-ui/node_modules/jest-jasmine2/build/queueRunner.js:77:41</failure>
    </testcase>
    <testcase classname="packages/tab when the component is uncontrolled keyboard nav is supported" name="packages/tab when the component is uncontrolled keyboard nav is supported" time="0.013">
      <failure>Error: Found multiple elements with the text: Name A

(If this is intentional, then use the `*AllBy*` variant of the query (like `queryAllByText`, `getAllByText`, or `findAllByText`)).

&lt;body&gt;
  &lt;div&gt;
    &lt;div
      data-testid=&quot;tabs-component&quot;
    &gt;
      &lt;div
        class=&quot;leafygreen-ui-m8dvyl&quot;
        role=&quot;tablist&quot;
        tabindex=&quot;0&quot;
      &gt;
        &lt;button
          aria-controls=&quot;tab-0&quot;
          aria-selected=&quot;false&quot;
          class=&quot;leafygreen-ui-1wko8dp&quot;
          role=&quot;tab&quot;
          tabindex=&quot;-1&quot;
        &gt;
          Name A
        &lt;/button&gt;
        &lt;button
          aria-controls=&quot;tab-1&quot;
          aria-selected=&quot;true&quot;
          class=&quot;leafygreen-ui-1y1cha6&quot;
          role=&quot;tab&quot;
          tabindex=&quot;0&quot;
        &gt;
          Name B
        &lt;/button&gt;
        &lt;button
          aria-controls=&quot;tab-2&quot;
          aria-disabled=&quot;true&quot;
          aria-selected=&quot;false&quot;
          class=&quot;leafygreen-ui-k2z8d7&quot;
          role=&quot;tab&quot;
          tabindex=&quot;-1&quot;
        &gt;
          Name C
        &lt;/button&gt;
      &lt;/div&gt;
      &lt;div
        class=&quot;leafygreen-ui-1kosun9&quot;
      &gt;
        &lt;div
          class=&quot;leafygreen-ui-7f53c3&quot;
        /&gt;
      &lt;/div&gt;
      &lt;div
        aria-controls=&quot;tab-1&quot;
        aria-disabled=&quot;false&quot;
        id=&quot;tab-1&quot;
        role=&quot;tabpanel&quot;
      &gt;
        Test Content 2
      &lt;/div&gt;
    &lt;/div&gt;
  &lt;/div&gt;
  &lt;div&gt;
    &lt;div
      class=&quot;tabs-class-name&quot;
      data-testid=&quot;tabs-component&quot;
    &gt;
      &lt;div
        class=&quot;leafygreen-ui-m8dvyl&quot;
        role=&quot;tablist&quot;
        tabindex=&quot;0&quot;
      &gt;
        &lt;button
          aria-controls=&quot;tab-0&quot;
          aria-selected=&quot;false&quot;
          class=&quot;leafygreen-ui-1wko8dp&quot;
          role=&quot;tab&quot;
          tabindex=&quot;-1&quot;
        &gt;
          Name A
        &lt;/button&gt;
        &lt;button
          aria-controls=&quot;tab-1&quot;
          aria-selected=&quot;true&quot;
          class=&quot;leafygreen-ui-1y1cha6&quot;
          role=&quot;tab&quot;
          tabindex=&quot;0&quot;
        &gt;
          Name B
        &lt;/button&gt;
        &lt;button
          aria-controls=&quot;tab-2&quot;
          aria-disabled=&quot;true&quot;
          aria-selected=&quot;false&quot;
          class=&quot;leafygreen-ui-k2z8d7&quot;
          role=&quot;tab&quot;
          tabindex=&quot;-1&quot;
        &gt;
          Name C
        &lt;/button&gt;
      &lt;/div&gt;
      &lt;div
        class=&quot;leafygreen-ui-1kosun9&quot;
      &gt;
        &lt;div
          class=&quot;leafygreen-ui-7f53c3&quot;
        /&gt;
      &lt;/div&gt;
      &lt;div
        aria-controls=&quot;tab-1&quot;
        aria-disabled=&quot;false&quot;
        id=&quot;tab-1&quot;
        role=&quot;tabpanel&quot;
      &gt;
        Test Content 2
      &lt;/div&gt;
    &lt;/div&gt;
  &lt;/div&gt;
  &lt;div&gt;
    &lt;div
      data-testid=&quot;tabs-component&quot;
    &gt;
      &lt;div
        class=&quot;leafygreen-ui-m8dvyl&quot;
        role=&quot;tablist&quot;
        tabindex=&quot;0&quot;
      &gt;
        &lt;a
          aria-controls=&quot;tab-0&quot;
          aria-selected=&quot;false&quot;
          class=&quot;leafygreen-ui-1wko8dp&quot;
          role=&quot;tab&quot;
          tabindex=&quot;-1&quot;
        &gt;
          Name A
        &lt;/a&gt;
        &lt;a
          aria-controls=&quot;tab-1&quot;
          aria-selected=&quot;true&quot;
          class=&quot;leafygreen-ui-1y1cha6&quot;
          role=&quot;tab&quot;
          tabindex=&quot;0&quot;
        &gt;
          Name B
        &lt;/a&gt;
        &lt;a
          aria-controls=&quot;tab-2&quot;
          aria-disabled=&quot;true&quot;
          aria-selected=&quot;false&quot;
          class=&quot;leafygreen-ui-k2z8d7&quot;
          role=&quot;tab&quot;
          tabindex=&quot;-1&quot;
        &gt;
          Name C
        &lt;/a&gt;
      &lt;/div&gt;
      &lt;div
        class=&quot;leafygreen-ui-1kosun9&quot;
      &gt;
        &lt;div
          class=&quot;leafygreen-ui-7f53c3&quot;
        /&gt;
      &lt;/div&gt;
      &lt;div
        aria-controls=&quot;tab-1&quot;
        aria-disabled=&quot;false&quot;
        id=&quot;tab-1&quot;
        role=&quot;tabpanel&quot;
      &gt;
        Test Content 2
      &lt;/div&gt;
    &lt;/div&gt;
  &lt;/div&gt;
  &lt;div&gt;
    &lt;div
      data-testid=&quot;tabs-component&quot;
    &gt;
      &lt;div
        class=&quot;leafygreen-ui-m8dvyl&quot;
        role=&quot;tablist&quot;
        tabindex=&quot;0&quot;
      &gt;
        &lt;button
          aria-controls=&quot;tab-0&quot;
          aria-selected=&quot;false&quot;
          class=&quot;leafygreen-ui-1wko8dp&quot;
          role=&quot;tab&quot;
          tabindex=&quot;-1&quot;
        &gt;
          Name A
        &lt;/button&gt;
        &lt;button
          aria-controls=&quot;tab-1&quot;
          aria-selected=&quot;true&quot;
          class=&quot;leafygreen-ui-1y1cha6&quot;
          role=&quot;tab&quot;
          tabindex=&quot;0&quot;
        &gt;
          Name B
        &lt;/button&gt;
        &lt;button
          aria-controls=&quot;tab-2&quot;
          aria-disabled=&quot;true&quot;
          aria-select...
    at getElementError (/Users/brookeyalof/Development/MongoDB/leafygreen-ui/packages/tabs/node_modules/@testing-library/dom/dist/query-helpers.js:46:10)
    at getMultipleElementsFoundError (/Users/brookeyalof/Development/MongoDB/leafygreen-ui/packages/tabs/node_modules/@testing-library/dom/dist/query-helpers.js:50:10)
    at getByText (/Users/brookeyalof/Development/MongoDB/leafygreen-ui/packages/tabs/node_modules/@testing-library/dom/dist/query-helpers.js:86:13)
    at Object.&lt;anonymous&gt; (/Users/brookeyalof/Development/MongoDB/leafygreen-ui/packages/tabs/src/Tabs.spec.tsx:129:33)
    at Object.asyncJestTest (/Users/brookeyalof/Development/MongoDB/leafygreen-ui/node_modules/jest-jasmine2/build/jasmineAsyncInstall.js:100:37)
    at /Users/brookeyalof/Development/MongoDB/leafygreen-ui/node_modules/jest-jasmine2/build/queueRunner.js:47:12
    at new Promise (&lt;anonymous&gt;)
    at mapper (/Users/brookeyalof/Development/MongoDB/leafygreen-ui/node_modules/jest-jasmine2/build/queueRunner.js:30:19)
    at /Users/brookeyalof/Development/MongoDB/leafygreen-ui/node_modules/jest-jasmine2/build/queueRunner.js:77:41</failure>
    </testcase>
    <testcase classname="packages/tab when the component is uncontrolled keyboard nav skips tab if tab is disabled" name="packages/tab when the component is uncontrolled keyboard nav skips tab if tab is disabled" time="0.014">
      <failure>Error: Found multiple elements with the text: Name A

(If this is intentional, then use the `*AllBy*` variant of the query (like `queryAllByText`, `getAllByText`, or `findAllByText`)).

&lt;body&gt;
  &lt;div&gt;
    &lt;div
      data-testid=&quot;tabs-component&quot;
    &gt;
      &lt;div
        class=&quot;leafygreen-ui-m8dvyl&quot;
        role=&quot;tablist&quot;
        tabindex=&quot;0&quot;
      &gt;
        &lt;button
          aria-controls=&quot;tab-0&quot;
          aria-selected=&quot;false&quot;
          class=&quot;leafygreen-ui-1wko8dp&quot;
          role=&quot;tab&quot;
          tabindex=&quot;-1&quot;
        &gt;
          Name A
        &lt;/button&gt;
        &lt;button
          aria-controls=&quot;tab-1&quot;
          aria-selected=&quot;true&quot;
          class=&quot;leafygreen-ui-1y1cha6&quot;
          role=&quot;tab&quot;
          tabindex=&quot;0&quot;
        &gt;
          Name B
        &lt;/button&gt;
        &lt;button
          aria-controls=&quot;tab-2&quot;
          aria-disabled=&quot;true&quot;
          aria-selected=&quot;false&quot;
          class=&quot;leafygreen-ui-k2z8d7&quot;
          role=&quot;tab&quot;
          tabindex=&quot;-1&quot;
        &gt;
          Name C
        &lt;/button&gt;
      &lt;/div&gt;
      &lt;div
        class=&quot;leafygreen-ui-1kosun9&quot;
      &gt;
        &lt;div
          class=&quot;leafygreen-ui-7f53c3&quot;
        /&gt;
      &lt;/div&gt;
      &lt;div
        aria-controls=&quot;tab-1&quot;
        aria-disabled=&quot;false&quot;
        id=&quot;tab-1&quot;
        role=&quot;tabpanel&quot;
      &gt;
        Test Content 2
      &lt;/div&gt;
    &lt;/div&gt;
  &lt;/div&gt;
  &lt;div&gt;
    &lt;div
      class=&quot;tabs-class-name&quot;
      data-testid=&quot;tabs-component&quot;
    &gt;
      &lt;div
        class=&quot;leafygreen-ui-m8dvyl&quot;
        role=&quot;tablist&quot;
        tabindex=&quot;0&quot;
      &gt;
        &lt;button
          aria-controls=&quot;tab-0&quot;
          aria-selected=&quot;false&quot;
          class=&quot;leafygreen-ui-1wko8dp&quot;
          role=&quot;tab&quot;
          tabindex=&quot;-1&quot;
        &gt;
          Name A
        &lt;/button&gt;
        &lt;button
          aria-controls=&quot;tab-1&quot;
          aria-selected=&quot;true&quot;
          class=&quot;leafygreen-ui-1y1cha6&quot;
          role=&quot;tab&quot;
          tabindex=&quot;0&quot;
        &gt;
          Name B
        &lt;/button&gt;
        &lt;button
          aria-controls=&quot;tab-2&quot;
          aria-disabled=&quot;true&quot;
          aria-selected=&quot;false&quot;
          class=&quot;leafygreen-ui-k2z8d7&quot;
          role=&quot;tab&quot;
          tabindex=&quot;-1&quot;
        &gt;
          Name C
        &lt;/button&gt;
      &lt;/div&gt;
      &lt;div
        class=&quot;leafygreen-ui-1kosun9&quot;
      &gt;
        &lt;div
          class=&quot;leafygreen-ui-7f53c3&quot;
        /&gt;
      &lt;/div&gt;
      &lt;div
        aria-controls=&quot;tab-1&quot;
        aria-disabled=&quot;false&quot;
        id=&quot;tab-1&quot;
        role=&quot;tabpanel&quot;
      &gt;
        Test Content 2
      &lt;/div&gt;
    &lt;/div&gt;
  &lt;/div&gt;
  &lt;div&gt;
    &lt;div
      data-testid=&quot;tabs-component&quot;
    &gt;
      &lt;div
        class=&quot;leafygreen-ui-m8dvyl&quot;
        role=&quot;tablist&quot;
        tabindex=&quot;0&quot;
      &gt;
        &lt;a
          aria-controls=&quot;tab-0&quot;
          aria-selected=&quot;false&quot;
          class=&quot;leafygreen-ui-1wko8dp&quot;
          role=&quot;tab&quot;
          tabindex=&quot;-1&quot;
        &gt;
          Name A
        &lt;/a&gt;
        &lt;a
          aria-controls=&quot;tab-1&quot;
          aria-selected=&quot;true&quot;
          class=&quot;leafygreen-ui-1y1cha6&quot;
          role=&quot;tab&quot;
          tabindex=&quot;0&quot;
        &gt;
          Name B
        &lt;/a&gt;
        &lt;a
          aria-controls=&quot;tab-2&quot;
          aria-disabled=&quot;true&quot;
          aria-selected=&quot;false&quot;
          class=&quot;leafygreen-ui-k2z8d7&quot;
          role=&quot;tab&quot;
          tabindex=&quot;-1&quot;
        &gt;
          Name C
        &lt;/a&gt;
      &lt;/div&gt;
      &lt;div
        class=&quot;leafygreen-ui-1kosun9&quot;
      &gt;
        &lt;div
          class=&quot;leafygreen-ui-7f53c3&quot;
        /&gt;
      &lt;/div&gt;
      &lt;div
        aria-controls=&quot;tab-1&quot;
        aria-disabled=&quot;false&quot;
        id=&quot;tab-1&quot;
        role=&quot;tabpanel&quot;
      &gt;
        Test Content 2
      &lt;/div&gt;
    &lt;/div&gt;
  &lt;/div&gt;
  &lt;div&gt;
    &lt;div
      data-testid=&quot;tabs-component&quot;
    &gt;
      &lt;div
        class=&quot;leafygreen-ui-m8dvyl&quot;
        role=&quot;tablist&quot;
        tabindex=&quot;0&quot;
      &gt;
        &lt;button
          aria-controls=&quot;tab-0&quot;
          aria-selected=&quot;false&quot;
          class=&quot;leafygreen-ui-1wko8dp&quot;
          role=&quot;tab&quot;
          tabindex=&quot;-1&quot;
        &gt;
          Name A
        &lt;/button&gt;
        &lt;button
          aria-controls=&quot;tab-1&quot;
          aria-selected=&quot;true&quot;
          class=&quot;leafygreen-ui-1y1cha6&quot;
          role=&quot;tab&quot;
          tabindex=&quot;0&quot;
        &gt;
          Name B
        &lt;/button&gt;
        &lt;button
          aria-controls=&quot;tab-2&quot;
          aria-disabled=&quot;true&quot;
          aria-select...
    at getElementError (/Users/brookeyalof/Development/MongoDB/leafygreen-ui/packages/tabs/node_modules/@testing-library/dom/dist/query-helpers.js:46:10)
    at getMultipleElementsFoundError (/Users/brookeyalof/Development/MongoDB/leafygreen-ui/packages/tabs/node_modules/@testing-library/dom/dist/query-helpers.js:50:10)
    at getByText (/Users/brookeyalof/Development/MongoDB/leafygreen-ui/packages/tabs/node_modules/@testing-library/dom/dist/query-helpers.js:86:13)
    at Object.&lt;anonymous&gt; (/Users/brookeyalof/Development/MongoDB/leafygreen-ui/packages/tabs/src/Tabs.spec.tsx:143:33)
    at Object.asyncJestTest (/Users/brookeyalof/Development/MongoDB/leafygreen-ui/node_modules/jest-jasmine2/build/jasmineAsyncInstall.js:100:37)
    at /Users/brookeyalof/Development/MongoDB/leafygreen-ui/node_modules/jest-jasmine2/build/queueRunner.js:47:12
    at new Promise (&lt;anonymous&gt;)
    at mapper (/Users/brookeyalof/Development/MongoDB/leafygreen-ui/node_modules/jest-jasmine2/build/queueRunner.js:30:19)
    at /Users/brookeyalof/Development/MongoDB/leafygreen-ui/node_modules/jest-jasmine2/build/queueRunner.js:77:41</failure>
    </testcase>
    <testcase classname="packages/tab when the component is uncontrolled keyboard nav does not work if modifier key is also pressed" name="packages/tab when the component is uncontrolled keyboard nav does not work if modifier key is also pressed" time="0.015">
      <failure>Error: Found multiple elements with the text: Name A

(If this is intentional, then use the `*AllBy*` variant of the query (like `queryAllByText`, `getAllByText`, or `findAllByText`)).

&lt;body&gt;
  &lt;div&gt;
    &lt;div
      data-testid=&quot;tabs-component&quot;
    &gt;
      &lt;div
        class=&quot;leafygreen-ui-m8dvyl&quot;
        role=&quot;tablist&quot;
        tabindex=&quot;0&quot;
      &gt;
        &lt;button
          aria-controls=&quot;tab-0&quot;
          aria-selected=&quot;false&quot;
          class=&quot;leafygreen-ui-1wko8dp&quot;
          role=&quot;tab&quot;
          tabindex=&quot;-1&quot;
        &gt;
          Name A
        &lt;/button&gt;
        &lt;button
          aria-controls=&quot;tab-1&quot;
          aria-selected=&quot;true&quot;
          class=&quot;leafygreen-ui-1y1cha6&quot;
          role=&quot;tab&quot;
          tabindex=&quot;0&quot;
        &gt;
          Name B
        &lt;/button&gt;
        &lt;button
          aria-controls=&quot;tab-2&quot;
          aria-disabled=&quot;true&quot;
          aria-selected=&quot;false&quot;
          class=&quot;leafygreen-ui-k2z8d7&quot;
          role=&quot;tab&quot;
          tabindex=&quot;-1&quot;
        &gt;
          Name C
        &lt;/button&gt;
      &lt;/div&gt;
      &lt;div
        class=&quot;leafygreen-ui-1kosun9&quot;
      &gt;
        &lt;div
          class=&quot;leafygreen-ui-7f53c3&quot;
        /&gt;
      &lt;/div&gt;
      &lt;div
        aria-controls=&quot;tab-1&quot;
        aria-disabled=&quot;false&quot;
        id=&quot;tab-1&quot;
        role=&quot;tabpanel&quot;
      &gt;
        Test Content 2
      &lt;/div&gt;
    &lt;/div&gt;
  &lt;/div&gt;
  &lt;div&gt;
    &lt;div
      class=&quot;tabs-class-name&quot;
      data-testid=&quot;tabs-component&quot;
    &gt;
      &lt;div
        class=&quot;leafygreen-ui-m8dvyl&quot;
        role=&quot;tablist&quot;
        tabindex=&quot;0&quot;
      &gt;
        &lt;button
          aria-controls=&quot;tab-0&quot;
          aria-selected=&quot;false&quot;
          class=&quot;leafygreen-ui-1wko8dp&quot;
          role=&quot;tab&quot;
          tabindex=&quot;-1&quot;
        &gt;
          Name A
        &lt;/button&gt;
        &lt;button
          aria-controls=&quot;tab-1&quot;
          aria-selected=&quot;true&quot;
          class=&quot;leafygreen-ui-1y1cha6&quot;
          role=&quot;tab&quot;
          tabindex=&quot;0&quot;
        &gt;
          Name B
        &lt;/button&gt;
        &lt;button
          aria-controls=&quot;tab-2&quot;
          aria-disabled=&quot;true&quot;
          aria-selected=&quot;false&quot;
          class=&quot;leafygreen-ui-k2z8d7&quot;
          role=&quot;tab&quot;
          tabindex=&quot;-1&quot;
        &gt;
          Name C
        &lt;/button&gt;
      &lt;/div&gt;
      &lt;div
        class=&quot;leafygreen-ui-1kosun9&quot;
      &gt;
        &lt;div
          class=&quot;leafygreen-ui-7f53c3&quot;
        /&gt;
      &lt;/div&gt;
      &lt;div
        aria-controls=&quot;tab-1&quot;
        aria-disabled=&quot;false&quot;
        id=&quot;tab-1&quot;
        role=&quot;tabpanel&quot;
      &gt;
        Test Content 2
      &lt;/div&gt;
    &lt;/div&gt;
  &lt;/div&gt;
  &lt;div&gt;
    &lt;div
      data-testid=&quot;tabs-component&quot;
    &gt;
      &lt;div
        class=&quot;leafygreen-ui-m8dvyl&quot;
        role=&quot;tablist&quot;
        tabindex=&quot;0&quot;
      &gt;
        &lt;a
          aria-controls=&quot;tab-0&quot;
          aria-selected=&quot;false&quot;
          class=&quot;leafygreen-ui-1wko8dp&quot;
          role=&quot;tab&quot;
          tabindex=&quot;-1&quot;
        &gt;
          Name A
        &lt;/a&gt;
        &lt;a
          aria-controls=&quot;tab-1&quot;
          aria-selected=&quot;true&quot;
          class=&quot;leafygreen-ui-1y1cha6&quot;
          role=&quot;tab&quot;
          tabindex=&quot;0&quot;
        &gt;
          Name B
        &lt;/a&gt;
        &lt;a
          aria-controls=&quot;tab-2&quot;
          aria-disabled=&quot;true&quot;
          aria-selected=&quot;false&quot;
          class=&quot;leafygreen-ui-k2z8d7&quot;
          role=&quot;tab&quot;
          tabindex=&quot;-1&quot;
        &gt;
          Name C
        &lt;/a&gt;
      &lt;/div&gt;
      &lt;div
        class=&quot;leafygreen-ui-1kosun9&quot;
      &gt;
        &lt;div
          class=&quot;leafygreen-ui-7f53c3&quot;
        /&gt;
      &lt;/div&gt;
      &lt;div
        aria-controls=&quot;tab-1&quot;
        aria-disabled=&quot;false&quot;
        id=&quot;tab-1&quot;
        role=&quot;tabpanel&quot;
      &gt;
        Test Content 2
      &lt;/div&gt;
    &lt;/div&gt;
  &lt;/div&gt;
  &lt;div&gt;
    &lt;div
      data-testid=&quot;tabs-component&quot;
    &gt;
      &lt;div
        class=&quot;leafygreen-ui-m8dvyl&quot;
        role=&quot;tablist&quot;
        tabindex=&quot;0&quot;
      &gt;
        &lt;button
          aria-controls=&quot;tab-0&quot;
          aria-selected=&quot;false&quot;
          class=&quot;leafygreen-ui-1wko8dp&quot;
          role=&quot;tab&quot;
          tabindex=&quot;-1&quot;
        &gt;
          Name A
        &lt;/button&gt;
        &lt;button
          aria-controls=&quot;tab-1&quot;
          aria-selected=&quot;true&quot;
          class=&quot;leafygreen-ui-1y1cha6&quot;
          role=&quot;tab&quot;
          tabindex=&quot;0&quot;
        &gt;
          Name B
        &lt;/button&gt;
        &lt;button
          aria-controls=&quot;tab-2&quot;
          aria-disabled=&quot;true&quot;
          aria-select...
    at getElementError (/Users/brookeyalof/Development/MongoDB/leafygreen-ui/packages/tabs/node_modules/@testing-library/dom/dist/query-helpers.js:46:10)
    at getMultipleElementsFoundError (/Users/brookeyalof/Development/MongoDB/leafygreen-ui/packages/tabs/node_modules/@testing-library/dom/dist/query-helpers.js:50:10)
    at getByText (/Users/brookeyalof/Development/MongoDB/leafygreen-ui/packages/tabs/node_modules/@testing-library/dom/dist/query-helpers.js:86:13)
    at Object.&lt;anonymous&gt; (/Users/brookeyalof/Development/MongoDB/leafygreen-ui/packages/tabs/src/Tabs.spec.tsx:155:33)
    at Object.asyncJestTest (/Users/brookeyalof/Development/MongoDB/leafygreen-ui/node_modules/jest-jasmine2/build/jasmineAsyncInstall.js:100:37)
    at /Users/brookeyalof/Development/MongoDB/leafygreen-ui/node_modules/jest-jasmine2/build/queueRunner.js:47:12
    at new Promise (&lt;anonymous&gt;)
    at mapper (/Users/brookeyalof/Development/MongoDB/leafygreen-ui/node_modules/jest-jasmine2/build/queueRunner.js:30:19)
    at /Users/brookeyalof/Development/MongoDB/leafygreen-ui/node_modules/jest-jasmine2/build/queueRunner.js:77:41</failure>
    </testcase>
    <testcase classname="packages/tabs/tab tab renders as disabled when the prop is set" name="packages/tabs/tab tab renders as disabled when the prop is set" time="0.003">
    </testcase>
  </testsuite>
  <testsuite name="packages/Icon/glyphs/" errors="0" failures="0" skipped="0" timestamp="2020-07-29T17:05:29" time="0.624" tests="69">
    <testcase classname="packages/Icon/glyphs/ exported glyphs match files in glyphs directory" name="packages/Icon/glyphs/ exported glyphs match files in glyphs directory" time="0.01">
    </testcase>
    <testcase classname="packages/Icon/glyphs/ ActivityFeed.svg all fills used in SVG files are &quot;none&quot;, &quot;#000&quot;, or &quot;#000000&quot;" name="packages/Icon/glyphs/ ActivityFeed.svg all fills used in SVG files are &quot;none&quot;, &quot;#000&quot;, or &quot;#000000&quot;" time="0">
    </testcase>
    <testcase classname="packages/Icon/glyphs/ ArrowDown.svg all fills used in SVG files are &quot;none&quot;, &quot;#000&quot;, or &quot;#000000&quot;" name="packages/Icon/glyphs/ ArrowDown.svg all fills used in SVG files are &quot;none&quot;, &quot;#000&quot;, or &quot;#000000&quot;" time="0.001">
    </testcase>
    <testcase classname="packages/Icon/glyphs/ ArrowLeft.svg all fills used in SVG files are &quot;none&quot;, &quot;#000&quot;, or &quot;#000000&quot;" name="packages/Icon/glyphs/ ArrowLeft.svg all fills used in SVG files are &quot;none&quot;, &quot;#000&quot;, or &quot;#000000&quot;" time="0">
    </testcase>
    <testcase classname="packages/Icon/glyphs/ ArrowRight.svg all fills used in SVG files are &quot;none&quot;, &quot;#000&quot;, or &quot;#000000&quot;" name="packages/Icon/glyphs/ ArrowRight.svg all fills used in SVG files are &quot;none&quot;, &quot;#000&quot;, or &quot;#000000&quot;" time="0">
    </testcase>
    <testcase classname="packages/Icon/glyphs/ ArrowUp.svg all fills used in SVG files are &quot;none&quot;, &quot;#000&quot;, or &quot;#000000&quot;" name="packages/Icon/glyphs/ ArrowUp.svg all fills used in SVG files are &quot;none&quot;, &quot;#000&quot;, or &quot;#000000&quot;" time="0.001">
    </testcase>
    <testcase classname="packages/Icon/glyphs/ Bell.svg all fills used in SVG files are &quot;none&quot;, &quot;#000&quot;, or &quot;#000000&quot;" name="packages/Icon/glyphs/ Bell.svg all fills used in SVG files are &quot;none&quot;, &quot;#000&quot;, or &quot;#000000&quot;" time="0">
    </testcase>
    <testcase classname="packages/Icon/glyphs/ Building.svg all fills used in SVG files are &quot;none&quot;, &quot;#000&quot;, or &quot;#000000&quot;" name="packages/Icon/glyphs/ Building.svg all fills used in SVG files are &quot;none&quot;, &quot;#000&quot;, or &quot;#000000&quot;" time="0">
    </testcase>
    <testcase classname="packages/Icon/glyphs/ Bulb.svg all fills used in SVG files are &quot;none&quot;, &quot;#000&quot;, or &quot;#000000&quot;" name="packages/Icon/glyphs/ Bulb.svg all fills used in SVG files are &quot;none&quot;, &quot;#000&quot;, or &quot;#000000&quot;" time="0">
    </testcase>
    <testcase classname="packages/Icon/glyphs/ CaretDown.svg all fills used in SVG files are &quot;none&quot;, &quot;#000&quot;, or &quot;#000000&quot;" name="packages/Icon/glyphs/ CaretDown.svg all fills used in SVG files are &quot;none&quot;, &quot;#000&quot;, or &quot;#000000&quot;" time="0.001">
    </testcase>
    <testcase classname="packages/Icon/glyphs/ CaretLeft.svg all fills used in SVG files are &quot;none&quot;, &quot;#000&quot;, or &quot;#000000&quot;" name="packages/Icon/glyphs/ CaretLeft.svg all fills used in SVG files are &quot;none&quot;, &quot;#000&quot;, or &quot;#000000&quot;" time="0">
    </testcase>
    <testcase classname="packages/Icon/glyphs/ CaretRight.svg all fills used in SVG files are &quot;none&quot;, &quot;#000&quot;, or &quot;#000000&quot;" name="packages/Icon/glyphs/ CaretRight.svg all fills used in SVG files are &quot;none&quot;, &quot;#000&quot;, or &quot;#000000&quot;" time="0">
    </testcase>
    <testcase classname="packages/Icon/glyphs/ CaretUp.svg all fills used in SVG files are &quot;none&quot;, &quot;#000&quot;, or &quot;#000000&quot;" name="packages/Icon/glyphs/ CaretUp.svg all fills used in SVG files are &quot;none&quot;, &quot;#000&quot;, or &quot;#000000&quot;" time="0">
    </testcase>
    <testcase classname="packages/Icon/glyphs/ Charts.svg all fills used in SVG files are &quot;none&quot;, &quot;#000&quot;, or &quot;#000000&quot;" name="packages/Icon/glyphs/ Charts.svg all fills used in SVG files are &quot;none&quot;, &quot;#000&quot;, or &quot;#000000&quot;" time="0">
    </testcase>
    <testcase classname="packages/Icon/glyphs/ Checkmark.svg all fills used in SVG files are &quot;none&quot;, &quot;#000&quot;, or &quot;#000000&quot;" name="packages/Icon/glyphs/ Checkmark.svg all fills used in SVG files are &quot;none&quot;, &quot;#000&quot;, or &quot;#000000&quot;" time="0.001">
    </testcase>
    <testcase classname="packages/Icon/glyphs/ CheckmarkWithCircle.svg all fills used in SVG files are &quot;none&quot;, &quot;#000&quot;, or &quot;#000000&quot;" name="packages/Icon/glyphs/ CheckmarkWithCircle.svg all fills used in SVG files are &quot;none&quot;, &quot;#000&quot;, or &quot;#000000&quot;" time="0">
    </testcase>
    <testcase classname="packages/Icon/glyphs/ ChevronDown.svg all fills used in SVG files are &quot;none&quot;, &quot;#000&quot;, or &quot;#000000&quot;" name="packages/Icon/glyphs/ ChevronDown.svg all fills used in SVG files are &quot;none&quot;, &quot;#000&quot;, or &quot;#000000&quot;" time="0">
    </testcase>
    <testcase classname="packages/Icon/glyphs/ ChevronLeft.svg all fills used in SVG files are &quot;none&quot;, &quot;#000&quot;, or &quot;#000000&quot;" name="packages/Icon/glyphs/ ChevronLeft.svg all fills used in SVG files are &quot;none&quot;, &quot;#000&quot;, or &quot;#000000&quot;" time="0">
    </testcase>
    <testcase classname="packages/Icon/glyphs/ ChevronRight.svg all fills used in SVG files are &quot;none&quot;, &quot;#000&quot;, or &quot;#000000&quot;" name="packages/Icon/glyphs/ ChevronRight.svg all fills used in SVG files are &quot;none&quot;, &quot;#000&quot;, or &quot;#000000&quot;" time="0.001">
    </testcase>
    <testcase classname="packages/Icon/glyphs/ ChevronUp.svg all fills used in SVG files are &quot;none&quot;, &quot;#000&quot;, or &quot;#000000&quot;" name="packages/Icon/glyphs/ ChevronUp.svg all fills used in SVG files are &quot;none&quot;, &quot;#000&quot;, or &quot;#000000&quot;" time="0">
    </testcase>
    <testcase classname="packages/Icon/glyphs/ Cloud.svg all fills used in SVG files are &quot;none&quot;, &quot;#000&quot;, or &quot;#000000&quot;" name="packages/Icon/glyphs/ Cloud.svg all fills used in SVG files are &quot;none&quot;, &quot;#000&quot;, or &quot;#000000&quot;" time="0">
    </testcase>
    <testcase classname="packages/Icon/glyphs/ Copy.svg all fills used in SVG files are &quot;none&quot;, &quot;#000&quot;, or &quot;#000000&quot;" name="packages/Icon/glyphs/ Copy.svg all fills used in SVG files are &quot;none&quot;, &quot;#000&quot;, or &quot;#000000&quot;" time="0.001">
    </testcase>
    <testcase classname="packages/Icon/glyphs/ CreditCard.svg all fills used in SVG files are &quot;none&quot;, &quot;#000&quot;, or &quot;#000000&quot;" name="packages/Icon/glyphs/ CreditCard.svg all fills used in SVG files are &quot;none&quot;, &quot;#000&quot;, or &quot;#000000&quot;" time="0">
    </testcase>
    <testcase classname="packages/Icon/glyphs/ Edit.svg all fills used in SVG files are &quot;none&quot;, &quot;#000&quot;, or &quot;#000000&quot;" name="packages/Icon/glyphs/ Edit.svg all fills used in SVG files are &quot;none&quot;, &quot;#000&quot;, or &quot;#000000&quot;" time="0">
    </testcase>
    <testcase classname="packages/Icon/glyphs/ Ellipsis.svg all fills used in SVG files are &quot;none&quot;, &quot;#000&quot;, or &quot;#000000&quot;" name="packages/Icon/glyphs/ Ellipsis.svg all fills used in SVG files are &quot;none&quot;, &quot;#000&quot;, or &quot;#000000&quot;" time="0">
    </testcase>
    <testcase classname="packages/Icon/glyphs/ Folder.svg all fills used in SVG files are &quot;none&quot;, &quot;#000&quot;, or &quot;#000000&quot;" name="packages/Icon/glyphs/ Folder.svg all fills used in SVG files are &quot;none&quot;, &quot;#000&quot;, or &quot;#000000&quot;" time="0">
    </testcase>
    <testcase classname="packages/Icon/glyphs/ GovernmentBuilding.svg all fills used in SVG files are &quot;none&quot;, &quot;#000&quot;, or &quot;#000000&quot;" name="packages/Icon/glyphs/ GovernmentBuilding.svg all fills used in SVG files are &quot;none&quot;, &quot;#000&quot;, or &quot;#000000&quot;" time="0">
    </testcase>
    <testcase classname="packages/Icon/glyphs/ ImportantWithCircle.svg all fills used in SVG files are &quot;none&quot;, &quot;#000&quot;, or &quot;#000000&quot;" name="packages/Icon/glyphs/ ImportantWithCircle.svg all fills used in SVG files are &quot;none&quot;, &quot;#000&quot;, or &quot;#000000&quot;" time="0">
    </testcase>
    <testcase classname="packages/Icon/glyphs/ InfoWithCircle.svg all fills used in SVG files are &quot;none&quot;, &quot;#000&quot;, or &quot;#000000&quot;" name="packages/Icon/glyphs/ InfoWithCircle.svg all fills used in SVG files are &quot;none&quot;, &quot;#000&quot;, or &quot;#000000&quot;" time="0">
    </testcase>
    <testcase classname="packages/Icon/glyphs/ InviteUser.svg all fills used in SVG files are &quot;none&quot;, &quot;#000&quot;, or &quot;#000000&quot;" name="packages/Icon/glyphs/ InviteUser.svg all fills used in SVG files are &quot;none&quot;, &quot;#000&quot;, or &quot;#000000&quot;" time="0.001">
    </testcase>
    <testcase classname="packages/Icon/glyphs/ Laptop.svg all fills used in SVG files are &quot;none&quot;, &quot;#000&quot;, or &quot;#000000&quot;" name="packages/Icon/glyphs/ Laptop.svg all fills used in SVG files are &quot;none&quot;, &quot;#000&quot;, or &quot;#000000&quot;" time="0">
    </testcase>
    <testcase classname="packages/Icon/glyphs/ Lock.svg all fills used in SVG files are &quot;none&quot;, &quot;#000&quot;, or &quot;#000000&quot;" name="packages/Icon/glyphs/ Lock.svg all fills used in SVG files are &quot;none&quot;, &quot;#000&quot;, or &quot;#000000&quot;" time="0">
    </testcase>
    <testcase classname="packages/Icon/glyphs/ MagnifyingGlass.svg all fills used in SVG files are &quot;none&quot;, &quot;#000&quot;, or &quot;#000000&quot;" name="packages/Icon/glyphs/ MagnifyingGlass.svg all fills used in SVG files are &quot;none&quot;, &quot;#000&quot;, or &quot;#000000&quot;" time="0">
    </testcase>
    <testcase classname="packages/Icon/glyphs/ Megaphone.svg all fills used in SVG files are &quot;none&quot;, &quot;#000&quot;, or &quot;#000000&quot;" name="packages/Icon/glyphs/ Megaphone.svg all fills used in SVG files are &quot;none&quot;, &quot;#000&quot;, or &quot;#000000&quot;" time="0">
    </testcase>
    <testcase classname="packages/Icon/glyphs/ Menu.svg all fills used in SVG files are &quot;none&quot;, &quot;#000&quot;, or &quot;#000000&quot;" name="packages/Icon/glyphs/ Menu.svg all fills used in SVG files are &quot;none&quot;, &quot;#000&quot;, or &quot;#000000&quot;" time="0">
    </testcase>
    <testcase classname="packages/Icon/glyphs/ NotAllowed.svg all fills used in SVG files are &quot;none&quot;, &quot;#000&quot;, or &quot;#000000&quot;" name="packages/Icon/glyphs/ NotAllowed.svg all fills used in SVG files are &quot;none&quot;, &quot;#000&quot;, or &quot;#000000&quot;" time="0">
    </testcase>
    <testcase classname="packages/Icon/glyphs/ OpenNewTab.svg all fills used in SVG files are &quot;none&quot;, &quot;#000&quot;, or &quot;#000000&quot;" name="packages/Icon/glyphs/ OpenNewTab.svg all fills used in SVG files are &quot;none&quot;, &quot;#000&quot;, or &quot;#000000&quot;" time="0">
    </testcase>
    <testcase classname="packages/Icon/glyphs/ Person.svg all fills used in SVG files are &quot;none&quot;, &quot;#000&quot;, or &quot;#000000&quot;" name="packages/Icon/glyphs/ Person.svg all fills used in SVG files are &quot;none&quot;, &quot;#000&quot;, or &quot;#000000&quot;" time="0">
    </testcase>
    <testcase classname="packages/Icon/glyphs/ PersonWithLock.svg all fills used in SVG files are &quot;none&quot;, &quot;#000&quot;, or &quot;#000000&quot;" name="packages/Icon/glyphs/ PersonWithLock.svg all fills used in SVG files are &quot;none&quot;, &quot;#000&quot;, or &quot;#000000&quot;" time="0.001">
    </testcase>
    <testcase classname="packages/Icon/glyphs/ Plus.svg all fills used in SVG files are &quot;none&quot;, &quot;#000&quot;, or &quot;#000000&quot;" name="packages/Icon/glyphs/ Plus.svg all fills used in SVG files are &quot;none&quot;, &quot;#000&quot;, or &quot;#000000&quot;" time="0">
    </testcase>
    <testcase classname="packages/Icon/glyphs/ PlusWithCircle.svg all fills used in SVG files are &quot;none&quot;, &quot;#000&quot;, or &quot;#000000&quot;" name="packages/Icon/glyphs/ PlusWithCircle.svg all fills used in SVG files are &quot;none&quot;, &quot;#000&quot;, or &quot;#000000&quot;" time="0">
    </testcase>
    <testcase classname="packages/Icon/glyphs/ QuestionMarkWithCircle.svg all fills used in SVG files are &quot;none&quot;, &quot;#000&quot;, or &quot;#000000&quot;" name="packages/Icon/glyphs/ QuestionMarkWithCircle.svg all fills used in SVG files are &quot;none&quot;, &quot;#000&quot;, or &quot;#000000&quot;" time="0">
    </testcase>
    <testcase classname="packages/Icon/glyphs/ Refresh.svg all fills used in SVG files are &quot;none&quot;, &quot;#000&quot;, or &quot;#000000&quot;" name="packages/Icon/glyphs/ Refresh.svg all fills used in SVG files are &quot;none&quot;, &quot;#000&quot;, or &quot;#000000&quot;" time="0">
    </testcase>
    <testcase classname="packages/Icon/glyphs/ Save.svg all fills used in SVG files are &quot;none&quot;, &quot;#000&quot;, or &quot;#000000&quot;" name="packages/Icon/glyphs/ Save.svg all fills used in SVG files are &quot;none&quot;, &quot;#000&quot;, or &quot;#000000&quot;" time="0.001">
    </testcase>
    <testcase classname="packages/Icon/glyphs/ Settings.svg all fills used in SVG files are &quot;none&quot;, &quot;#000&quot;, or &quot;#000000&quot;" name="packages/Icon/glyphs/ Settings.svg all fills used in SVG files are &quot;none&quot;, &quot;#000&quot;, or &quot;#000000&quot;" time="0">
    </testcase>
    <testcase classname="packages/Icon/glyphs/ SortAscending.svg all fills used in SVG files are &quot;none&quot;, &quot;#000&quot;, or &quot;#000000&quot;" name="packages/Icon/glyphs/ SortAscending.svg all fills used in SVG files are &quot;none&quot;, &quot;#000&quot;, or &quot;#000000&quot;" time="0">
    </testcase>
    <testcase classname="packages/Icon/glyphs/ SortDescending.svg all fills used in SVG files are &quot;none&quot;, &quot;#000&quot;, or &quot;#000000&quot;" name="packages/Icon/glyphs/ SortDescending.svg all fills used in SVG files are &quot;none&quot;, &quot;#000&quot;, or &quot;#000000&quot;" time="0">
    </testcase>
    <testcase classname="packages/Icon/glyphs/ Stitch.svg all fills used in SVG files are &quot;none&quot;, &quot;#000&quot;, or &quot;#000000&quot;" name="packages/Icon/glyphs/ Stitch.svg all fills used in SVG files are &quot;none&quot;, &quot;#000&quot;, or &quot;#000000&quot;" time="0">
    </testcase>
    <testcase classname="packages/Icon/glyphs/ Support.svg all fills used in SVG files are &quot;none&quot;, &quot;#000&quot;, or &quot;#000000&quot;" name="packages/Icon/glyphs/ Support.svg all fills used in SVG files are &quot;none&quot;, &quot;#000&quot;, or &quot;#000000&quot;" time="0.001">
    </testcase>
    <testcase classname="packages/Icon/glyphs/ Trash.svg all fills used in SVG files are &quot;none&quot;, &quot;#000&quot;, or &quot;#000000&quot;" name="packages/Icon/glyphs/ Trash.svg all fills used in SVG files are &quot;none&quot;, &quot;#000&quot;, or &quot;#000000&quot;" time="0">
    </testcase>
    <testcase classname="packages/Icon/glyphs/ University.svg all fills used in SVG files are &quot;none&quot;, &quot;#000&quot;, or &quot;#000000&quot;" name="packages/Icon/glyphs/ University.svg all fills used in SVG files are &quot;none&quot;, &quot;#000&quot;, or &quot;#000000&quot;" time="0">
    </testcase>
    <testcase classname="packages/Icon/glyphs/ Unsorted.svg all fills used in SVG files are &quot;none&quot;, &quot;#000&quot;, or &quot;#000000&quot;" name="packages/Icon/glyphs/ Unsorted.svg all fills used in SVG files are &quot;none&quot;, &quot;#000&quot;, or &quot;#000000&quot;" time="0">
    </testcase>
    <testcase classname="packages/Icon/glyphs/ UpDownCarets.svg all fills used in SVG files are &quot;none&quot;, &quot;#000&quot;, or &quot;#000000&quot;" name="packages/Icon/glyphs/ UpDownCarets.svg all fills used in SVG files are &quot;none&quot;, &quot;#000&quot;, or &quot;#000000&quot;" time="0.001">
    </testcase>
    <testcase classname="packages/Icon/glyphs/ VerticalEllipsis.svg all fills used in SVG files are &quot;none&quot;, &quot;#000&quot;, or &quot;#000000&quot;" name="packages/Icon/glyphs/ VerticalEllipsis.svg all fills used in SVG files are &quot;none&quot;, &quot;#000&quot;, or &quot;#000000&quot;" time="0">
    </testcase>
    <testcase classname="packages/Icon/glyphs/ Warning.svg all fills used in SVG files are &quot;none&quot;, &quot;#000&quot;, or &quot;#000000&quot;" name="packages/Icon/glyphs/ Warning.svg all fills used in SVG files are &quot;none&quot;, &quot;#000&quot;, or &quot;#000000&quot;" time="0">
    </testcase>
    <testcase classname="packages/Icon/glyphs/ X.svg all fills used in SVG files are &quot;none&quot;, &quot;#000&quot;, or &quot;#000000&quot;" name="packages/Icon/glyphs/ X.svg all fills used in SVG files are &quot;none&quot;, &quot;#000&quot;, or &quot;#000000&quot;" time="0">
    </testcase>
    <testcase classname="packages/Icon/glyphs/ XWithCircle.svg all fills used in SVG files are &quot;none&quot;, &quot;#000&quot;, or &quot;#000000&quot;" name="packages/Icon/glyphs/ XWithCircle.svg all fills used in SVG files are &quot;none&quot;, &quot;#000&quot;, or &quot;#000000&quot;" time="0.001">
    </testcase>
    <testcase classname="packages/Icon/createGlyphComponent createGlyphComponent() createGlyphComponent returns a function" name="packages/Icon/createGlyphComponent createGlyphComponent() createGlyphComponent returns a function" time="0">
    </testcase>
    <testcase classname="packages/Icon/createGlyphComponent createGlyphComponent() The function returned by createGlyphComponent has the displayName: &quot;MyGlyph&quot;" name="packages/Icon/createGlyphComponent createGlyphComponent() The function returned by createGlyphComponent has the displayName: &quot;MyGlyph&quot;" time="0">
    </testcase>
    <testcase classname="packages/Icon/createGlyphComponent createGlyphComponent() The function returned by createGlyphComponent renders the glyph specified" name="packages/Icon/createGlyphComponent createGlyphComponent() The function returned by createGlyphComponent renders the glyph specified" time="0">
    </testcase>
    <testcase classname="packages/Icon/createGlyphComponent getGlyphTitle() When the title is &quot;false&quot;, getGlyphTitle returns &quot;undefined&quot;" name="packages/Icon/createGlyphComponent getGlyphTitle() When the title is &quot;false&quot;, getGlyphTitle returns &quot;undefined&quot;" time="0.001">
    </testcase>
    <testcase classname="packages/Icon/createGlyphComponent getGlyphTitle() When the title is &quot;undefined&quot;, getGlyphTitle returns &quot;My Custom Glyph Icon&quot;" name="packages/Icon/createGlyphComponent getGlyphTitle() When the title is &quot;undefined&quot;, getGlyphTitle returns &quot;My Custom Glyph Icon&quot;" time="0">
    </testcase>
    <testcase classname="packages/Icon/createGlyphComponent getGlyphTitle() When the title is &quot;null&quot;, getGlyphTitle returns &quot;My Custom Glyph Icon&quot;" name="packages/Icon/createGlyphComponent getGlyphTitle() When the title is &quot;null&quot;, getGlyphTitle returns &quot;My Custom Glyph Icon&quot;" time="0">
    </testcase>
    <testcase classname="packages/Icon/createGlyphComponent getGlyphTitle() When the title is &quot;true&quot;, getGlyphTitle returns &quot;My Custom Glyph Icon&quot;" name="packages/Icon/createGlyphComponent getGlyphTitle() When the title is &quot;true&quot;, getGlyphTitle returns &quot;My Custom Glyph Icon&quot;" time="0">
    </testcase>
    <testcase classname="packages/Icon/createGlyphComponent getGlyphTitle() When the title is the string &quot;This is a test&quot;, getGlyphTitle returns &quot;This is a test&quot;" name="packages/Icon/createGlyphComponent getGlyphTitle() When the title is the string &quot;This is a test&quot;, getGlyphTitle returns &quot;This is a test&quot;" time="0">
    </testcase>
    <testcase classname="packages/Icon/createIconComponent createIconComponent returns a function" name="packages/Icon/createIconComponent createIconComponent returns a function" time="0">
    </testcase>
    <testcase classname="packages/Icon/createIconComponent The function returned by createIconComponent has the displayName: &quot;Icon&quot;" name="packages/Icon/createIconComponent The function returned by createIconComponent has the displayName: &quot;Icon&quot;" time="0.002">
    </testcase>
    <testcase classname="packages/Icon/createIconComponent The function returned by createIconComponent renders the glyph specified" name="packages/Icon/createIconComponent The function returned by createIconComponent renders the glyph specified" time="0">
    </testcase>
    <testcase classname="Generated glyphs Edit icon has displayName: &quot;Edit&quot;" name="Generated glyphs Edit icon has displayName: &quot;Edit&quot;" time="0">
    </testcase>
  </testsuite>
  <testsuite name="packages/menu" errors="0" failures="11" skipped="0" timestamp="2020-07-29T17:05:30" time="0.831" tests="14">
    <testcase classname="packages/menu menu appears on DOM when the &quot;open&quot; prop is set" name="packages/menu menu appears on DOM when the &quot;open&quot; prop is set" time="0.038">
    </testcase>
    <testcase classname="packages/menu renders children to the DOM" name="packages/menu renders children to the DOM" time="0.015">
      <failure>Error: Found multiple elements with the text: Item A

(If this is intentional, then use the `*AllBy*` variant of the query (like `queryAllByText`, `getAllByText`, or `findAllByText`)).

&lt;body&gt;
  &lt;div&gt;
    &lt;div
      class=&quot;leafygreen-ui-wn831c&quot;
    /&gt;
  &lt;/div&gt;
  &lt;div&gt;
    &lt;div
      class=&quot;leafygreen-ui-ibhbh4&quot;
    &gt;
      &lt;ul
        class=&quot;leafygreen-ui-1w650fb&quot;
        data-testid=&quot;menu-test-id&quot;
        role=&quot;menu&quot;
      &gt;
        &lt;li&gt;
          &lt;button
            aria-disabled=&quot;false&quot;
            class=&quot;leafygreen-ui-k3twfd&quot;
            data-leafygreen-ui=&quot;menu-item-container&quot;
            role=&quot;menuitem&quot;
          &gt;
            &lt;div
              class=&quot;leafygreen-ui-1700k5z&quot;
            &gt;
              &lt;div
                class=&quot;leafygreen-ui-wbp5c2&quot;
              &gt;
                Item A
              &lt;/div&gt;
            &lt;/div&gt;
          &lt;/button&gt;
        &lt;/li&gt;
        &lt;li
          class=&quot;leafygreen-ui-1xz620q&quot;
          role=&quot;separator&quot;
        /&gt;
        &lt;li&gt;
          &lt;a
            aria-disabled=&quot;false&quot;
            class=&quot;leafygreen-ui-k3twfd&quot;
            data-leafygreen-ui=&quot;menu-item-container&quot;
            href=&quot;http://mongodb.design&quot;
            rel=&quot;&quot;
            role=&quot;menuitem&quot;
            target=&quot;_self&quot;
          &gt;
            &lt;div
              class=&quot;leafygreen-ui-1700k5z&quot;
            &gt;
              &lt;div
                class=&quot;leafygreen-ui-wbp5c2&quot;
              &gt;
                Item B
              &lt;/div&gt;
            &lt;/div&gt;
          &lt;/a&gt;
        &lt;/li&gt;
      &lt;/ul&gt;
    &lt;/div&gt;
  &lt;/div&gt;
  &lt;div&gt;
    &lt;div
      class=&quot;leafygreen-ui-wn831c&quot;
    /&gt;
  &lt;/div&gt;
  &lt;div&gt;
    &lt;div
      class=&quot;leafygreen-ui-ibhbh4&quot;
    &gt;
      &lt;ul
        class=&quot;leafygreen-ui-1w650fb&quot;
        data-testid=&quot;menu-test-id&quot;
        role=&quot;menu&quot;
      &gt;
        &lt;li&gt;
          &lt;button
            aria-disabled=&quot;false&quot;
            class=&quot;leafygreen-ui-k3twfd&quot;
            data-leafygreen-ui=&quot;menu-item-container&quot;
            role=&quot;menuitem&quot;
          &gt;
            &lt;div
              class=&quot;leafygreen-ui-1700k5z&quot;
            &gt;
              &lt;div
                class=&quot;leafygreen-ui-wbp5c2&quot;
              &gt;
                Item A
              &lt;/div&gt;
            &lt;/div&gt;
          &lt;/button&gt;
        &lt;/li&gt;
        &lt;li
          class=&quot;leafygreen-ui-1xz620q&quot;
          role=&quot;separator&quot;
        /&gt;
        &lt;li&gt;
          &lt;a
            aria-disabled=&quot;false&quot;
            class=&quot;leafygreen-ui-k3twfd&quot;
            data-leafygreen-ui=&quot;menu-item-container&quot;
            href=&quot;http://mongodb.design&quot;
            rel=&quot;&quot;
            role=&quot;menuitem&quot;
            target=&quot;_self&quot;
          &gt;
            &lt;div
              class=&quot;leafygreen-ui-1700k5z&quot;
            &gt;
              &lt;div
                class=&quot;leafygreen-ui-wbp5c2&quot;
              &gt;
                Item B
              &lt;/div&gt;
            &lt;/div&gt;
          &lt;/a&gt;
        &lt;/li&gt;
      &lt;/ul&gt;
    &lt;/div&gt;
  &lt;/div&gt;
&lt;/body&gt;
    at getElementError (/Users/brookeyalof/Development/MongoDB/leafygreen-ui/packages/menu/node_modules/@testing-library/dom/dist/query-helpers.js:46:10)
    at getMultipleElementsFoundError (/Users/brookeyalof/Development/MongoDB/leafygreen-ui/packages/menu/node_modules/@testing-library/dom/dist/query-helpers.js:50:10)
    at getByText (/Users/brookeyalof/Development/MongoDB/leafygreen-ui/packages/menu/node_modules/@testing-library/dom/dist/query-helpers.js:86:13)
    at Object.&lt;anonymous&gt; (/Users/brookeyalof/Development/MongoDB/leafygreen-ui/packages/menu/src/Menu.spec.tsx:54:22)
    at Object.asyncJestTest (/Users/brookeyalof/Development/MongoDB/leafygreen-ui/node_modules/jest-jasmine2/build/jasmineAsyncInstall.js:100:37)
    at /Users/brookeyalof/Development/MongoDB/leafygreen-ui/node_modules/jest-jasmine2/build/queueRunner.js:47:12
    at new Promise (&lt;anonymous&gt;)
    at mapper (/Users/brookeyalof/Development/MongoDB/leafygreen-ui/node_modules/jest-jasmine2/build/queueRunner.js:30:19)
    at /Users/brookeyalof/Development/MongoDB/leafygreen-ui/node_modules/jest-jasmine2/build/queueRunner.js:77:41</failure>
    </testcase>
    <testcase classname="packages/menu when uncontrolled and &quot;setOpen&quot; is provided, but &quot;open&quot; prop is not set" name="packages/menu when uncontrolled and &quot;setOpen&quot; is provided, but &quot;open&quot; prop is not set" time="0.02">
      <failure>Error: Found multiple elements with the text: Item B

(If this is intentional, then use the `*AllBy*` variant of the query (like `queryAllByText`, `getAllByText`, or `findAllByText`)).

&lt;body&gt;
  &lt;div&gt;
    &lt;div
      class=&quot;leafygreen-ui-wn831c&quot;
    /&gt;
  &lt;/div&gt;
  &lt;div&gt;
    &lt;div
      class=&quot;leafygreen-ui-ibhbh4&quot;
    &gt;
      &lt;ul
        class=&quot;leafygreen-ui-1w650fb&quot;
        data-testid=&quot;menu-test-id&quot;
        role=&quot;menu&quot;
      &gt;
        &lt;li&gt;
          &lt;button
            aria-disabled=&quot;false&quot;
            class=&quot;leafygreen-ui-k3twfd&quot;
            data-leafygreen-ui=&quot;menu-item-container&quot;
            role=&quot;menuitem&quot;
          &gt;
            &lt;div
              class=&quot;leafygreen-ui-1700k5z&quot;
            &gt;
              &lt;div
                class=&quot;leafygreen-ui-wbp5c2&quot;
              &gt;
                Item A
              &lt;/div&gt;
            &lt;/div&gt;
          &lt;/button&gt;
        &lt;/li&gt;
        &lt;li
          class=&quot;leafygreen-ui-1xz620q&quot;
          role=&quot;separator&quot;
        /&gt;
        &lt;li&gt;
          &lt;a
            aria-disabled=&quot;false&quot;
            class=&quot;leafygreen-ui-k3twfd&quot;
            data-leafygreen-ui=&quot;menu-item-container&quot;
            href=&quot;http://mongodb.design&quot;
            rel=&quot;&quot;
            role=&quot;menuitem&quot;
            target=&quot;_self&quot;
          &gt;
            &lt;div
              class=&quot;leafygreen-ui-1700k5z&quot;
            &gt;
              &lt;div
                class=&quot;leafygreen-ui-wbp5c2&quot;
              &gt;
                Item B
              &lt;/div&gt;
            &lt;/div&gt;
          &lt;/a&gt;
        &lt;/li&gt;
      &lt;/ul&gt;
    &lt;/div&gt;
  &lt;/div&gt;
  &lt;div&gt;
    &lt;div
      class=&quot;leafygreen-ui-wn831c&quot;
    /&gt;
  &lt;/div&gt;
  &lt;div&gt;
    &lt;div
      class=&quot;leafygreen-ui-ibhbh4&quot;
    &gt;
      &lt;ul
        class=&quot;leafygreen-ui-1w650fb&quot;
        data-testid=&quot;menu-test-id&quot;
        role=&quot;menu&quot;
      &gt;
        &lt;li&gt;
          &lt;button
            aria-disabled=&quot;false&quot;
            class=&quot;leafygreen-ui-k3twfd&quot;
            data-leafygreen-ui=&quot;menu-item-container&quot;
            role=&quot;menuitem&quot;
          &gt;
            &lt;div
              class=&quot;leafygreen-ui-1700k5z&quot;
            &gt;
              &lt;div
                class=&quot;leafygreen-ui-wbp5c2&quot;
              &gt;
                Item A
              &lt;/div&gt;
            &lt;/div&gt;
          &lt;/button&gt;
        &lt;/li&gt;
        &lt;li
          class=&quot;leafygreen-ui-1xz620q&quot;
          role=&quot;separator&quot;
        /&gt;
        &lt;li&gt;
          &lt;a
            aria-disabled=&quot;false&quot;
            class=&quot;leafygreen-ui-k3twfd&quot;
            data-leafygreen-ui=&quot;menu-item-container&quot;
            href=&quot;http://mongodb.design&quot;
            rel=&quot;&quot;
            role=&quot;menuitem&quot;
            target=&quot;_self&quot;
          &gt;
            &lt;div
              class=&quot;leafygreen-ui-1700k5z&quot;
            &gt;
              &lt;div
                class=&quot;leafygreen-ui-wbp5c2&quot;
              &gt;
                Item B
              &lt;/div&gt;
            &lt;/div&gt;
          &lt;/a&gt;
        &lt;/li&gt;
      &lt;/ul&gt;
    &lt;/div&gt;
  &lt;/div&gt;
  &lt;div&gt;
    &lt;button&gt;
      trigger
      &lt;div
        class=&quot;leafygreen-ui-wn831c&quot;
      /&gt;
    &lt;/button&gt;
  &lt;/div&gt;
  &lt;div&gt;
    &lt;div
      class=&quot;leafygreen-ui-1ad9864&quot;
    &gt;
      &lt;ul
        class=&quot;leafygreen-ui-1w650fb&quot;
        data-testid=&quot;menu-test-id&quot;
        role=&quot;menu&quot;
      &gt;
        &lt;li&gt;
          &lt;button
            aria-disabled=&quot;false&quot;
            class=&quot;leafygreen-ui-k3twfd&quot;
            data-leafygreen-ui=&quot;menu-item-container&quot;
            role=&quot;menuitem&quot;
          &gt;
            &lt;div
              class=&quot;leafygreen-ui-1700k5z&quot;
            &gt;
              &lt;div
                class=&quot;leafygreen-ui-wbp5c2&quot;
              &gt;
                Item A
              &lt;/div&gt;
            &lt;/div&gt;
          &lt;/button&gt;
        &lt;/li&gt;
        &lt;li
          class=&quot;leafygreen-ui-1xz620q&quot;
          role=&quot;separator&quot;
        /&gt;
        &lt;li&gt;
          &lt;a
            aria-disabled=&quot;false&quot;
            class=&quot;leafygreen-ui-k3twfd&quot;
            data-leafygreen-ui=&quot;menu-item-container&quot;
            href=&quot;http://mongodb.design&quot;
            rel=&quot;&quot;
            role=&quot;menuitem&quot;
            target=&quot;_self&quot;
          &gt;
            &lt;div
              class=&quot;leafygreen-ui-1700k5z&quot;
            &gt;
              &lt;div
                class=&quot;leafygreen-ui-wbp5c2&quot;
              &gt;
                Item B
              &lt;/div&gt;
            &lt;/div&gt;
          &lt;/a&gt;
        &lt;/li&gt;
      &lt;/ul&gt;
    &lt;/div&gt;
  &lt;/div&gt;
&lt;/body&gt;
    at getElementError (/Users/brookeyalof/Development/MongoDB/leafygreen-ui/packages/menu/node_modules/@testing-library/dom/dist/query-helpers.js:46:10)
    at getMultipleElementsFoundError (/Users/brookeyalof/Development/MongoDB/leafygreen-ui/packages/menu/node_modules/@testing-library/dom/dist/query-helpers.js:50:10)
    at getByText (/Users/brookeyalof/Development/MongoDB/leafygreen-ui/packages/menu/node_modules/@testing-library/dom/dist/query-helpers.js:86:13)
    at _callee$ (/Users/brookeyalof/Development/MongoDB/leafygreen-ui/packages/menu/src/Menu.spec.tsx:71:24)
    at tryCatch (/Users/brookeyalof/Development/MongoDB/leafygreen-ui/node_modules/regenerator-runtime/runtime.js:45:40)
    at Generator.invoke [as _invoke] (/Users/brookeyalof/Development/MongoDB/leafygreen-ui/node_modules/regenerator-runtime/runtime.js:274:22)
    at Generator.prototype.&lt;computed&gt; [as next] (/Users/brookeyalof/Development/MongoDB/leafygreen-ui/node_modules/regenerator-runtime/runtime.js:97:21)
    at asyncGeneratorStep (/Users/brookeyalof/Development/MongoDB/leafygreen-ui/packages/menu/src/Menu.spec.tsx:11:103)
    at _next (/Users/brookeyalof/Development/MongoDB/leafygreen-ui/packages/menu/src/Menu.spec.tsx:13:194)
    at /Users/brookeyalof/Development/MongoDB/leafygreen-ui/packages/menu/src/Menu.spec.tsx:13:364
    at new Promise (&lt;anonymous&gt;)
    at Object.&lt;anonymous&gt; (/Users/brookeyalof/Development/MongoDB/leafygreen-ui/packages/menu/src/Menu.spec.tsx:13:97)
    at Object.asyncJestTest (/Users/brookeyalof/Development/MongoDB/leafygreen-ui/node_modules/jest-jasmine2/build/jasmineAsyncInstall.js:100:37)
    at /Users/brookeyalof/Development/MongoDB/leafygreen-ui/node_modules/jest-jasmine2/build/queueRunner.js:47:12
    at new Promise (&lt;anonymous&gt;)
    at mapper (/Users/brookeyalof/Development/MongoDB/leafygreen-ui/node_modules/jest-jasmine2/build/queueRunner.js:30:19)
    at /Users/brookeyalof/Development/MongoDB/leafygreen-ui/node_modules/jest-jasmine2/build/queueRunner.js:77:41</failure>
    </testcase>
    <testcase classname="packages/menu/menu-item fires onClick callback when clicked" name="packages/menu/menu-item fires onClick callback when clicked" time="0.006">
    </testcase>
    <testcase classname="packages/menu/menu-item renders &quot;menu-item-class-name&quot; in the MenuItem container&apos;s classList" name="packages/menu/menu-item renders &quot;menu-item-class-name&quot; in the MenuItem container&apos;s classList" time="0.004">
      <failure>Error: Found multiple elements by: [data-testid=&quot;menu-item-test-id&quot;]

(If this is intentional, then use the `*AllBy*` variant of the query (like `queryAllByText`, `getAllByText`, or `findAllByText`)).

&lt;body&gt;
  &lt;div&gt;
    &lt;div
      class=&quot;leafygreen-ui-wn831c&quot;
    /&gt;
  &lt;/div&gt;
  &lt;div&gt;
    &lt;div
      class=&quot;leafygreen-ui-ibhbh4&quot;
    &gt;
      &lt;ul
        class=&quot;leafygreen-ui-1w650fb&quot;
        data-testid=&quot;menu-test-id&quot;
        role=&quot;menu&quot;
      &gt;
        &lt;li&gt;
          &lt;button
            aria-disabled=&quot;false&quot;
            class=&quot;leafygreen-ui-k3twfd&quot;
            data-leafygreen-ui=&quot;menu-item-container&quot;
            role=&quot;menuitem&quot;
          &gt;
            &lt;div
              class=&quot;leafygreen-ui-1700k5z&quot;
            &gt;
              &lt;div
                class=&quot;leafygreen-ui-wbp5c2&quot;
              &gt;
                Item A
              &lt;/div&gt;
            &lt;/div&gt;
          &lt;/button&gt;
        &lt;/li&gt;
        &lt;li
          class=&quot;leafygreen-ui-1xz620q&quot;
          role=&quot;separator&quot;
        /&gt;
        &lt;li&gt;
          &lt;a
            aria-disabled=&quot;false&quot;
            class=&quot;leafygreen-ui-k3twfd&quot;
            data-leafygreen-ui=&quot;menu-item-container&quot;
            href=&quot;http://mongodb.design&quot;
            rel=&quot;&quot;
            role=&quot;menuitem&quot;
            target=&quot;_self&quot;
          &gt;
            &lt;div
              class=&quot;leafygreen-ui-1700k5z&quot;
            &gt;
              &lt;div
                class=&quot;leafygreen-ui-wbp5c2&quot;
              &gt;
                Item B
              &lt;/div&gt;
            &lt;/div&gt;
          &lt;/a&gt;
        &lt;/li&gt;
      &lt;/ul&gt;
    &lt;/div&gt;
  &lt;/div&gt;
  &lt;div&gt;
    &lt;div
      class=&quot;leafygreen-ui-wn831c&quot;
    /&gt;
  &lt;/div&gt;
  &lt;div&gt;
    &lt;div
      class=&quot;leafygreen-ui-ibhbh4&quot;
    &gt;
      &lt;ul
        class=&quot;leafygreen-ui-1w650fb&quot;
        data-testid=&quot;menu-test-id&quot;
        role=&quot;menu&quot;
      &gt;
        &lt;li&gt;
          &lt;button
            aria-disabled=&quot;false&quot;
            class=&quot;leafygreen-ui-k3twfd&quot;
            data-leafygreen-ui=&quot;menu-item-container&quot;
            role=&quot;menuitem&quot;
          &gt;
            &lt;div
              class=&quot;leafygreen-ui-1700k5z&quot;
            &gt;
              &lt;div
                class=&quot;leafygreen-ui-wbp5c2&quot;
              &gt;
                Item A
              &lt;/div&gt;
            &lt;/div&gt;
          &lt;/button&gt;
        &lt;/li&gt;
        &lt;li
          class=&quot;leafygreen-ui-1xz620q&quot;
          role=&quot;separator&quot;
        /&gt;
        &lt;li&gt;
          &lt;a
            aria-disabled=&quot;false&quot;
            class=&quot;leafygreen-ui-k3twfd&quot;
            data-leafygreen-ui=&quot;menu-item-container&quot;
            href=&quot;http://mongodb.design&quot;
            rel=&quot;&quot;
            role=&quot;menuitem&quot;
            target=&quot;_self&quot;
          &gt;
            &lt;div
              class=&quot;leafygreen-ui-1700k5z&quot;
            &gt;
              &lt;div
                class=&quot;leafygreen-ui-wbp5c2&quot;
              &gt;
                Item B
              &lt;/div&gt;
            &lt;/div&gt;
          &lt;/a&gt;
        &lt;/li&gt;
      &lt;/ul&gt;
    &lt;/div&gt;
  &lt;/div&gt;
  &lt;div&gt;
    &lt;button&gt;
      trigger
      &lt;div
        class=&quot;leafygreen-ui-wn831c&quot;
      /&gt;
    &lt;/button&gt;
  &lt;/div&gt;
  &lt;div&gt;
    &lt;div
      class=&quot;leafygreen-ui-1ad9864&quot;
    &gt;
      &lt;ul
        class=&quot;leafygreen-ui-1w650fb&quot;
        data-testid=&quot;menu-test-id&quot;
        role=&quot;menu&quot;
      &gt;
        &lt;li&gt;
          &lt;button
            aria-disabled=&quot;false&quot;
            class=&quot;leafygreen-ui-k3twfd&quot;
            data-leafygreen-ui=&quot;menu-item-container&quot;
            role=&quot;menuitem&quot;
          &gt;
            &lt;div
              class=&quot;leafygreen-ui-1700k5z&quot;
            &gt;
              &lt;div
                class=&quot;leafygreen-ui-wbp5c2&quot;
              &gt;
                Item A
              &lt;/div&gt;
            &lt;/div&gt;
          &lt;/button&gt;
        &lt;/li&gt;
        &lt;li
          class=&quot;leafygreen-ui-1xz620q&quot;
          role=&quot;separator&quot;
        /&gt;
        &lt;li&gt;
          &lt;a
            aria-disabled=&quot;false&quot;
            class=&quot;leafygreen-ui-k3twfd&quot;
            data-leafygreen-ui=&quot;menu-item-container&quot;
            href=&quot;http://mongodb.design&quot;
            rel=&quot;&quot;
            role=&quot;menuitem&quot;
            target=&quot;_self&quot;
          &gt;
            &lt;div
              class=&quot;leafygreen-ui-1700k5z&quot;
            &gt;
              &lt;div
                class=&quot;leafygreen-ui-wbp5c2&quot;
              &gt;
                Item B
              &lt;/div&gt;
            &lt;/div&gt;
          &lt;/a&gt;
        &lt;/li&gt;
      &lt;/ul&gt;
    &lt;/div&gt;
  &lt;/div&gt;
  &lt;div&gt;
    &lt;li&gt;
      &lt;button
        aria-disabled=&quot;false&quot;
        class=&quot;leafygreen-ui-k3twfd&quot;
        data-leafygreen-ui=&quot;menu-item-container&quot;
        data-testid=&quot;menu-item-test-id&quot;
        role=&quot;menuitem&quot;
      &gt;
        &lt;div
          class=&quot;leafygreen-ui-1700k5z&quot;
        &gt;
          &lt;div
            class=&quot;leafygreen-ui-wbp5c2&quot;
          &gt;
            Item 1
          &lt;/div&gt;
        &lt;/div&gt;
      &lt;/button&gt;
    &lt;/li&gt;
  &lt;/div&gt;
  &lt;div&gt;
    &lt;li&gt;
      &lt;button
        aria-disabled=&quot;false&quot;
        class=&quot;menu-item-class-name leafygreen-ui-k3twfd&quot;
        data-leafygreen-ui=&quot;menu-item-container&quot;
        data-testid=&quot;menu-item-test-id&quot;
        role=&quot;menuitem&quot;
      &gt;
        &lt;div
          class=&quot;leafygreen-ui-1700k5z&quot;
        &gt;
          &lt;div
            class=&quot;leafygreen-ui-wbp5c2&quot;
          &gt;
            Item 1
          &lt;/div&gt;
        &lt;/div&gt;
      &lt;/button&gt;
    &lt;/li&gt;
  &lt;/div&gt;
&lt;/body&gt;
    at getElementError (/Users/brookeyalof/Development/MongoDB/leafygreen-ui/packages/menu/node_modules/@testing-library/dom/dist/query-helpers.js:46:10)
    at getMultipleElementsFoundError (/Users/brookeyalof/Development/MongoDB/leafygreen-ui/packages/menu/node_modules/@testing-library/dom/dist/query-helpers.js:50:10)
    at getByTestId (/Users/brookeyalof/Development/MongoDB/leafygreen-ui/packages/menu/node_modules/@testing-library/dom/dist/query-helpers.js:86:13)
    at renderMenuItem (/Users/brookeyalof/Development/MongoDB/leafygreen-ui/packages/menu/src/Menu.spec.tsx:26:26)
    at Object.&lt;anonymous&gt; (/Users/brookeyalof/Development/MongoDB/leafygreen-ui/packages/menu/src/Menu.spec.tsx:89:26)
    at Object.asyncJestTest (/Users/brookeyalof/Development/MongoDB/leafygreen-ui/node_modules/jest-jasmine2/build/jasmineAsyncInstall.js:100:37)
    at /Users/brookeyalof/Development/MongoDB/leafygreen-ui/node_modules/jest-jasmine2/build/queueRunner.js:47:12
    at new Promise (&lt;anonymous&gt;)
    at mapper (/Users/brookeyalof/Development/MongoDB/leafygreen-ui/node_modules/jest-jasmine2/build/queueRunner.js:30:19)
    at /Users/brookeyalof/Development/MongoDB/leafygreen-ui/node_modules/jest-jasmine2/build/queueRunner.js:77:41</failure>
    </testcase>
    <testcase classname="packages/menu/menu-item renders MenuItem inside button tag by default" name="packages/menu/menu-item renders MenuItem inside button tag by default" time="0.004">
      <failure>Error: Found multiple elements by: [data-testid=&quot;menu-item-test-id&quot;]

(If this is intentional, then use the `*AllBy*` variant of the query (like `queryAllByText`, `getAllByText`, or `findAllByText`)).

&lt;body&gt;
  &lt;div&gt;
    &lt;div
      class=&quot;leafygreen-ui-wn831c&quot;
    /&gt;
  &lt;/div&gt;
  &lt;div&gt;
    &lt;div
      class=&quot;leafygreen-ui-ibhbh4&quot;
    &gt;
      &lt;ul
        class=&quot;leafygreen-ui-1w650fb&quot;
        data-testid=&quot;menu-test-id&quot;
        role=&quot;menu&quot;
      &gt;
        &lt;li&gt;
          &lt;button
            aria-disabled=&quot;false&quot;
            class=&quot;leafygreen-ui-k3twfd&quot;
            data-leafygreen-ui=&quot;menu-item-container&quot;
            role=&quot;menuitem&quot;
          &gt;
            &lt;div
              class=&quot;leafygreen-ui-1700k5z&quot;
            &gt;
              &lt;div
                class=&quot;leafygreen-ui-wbp5c2&quot;
              &gt;
                Item A
              &lt;/div&gt;
            &lt;/div&gt;
          &lt;/button&gt;
        &lt;/li&gt;
        &lt;li
          class=&quot;leafygreen-ui-1xz620q&quot;
          role=&quot;separator&quot;
        /&gt;
        &lt;li&gt;
          &lt;a
            aria-disabled=&quot;false&quot;
            class=&quot;leafygreen-ui-k3twfd&quot;
            data-leafygreen-ui=&quot;menu-item-container&quot;
            href=&quot;http://mongodb.design&quot;
            rel=&quot;&quot;
            role=&quot;menuitem&quot;
            target=&quot;_self&quot;
          &gt;
            &lt;div
              class=&quot;leafygreen-ui-1700k5z&quot;
            &gt;
              &lt;div
                class=&quot;leafygreen-ui-wbp5c2&quot;
              &gt;
                Item B
              &lt;/div&gt;
            &lt;/div&gt;
          &lt;/a&gt;
        &lt;/li&gt;
      &lt;/ul&gt;
    &lt;/div&gt;
  &lt;/div&gt;
  &lt;div&gt;
    &lt;div
      class=&quot;leafygreen-ui-wn831c&quot;
    /&gt;
  &lt;/div&gt;
  &lt;div&gt;
    &lt;div
      class=&quot;leafygreen-ui-ibhbh4&quot;
    &gt;
      &lt;ul
        class=&quot;leafygreen-ui-1w650fb&quot;
        data-testid=&quot;menu-test-id&quot;
        role=&quot;menu&quot;
      &gt;
        &lt;li&gt;
          &lt;button
            aria-disabled=&quot;false&quot;
            class=&quot;leafygreen-ui-k3twfd&quot;
            data-leafygreen-ui=&quot;menu-item-container&quot;
            role=&quot;menuitem&quot;
          &gt;
            &lt;div
              class=&quot;leafygreen-ui-1700k5z&quot;
            &gt;
              &lt;div
                class=&quot;leafygreen-ui-wbp5c2&quot;
              &gt;
                Item A
              &lt;/div&gt;
            &lt;/div&gt;
          &lt;/button&gt;
        &lt;/li&gt;
        &lt;li
          class=&quot;leafygreen-ui-1xz620q&quot;
          role=&quot;separator&quot;
        /&gt;
        &lt;li&gt;
          &lt;a
            aria-disabled=&quot;false&quot;
            class=&quot;leafygreen-ui-k3twfd&quot;
            data-leafygreen-ui=&quot;menu-item-container&quot;
            href=&quot;http://mongodb.design&quot;
            rel=&quot;&quot;
            role=&quot;menuitem&quot;
            target=&quot;_self&quot;
          &gt;
            &lt;div
              class=&quot;leafygreen-ui-1700k5z&quot;
            &gt;
              &lt;div
                class=&quot;leafygreen-ui-wbp5c2&quot;
              &gt;
                Item B
              &lt;/div&gt;
            &lt;/div&gt;
          &lt;/a&gt;
        &lt;/li&gt;
      &lt;/ul&gt;
    &lt;/div&gt;
  &lt;/div&gt;
  &lt;div&gt;
    &lt;button&gt;
      trigger
      &lt;div
        class=&quot;leafygreen-ui-wn831c&quot;
      /&gt;
    &lt;/button&gt;
  &lt;/div&gt;
  &lt;div&gt;
    &lt;div
      class=&quot;leafygreen-ui-1ad9864&quot;
    &gt;
      &lt;ul
        class=&quot;leafygreen-ui-1w650fb&quot;
        data-testid=&quot;menu-test-id&quot;
        role=&quot;menu&quot;
      &gt;
        &lt;li&gt;
          &lt;button
            aria-disabled=&quot;false&quot;
            class=&quot;leafygreen-ui-k3twfd&quot;
            data-leafygreen-ui=&quot;menu-item-container&quot;
            role=&quot;menuitem&quot;
          &gt;
            &lt;div
              class=&quot;leafygreen-ui-1700k5z&quot;
            &gt;
              &lt;div
                class=&quot;leafygreen-ui-wbp5c2&quot;
              &gt;
                Item A
              &lt;/div&gt;
            &lt;/div&gt;
          &lt;/button&gt;
        &lt;/li&gt;
        &lt;li
          class=&quot;leafygreen-ui-1xz620q&quot;
          role=&quot;separator&quot;
        /&gt;
        &lt;li&gt;
          &lt;a
            aria-disabled=&quot;false&quot;
            class=&quot;leafygreen-ui-k3twfd&quot;
            data-leafygreen-ui=&quot;menu-item-container&quot;
            href=&quot;http://mongodb.design&quot;
            rel=&quot;&quot;
            role=&quot;menuitem&quot;
            target=&quot;_self&quot;
          &gt;
            &lt;div
              class=&quot;leafygreen-ui-1700k5z&quot;
            &gt;
              &lt;div
                class=&quot;leafygreen-ui-wbp5c2&quot;
              &gt;
                Item B
              &lt;/div&gt;
            &lt;/div&gt;
          &lt;/a&gt;
        &lt;/li&gt;
      &lt;/ul&gt;
    &lt;/div&gt;
  &lt;/div&gt;
  &lt;div&gt;
    &lt;li&gt;
      &lt;button
        aria-disabled=&quot;false&quot;
        class=&quot;leafygreen-ui-k3twfd&quot;
        data-leafygreen-ui=&quot;menu-item-container&quot;
        data-testid=&quot;menu-item-test-id&quot;
        role=&quot;menuitem&quot;
      &gt;
        &lt;div
          class=&quot;leafygreen-ui-1700k5z&quot;
        &gt;
          &lt;div
            class=&quot;leafygreen-ui-wbp5c2&quot;
          &gt;
            Item 1
          &lt;/div&gt;
        &lt;/div&gt;
      &lt;/button&gt;
    &lt;/li&gt;
  &lt;/div&gt;
  &lt;div&gt;
    &lt;li&gt;
      &lt;button
        aria-disabled=&quot;false&quot;
        class=&quot;menu-item-class-name leafygreen-ui-k3twfd&quot;
        data-leafygreen-ui=&quot;menu-item-container&quot;
        data-testid=&quot;menu-item-test-id&quot;
        role=&quot;menuitem&quot;
      &gt;
        &lt;div
          class=&quot;leafygreen-ui-1700k5z&quot;
        &gt;
          &lt;div
            class=&quot;leafygreen-ui-wbp5c2&quot;
          &gt;
            Item 1
          &lt;/div&gt;
        &lt;/div&gt;
      &lt;/button&gt;
    &lt;/li&gt;
  &lt;/div&gt;
  &lt;div&gt;
    &lt;li&gt;
      &lt;button
        aria-disabled=&quot;false&quot;
        class=&quot;leafygreen-ui-k3twfd&quot;
        data-leafygreen-ui=&quot;menu-item-container&quot;
        data-testid=&quot;menu-item-test-id&quot;
        role=&quot;menuitem&quot;
      &gt;
        &lt;div
          class=&quot;leafygreen-ui-1700k5z&quot;
        &gt;
          &lt;div
            class=&quot;leafygreen-ui-wbp5c2&quot;
          &gt;
            Item 1
          &lt;/div&gt;
        &lt;/div&gt;
      &lt;/button&gt;
    &lt;/li&gt;
  &lt;/div&gt;
&lt;/body&gt;
    at getElementError (/Users/brookeyalof/Development/MongoDB/leafygreen-ui/packages/menu/node_modules/@testing-library/dom/dist/query-helpers.js:46:10)
    at getMultipleElementsFoundError (/Users/brookeyalof/Development/MongoDB/leafygreen-ui/packages/menu/node_modules/@testing-library/dom/dist/query-helpers.js:50:10)
    at getByTestId (/Users/brookeyalof/Development/MongoDB/leafygreen-ui/packages/menu/node_modules/@testing-library/dom/dist/query-helpers.js:86:13)
    at renderMenuItem (/Users/brookeyalof/Development/MongoDB/leafygreen-ui/packages/menu/src/Menu.spec.tsx:26:26)
    at Object.&lt;anonymous&gt; (/Users/brookeyalof/Development/MongoDB/leafygreen-ui/packages/menu/src/Menu.spec.tsx:94:26)
    at Object.asyncJestTest (/Users/brookeyalof/Development/MongoDB/leafygreen-ui/node_modules/jest-jasmine2/build/jasmineAsyncInstall.js:100:37)
    at /Users/brookeyalof/Development/MongoDB/leafygreen-ui/node_modules/jest-jasmine2/build/queueRunner.js:47:12
    at new Promise (&lt;anonymous&gt;)
    at mapper (/Users/brookeyalof/Development/MongoDB/leafygreen-ui/node_modules/jest-jasmine2/build/queueRunner.js:30:19)
    at /Users/brookeyalof/Development/MongoDB/leafygreen-ui/node_modules/jest-jasmine2/build/queueRunner.js:77:41</failure>
    </testcase>
    <testcase classname="packages/menu/menu-item renders inside of an `a` instead of a `button` tag, when `href` prop is supplied" name="packages/menu/menu-item renders inside of an `a` instead of a `button` tag, when `href` prop is supplied" time="0.004">
      <failure>Error: Found multiple elements by: [data-testid=&quot;menu-item-test-id&quot;]

(If this is intentional, then use the `*AllBy*` variant of the query (like `queryAllByText`, `getAllByText`, or `findAllByText`)).

&lt;body&gt;
  &lt;div&gt;
    &lt;div
      class=&quot;leafygreen-ui-wn831c&quot;
    /&gt;
  &lt;/div&gt;
  &lt;div&gt;
    &lt;div
      class=&quot;leafygreen-ui-ibhbh4&quot;
    &gt;
      &lt;ul
        class=&quot;leafygreen-ui-1w650fb&quot;
        data-testid=&quot;menu-test-id&quot;
        role=&quot;menu&quot;
      &gt;
        &lt;li&gt;
          &lt;button
            aria-disabled=&quot;false&quot;
            class=&quot;leafygreen-ui-k3twfd&quot;
            data-leafygreen-ui=&quot;menu-item-container&quot;
            role=&quot;menuitem&quot;
          &gt;
            &lt;div
              class=&quot;leafygreen-ui-1700k5z&quot;
            &gt;
              &lt;div
                class=&quot;leafygreen-ui-wbp5c2&quot;
              &gt;
                Item A
              &lt;/div&gt;
            &lt;/div&gt;
          &lt;/button&gt;
        &lt;/li&gt;
        &lt;li
          class=&quot;leafygreen-ui-1xz620q&quot;
          role=&quot;separator&quot;
        /&gt;
        &lt;li&gt;
          &lt;a
            aria-disabled=&quot;false&quot;
            class=&quot;leafygreen-ui-k3twfd&quot;
            data-leafygreen-ui=&quot;menu-item-container&quot;
            href=&quot;http://mongodb.design&quot;
            rel=&quot;&quot;
            role=&quot;menuitem&quot;
            target=&quot;_self&quot;
          &gt;
            &lt;div
              class=&quot;leafygreen-ui-1700k5z&quot;
            &gt;
              &lt;div
                class=&quot;leafygreen-ui-wbp5c2&quot;
              &gt;
                Item B
              &lt;/div&gt;
            &lt;/div&gt;
          &lt;/a&gt;
        &lt;/li&gt;
      &lt;/ul&gt;
    &lt;/div&gt;
  &lt;/div&gt;
  &lt;div&gt;
    &lt;div
      class=&quot;leafygreen-ui-wn831c&quot;
    /&gt;
  &lt;/div&gt;
  &lt;div&gt;
    &lt;div
      class=&quot;leafygreen-ui-ibhbh4&quot;
    &gt;
      &lt;ul
        class=&quot;leafygreen-ui-1w650fb&quot;
        data-testid=&quot;menu-test-id&quot;
        role=&quot;menu&quot;
      &gt;
        &lt;li&gt;
          &lt;button
            aria-disabled=&quot;false&quot;
            class=&quot;leafygreen-ui-k3twfd&quot;
            data-leafygreen-ui=&quot;menu-item-container&quot;
            role=&quot;menuitem&quot;
          &gt;
            &lt;div
              class=&quot;leafygreen-ui-1700k5z&quot;
            &gt;
              &lt;div
                class=&quot;leafygreen-ui-wbp5c2&quot;
              &gt;
                Item A
              &lt;/div&gt;
            &lt;/div&gt;
          &lt;/button&gt;
        &lt;/li&gt;
        &lt;li
          class=&quot;leafygreen-ui-1xz620q&quot;
          role=&quot;separator&quot;
        /&gt;
        &lt;li&gt;
          &lt;a
            aria-disabled=&quot;false&quot;
            class=&quot;leafygreen-ui-k3twfd&quot;
            data-leafygreen-ui=&quot;menu-item-container&quot;
            href=&quot;http://mongodb.design&quot;
            rel=&quot;&quot;
            role=&quot;menuitem&quot;
            target=&quot;_self&quot;
          &gt;
            &lt;div
              class=&quot;leafygreen-ui-1700k5z&quot;
            &gt;
              &lt;div
                class=&quot;leafygreen-ui-wbp5c2&quot;
              &gt;
                Item B
              &lt;/div&gt;
            &lt;/div&gt;
          &lt;/a&gt;
        &lt;/li&gt;
      &lt;/ul&gt;
    &lt;/div&gt;
  &lt;/div&gt;
  &lt;div&gt;
    &lt;button&gt;
      trigger
      &lt;div
        class=&quot;leafygreen-ui-wn831c&quot;
      /&gt;
    &lt;/button&gt;
  &lt;/div&gt;
  &lt;div&gt;
    &lt;div
      class=&quot;leafygreen-ui-1ad9864&quot;
    &gt;
      &lt;ul
        class=&quot;leafygreen-ui-1w650fb&quot;
        data-testid=&quot;menu-test-id&quot;
        role=&quot;menu&quot;
      &gt;
        &lt;li&gt;
          &lt;button
            aria-disabled=&quot;false&quot;
            class=&quot;leafygreen-ui-k3twfd&quot;
            data-leafygreen-ui=&quot;menu-item-container&quot;
            role=&quot;menuitem&quot;
          &gt;
            &lt;div
              class=&quot;leafygreen-ui-1700k5z&quot;
            &gt;
              &lt;div
                class=&quot;leafygreen-ui-wbp5c2&quot;
              &gt;
                Item A
              &lt;/div&gt;
            &lt;/div&gt;
          &lt;/button&gt;
        &lt;/li&gt;
        &lt;li
          class=&quot;leafygreen-ui-1xz620q&quot;
          role=&quot;separator&quot;
        /&gt;
        &lt;li&gt;
          &lt;a
            aria-disabled=&quot;false&quot;
            class=&quot;leafygreen-ui-k3twfd&quot;
            data-leafygreen-ui=&quot;menu-item-container&quot;
            href=&quot;http://mongodb.design&quot;
            rel=&quot;&quot;
            role=&quot;menuitem&quot;
            target=&quot;_self&quot;
          &gt;
            &lt;div
              class=&quot;leafygreen-ui-1700k5z&quot;
            &gt;
              &lt;div
                class=&quot;leafygreen-ui-wbp5c2&quot;
              &gt;
                Item B
              &lt;/div&gt;
            &lt;/div&gt;
          &lt;/a&gt;
        &lt;/li&gt;
      &lt;/ul&gt;
    &lt;/div&gt;
  &lt;/div&gt;
  &lt;div&gt;
    &lt;li&gt;
      &lt;button
        aria-disabled=&quot;false&quot;
        class=&quot;leafygreen-ui-k3twfd&quot;
        data-leafygreen-ui=&quot;menu-item-container&quot;
        data-testid=&quot;menu-item-test-id&quot;
        role=&quot;menuitem&quot;
      &gt;
        &lt;div
          class=&quot;leafygreen-ui-1700k5z&quot;
        &gt;
          &lt;div
            class=&quot;leafygreen-ui-wbp5c2&quot;
          &gt;
            Item 1
          &lt;/div&gt;
        &lt;/div&gt;
      &lt;/button&gt;
    &lt;/li&gt;
  &lt;/div&gt;
  &lt;div&gt;
    &lt;li&gt;
      &lt;button
        aria-disabled=&quot;false&quot;
        class=&quot;menu-item-class-name leafygreen-ui-k3twfd&quot;
        data-leafygreen-ui=&quot;menu-item-container&quot;
        data-testid=&quot;menu-item-test-id&quot;
        role=&quot;menuitem&quot;
      &gt;
        &lt;div
          class=&quot;leafygreen-ui-1700k5z&quot;
        &gt;
          &lt;div
            class=&quot;leafygreen-ui-wbp5c2&quot;
          &gt;
            Item 1
          &lt;/div&gt;
        &lt;/div&gt;
      &lt;/button&gt;
    &lt;/li&gt;
  &lt;/div&gt;
  &lt;div&gt;
    &lt;li&gt;
      &lt;button
        aria-disabled=&quot;false&quot;
        class=&quot;leafygreen-ui-k3twfd&quot;
        data-leafygreen-ui=&quot;menu-item-container&quot;
        data-testid=&quot;menu-item-test-id&quot;
        role=&quot;menuitem&quot;
      &gt;
        &lt;div
          class=&quot;leafygreen-ui-1700k5z&quot;
        &gt;
          &lt;div
            class=&quot;leafygreen-ui-wbp5c2&quot;
          &gt;
            Item 1
          &lt;/div&gt;
        &lt;/div&gt;
      &lt;/button&gt;
    &lt;/li&gt;
  &lt;/div&gt;
  &lt;div&gt;
    &lt;li&gt;
      &lt;a
        aria-disabled=&quot;false&quot;
        class=&quot;leafygreen-ui-k3twfd&quot;
        data-leafygreen-ui=&quot;menu-item-container&quot;
        data-testid=&quot;menu-item-test-id&quot;
        href=&quot;https://mongodb.design&quot;
        rel=&quot;&quot;
        role=&quot;menuitem&quot;
        target=&quot;_self&quot;
      &gt;
        &lt;div
          class=&quot;leafygreen-ui-1700k5z&quot;
        &gt;
          &lt;div
            class=&quot;leafygreen-ui-wbp5c2&quot;
          &gt;
            Item 1
          &lt;/div&gt;
        &lt;/div&gt;
      &lt;/a&gt;
    &lt;/li&gt;
  &lt;/div&gt;
&lt;/body&gt;
    at getElementError (/Users/brookeyalof/Development/MongoDB/leafygreen-ui/packages/menu/node_modules/@testing-library/dom/dist/query-helpers.js:46:10)
    at getMultipleElementsFoundError (/Users/brookeyalof/Development/MongoDB/leafygreen-ui/packages/menu/node_modules/@testing-library/dom/dist/query-helpers.js:50:10)
    at getByTestId (/Users/brookeyalof/Development/MongoDB/leafygreen-ui/packages/menu/node_modules/@testing-library/dom/dist/query-helpers.js:86:13)
    at renderMenuItem (/Users/brookeyalof/Development/MongoDB/leafygreen-ui/packages/menu/src/Menu.spec.tsx:26:26)
    at Object.&lt;anonymous&gt; (/Users/brookeyalof/Development/MongoDB/leafygreen-ui/packages/menu/src/Menu.spec.tsx:99:26)
    at Object.asyncJestTest (/Users/brookeyalof/Development/MongoDB/leafygreen-ui/node_modules/jest-jasmine2/build/jasmineAsyncInstall.js:100:37)
    at /Users/brookeyalof/Development/MongoDB/leafygreen-ui/node_modules/jest-jasmine2/build/queueRunner.js:47:12
    at new Promise (&lt;anonymous&gt;)
    at mapper (/Users/brookeyalof/Development/MongoDB/leafygreen-ui/node_modules/jest-jasmine2/build/queueRunner.js:30:19)
    at /Users/brookeyalof/Development/MongoDB/leafygreen-ui/node_modules/jest-jasmine2/build/queueRunner.js:77:41</failure>
    </testcase>
    <testcase classname="packages/menu/menu-item renders with correct target and rel values when set" name="packages/menu/menu-item renders with correct target and rel values when set" time="0.004">
      <failure>Error: Found multiple elements by: [data-testid=&quot;menu-item-test-id&quot;]

(If this is intentional, then use the `*AllBy*` variant of the query (like `queryAllByText`, `getAllByText`, or `findAllByText`)).

&lt;body&gt;
  &lt;div&gt;
    &lt;div
      class=&quot;leafygreen-ui-wn831c&quot;
    /&gt;
  &lt;/div&gt;
  &lt;div&gt;
    &lt;div
      class=&quot;leafygreen-ui-ibhbh4&quot;
    &gt;
      &lt;ul
        class=&quot;leafygreen-ui-1w650fb&quot;
        data-testid=&quot;menu-test-id&quot;
        role=&quot;menu&quot;
      &gt;
        &lt;li&gt;
          &lt;button
            aria-disabled=&quot;false&quot;
            class=&quot;leafygreen-ui-k3twfd&quot;
            data-leafygreen-ui=&quot;menu-item-container&quot;
            role=&quot;menuitem&quot;
          &gt;
            &lt;div
              class=&quot;leafygreen-ui-1700k5z&quot;
            &gt;
              &lt;div
                class=&quot;leafygreen-ui-wbp5c2&quot;
              &gt;
                Item A
              &lt;/div&gt;
            &lt;/div&gt;
          &lt;/button&gt;
        &lt;/li&gt;
        &lt;li
          class=&quot;leafygreen-ui-1xz620q&quot;
          role=&quot;separator&quot;
        /&gt;
        &lt;li&gt;
          &lt;a
            aria-disabled=&quot;false&quot;
            class=&quot;leafygreen-ui-k3twfd&quot;
            data-leafygreen-ui=&quot;menu-item-container&quot;
            href=&quot;http://mongodb.design&quot;
            rel=&quot;&quot;
            role=&quot;menuitem&quot;
            target=&quot;_self&quot;
          &gt;
            &lt;div
              class=&quot;leafygreen-ui-1700k5z&quot;
            &gt;
              &lt;div
                class=&quot;leafygreen-ui-wbp5c2&quot;
              &gt;
                Item B
              &lt;/div&gt;
            &lt;/div&gt;
          &lt;/a&gt;
        &lt;/li&gt;
      &lt;/ul&gt;
    &lt;/div&gt;
  &lt;/div&gt;
  &lt;div&gt;
    &lt;div
      class=&quot;leafygreen-ui-wn831c&quot;
    /&gt;
  &lt;/div&gt;
  &lt;div&gt;
    &lt;div
      class=&quot;leafygreen-ui-ibhbh4&quot;
    &gt;
      &lt;ul
        class=&quot;leafygreen-ui-1w650fb&quot;
        data-testid=&quot;menu-test-id&quot;
        role=&quot;menu&quot;
      &gt;
        &lt;li&gt;
          &lt;button
            aria-disabled=&quot;false&quot;
            class=&quot;leafygreen-ui-k3twfd&quot;
            data-leafygreen-ui=&quot;menu-item-container&quot;
            role=&quot;menuitem&quot;
          &gt;
            &lt;div
              class=&quot;leafygreen-ui-1700k5z&quot;
            &gt;
              &lt;div
                class=&quot;leafygreen-ui-wbp5c2&quot;
              &gt;
                Item A
              &lt;/div&gt;
            &lt;/div&gt;
          &lt;/button&gt;
        &lt;/li&gt;
        &lt;li
          class=&quot;leafygreen-ui-1xz620q&quot;
          role=&quot;separator&quot;
        /&gt;
        &lt;li&gt;
          &lt;a
            aria-disabled=&quot;false&quot;
            class=&quot;leafygreen-ui-k3twfd&quot;
            data-leafygreen-ui=&quot;menu-item-container&quot;
            href=&quot;http://mongodb.design&quot;
            rel=&quot;&quot;
            role=&quot;menuitem&quot;
            target=&quot;_self&quot;
          &gt;
            &lt;div
              class=&quot;leafygreen-ui-1700k5z&quot;
            &gt;
              &lt;div
                class=&quot;leafygreen-ui-wbp5c2&quot;
              &gt;
                Item B
              &lt;/div&gt;
            &lt;/div&gt;
          &lt;/a&gt;
        &lt;/li&gt;
      &lt;/ul&gt;
    &lt;/div&gt;
  &lt;/div&gt;
  &lt;div&gt;
    &lt;button&gt;
      trigger
      &lt;div
        class=&quot;leafygreen-ui-wn831c&quot;
      /&gt;
    &lt;/button&gt;
  &lt;/div&gt;
  &lt;div&gt;
    &lt;div
      class=&quot;leafygreen-ui-1ad9864&quot;
    &gt;
      &lt;ul
        class=&quot;leafygreen-ui-1w650fb&quot;
        data-testid=&quot;menu-test-id&quot;
        role=&quot;menu&quot;
      &gt;
        &lt;li&gt;
          &lt;button
            aria-disabled=&quot;false&quot;
            class=&quot;leafygreen-ui-k3twfd&quot;
            data-leafygreen-ui=&quot;menu-item-container&quot;
            role=&quot;menuitem&quot;
          &gt;
            &lt;div
              class=&quot;leafygreen-ui-1700k5z&quot;
            &gt;
              &lt;div
                class=&quot;leafygreen-ui-wbp5c2&quot;
              &gt;
                Item A
              &lt;/div&gt;
            &lt;/div&gt;
          &lt;/button&gt;
        &lt;/li&gt;
        &lt;li
          class=&quot;leafygreen-ui-1xz620q&quot;
          role=&quot;separator&quot;
        /&gt;
        &lt;li&gt;
          &lt;a
            aria-disabled=&quot;false&quot;
            class=&quot;leafygreen-ui-k3twfd&quot;
            data-leafygreen-ui=&quot;menu-item-container&quot;
            href=&quot;http://mongodb.design&quot;
            rel=&quot;&quot;
            role=&quot;menuitem&quot;
            target=&quot;_self&quot;
          &gt;
            &lt;div
              class=&quot;leafygreen-ui-1700k5z&quot;
            &gt;
              &lt;div
                class=&quot;leafygreen-ui-wbp5c2&quot;
              &gt;
                Item B
              &lt;/div&gt;
            &lt;/div&gt;
          &lt;/a&gt;
        &lt;/li&gt;
      &lt;/ul&gt;
    &lt;/div&gt;
  &lt;/div&gt;
  &lt;div&gt;
    &lt;li&gt;
      &lt;button
        aria-disabled=&quot;false&quot;
        class=&quot;leafygreen-ui-k3twfd&quot;
        data-leafygreen-ui=&quot;menu-item-container&quot;
        data-testid=&quot;menu-item-test-id&quot;
        role=&quot;menuitem&quot;
      &gt;
        &lt;div
          class=&quot;leafygreen-ui-1700k5z&quot;
        &gt;
          &lt;div
            class=&quot;leafygreen-ui-wbp5c2&quot;
          &gt;
            Item 1
          &lt;/div&gt;
        &lt;/div&gt;
      &lt;/button&gt;
    &lt;/li&gt;
  &lt;/div&gt;
  &lt;div&gt;
    &lt;li&gt;
      &lt;button
        aria-disabled=&quot;false&quot;
        class=&quot;menu-item-class-name leafygreen-ui-k3twfd&quot;
        data-leafygreen-ui=&quot;menu-item-container&quot;
        data-testid=&quot;menu-item-test-id&quot;
        role=&quot;menuitem&quot;
      &gt;
        &lt;div
          class=&quot;leafygreen-ui-1700k5z&quot;
        &gt;
          &lt;div
            class=&quot;leafygreen-ui-wbp5c2&quot;
          &gt;
            Item 1
          &lt;/div&gt;
        &lt;/div&gt;
      &lt;/button&gt;
    &lt;/li&gt;
  &lt;/div&gt;
  &lt;div&gt;
    &lt;li&gt;
      &lt;button
        aria-disabled=&quot;false&quot;
        class=&quot;leafygreen-ui-k3twfd&quot;
        data-leafygreen-ui=&quot;menu-item-container&quot;
        data-testid=&quot;menu-item-test-id&quot;
        role=&quot;menuitem&quot;
      &gt;
        &lt;div
          class=&quot;leafygreen-ui-1700k5z&quot;
        &gt;
          &lt;div
            class=&quot;leafygreen-ui-wbp5c2&quot;
          &gt;
            Item 1
          &lt;/div&gt;
        &lt;/div&gt;
      &lt;/button&gt;
    &lt;/li&gt;
  &lt;/div&gt;
  &lt;div&gt;
    &lt;li&gt;
      &lt;a
        aria-disabled=&quot;false&quot;
        class=&quot;leafygreen-ui-k3twfd&quot;
        data-leafygreen-ui=&quot;menu-item-container&quot;
        data-testid=&quot;menu-item-test-id&quot;
        href=&quot;https://mongodb.design&quot;
        rel=&quot;&quot;
        role=&quot;menuitem&quot;
        target=&quot;_self&quot;
      &gt;
        &lt;div
          class=&quot;leafygreen-ui-1700k5z&quot;
        &gt;
          &lt;div
            class=&quot;leafygreen-ui-wbp5c2&quot;
          &gt;
            Item 1
          &lt;/div&gt;
        &lt;/div&gt;
      &lt;/a&gt;
    &lt;/li&gt;
  &lt;/div&gt;
  &lt;div&gt;
    &lt;li&gt;
      &lt;a
        aria-disabled=&quot;false&quot;
        class=&quot;leafygreen-ui-k3twfd&quot;
        data-leafygreen-ui=&quot;menu-item-container&quot;
        data-testid=&quot;menu-item-test-id&quot;
        href=&quot;https://mongodb.design&quot;
        rel=&quot;help&quot;
        role=&quot;menuitem&quot;
        target=&quot;_blank&quot;
      &gt;
        &lt;div
          class=&quot;leafygreen-ui-1700k5z&quot;
        &gt;
          &lt;div
            class=&quot;leafygreen-ui-wbp5c2&quot;
          &gt;
            Item 1
          &lt;/div&gt;
        &lt;/div&gt;
      &lt;/a&gt;
    &lt;/li&gt;
  &lt;/div&gt;
&lt;/body&gt;
    at getElementError (/Users/brookeyalof/Development/MongoDB/leafygreen-ui/packages/menu/node_modules/@testing-library/dom/dist/query-helpers.js:46:10)
    at getMultipleElementsFoundError (/Users/brookeyalof/Development/MongoDB/leafygreen-ui/packages/menu/node_modules/@testing-library/dom/dist/query-helpers.js:50:10)
    at getByTestId (/Users/brookeyalof/Development/MongoDB/leafygreen-ui/packages/menu/node_modules/@testing-library/dom/dist/query-helpers.js:86:13)
    at renderMenuItem (/Users/brookeyalof/Development/MongoDB/leafygreen-ui/packages/menu/src/Menu.spec.tsx:26:26)
    at Object.&lt;anonymous&gt; (/Users/brookeyalof/Development/MongoDB/leafygreen-ui/packages/menu/src/Menu.spec.tsx:104:26)
    at Object.asyncJestTest (/Users/brookeyalof/Development/MongoDB/leafygreen-ui/node_modules/jest-jasmine2/build/jasmineAsyncInstall.js:100:37)
    at /Users/brookeyalof/Development/MongoDB/leafygreen-ui/node_modules/jest-jasmine2/build/queueRunner.js:47:12
    at new Promise (&lt;anonymous&gt;)
    at mapper (/Users/brookeyalof/Development/MongoDB/leafygreen-ui/node_modules/jest-jasmine2/build/queueRunner.js:30:19)
    at /Users/brookeyalof/Development/MongoDB/leafygreen-ui/node_modules/jest-jasmine2/build/queueRunner.js:77:41</failure>
    </testcase>
    <testcase classname="packages/menu/menu-item renders as `div` tag when the &quot;as&quot; prop is set" name="packages/menu/menu-item renders as `div` tag when the &quot;as&quot; prop is set" time="0.004">
      <failure>Error: Found multiple elements by: [data-testid=&quot;menu-item-test-id&quot;]

(If this is intentional, then use the `*AllBy*` variant of the query (like `queryAllByText`, `getAllByText`, or `findAllByText`)).

&lt;body&gt;
  &lt;div&gt;
    &lt;div
      class=&quot;leafygreen-ui-wn831c&quot;
    /&gt;
  &lt;/div&gt;
  &lt;div&gt;
    &lt;div
      class=&quot;leafygreen-ui-ibhbh4&quot;
    &gt;
      &lt;ul
        class=&quot;leafygreen-ui-1w650fb&quot;
        data-testid=&quot;menu-test-id&quot;
        role=&quot;menu&quot;
      &gt;
        &lt;li&gt;
          &lt;button
            aria-disabled=&quot;false&quot;
            class=&quot;leafygreen-ui-k3twfd&quot;
            data-leafygreen-ui=&quot;menu-item-container&quot;
            role=&quot;menuitem&quot;
          &gt;
            &lt;div
              class=&quot;leafygreen-ui-1700k5z&quot;
            &gt;
              &lt;div
                class=&quot;leafygreen-ui-wbp5c2&quot;
              &gt;
                Item A
              &lt;/div&gt;
            &lt;/div&gt;
          &lt;/button&gt;
        &lt;/li&gt;
        &lt;li
          class=&quot;leafygreen-ui-1xz620q&quot;
          role=&quot;separator&quot;
        /&gt;
        &lt;li&gt;
          &lt;a
            aria-disabled=&quot;false&quot;
            class=&quot;leafygreen-ui-k3twfd&quot;
            data-leafygreen-ui=&quot;menu-item-container&quot;
            href=&quot;http://mongodb.design&quot;
            rel=&quot;&quot;
            role=&quot;menuitem&quot;
            target=&quot;_self&quot;
          &gt;
            &lt;div
              class=&quot;leafygreen-ui-1700k5z&quot;
            &gt;
              &lt;div
                class=&quot;leafygreen-ui-wbp5c2&quot;
              &gt;
                Item B
              &lt;/div&gt;
            &lt;/div&gt;
          &lt;/a&gt;
        &lt;/li&gt;
      &lt;/ul&gt;
    &lt;/div&gt;
  &lt;/div&gt;
  &lt;div&gt;
    &lt;div
      class=&quot;leafygreen-ui-wn831c&quot;
    /&gt;
  &lt;/div&gt;
  &lt;div&gt;
    &lt;div
      class=&quot;leafygreen-ui-ibhbh4&quot;
    &gt;
      &lt;ul
        class=&quot;leafygreen-ui-1w650fb&quot;
        data-testid=&quot;menu-test-id&quot;
        role=&quot;menu&quot;
      &gt;
        &lt;li&gt;
          &lt;button
            aria-disabled=&quot;false&quot;
            class=&quot;leafygreen-ui-k3twfd&quot;
            data-leafygreen-ui=&quot;menu-item-container&quot;
            role=&quot;menuitem&quot;
          &gt;
            &lt;div
              class=&quot;leafygreen-ui-1700k5z&quot;
            &gt;
              &lt;div
                class=&quot;leafygreen-ui-wbp5c2&quot;
              &gt;
                Item A
              &lt;/div&gt;
            &lt;/div&gt;
          &lt;/button&gt;
        &lt;/li&gt;
        &lt;li
          class=&quot;leafygreen-ui-1xz620q&quot;
          role=&quot;separator&quot;
        /&gt;
        &lt;li&gt;
          &lt;a
            aria-disabled=&quot;false&quot;
            class=&quot;leafygreen-ui-k3twfd&quot;
            data-leafygreen-ui=&quot;menu-item-container&quot;
            href=&quot;http://mongodb.design&quot;
            rel=&quot;&quot;
            role=&quot;menuitem&quot;
            target=&quot;_self&quot;
          &gt;
            &lt;div
              class=&quot;leafygreen-ui-1700k5z&quot;
            &gt;
              &lt;div
                class=&quot;leafygreen-ui-wbp5c2&quot;
              &gt;
                Item B
              &lt;/div&gt;
            &lt;/div&gt;
          &lt;/a&gt;
        &lt;/li&gt;
      &lt;/ul&gt;
    &lt;/div&gt;
  &lt;/div&gt;
  &lt;div&gt;
    &lt;button&gt;
      trigger
      &lt;div
        class=&quot;leafygreen-ui-wn831c&quot;
      /&gt;
    &lt;/button&gt;
  &lt;/div&gt;
  &lt;div&gt;
    &lt;div
      class=&quot;leafygreen-ui-1ad9864&quot;
    &gt;
      &lt;ul
        class=&quot;leafygreen-ui-1w650fb&quot;
        data-testid=&quot;menu-test-id&quot;
        role=&quot;menu&quot;
      &gt;
        &lt;li&gt;
          &lt;button
            aria-disabled=&quot;false&quot;
            class=&quot;leafygreen-ui-k3twfd&quot;
            data-leafygreen-ui=&quot;menu-item-container&quot;
            role=&quot;menuitem&quot;
          &gt;
            &lt;div
              class=&quot;leafygreen-ui-1700k5z&quot;
            &gt;
              &lt;div
                class=&quot;leafygreen-ui-wbp5c2&quot;
              &gt;
                Item A
              &lt;/div&gt;
            &lt;/div&gt;
          &lt;/button&gt;
        &lt;/li&gt;
        &lt;li
          class=&quot;leafygreen-ui-1xz620q&quot;
          role=&quot;separator&quot;
        /&gt;
        &lt;li&gt;
          &lt;a
            aria-disabled=&quot;false&quot;
            class=&quot;leafygreen-ui-k3twfd&quot;
            data-leafygreen-ui=&quot;menu-item-container&quot;
            href=&quot;http://mongodb.design&quot;
            rel=&quot;&quot;
            role=&quot;menuitem&quot;
            target=&quot;_self&quot;
          &gt;
            &lt;div
              class=&quot;leafygreen-ui-1700k5z&quot;
            &gt;
              &lt;div
                class=&quot;leafygreen-ui-wbp5c2&quot;
              &gt;
                Item B
              &lt;/div&gt;
            &lt;/div&gt;
          &lt;/a&gt;
        &lt;/li&gt;
      &lt;/ul&gt;
    &lt;/div&gt;
  &lt;/div&gt;
  &lt;div&gt;
    &lt;li&gt;
      &lt;button
        aria-disabled=&quot;false&quot;
        class=&quot;leafygreen-ui-k3twfd&quot;
        data-leafygreen-ui=&quot;menu-item-container&quot;
        data-testid=&quot;menu-item-test-id&quot;
        role=&quot;menuitem&quot;
      &gt;
        &lt;div
          class=&quot;leafygreen-ui-1700k5z&quot;
        &gt;
          &lt;div
            class=&quot;leafygreen-ui-wbp5c2&quot;
          &gt;
            Item 1
          &lt;/div&gt;
        &lt;/div&gt;
      &lt;/button&gt;
    &lt;/li&gt;
  &lt;/div&gt;
  &lt;div&gt;
    &lt;li&gt;
      &lt;button
        aria-disabled=&quot;false&quot;
        class=&quot;menu-item-class-name leafygreen-ui-k3twfd&quot;
        data-leafygreen-ui=&quot;menu-item-container&quot;
        data-testid=&quot;menu-item-test-id&quot;
        role=&quot;menuitem&quot;
      &gt;
        &lt;div
          class=&quot;leafygreen-ui-1700k5z&quot;
        &gt;
          &lt;div
            class=&quot;leafygreen-ui-wbp5c2&quot;
          &gt;
            Item 1
          &lt;/div&gt;
        &lt;/div&gt;
      &lt;/button&gt;
    &lt;/li&gt;
  &lt;/div&gt;
  &lt;div&gt;
    &lt;li&gt;
      &lt;button
        aria-disabled=&quot;false&quot;
        class=&quot;leafygreen-ui-k3twfd&quot;
        data-leafygreen-ui=&quot;menu-item-container&quot;
        data-testid=&quot;menu-item-test-id&quot;
        role=&quot;menuitem&quot;
      &gt;
        &lt;div
          class=&quot;leafygreen-ui-1700k5z&quot;
        &gt;
          &lt;div
            class=&quot;leafygreen-ui-wbp5c2&quot;
          &gt;
            Item 1
          &lt;/div&gt;
        &lt;/div&gt;
      &lt;/button&gt;
    &lt;/li&gt;
  &lt;/div&gt;
  &lt;div&gt;
    &lt;li&gt;
      &lt;a
        aria-disabled=&quot;false&quot;
        class=&quot;leafygreen-ui-k3twfd&quot;
        data-leafygreen-ui=&quot;menu-item-container&quot;
        data-testid=&quot;menu-item-test-id&quot;
        href=&quot;https://mongodb.design&quot;
        rel=&quot;&quot;
        role=&quot;menuitem&quot;
        target=&quot;_self&quot;
      &gt;
        &lt;div
          class=&quot;leafygreen-ui-1700k5z&quot;
        &gt;
          &lt;div
            class=&quot;leafygreen-ui-wbp5c2&quot;
          &gt;
            Item 1
          &lt;/div&gt;
        &lt;/div&gt;
      &lt;/a&gt;
    &lt;/li&gt;
  &lt;/div&gt;
  &lt;div&gt;
    &lt;li&gt;
      &lt;a
        aria-disabled=&quot;false&quot;
        class=&quot;leafygreen-ui-k3twfd&quot;
        data-leafygreen-ui=&quot;menu-item-container&quot;
        data-testid=&quot;menu-item-test-id&quot;
        href=&quot;https://mongodb.design&quot;
        rel=&quot;help&quot;
        role=&quot;menuitem&quot;
        target=&quot;_blank&quot;
      &gt;
        &lt;div
          class=&quot;leafygreen-ui-1700k5z&quot;
        &gt;
          &lt;div
            class=&quot;leafygreen-ui-wbp5c2&quot;
          &gt;
            Item 1
          &lt;/div&gt;
        &lt;/div&gt;
      &lt;/a&gt;
    &lt;/li&gt;
  &lt;/div&gt;
  &lt;div&gt;
    &lt;li&gt;
      &lt;div
        aria-disabled=&quot;false&quot;
        class=&quot;leafygreen-ui-k3twfd&quot;
        data-leafygreen-ui=&quot;menu-item-container&quot;
        data-testid=&quot;menu-item-test-id&quot;
        role=&quot;menuitem&quot;
      &gt;
        &lt;div
          class=&quot;leafygreen-ui-1700k5z&quot;
        &gt;
          &lt;div
            class=&quot;leafygreen-ui-wbp5c2&quot;
          &gt;
            Item 1
          &lt;/div&gt;
        &lt;/div&gt;
      &lt;/div&gt;
    &lt;/li&gt;
  &lt;/div&gt;
&lt;/body&gt;
    at getElementError (/Users/brookeyalof/Development/MongoDB/leafygreen-ui/packages/menu/node_modules/@testing-library/dom/dist/query-helpers.js:46:10)
    at getMultipleElementsFoundError (/Users/brookeyalof/Development/MongoDB/leafygreen-ui/packages/menu/node_modules/@testing-library/dom/dist/query-helpers.js:50:10)
    at getByTestId (/Users/brookeyalof/Development/MongoDB/leafygreen-ui/packages/menu/node_modules/@testing-library/dom/dist/query-helpers.js:86:13)
    at renderMenuItem (/Users/brookeyalof/Development/MongoDB/leafygreen-ui/packages/menu/src/Menu.spec.tsx:26:26)
    at Object.&lt;anonymous&gt; (/Users/brookeyalof/Development/MongoDB/leafygreen-ui/packages/menu/src/Menu.spec.tsx:115:26)
    at Object.asyncJestTest (/Users/brookeyalof/Development/MongoDB/leafygreen-ui/node_modules/jest-jasmine2/build/jasmineAsyncInstall.js:100:37)
    at /Users/brookeyalof/Development/MongoDB/leafygreen-ui/node_modules/jest-jasmine2/build/queueRunner.js:47:12
    at new Promise (&lt;anonymous&gt;)
    at mapper (/Users/brookeyalof/Development/MongoDB/leafygreen-ui/node_modules/jest-jasmine2/build/queueRunner.js:30:19)
    at /Users/brookeyalof/Development/MongoDB/leafygreen-ui/node_modules/jest-jasmine2/build/queueRunner.js:77:41</failure>
    </testcase>
    <testcase classname="packages/menu/sub-menu renders a SubMenu open by default, when the SubMenu is active" name="packages/menu/sub-menu renders a SubMenu open by default, when the SubMenu is active" time="0.047">
    </testcase>
    <testcase classname="packages/menu/sub-menu when a SubMenu is clicked, it opens and closes the previously opened SubMenu" name="packages/menu/sub-menu when a SubMenu is clicked, it opens and closes the previously opened SubMenu" time="0.024">
      <failure>Error: Found multiple elements with the text: First SubMenu

(If this is intentional, then use the `*AllBy*` variant of the query (like `queryAllByText`, `getAllByText`, or `findAllByText`)).

&lt;body&gt;
  &lt;div&gt;
    &lt;div
      class=&quot;leafygreen-ui-wn831c&quot;
    /&gt;
  &lt;/div&gt;
  &lt;div&gt;
    &lt;div
      class=&quot;leafygreen-ui-ibhbh4&quot;
    &gt;
      &lt;ul
        class=&quot;leafygreen-ui-1w650fb&quot;
        data-testid=&quot;menu-test-id&quot;
        role=&quot;menu&quot;
      &gt;
        &lt;li&gt;
          &lt;button
            aria-disabled=&quot;false&quot;
            class=&quot;leafygreen-ui-k3twfd&quot;
            data-leafygreen-ui=&quot;menu-item-container&quot;
            role=&quot;menuitem&quot;
          &gt;
            &lt;div
              class=&quot;leafygreen-ui-1700k5z&quot;
            &gt;
              &lt;div
                class=&quot;leafygreen-ui-wbp5c2&quot;
              &gt;
                Item A
              &lt;/div&gt;
            &lt;/div&gt;
          &lt;/button&gt;
        &lt;/li&gt;
        &lt;li
          class=&quot;leafygreen-ui-1xz620q&quot;
          role=&quot;separator&quot;
        /&gt;
        &lt;li&gt;
          &lt;a
            aria-disabled=&quot;false&quot;
            class=&quot;leafygreen-ui-k3twfd&quot;
            data-leafygreen-ui=&quot;menu-item-container&quot;
            href=&quot;http://mongodb.design&quot;
            rel=&quot;&quot;
            role=&quot;menuitem&quot;
            target=&quot;_self&quot;
          &gt;
            &lt;div
              class=&quot;leafygreen-ui-1700k5z&quot;
            &gt;
              &lt;div
                class=&quot;leafygreen-ui-wbp5c2&quot;
              &gt;
                Item B
              &lt;/div&gt;
            &lt;/div&gt;
          &lt;/a&gt;
        &lt;/li&gt;
      &lt;/ul&gt;
    &lt;/div&gt;
  &lt;/div&gt;
  &lt;div&gt;
    &lt;div
      class=&quot;leafygreen-ui-wn831c&quot;
    /&gt;
  &lt;/div&gt;
  &lt;div&gt;
    &lt;div
      class=&quot;leafygreen-ui-ibhbh4&quot;
    &gt;
      &lt;ul
        class=&quot;leafygreen-ui-1w650fb&quot;
        data-testid=&quot;menu-test-id&quot;
        role=&quot;menu&quot;
      &gt;
        &lt;li&gt;
          &lt;button
            aria-disabled=&quot;false&quot;
            class=&quot;leafygreen-ui-k3twfd&quot;
            data-leafygreen-ui=&quot;menu-item-container&quot;
            role=&quot;menuitem&quot;
          &gt;
            &lt;div
              class=&quot;leafygreen-ui-1700k5z&quot;
            &gt;
              &lt;div
                class=&quot;leafygreen-ui-wbp5c2&quot;
              &gt;
                Item A
              &lt;/div&gt;
            &lt;/div&gt;
          &lt;/button&gt;
        &lt;/li&gt;
        &lt;li
          class=&quot;leafygreen-ui-1xz620q&quot;
          role=&quot;separator&quot;
        /&gt;
        &lt;li&gt;
          &lt;a
            aria-disabled=&quot;false&quot;
            class=&quot;leafygreen-ui-k3twfd&quot;
            data-leafygreen-ui=&quot;menu-item-container&quot;
            href=&quot;http://mongodb.design&quot;
            rel=&quot;&quot;
            role=&quot;menuitem&quot;
            target=&quot;_self&quot;
          &gt;
            &lt;div
              class=&quot;leafygreen-ui-1700k5z&quot;
            &gt;
              &lt;div
                class=&quot;leafygreen-ui-wbp5c2&quot;
              &gt;
                Item B
              &lt;/div&gt;
            &lt;/div&gt;
          &lt;/a&gt;
        &lt;/li&gt;
      &lt;/ul&gt;
    &lt;/div&gt;
  &lt;/div&gt;
  &lt;div&gt;
    &lt;button&gt;
      trigger
      &lt;div
        class=&quot;leafygreen-ui-wn831c&quot;
      /&gt;
    &lt;/button&gt;
  &lt;/div&gt;
  &lt;div&gt;
    &lt;div
      class=&quot;leafygreen-ui-1ad9864&quot;
    &gt;
      &lt;ul
        class=&quot;leafygreen-ui-1w650fb&quot;
        data-testid=&quot;menu-test-id&quot;
        role=&quot;menu&quot;
      &gt;
        &lt;li&gt;
          &lt;button
            aria-disabled=&quot;false&quot;
            class=&quot;leafygreen-ui-k3twfd&quot;
            data-leafygreen-ui=&quot;menu-item-container&quot;
            role=&quot;menuitem&quot;
          &gt;
            &lt;div
              class=&quot;leafygreen-ui-1700k5z&quot;
            &gt;
              &lt;div
                class=&quot;leafygreen-ui-wbp5c2&quot;
              &gt;
                Item A
              &lt;/div&gt;
            &lt;/div&gt;
          &lt;/button&gt;
        &lt;/li&gt;
        &lt;li
          class=&quot;leafygreen-ui-1xz620q&quot;
          role=&quot;separator&quot;
        /&gt;
        &lt;li&gt;
          &lt;a
            aria-disabled=&quot;false&quot;
            class=&quot;leafygreen-ui-k3twfd&quot;
            data-leafygreen-ui=&quot;menu-item-container&quot;
            href=&quot;http://mongodb.design&quot;
            rel=&quot;&quot;
            role=&quot;menuitem&quot;
            target=&quot;_self&quot;
          &gt;
            &lt;div
              class=&quot;leafygreen-ui-1700k5z&quot;
            &gt;
              &lt;div
                class=&quot;leafygreen-ui-wbp5c2&quot;
              &gt;
                Item B
              &lt;/div&gt;
            &lt;/div&gt;
          &lt;/a&gt;
        &lt;/li&gt;
      &lt;/ul&gt;
    &lt;/div&gt;
  &lt;/div&gt;
  &lt;div&gt;
    &lt;li&gt;
      &lt;button
        aria-disabled=&quot;false&quot;
        class=&quot;leafygreen-ui-k3twfd&quot;
        data-leafygreen-ui=&quot;menu-item-container&quot;
        data-testid=&quot;menu-item-test-id&quot;
        role=&quot;menuitem&quot;
      &gt;
        &lt;div
          class=&quot;leafygreen-ui-1700k5z&quot;
   ...
    at getElementError (/Users/brookeyalof/Development/MongoDB/leafygreen-ui/packages/menu/node_modules/@testing-library/dom/dist/query-helpers.js:46:10)
    at getMultipleElementsFoundError (/Users/brookeyalof/Development/MongoDB/leafygreen-ui/packages/menu/node_modules/@testing-library/dom/dist/query-helpers.js:50:10)
    at getByText (/Users/brookeyalof/Development/MongoDB/leafygreen-ui/packages/menu/node_modules/@testing-library/dom/dist/query-helpers.js:86:13)
    at renderSubMenuItem (/Users/brookeyalof/Development/MongoDB/leafygreen-ui/packages/menu/src/Menu.spec.tsx:41:25)
    at Object.&lt;anonymous&gt; (/Users/brookeyalof/Development/MongoDB/leafygreen-ui/packages/menu/src/Menu.spec.tsx:128:29)
    at Object.asyncJestTest (/Users/brookeyalof/Development/MongoDB/leafygreen-ui/node_modules/jest-jasmine2/build/jasmineAsyncInstall.js:100:37)
    at /Users/brookeyalof/Development/MongoDB/leafygreen-ui/node_modules/jest-jasmine2/build/queueRunner.js:47:12
    at new Promise (&lt;anonymous&gt;)
    at mapper (/Users/brookeyalof/Development/MongoDB/leafygreen-ui/node_modules/jest-jasmine2/build/queueRunner.js:30:19)
    at /Users/brookeyalof/Development/MongoDB/leafygreen-ui/node_modules/jest-jasmine2/build/queueRunner.js:77:41</failure>
    </testcase>
    <testcase classname="packages/menu/sub-menu onClick is fired when SubMenu is clicked" name="packages/menu/sub-menu onClick is fired when SubMenu is clicked" time="0.02">
      <failure>Error: Found multiple elements with the text: First SubMenu

(If this is intentional, then use the `*AllBy*` variant of the query (like `queryAllByText`, `getAllByText`, or `findAllByText`)).

&lt;body&gt;
  &lt;div&gt;
    &lt;div
      class=&quot;leafygreen-ui-wn831c&quot;
    /&gt;
  &lt;/div&gt;
  &lt;div&gt;
    &lt;div
      class=&quot;leafygreen-ui-ibhbh4&quot;
    &gt;
      &lt;ul
        class=&quot;leafygreen-ui-1w650fb&quot;
        data-testid=&quot;menu-test-id&quot;
        role=&quot;menu&quot;
      &gt;
        &lt;li&gt;
          &lt;button
            aria-disabled=&quot;false&quot;
            class=&quot;leafygreen-ui-k3twfd&quot;
            data-leafygreen-ui=&quot;menu-item-container&quot;
            role=&quot;menuitem&quot;
          &gt;
            &lt;div
              class=&quot;leafygreen-ui-1700k5z&quot;
            &gt;
              &lt;div
                class=&quot;leafygreen-ui-wbp5c2&quot;
              &gt;
                Item A
              &lt;/div&gt;
            &lt;/div&gt;
          &lt;/button&gt;
        &lt;/li&gt;
        &lt;li
          class=&quot;leafygreen-ui-1xz620q&quot;
          role=&quot;separator&quot;
        /&gt;
        &lt;li&gt;
          &lt;a
            aria-disabled=&quot;false&quot;
            class=&quot;leafygreen-ui-k3twfd&quot;
            data-leafygreen-ui=&quot;menu-item-container&quot;
            href=&quot;http://mongodb.design&quot;
            rel=&quot;&quot;
            role=&quot;menuitem&quot;
            target=&quot;_self&quot;
          &gt;
            &lt;div
              class=&quot;leafygreen-ui-1700k5z&quot;
            &gt;
              &lt;div
                class=&quot;leafygreen-ui-wbp5c2&quot;
              &gt;
                Item B
              &lt;/div&gt;
            &lt;/div&gt;
          &lt;/a&gt;
        &lt;/li&gt;
      &lt;/ul&gt;
    &lt;/div&gt;
  &lt;/div&gt;
  &lt;div&gt;
    &lt;div
      class=&quot;leafygreen-ui-wn831c&quot;
    /&gt;
  &lt;/div&gt;
  &lt;div&gt;
    &lt;div
      class=&quot;leafygreen-ui-ibhbh4&quot;
    &gt;
      &lt;ul
        class=&quot;leafygreen-ui-1w650fb&quot;
        data-testid=&quot;menu-test-id&quot;
        role=&quot;menu&quot;
      &gt;
        &lt;li&gt;
          &lt;button
            aria-disabled=&quot;false&quot;
            class=&quot;leafygreen-ui-k3twfd&quot;
            data-leafygreen-ui=&quot;menu-item-container&quot;
            role=&quot;menuitem&quot;
          &gt;
            &lt;div
              class=&quot;leafygreen-ui-1700k5z&quot;
            &gt;
              &lt;div
                class=&quot;leafygreen-ui-wbp5c2&quot;
              &gt;
                Item A
              &lt;/div&gt;
            &lt;/div&gt;
          &lt;/button&gt;
        &lt;/li&gt;
        &lt;li
          class=&quot;leafygreen-ui-1xz620q&quot;
          role=&quot;separator&quot;
        /&gt;
        &lt;li&gt;
          &lt;a
            aria-disabled=&quot;false&quot;
            class=&quot;leafygreen-ui-k3twfd&quot;
            data-leafygreen-ui=&quot;menu-item-container&quot;
            href=&quot;http://mongodb.design&quot;
            rel=&quot;&quot;
            role=&quot;menuitem&quot;
            target=&quot;_self&quot;
          &gt;
            &lt;div
              class=&quot;leafygreen-ui-1700k5z&quot;
            &gt;
              &lt;div
                class=&quot;leafygreen-ui-wbp5c2&quot;
              &gt;
                Item B
              &lt;/div&gt;
            &lt;/div&gt;
          &lt;/a&gt;
        &lt;/li&gt;
      &lt;/ul&gt;
    &lt;/div&gt;
  &lt;/div&gt;
  &lt;div&gt;
    &lt;button&gt;
      trigger
      &lt;div
        class=&quot;leafygreen-ui-wn831c&quot;
      /&gt;
    &lt;/button&gt;
  &lt;/div&gt;
  &lt;div&gt;
    &lt;div
      class=&quot;leafygreen-ui-1ad9864&quot;
    &gt;
      &lt;ul
        class=&quot;leafygreen-ui-1w650fb&quot;
        data-testid=&quot;menu-test-id&quot;
        role=&quot;menu&quot;
      &gt;
        &lt;li&gt;
          &lt;button
            aria-disabled=&quot;false&quot;
            class=&quot;leafygreen-ui-k3twfd&quot;
            data-leafygreen-ui=&quot;menu-item-container&quot;
            role=&quot;menuitem&quot;
          &gt;
            &lt;div
              class=&quot;leafygreen-ui-1700k5z&quot;
            &gt;
              &lt;div
                class=&quot;leafygreen-ui-wbp5c2&quot;
              &gt;
                Item A
              &lt;/div&gt;
            &lt;/div&gt;
          &lt;/button&gt;
        &lt;/li&gt;
        &lt;li
          class=&quot;leafygreen-ui-1xz620q&quot;
          role=&quot;separator&quot;
        /&gt;
        &lt;li&gt;
          &lt;a
            aria-disabled=&quot;false&quot;
            class=&quot;leafygreen-ui-k3twfd&quot;
            data-leafygreen-ui=&quot;menu-item-container&quot;
            href=&quot;http://mongodb.design&quot;
            rel=&quot;&quot;
            role=&quot;menuitem&quot;
            target=&quot;_self&quot;
          &gt;
            &lt;div
              class=&quot;leafygreen-ui-1700k5z&quot;
            &gt;
              &lt;div
                class=&quot;leafygreen-ui-wbp5c2&quot;
              &gt;
                Item B
              &lt;/div&gt;
            &lt;/div&gt;
          &lt;/a&gt;
        &lt;/li&gt;
      &lt;/ul&gt;
    &lt;/div&gt;
  &lt;/div&gt;
  &lt;div&gt;
    &lt;li&gt;
      &lt;button
        aria-disabled=&quot;false&quot;
        class=&quot;leafygreen-ui-k3twfd&quot;
        data-leafygreen-ui=&quot;menu-item-container&quot;
        data-testid=&quot;menu-item-test-id&quot;
        role=&quot;menuitem&quot;
      &gt;
        &lt;div
          class=&quot;leafygreen-ui-1700k5z&quot;
   ...
    at getElementError (/Users/brookeyalof/Development/MongoDB/leafygreen-ui/packages/menu/node_modules/@testing-library/dom/dist/query-helpers.js:46:10)
    at getMultipleElementsFoundError (/Users/brookeyalof/Development/MongoDB/leafygreen-ui/packages/menu/node_modules/@testing-library/dom/dist/query-helpers.js:50:10)
    at getByText (/Users/brookeyalof/Development/MongoDB/leafygreen-ui/packages/menu/node_modules/@testing-library/dom/dist/query-helpers.js:86:13)
    at renderSubMenuItem (/Users/brookeyalof/Development/MongoDB/leafygreen-ui/packages/menu/src/Menu.spec.tsx:41:25)
    at Object.&lt;anonymous&gt; (/Users/brookeyalof/Development/MongoDB/leafygreen-ui/packages/menu/src/Menu.spec.tsx:138:25)
    at Object.asyncJestTest (/Users/brookeyalof/Development/MongoDB/leafygreen-ui/node_modules/jest-jasmine2/build/jasmineAsyncInstall.js:100:37)
    at /Users/brookeyalof/Development/MongoDB/leafygreen-ui/node_modules/jest-jasmine2/build/queueRunner.js:47:12
    at new Promise (&lt;anonymous&gt;)
    at mapper (/Users/brookeyalof/Development/MongoDB/leafygreen-ui/node_modules/jest-jasmine2/build/queueRunner.js:30:19)
    at /Users/brookeyalof/Development/MongoDB/leafygreen-ui/node_modules/jest-jasmine2/build/queueRunner.js:77:41</failure>
    </testcase>
    <testcase classname="packages/menu/sub-menu renders as a button by default" name="packages/menu/sub-menu renders as a button by default" time="0.021">
      <failure>Error: Found multiple elements with the text: First SubMenu

(If this is intentional, then use the `*AllBy*` variant of the query (like `queryAllByText`, `getAllByText`, or `findAllByText`)).

&lt;body&gt;
  &lt;div&gt;
    &lt;div
      class=&quot;leafygreen-ui-wn831c&quot;
    /&gt;
  &lt;/div&gt;
  &lt;div&gt;
    &lt;div
      class=&quot;leafygreen-ui-ibhbh4&quot;
    &gt;
      &lt;ul
        class=&quot;leafygreen-ui-1w650fb&quot;
        data-testid=&quot;menu-test-id&quot;
        role=&quot;menu&quot;
      &gt;
        &lt;li&gt;
          &lt;button
            aria-disabled=&quot;false&quot;
            class=&quot;leafygreen-ui-k3twfd&quot;
            data-leafygreen-ui=&quot;menu-item-container&quot;
            role=&quot;menuitem&quot;
          &gt;
            &lt;div
              class=&quot;leafygreen-ui-1700k5z&quot;
            &gt;
              &lt;div
                class=&quot;leafygreen-ui-wbp5c2&quot;
              &gt;
                Item A
              &lt;/div&gt;
            &lt;/div&gt;
          &lt;/button&gt;
        &lt;/li&gt;
        &lt;li
          class=&quot;leafygreen-ui-1xz620q&quot;
          role=&quot;separator&quot;
        /&gt;
        &lt;li&gt;
          &lt;a
            aria-disabled=&quot;false&quot;
            class=&quot;leafygreen-ui-k3twfd&quot;
            data-leafygreen-ui=&quot;menu-item-container&quot;
            href=&quot;http://mongodb.design&quot;
            rel=&quot;&quot;
            role=&quot;menuitem&quot;
            target=&quot;_self&quot;
          &gt;
            &lt;div
              class=&quot;leafygreen-ui-1700k5z&quot;
            &gt;
              &lt;div
                class=&quot;leafygreen-ui-wbp5c2&quot;
              &gt;
                Item B
              &lt;/div&gt;
            &lt;/div&gt;
          &lt;/a&gt;
        &lt;/li&gt;
      &lt;/ul&gt;
    &lt;/div&gt;
  &lt;/div&gt;
  &lt;div&gt;
    &lt;div
      class=&quot;leafygreen-ui-wn831c&quot;
    /&gt;
  &lt;/div&gt;
  &lt;div&gt;
    &lt;div
      class=&quot;leafygreen-ui-ibhbh4&quot;
    &gt;
      &lt;ul
        class=&quot;leafygreen-ui-1w650fb&quot;
        data-testid=&quot;menu-test-id&quot;
        role=&quot;menu&quot;
      &gt;
        &lt;li&gt;
          &lt;button
            aria-disabled=&quot;false&quot;
            class=&quot;leafygreen-ui-k3twfd&quot;
            data-leafygreen-ui=&quot;menu-item-container&quot;
            role=&quot;menuitem&quot;
          &gt;
            &lt;div
              class=&quot;leafygreen-ui-1700k5z&quot;
            &gt;
              &lt;div
                class=&quot;leafygreen-ui-wbp5c2&quot;
              &gt;
                Item A
              &lt;/div&gt;
            &lt;/div&gt;
          &lt;/button&gt;
        &lt;/li&gt;
        &lt;li
          class=&quot;leafygreen-ui-1xz620q&quot;
          role=&quot;separator&quot;
        /&gt;
        &lt;li&gt;
          &lt;a
            aria-disabled=&quot;false&quot;
            class=&quot;leafygreen-ui-k3twfd&quot;
            data-leafygreen-ui=&quot;menu-item-container&quot;
            href=&quot;http://mongodb.design&quot;
            rel=&quot;&quot;
            role=&quot;menuitem&quot;
            target=&quot;_self&quot;
          &gt;
            &lt;div
              class=&quot;leafygreen-ui-1700k5z&quot;
            &gt;
              &lt;div
                class=&quot;leafygreen-ui-wbp5c2&quot;
              &gt;
                Item B
              &lt;/div&gt;
            &lt;/div&gt;
          &lt;/a&gt;
        &lt;/li&gt;
      &lt;/ul&gt;
    &lt;/div&gt;
  &lt;/div&gt;
  &lt;div&gt;
    &lt;button&gt;
      trigger
      &lt;div
        class=&quot;leafygreen-ui-wn831c&quot;
      /&gt;
    &lt;/button&gt;
  &lt;/div&gt;
  &lt;div&gt;
    &lt;div
      class=&quot;leafygreen-ui-1ad9864&quot;
    &gt;
      &lt;ul
        class=&quot;leafygreen-ui-1w650fb&quot;
        data-testid=&quot;menu-test-id&quot;
        role=&quot;menu&quot;
      &gt;
        &lt;li&gt;
          &lt;button
            aria-disabled=&quot;false&quot;
            class=&quot;leafygreen-ui-k3twfd&quot;
            data-leafygreen-ui=&quot;menu-item-container&quot;
            role=&quot;menuitem&quot;
          &gt;
            &lt;div
              class=&quot;leafygreen-ui-1700k5z&quot;
            &gt;
              &lt;div
                class=&quot;leafygreen-ui-wbp5c2&quot;
              &gt;
                Item A
              &lt;/div&gt;
            &lt;/div&gt;
          &lt;/button&gt;
        &lt;/li&gt;
        &lt;li
          class=&quot;leafygreen-ui-1xz620q&quot;
          role=&quot;separator&quot;
        /&gt;
        &lt;li&gt;
          &lt;a
            aria-disabled=&quot;false&quot;
            class=&quot;leafygreen-ui-k3twfd&quot;
            data-leafygreen-ui=&quot;menu-item-container&quot;
            href=&quot;http://mongodb.design&quot;
            rel=&quot;&quot;
            role=&quot;menuitem&quot;
            target=&quot;_self&quot;
          &gt;
            &lt;div
              class=&quot;leafygreen-ui-1700k5z&quot;
            &gt;
              &lt;div
                class=&quot;leafygreen-ui-wbp5c2&quot;
              &gt;
                Item B
              &lt;/div&gt;
            &lt;/div&gt;
          &lt;/a&gt;
        &lt;/li&gt;
      &lt;/ul&gt;
    &lt;/div&gt;
  &lt;/div&gt;
  &lt;div&gt;
    &lt;li&gt;
      &lt;button
        aria-disabled=&quot;false&quot;
        class=&quot;leafygreen-ui-k3twfd&quot;
        data-leafygreen-ui=&quot;menu-item-container&quot;
        data-testid=&quot;menu-item-test-id&quot;
        role=&quot;menuitem&quot;
      &gt;
        &lt;div
          class=&quot;leafygreen-ui-1700k5z&quot;
   ...
    at getElementError (/Users/brookeyalof/Development/MongoDB/leafygreen-ui/packages/menu/node_modules/@testing-library/dom/dist/query-helpers.js:46:10)
    at getMultipleElementsFoundError (/Users/brookeyalof/Development/MongoDB/leafygreen-ui/packages/menu/node_modules/@testing-library/dom/dist/query-helpers.js:50:10)
    at getByText (/Users/brookeyalof/Development/MongoDB/leafygreen-ui/packages/menu/node_modules/@testing-library/dom/dist/query-helpers.js:86:13)
    at renderSubMenuItem (/Users/brookeyalof/Development/MongoDB/leafygreen-ui/packages/menu/src/Menu.spec.tsx:41:25)
    at Object.&lt;anonymous&gt; (/Users/brookeyalof/Development/MongoDB/leafygreen-ui/packages/menu/src/Menu.spec.tsx:144:29)
    at Object.asyncJestTest (/Users/brookeyalof/Development/MongoDB/leafygreen-ui/node_modules/jest-jasmine2/build/jasmineAsyncInstall.js:100:37)
    at /Users/brookeyalof/Development/MongoDB/leafygreen-ui/node_modules/jest-jasmine2/build/queueRunner.js:47:12
    at new Promise (&lt;anonymous&gt;)
    at mapper (/Users/brookeyalof/Development/MongoDB/leafygreen-ui/node_modules/jest-jasmine2/build/queueRunner.js:30:19)
    at /Users/brookeyalof/Development/MongoDB/leafygreen-ui/node_modules/jest-jasmine2/build/queueRunner.js:77:41</failure>
    </testcase>
    <testcase classname="packages/menu/sub-menu renders inside an anchor tag when the href prop is set" name="packages/menu/sub-menu renders inside an anchor tag when the href prop is set" time="0.024">
      <failure>Error: Found multiple elements with the text: First SubMenu

(If this is intentional, then use the `*AllBy*` variant of the query (like `queryAllByText`, `getAllByText`, or `findAllByText`)).

&lt;body&gt;
  &lt;div&gt;
    &lt;div
      class=&quot;leafygreen-ui-wn831c&quot;
    /&gt;
  &lt;/div&gt;
  &lt;div&gt;
    &lt;div
      class=&quot;leafygreen-ui-ibhbh4&quot;
    &gt;
      &lt;ul
        class=&quot;leafygreen-ui-1w650fb&quot;
        data-testid=&quot;menu-test-id&quot;
        role=&quot;menu&quot;
      &gt;
        &lt;li&gt;
          &lt;button
            aria-disabled=&quot;false&quot;
            class=&quot;leafygreen-ui-k3twfd&quot;
            data-leafygreen-ui=&quot;menu-item-container&quot;
            role=&quot;menuitem&quot;
          &gt;
            &lt;div
              class=&quot;leafygreen-ui-1700k5z&quot;
            &gt;
              &lt;div
                class=&quot;leafygreen-ui-wbp5c2&quot;
              &gt;
                Item A
              &lt;/div&gt;
            &lt;/div&gt;
          &lt;/button&gt;
        &lt;/li&gt;
        &lt;li
          class=&quot;leafygreen-ui-1xz620q&quot;
          role=&quot;separator&quot;
        /&gt;
        &lt;li&gt;
          &lt;a
            aria-disabled=&quot;false&quot;
            class=&quot;leafygreen-ui-k3twfd&quot;
            data-leafygreen-ui=&quot;menu-item-container&quot;
            href=&quot;http://mongodb.design&quot;
            rel=&quot;&quot;
            role=&quot;menuitem&quot;
            target=&quot;_self&quot;
          &gt;
            &lt;div
              class=&quot;leafygreen-ui-1700k5z&quot;
            &gt;
              &lt;div
                class=&quot;leafygreen-ui-wbp5c2&quot;
              &gt;
                Item B
              &lt;/div&gt;
            &lt;/div&gt;
          &lt;/a&gt;
        &lt;/li&gt;
      &lt;/ul&gt;
    &lt;/div&gt;
  &lt;/div&gt;
  &lt;div&gt;
    &lt;div
      class=&quot;leafygreen-ui-wn831c&quot;
    /&gt;
  &lt;/div&gt;
  &lt;div&gt;
    &lt;div
      class=&quot;leafygreen-ui-ibhbh4&quot;
    &gt;
      &lt;ul
        class=&quot;leafygreen-ui-1w650fb&quot;
        data-testid=&quot;menu-test-id&quot;
        role=&quot;menu&quot;
      &gt;
        &lt;li&gt;
          &lt;button
            aria-disabled=&quot;false&quot;
            class=&quot;leafygreen-ui-k3twfd&quot;
            data-leafygreen-ui=&quot;menu-item-container&quot;
            role=&quot;menuitem&quot;
          &gt;
            &lt;div
              class=&quot;leafygreen-ui-1700k5z&quot;
            &gt;
              &lt;div
                class=&quot;leafygreen-ui-wbp5c2&quot;
              &gt;
                Item A
              &lt;/div&gt;
            &lt;/div&gt;
          &lt;/button&gt;
        &lt;/li&gt;
        &lt;li
          class=&quot;leafygreen-ui-1xz620q&quot;
          role=&quot;separator&quot;
        /&gt;
        &lt;li&gt;
          &lt;a
            aria-disabled=&quot;false&quot;
            class=&quot;leafygreen-ui-k3twfd&quot;
            data-leafygreen-ui=&quot;menu-item-container&quot;
            href=&quot;http://mongodb.design&quot;
            rel=&quot;&quot;
            role=&quot;menuitem&quot;
            target=&quot;_self&quot;
          &gt;
            &lt;div
              class=&quot;leafygreen-ui-1700k5z&quot;
            &gt;
              &lt;div
                class=&quot;leafygreen-ui-wbp5c2&quot;
              &gt;
                Item B
              &lt;/div&gt;
            &lt;/div&gt;
          &lt;/a&gt;
        &lt;/li&gt;
      &lt;/ul&gt;
    &lt;/div&gt;
  &lt;/div&gt;
  &lt;div&gt;
    &lt;button&gt;
      trigger
      &lt;div
        class=&quot;leafygreen-ui-wn831c&quot;
      /&gt;
    &lt;/button&gt;
  &lt;/div&gt;
  &lt;div&gt;
    &lt;div
      class=&quot;leafygreen-ui-1ad9864&quot;
    &gt;
      &lt;ul
        class=&quot;leafygreen-ui-1w650fb&quot;
        data-testid=&quot;menu-test-id&quot;
        role=&quot;menu&quot;
      &gt;
        &lt;li&gt;
          &lt;button
            aria-disabled=&quot;false&quot;
            class=&quot;leafygreen-ui-k3twfd&quot;
            data-leafygreen-ui=&quot;menu-item-container&quot;
            role=&quot;menuitem&quot;
          &gt;
            &lt;div
              class=&quot;leafygreen-ui-1700k5z&quot;
            &gt;
              &lt;div
                class=&quot;leafygreen-ui-wbp5c2&quot;
              &gt;
                Item A
              &lt;/div&gt;
            &lt;/div&gt;
          &lt;/button&gt;
        &lt;/li&gt;
        &lt;li
          class=&quot;leafygreen-ui-1xz620q&quot;
          role=&quot;separator&quot;
        /&gt;
        &lt;li&gt;
          &lt;a
            aria-disabled=&quot;false&quot;
            class=&quot;leafygreen-ui-k3twfd&quot;
            data-leafygreen-ui=&quot;menu-item-container&quot;
            href=&quot;http://mongodb.design&quot;
            rel=&quot;&quot;
            role=&quot;menuitem&quot;
            target=&quot;_self&quot;
          &gt;
            &lt;div
              class=&quot;leafygreen-ui-1700k5z&quot;
            &gt;
              &lt;div
                class=&quot;leafygreen-ui-wbp5c2&quot;
              &gt;
                Item B
              &lt;/div&gt;
            &lt;/div&gt;
          &lt;/a&gt;
        &lt;/li&gt;
      &lt;/ul&gt;
    &lt;/div&gt;
  &lt;/div&gt;
  &lt;div&gt;
    &lt;li&gt;
      &lt;button
        aria-disabled=&quot;false&quot;
        class=&quot;leafygreen-ui-k3twfd&quot;
        data-leafygreen-ui=&quot;menu-item-container&quot;
        data-testid=&quot;menu-item-test-id&quot;
        role=&quot;menuitem&quot;
      &gt;
        &lt;div
          class=&quot;leafygreen-ui-1700k5z&quot;
   ...
    at getElementError (/Users/brookeyalof/Development/MongoDB/leafygreen-ui/packages/menu/node_modules/@testing-library/dom/dist/query-helpers.js:46:10)
    at getMultipleElementsFoundError (/Users/brookeyalof/Development/MongoDB/leafygreen-ui/packages/menu/node_modules/@testing-library/dom/dist/query-helpers.js:50:10)
    at getByText (/Users/brookeyalof/Development/MongoDB/leafygreen-ui/packages/menu/node_modules/@testing-library/dom/dist/query-helpers.js:86:13)
    at renderSubMenuItem (/Users/brookeyalof/Development/MongoDB/leafygreen-ui/packages/menu/src/Menu.spec.tsx:41:25)
    at Object.&lt;anonymous&gt; (/Users/brookeyalof/Development/MongoDB/leafygreen-ui/packages/menu/src/Menu.spec.tsx:150:29)
    at Object.asyncJestTest (/Users/brookeyalof/Development/MongoDB/leafygreen-ui/node_modules/jest-jasmine2/build/jasmineAsyncInstall.js:100:37)
    at /Users/brookeyalof/Development/MongoDB/leafygreen-ui/node_modules/jest-jasmine2/build/queueRunner.js:47:12
    at new Promise (&lt;anonymous&gt;)
    at mapper (/Users/brookeyalof/Development/MongoDB/leafygreen-ui/node_modules/jest-jasmine2/build/queueRunner.js:30:19)
    at /Users/brookeyalof/Development/MongoDB/leafygreen-ui/node_modules/jest-jasmine2/build/queueRunner.js:77:41</failure>
    </testcase>
  </testsuite>
  <testsuite name="packages/mongo-nav/on-element-click-provider" errors="0" failures="24" skipped="0" timestamp="2020-07-29T17:05:31" time="61.709" tests="26">
    <testcase classname="packages/mongo-nav/on-element-click-provider by default the onElementClick value is successfully passed to the org-nav-leaf" name="packages/mongo-nav/on-element-click-provider by default the onElementClick value is successfully passed to the org-nav-leaf" time="0.255">
    </testcase>
    <testcase classname="packages/mongo-nav/on-element-click-provider by default the onElementClick value is successfully passed to the org-trigger-settings" name="packages/mongo-nav/on-element-click-provider by default the onElementClick value is successfully passed to the org-trigger-settings" time="4.571">
      <failure>Error: Found multiple elements by: [data-testid=&quot;org-trigger-settings&quot;]

(If this is intentional, then use the `*AllBy*` variant of the query (like `queryAllByText`, `getAllByText`, or `findAllByText`)).

&lt;body&gt;
  &lt;div&gt;
    &lt;section
      class=&quot;leafygreen-ui-ufpynv&quot;
    &gt;
      &lt;nav
        aria-label=&quot;organization navigation&quot;
        class=&quot;leafygreen-ui-8sj84k&quot;
        data-testid=&quot;organization-nav&quot;
      &gt;
        &lt;a
          aria-describedby=&quot;tooltip-4&quot;
          class=&quot;leafygreen-ui-cssveg&quot;
          data-testid=&quot;org-nav-leaf&quot;
          href=&quot;https://cloud.mongodb.com/v2#/org/fakeOrgId1/&quot;
        &gt;
          &lt;svg
            class=&quot;leafygreen-ui-1yq22vy&quot;
            fill=&quot;#21313C&quot;
            viewBox=&quot;0 0 216.56 448.5&quot;
          &gt;
            &lt;title&gt;
              MongoDB LogoMark
            &lt;/title&gt;
            &lt;path
              d=&quot;M202.8,179.68c-23-101.47-71-128.49-83.18-147.59C113,21.7,106.25,5.91,106.25,5.91c-.66,9-1.83,14.7-9.51,21.54C81.36,41.16,16,94.42,10.51,209.72c-5.12,107.5,79,173.8,90.18,180.65,8.54,4.2,19,.08,24-3.77,40.54-27.84,96-102.07,78.06-206.92&quot;
              fill=&quot;#10aa50&quot;
            /&gt;
            &lt;path
              d=&quot;M109.73,333.11c-2.11,26.62-3.63,42.11-9,57.29,0,0,3.54,25.33,6,52.17l8.77,0a488.62,488.62,0,0,1,9.57-56.2C113.71,380.8,110.16,356.46,109.73,333.11Z&quot;
              fill=&quot;#b8c4c2&quot;
            /&gt;
            &lt;path
              d=&quot;M125.06,386.39h0c-11.48-5.3-14.8-30.13-15.31-53.28A1090.8,1090.8,0,0,0,112.2,218.4c-.6-20.07.3-185.92-4.94-210.2,2.12,4.75,7.24,15.91,12.36,23.88,12.23,19.11,60.19,46.13,83.17,147.61C220.7,284.27,165.57,358.37,125.06,386.39Z&quot;
              fill=&quot;#12924f&quot;
            /&gt;
          &lt;/svg&gt;
        &lt;/a&gt;
        &lt;div
          class=&quot;leafygreen-ui-9rcojh&quot;
        &gt;
          &lt;button
            aria-disabled=&quot;false&quot;
            class=&quot;leafygreen-ui-mnwf9p&quot;
            data-leafygreen-ui=&quot;org-trigger&quot;
            data-testid=&quot;org-trigger&quot;
          &gt;
            &lt;svg
              class=&quot;leafygreen-ui-15w0dd1&quot;
              height=&quot;14&quot;
              role=&quot;img&quot;
              title=&quot;Building Icon&quot;
              viewBox=&quot;0 0 16 16&quot;
              width=&quot;14&quot;
            &gt;
              &lt;title&gt;
                Building
              &lt;/title&gt;
              &lt;desc&gt;
                Created with Sketch.
              &lt;/desc&gt;
              &lt;g
                fill=&quot;none&quot;
                fill-rule=&quot;evenodd&quot;
                id=&quot;Building-Copy&quot;
                stroke=&quot;none&quot;
                stroke-width=&quot;1&quot;
              &gt;
                &lt;path
                  d=&quot;M10,4 L14,4 L14,15 L1,15 L1,1 L10,1 L10,4 Z M3,3 L3,13 L8,13 L8,3 L3,3 Z M4,6 L4,4 L5,4 L5,6 L4,6 Z M6,6 L6,4 L7,4 L7,6 L6,6 Z M9,6 L9,13 L12,13 L12,6 L9,6 Z M4,9 L4,7 L5,7 L5,9 L4,9 Z M6,9 L6,7 L7,7 L7,9 L6,9 Z M10,9 L10,7 L11,7 L11,9 L10,9 Z M4,12 L4,10 L5,10 L5,12 L4,12 Z M6,12 L6,10 L7,10 L7,12 L6,12 Z M10,12 L10,10 L11,10 L11,12 L10,12 Z&quot;
                  fill=&quot;currentColor&quot;
                  id=&quot;&quot;
                /&gt;
              &lt;/g&gt;
            &lt;/svg&gt;
            &lt;span
              class=&quot;leafygreen-ui-gzx99w&quot;
              data-testid=&quot;org-select-active-org&quot;
            &gt;
              Demo Organization
            &lt;/span&gt;
            &lt;svg
              class=&quot;leafygreen-ui-1e46tsl&quot;
              height=&quot;14&quot;
              role=&quot;img&quot;
              title=&quot;Caret Down Icon&quot;
              viewBox=&quot;0 0 16 16&quot;
              width=&quot;14&quot;
            &gt;
              &lt;title&gt;
                CaretDown
              &lt;/title&gt;
              &lt;desc&gt;
                Created with Sketch.
              &lt;/desc&gt;
              &lt;g
                fill=&quot;none&quot;
                fill-rule=&quot;evenodd&quot;
                id=&quot;CaretDown-Copy&quot;
                stroke=&quot;none&quot;
                stroke-width=&quot;1&quot;
              &gt;
                &lt;path
                  d=&quot;M4.67285687,6 L11.3271431,6 C11.9254697,6 12.224633,6.775217 11.8024493,7.22717749 L8.47530616,10.7889853 C8.21248981,11.0703382 7.78751019,11.0703382 7.52748976,10.7889853 L4.19755071,7.22717749 C3.77536701,6.775217 4.07453029,6 4.67285687,6 Z&quot;
                  fill=&quot;currentColor&quot;
                  id=&quot;Path&quot;
                /&gt;
              &lt;/g&gt;
            &lt;/svg&gt;
          &lt;/button&gt;
          &lt;div
            class=&quot;leafygreen-ui-1wt0cgk&quot;
          /&gt;
        &lt;/div&gt;
        &lt;a
          aria-disabled=&quot;false&quot;
          aria-label=&quot;settings&quot;
          class=&quot;leafygreen-ui-16ffnxw&quot;
          data-leafygreen-ui=&quot;anchor-data-prop&quot;
          data-testid=&quot;org-trigger-settings&quot;
          href=&quot;https://cloud.mongodb.com/v2#/org/fakeOrgId1/settings/general&quot;
          tabindex=&quot;0&quot;
        &gt;
          &lt;svg
            class=&quot;&quot;
            height=&quot;16&quot;
            role=&quot;img&quot;
            title=&quot;Settings Icon&quot;
            viewBox=&quot;0 0 16 16&quot;
            width=&quot;16&quot;
          &gt;
            &lt;title&gt;
              Settings
            &lt;/title&gt;
            &lt;desc&gt;
              Created with Sketch.
            &lt;/desc&gt;
            &lt;g
              fill=&quot;none&quot;
              fill-rule=&quot;evenodd&quot;
              id=&quot;Settings-Copy&quot;
              stroke=&quot;none&quot;
              stroke-width...
    at getElementError (/Users/brookeyalof/Development/MongoDB/leafygreen-ui/packages/mongo-nav/node_modules/@testing-library/dom/dist/query-helpers.js:46:10)
    at getMultipleElementsFoundError (/Users/brookeyalof/Development/MongoDB/leafygreen-ui/packages/mongo-nav/node_modules/@testing-library/dom/dist/query-helpers.js:50:10)
    at /Users/brookeyalof/Development/MongoDB/leafygreen-ui/packages/mongo-nav/node_modules/@testing-library/dom/dist/query-helpers.js:86:13
    at /Users/brookeyalof/Development/MongoDB/leafygreen-ui/packages/mongo-nav/node_modules/@testing-library/dom/dist/query-helpers.js:110:105
    at onMutation (/Users/brookeyalof/Development/MongoDB/leafygreen-ui/packages/mongo-nav/node_modules/@testing-library/dom/dist/wait-for-element.js:46:24)
    at /Users/brookeyalof/Development/MongoDB/leafygreen-ui/packages/mongo-nav/node_modules/@testing-library/dom/dist/wait-for-element.js:62:5
    at new Promise (&lt;anonymous&gt;)
    at waitForElement (/Users/brookeyalof/Development/MongoDB/leafygreen-ui/packages/mongo-nav/node_modules/@testing-library/dom/dist/wait-for-element.js:22:10)
    at /Users/brookeyalof/Development/MongoDB/leafygreen-ui/packages/mongo-nav/node_modules/@testing-library/dom/dist/wait-for-element.js:67:54
    at /Users/brookeyalof/Development/MongoDB/leafygreen-ui/packages/mongo-nav/node_modules/@testing-library/react/dist/index.js:51:22
    at batchedUpdates$1 (/Users/brookeyalof/Development/MongoDB/leafygreen-ui/node_modules/react-dom/cjs/react-dom.development.js:21856:12)
    at act (/Users/brookeyalof/Development/MongoDB/leafygreen-ui/node_modules/react-dom/cjs/react-dom-test-utils.development.js:929:14)
    at asyncAct (/Users/brookeyalof/Development/MongoDB/leafygreen-ui/packages/mongo-nav/node_modules/@testing-library/react/dist/act-compat.js:116:12)
    at Object.asyncWrapper (/Users/brookeyalof/Development/MongoDB/leafygreen-ui/packages/mongo-nav/node_modules/@testing-library/react/dist/index.js:50:35)
    at waitForElementWrapper (/Users/brookeyalof/Development/MongoDB/leafygreen-ui/packages/mongo-nav/node_modules/@testing-library/dom/dist/wait-for-element.js:67:35)
    at findByTestId (/Users/brookeyalof/Development/MongoDB/leafygreen-ui/packages/mongo-nav/node_modules/@testing-library/dom/dist/query-helpers.js:110:98)
    at _callee$ (/Users/brookeyalof/Development/MongoDB/leafygreen-ui/packages/mongo-nav/src/on-element-click-provider/OnElementClick.spec.tsx:58:29)
    at tryCatch (/Users/brookeyalof/Development/MongoDB/leafygreen-ui/node_modules/regenerator-runtime/runtime.js:45:40)
    at Generator.invoke [as _invoke] (/Users/brookeyalof/Development/MongoDB/leafygreen-ui/node_modules/regenerator-runtime/runtime.js:274:22)
    at Generator.prototype.&lt;computed&gt; [as next] (/Users/brookeyalof/Development/MongoDB/leafygreen-ui/node_modules/regenerator-runtime/runtime.js:97:21)
    at asyncGeneratorStep (/Users/brookeyalof/Development/MongoDB/leafygreen-ui/packages/mongo-nav/src/on-element-click-provider/OnElementClick.spec.tsx:17:103)
    at _next (/Users/brookeyalof/Development/MongoDB/leafygreen-ui/packages/mongo-nav/src/on-element-click-provider/OnElementClick.spec.tsx:19:194)
    at /Users/brookeyalof/Development/MongoDB/leafygreen-ui/packages/mongo-nav/src/on-element-click-provider/OnElementClick.spec.tsx:19:364
    at new Promise (&lt;anonymous&gt;)
    at /Users/brookeyalof/Development/MongoDB/leafygreen-ui/packages/mongo-nav/src/on-element-click-provider/OnElementClick.spec.tsx:19:97
    at fn (/Users/brookeyalof/Development/MongoDB/leafygreen-ui/packages/mongo-nav/src/on-element-click-provider/OnElementClick.spec.tsx:57:11)
    at /Users/brookeyalof/Development/MongoDB/leafygreen-ui/packages/testing-lib/dist/webpack:/src/jest-dom.ts:17:14
    at /Users/brookeyalof/Development/MongoDB/leafygreen-ui/packages/testing-lib/dist/webpack:/src/context.ts:98:26
    at /Users/brookeyalof/Development/MongoDB/leafygreen-ui/packages/testing-lib/dist/webpack:/src/context.ts:76:23
    at asyncCompose (/Users/brookeyalof/Development/MongoDB/leafygreen-ui/packages/testing-lib/dist/webpack:/src/context.ts:98:26)
    at outerFn (/Users/brookeyalof/Development/MongoDB/leafygreen-ui/packages/testing-lib/dist/webpack:/src/context.ts:124:7)
    at asyncCompose (/Users/brookeyalof/Development/MongoDB/leafygreen-ui/packages/testing-lib/dist/webpack:/src/context.ts:104:12)
    at e.within (/Users/brookeyalof/Development/MongoDB/leafygreen-ui/packages/testing-lib/dist/webpack:/src/context.ts:119:10)
    at Object.silenceNavigationErrors (/Users/brookeyalof/Development/MongoDB/leafygreen-ui/packages/testing-lib/dist/webpack:/src/jest-dom.ts:9:3)
    at _callee2$ (/Users/brookeyalof/Development/MongoDB/leafygreen-ui/packages/mongo-nav/src/on-element-click-provider/OnElementClick.spec.tsx:57:19)
    at tryCatch (/Users/brookeyalof/Development/MongoDB/leafygreen-ui/node_modules/regenerator-runtime/runtime.js:45:40)
    at Generator.invoke [as _invoke] (/Users/brookeyalof/Development/MongoDB/leafygreen-ui/node_modules/regenerator-runtime/runtime.js:274:22)
    at Generator.prototype.&lt;computed&gt; [as next] (/Users/brookeyalof/Development/MongoDB/leafygreen-ui/node_modules/regenerator-runtime/runtime.js:97:21)
    at asyncGeneratorStep (/Users/brookeyalof/Development/MongoDB/leafygreen-ui/packages/mongo-nav/src/on-element-click-provider/OnElementClick.spec.tsx:17:103)
    at _next (/Users/brookeyalof/Development/MongoDB/leafygreen-ui/packages/mongo-nav/src/on-element-click-provider/OnElementClick.spec.tsx:19:194)
    at /Users/brookeyalof/Development/MongoDB/leafygreen-ui/packages/mongo-nav/src/on-element-click-provider/OnElementClick.spec.tsx:19:364
    at new Promise (&lt;anonymous&gt;)
    at Object.&lt;anonymous&gt; (/Users/brookeyalof/Development/MongoDB/leafygreen-ui/packages/mongo-nav/src/on-element-click-provider/OnElementClick.spec.tsx:19:97)
    at Object.asyncJestTest (/Users/brookeyalof/Development/MongoDB/leafygreen-ui/node_modules/jest-jasmine2/build/jasmineAsyncInstall.js:100:37)
    at /Users/brookeyalof/Development/MongoDB/leafygreen-ui/node_modules/jest-jasmine2/build/queueRunner.js:47:12
    at new Promise (&lt;anonymous&gt;)
    at mapper (/Users/brookeyalof/Development/MongoDB/leafygreen-ui/node_modules/jest-jasmine2/build/queueRunner.js:30:19)
    at /Users/brookeyalof/Development/MongoDB/leafygreen-ui/node_modules/jest-jasmine2/build/queueRunner.js:77:41</failure>
    </testcase>
    <testcase classname="packages/mongo-nav/on-element-click-provider by default the onElementClick value is successfully passed to the org-nav-access-manager-dropdown" name="packages/mongo-nav/on-element-click-provider by default the onElementClick value is successfully passed to the org-nav-access-manager-dropdown" time="4.55">
      <failure>Error: Found multiple elements by: [data-testid=&quot;org-nav-access-manager-dropdown&quot;]

(If this is intentional, then use the `*AllBy*` variant of the query (like `queryAllByText`, `getAllByText`, or `findAllByText`)).

&lt;body&gt;
  &lt;div&gt;
    &lt;section
      class=&quot;leafygreen-ui-ufpynv&quot;
    &gt;
      &lt;nav
        aria-label=&quot;organization navigation&quot;
        class=&quot;leafygreen-ui-8sj84k&quot;
        data-testid=&quot;organization-nav&quot;
      &gt;
        &lt;a
          aria-describedby=&quot;tooltip-4&quot;
          class=&quot;leafygreen-ui-cssveg&quot;
          data-testid=&quot;org-nav-leaf&quot;
          href=&quot;https://cloud.mongodb.com/v2#/org/fakeOrgId1/&quot;
        &gt;
          &lt;svg
            class=&quot;leafygreen-ui-1yq22vy&quot;
            fill=&quot;#21313C&quot;
            viewBox=&quot;0 0 216.56 448.5&quot;
          &gt;
            &lt;title&gt;
              MongoDB LogoMark
            &lt;/title&gt;
            &lt;path
              d=&quot;M202.8,179.68c-23-101.47-71-128.49-83.18-147.59C113,21.7,106.25,5.91,106.25,5.91c-.66,9-1.83,14.7-9.51,21.54C81.36,41.16,16,94.42,10.51,209.72c-5.12,107.5,79,173.8,90.18,180.65,8.54,4.2,19,.08,24-3.77,40.54-27.84,96-102.07,78.06-206.92&quot;
              fill=&quot;#10aa50&quot;
            /&gt;
            &lt;path
              d=&quot;M109.73,333.11c-2.11,26.62-3.63,42.11-9,57.29,0,0,3.54,25.33,6,52.17l8.77,0a488.62,488.62,0,0,1,9.57-56.2C113.71,380.8,110.16,356.46,109.73,333.11Z&quot;
              fill=&quot;#b8c4c2&quot;
            /&gt;
            &lt;path
              d=&quot;M125.06,386.39h0c-11.48-5.3-14.8-30.13-15.31-53.28A1090.8,1090.8,0,0,0,112.2,218.4c-.6-20.07.3-185.92-4.94-210.2,2.12,4.75,7.24,15.91,12.36,23.88,12.23,19.11,60.19,46.13,83.17,147.61C220.7,284.27,165.57,358.37,125.06,386.39Z&quot;
              fill=&quot;#12924f&quot;
            /&gt;
          &lt;/svg&gt;
        &lt;/a&gt;
        &lt;div
          class=&quot;leafygreen-ui-9rcojh&quot;
        &gt;
          &lt;button
            aria-disabled=&quot;false&quot;
            class=&quot;leafygreen-ui-mnwf9p&quot;
            data-leafygreen-ui=&quot;org-trigger&quot;
            data-testid=&quot;org-trigger&quot;
          &gt;
            &lt;svg
              class=&quot;leafygreen-ui-15w0dd1&quot;
              height=&quot;14&quot;
              role=&quot;img&quot;
              title=&quot;Building Icon&quot;
              viewBox=&quot;0 0 16 16&quot;
              width=&quot;14&quot;
            &gt;
              &lt;title&gt;
                Building
              &lt;/title&gt;
              &lt;desc&gt;
                Created with Sketch.
              &lt;/desc&gt;
              &lt;g
                fill=&quot;none&quot;
                fill-rule=&quot;evenodd&quot;
                id=&quot;Building-Copy&quot;
                stroke=&quot;none&quot;
                stroke-width=&quot;1&quot;
              &gt;
                &lt;path
                  d=&quot;M10,4 L14,4 L14,15 L1,15 L1,1 L10,1 L10,4 Z M3,3 L3,13 L8,13 L8,3 L3,3 Z M4,6 L4,4 L5,4 L5,6 L4,6 Z M6,6 L6,4 L7,4 L7,6 L6,6 Z M9,6 L9,13 L12,13 L12,6 L9,6 Z M4,9 L4,7 L5,7 L5,9 L4,9 Z M6,9 L6,7 L7,7 L7,9 L6,9 Z M10,9 L10,7 L11,7 L11,9 L10,9 Z M4,12 L4,10 L5,10 L5,12 L4,12 Z M6,12 L6,10 L7,10 L7,12 L6,12 Z M10,12 L10,10 L11,10 L11,12 L10,12 Z&quot;
                  fill=&quot;currentColor&quot;
                  id=&quot;&quot;
                /&gt;
              &lt;/g&gt;
            &lt;/svg&gt;
            &lt;span
              class=&quot;leafygreen-ui-gzx99w&quot;
              data-testid=&quot;org-select-active-org&quot;
            &gt;
              Demo Organization
            &lt;/span&gt;
            &lt;svg
              class=&quot;leafygreen-ui-1e46tsl&quot;
              height=&quot;14&quot;
              role=&quot;img&quot;
              title=&quot;Caret Down Icon&quot;
              viewBox=&quot;0 0 16 16&quot;
              width=&quot;14&quot;
            &gt;
              &lt;title&gt;
                CaretDown
              &lt;/title&gt;
              &lt;desc&gt;
                Created with Sketch.
              &lt;/desc&gt;
              &lt;g
                fill=&quot;none&quot;
                fill-rule=&quot;evenodd&quot;
                id=&quot;CaretDown-Copy&quot;
                stroke=&quot;none&quot;
                stroke-width=&quot;1&quot;
              &gt;
                &lt;path
                  d=&quot;M4.67285687,6 L11.3271431,6 C11.9254697,6 12.224633,6.775217 11.8024493,7.22717749 L8.47530616,10.7889853 C8.21248981,11.0703382 7.78751019,11.0703382 7.52748976,10.7889853 L4.19755071,7.22717749 C3.77536701,6.775217 4.07453029,6 4.67285687,6 Z&quot;
                  fill=&quot;currentColor&quot;
                  id=&quot;Path&quot;
                /&gt;
              &lt;/g&gt;
            &lt;/svg&gt;
          &lt;/button&gt;
          &lt;div
            class=&quot;leafygreen-ui-1wt0cgk&quot;
          /&gt;
        &lt;/div&gt;
        &lt;a
          aria-disabled=&quot;false&quot;
          aria-label=&quot;settings&quot;
          class=&quot;leafygreen-ui-16ffnxw&quot;
          data-leafygreen-ui=&quot;anchor-data-prop&quot;
          data-testid=&quot;org-trigger-settings&quot;
          href=&quot;https://cloud.mongodb.com/v2#/org/fakeOrgId1/settings/general&quot;
          tabindex=&quot;0&quot;
        &gt;
          &lt;svg
            class=&quot;&quot;
            height=&quot;16&quot;
            role=&quot;img&quot;
            title=&quot;Settings Icon&quot;
            viewBox=&quot;0 0 16 16&quot;
            width=&quot;16&quot;
          &gt;
            &lt;title&gt;
              Settings
            &lt;/title&gt;
            &lt;desc&gt;
              Created with Sketch.
            &lt;/desc&gt;
            &lt;g
              fill=&quot;none&quot;
              fill-rule=&quot;evenodd&quot;
              id=&quot;Settings-Copy&quot;
              stroke=&quot;none&quot;
              stroke-width...
    at getElementError (/Users/brookeyalof/Development/MongoDB/leafygreen-ui/packages/mongo-nav/node_modules/@testing-library/dom/dist/query-helpers.js:46:10)
    at getMultipleElementsFoundError (/Users/brookeyalof/Development/MongoDB/leafygreen-ui/packages/mongo-nav/node_modules/@testing-library/dom/dist/query-helpers.js:50:10)
    at /Users/brookeyalof/Development/MongoDB/leafygreen-ui/packages/mongo-nav/node_modules/@testing-library/dom/dist/query-helpers.js:86:13
    at /Users/brookeyalof/Development/MongoDB/leafygreen-ui/packages/mongo-nav/node_modules/@testing-library/dom/dist/query-helpers.js:110:105
    at onMutation (/Users/brookeyalof/Development/MongoDB/leafygreen-ui/packages/mongo-nav/node_modules/@testing-library/dom/dist/wait-for-element.js:46:24)
    at /Users/brookeyalof/Development/MongoDB/leafygreen-ui/packages/mongo-nav/node_modules/@testing-library/dom/dist/wait-for-element.js:62:5
    at new Promise (&lt;anonymous&gt;)
    at waitForElement (/Users/brookeyalof/Development/MongoDB/leafygreen-ui/packages/mongo-nav/node_modules/@testing-library/dom/dist/wait-for-element.js:22:10)
    at /Users/brookeyalof/Development/MongoDB/leafygreen-ui/packages/mongo-nav/node_modules/@testing-library/dom/dist/wait-for-element.js:67:54
    at /Users/brookeyalof/Development/MongoDB/leafygreen-ui/packages/mongo-nav/node_modules/@testing-library/react/dist/index.js:51:22
    at batchedUpdates$1 (/Users/brookeyalof/Development/MongoDB/leafygreen-ui/node_modules/react-dom/cjs/react-dom.development.js:21856:12)
    at act (/Users/brookeyalof/Development/MongoDB/leafygreen-ui/node_modules/react-dom/cjs/react-dom-test-utils.development.js:929:14)
    at asyncAct (/Users/brookeyalof/Development/MongoDB/leafygreen-ui/packages/mongo-nav/node_modules/@testing-library/react/dist/act-compat.js:116:12)
    at Object.asyncWrapper (/Users/brookeyalof/Development/MongoDB/leafygreen-ui/packages/mongo-nav/node_modules/@testing-library/react/dist/index.js:50:35)
    at waitForElementWrapper (/Users/brookeyalof/Development/MongoDB/leafygreen-ui/packages/mongo-nav/node_modules/@testing-library/dom/dist/wait-for-element.js:67:35)
    at findByTestId (/Users/brookeyalof/Development/MongoDB/leafygreen-ui/packages/mongo-nav/node_modules/@testing-library/dom/dist/query-helpers.js:110:98)
    at _callee$ (/Users/brookeyalof/Development/MongoDB/leafygreen-ui/packages/mongo-nav/src/on-element-click-provider/OnElementClick.spec.tsx:58:29)
    at tryCatch (/Users/brookeyalof/Development/MongoDB/leafygreen-ui/node_modules/regenerator-runtime/runtime.js:45:40)
    at Generator.invoke [as _invoke] (/Users/brookeyalof/Development/MongoDB/leafygreen-ui/node_modules/regenerator-runtime/runtime.js:274:22)
    at Generator.prototype.&lt;computed&gt; [as next] (/Users/brookeyalof/Development/MongoDB/leafygreen-ui/node_modules/regenerator-runtime/runtime.js:97:21)
    at asyncGeneratorStep (/Users/brookeyalof/Development/MongoDB/leafygreen-ui/packages/mongo-nav/src/on-element-click-provider/OnElementClick.spec.tsx:17:103)
    at _next (/Users/brookeyalof/Development/MongoDB/leafygreen-ui/packages/mongo-nav/src/on-element-click-provider/OnElementClick.spec.tsx:19:194)
    at /Users/brookeyalof/Development/MongoDB/leafygreen-ui/packages/mongo-nav/src/on-element-click-provider/OnElementClick.spec.tsx:19:364
    at new Promise (&lt;anonymous&gt;)
    at /Users/brookeyalof/Development/MongoDB/leafygreen-ui/packages/mongo-nav/src/on-element-click-provider/OnElementClick.spec.tsx:19:97
    at fn (/Users/brookeyalof/Development/MongoDB/leafygreen-ui/packages/mongo-nav/src/on-element-click-provider/OnElementClick.spec.tsx:57:11)
    at /Users/brookeyalof/Development/MongoDB/leafygreen-ui/packages/testing-lib/dist/webpack:/src/jest-dom.ts:17:14
    at /Users/brookeyalof/Development/MongoDB/leafygreen-ui/packages/testing-lib/dist/webpack:/src/context.ts:98:26
    at /Users/brookeyalof/Development/MongoDB/leafygreen-ui/packages/testing-lib/dist/webpack:/src/context.ts:76:23
    at asyncCompose (/Users/brookeyalof/Development/MongoDB/leafygreen-ui/packages/testing-lib/dist/webpack:/src/context.ts:98:26)
    at outerFn (/Users/brookeyalof/Development/MongoDB/leafygreen-ui/packages/testing-lib/dist/webpack:/src/context.ts:124:7)
    at asyncCompose (/Users/brookeyalof/Development/MongoDB/leafygreen-ui/packages/testing-lib/dist/webpack:/src/context.ts:104:12)
    at e.within (/Users/brookeyalof/Development/MongoDB/leafygreen-ui/packages/testing-lib/dist/webpack:/src/context.ts:119:10)
    at Object.silenceNavigationErrors (/Users/brookeyalof/Development/MongoDB/leafygreen-ui/packages/testing-lib/dist/webpack:/src/jest-dom.ts:9:3)
    at _callee2$ (/Users/brookeyalof/Development/MongoDB/leafygreen-ui/packages/mongo-nav/src/on-element-click-provider/OnElementClick.spec.tsx:57:19)
    at tryCatch (/Users/brookeyalof/Development/MongoDB/leafygreen-ui/node_modules/regenerator-runtime/runtime.js:45:40)
    at Generator.invoke [as _invoke] (/Users/brookeyalof/Development/MongoDB/leafygreen-ui/node_modules/regenerator-runtime/runtime.js:274:22)
    at Generator.prototype.&lt;computed&gt; [as next] (/Users/brookeyalof/Development/MongoDB/leafygreen-ui/node_modules/regenerator-runtime/runtime.js:97:21)
    at asyncGeneratorStep (/Users/brookeyalof/Development/MongoDB/leafygreen-ui/packages/mongo-nav/src/on-element-click-provider/OnElementClick.spec.tsx:17:103)
    at _next (/Users/brookeyalof/Development/MongoDB/leafygreen-ui/packages/mongo-nav/src/on-element-click-provider/OnElementClick.spec.tsx:19:194)
    at /Users/brookeyalof/Development/MongoDB/leafygreen-ui/packages/mongo-nav/src/on-element-click-provider/OnElementClick.spec.tsx:19:364
    at new Promise (&lt;anonymous&gt;)
    at Object.&lt;anonymous&gt; (/Users/brookeyalof/Development/MongoDB/leafygreen-ui/packages/mongo-nav/src/on-element-click-provider/OnElementClick.spec.tsx:19:97)
    at Object.asyncJestTest (/Users/brookeyalof/Development/MongoDB/leafygreen-ui/node_modules/jest-jasmine2/build/jasmineAsyncInstall.js:100:37)
    at /Users/brookeyalof/Development/MongoDB/leafygreen-ui/node_modules/jest-jasmine2/build/queueRunner.js:47:12
    at new Promise (&lt;anonymous&gt;)
    at mapper (/Users/brookeyalof/Development/MongoDB/leafygreen-ui/node_modules/jest-jasmine2/build/queueRunner.js:30:19)
    at /Users/brookeyalof/Development/MongoDB/leafygreen-ui/node_modules/jest-jasmine2/build/queueRunner.js:77:41</failure>
    </testcase>
    <testcase classname="packages/mongo-nav/on-element-click-provider by default the onElementClick value is successfully passed to the org-nav-support" name="packages/mongo-nav/on-element-click-provider by default the onElementClick value is successfully passed to the org-nav-support" time="4.626">
      <failure>Error: Found multiple elements by: [data-testid=&quot;org-nav-support&quot;]

(If this is intentional, then use the `*AllBy*` variant of the query (like `queryAllByText`, `getAllByText`, or `findAllByText`)).

&lt;body&gt;
  &lt;div&gt;
    &lt;section
      class=&quot;leafygreen-ui-ufpynv&quot;
    &gt;
      &lt;nav
        aria-label=&quot;organization navigation&quot;
        class=&quot;leafygreen-ui-8sj84k&quot;
        data-testid=&quot;organization-nav&quot;
      &gt;
        &lt;a
          aria-describedby=&quot;tooltip-4&quot;
          class=&quot;leafygreen-ui-cssveg&quot;
          data-testid=&quot;org-nav-leaf&quot;
          href=&quot;https://cloud.mongodb.com/v2#/org/fakeOrgId1/&quot;
        &gt;
          &lt;svg
            class=&quot;leafygreen-ui-1yq22vy&quot;
            fill=&quot;#21313C&quot;
            viewBox=&quot;0 0 216.56 448.5&quot;
          &gt;
            &lt;title&gt;
              MongoDB LogoMark
            &lt;/title&gt;
            &lt;path
              d=&quot;M202.8,179.68c-23-101.47-71-128.49-83.18-147.59C113,21.7,106.25,5.91,106.25,5.91c-.66,9-1.83,14.7-9.51,21.54C81.36,41.16,16,94.42,10.51,209.72c-5.12,107.5,79,173.8,90.18,180.65,8.54,4.2,19,.08,24-3.77,40.54-27.84,96-102.07,78.06-206.92&quot;
              fill=&quot;#10aa50&quot;
            /&gt;
            &lt;path
              d=&quot;M109.73,333.11c-2.11,26.62-3.63,42.11-9,57.29,0,0,3.54,25.33,6,52.17l8.77,0a488.62,488.62,0,0,1,9.57-56.2C113.71,380.8,110.16,356.46,109.73,333.11Z&quot;
              fill=&quot;#b8c4c2&quot;
            /&gt;
            &lt;path
              d=&quot;M125.06,386.39h0c-11.48-5.3-14.8-30.13-15.31-53.28A1090.8,1090.8,0,0,0,112.2,218.4c-.6-20.07.3-185.92-4.94-210.2,2.12,4.75,7.24,15.91,12.36,23.88,12.23,19.11,60.19,46.13,83.17,147.61C220.7,284.27,165.57,358.37,125.06,386.39Z&quot;
              fill=&quot;#12924f&quot;
            /&gt;
          &lt;/svg&gt;
        &lt;/a&gt;
        &lt;div
          class=&quot;leafygreen-ui-9rcojh&quot;
        &gt;
          &lt;button
            aria-disabled=&quot;false&quot;
            class=&quot;leafygreen-ui-mnwf9p&quot;
            data-leafygreen-ui=&quot;org-trigger&quot;
            data-testid=&quot;org-trigger&quot;
          &gt;
            &lt;svg
              class=&quot;leafygreen-ui-15w0dd1&quot;
              height=&quot;14&quot;
              role=&quot;img&quot;
              title=&quot;Building Icon&quot;
              viewBox=&quot;0 0 16 16&quot;
              width=&quot;14&quot;
            &gt;
              &lt;title&gt;
                Building
              &lt;/title&gt;
              &lt;desc&gt;
                Created with Sketch.
              &lt;/desc&gt;
              &lt;g
                fill=&quot;none&quot;
                fill-rule=&quot;evenodd&quot;
                id=&quot;Building-Copy&quot;
                stroke=&quot;none&quot;
                stroke-width=&quot;1&quot;
              &gt;
                &lt;path
                  d=&quot;M10,4 L14,4 L14,15 L1,15 L1,1 L10,1 L10,4 Z M3,3 L3,13 L8,13 L8,3 L3,3 Z M4,6 L4,4 L5,4 L5,6 L4,6 Z M6,6 L6,4 L7,4 L7,6 L6,6 Z M9,6 L9,13 L12,13 L12,6 L9,6 Z M4,9 L4,7 L5,7 L5,9 L4,9 Z M6,9 L6,7 L7,7 L7,9 L6,9 Z M10,9 L10,7 L11,7 L11,9 L10,9 Z M4,12 L4,10 L5,10 L5,12 L4,12 Z M6,12 L6,10 L7,10 L7,12 L6,12 Z M10,12 L10,10 L11,10 L11,12 L10,12 Z&quot;
                  fill=&quot;currentColor&quot;
                  id=&quot;&quot;
                /&gt;
              &lt;/g&gt;
            &lt;/svg&gt;
            &lt;span
              class=&quot;leafygreen-ui-gzx99w&quot;
              data-testid=&quot;org-select-active-org&quot;
            &gt;
              Demo Organization
            &lt;/span&gt;
            &lt;svg
              class=&quot;leafygreen-ui-1e46tsl&quot;
              height=&quot;14&quot;
              role=&quot;img&quot;
              title=&quot;Caret Down Icon&quot;
              viewBox=&quot;0 0 16 16&quot;
              width=&quot;14&quot;
            &gt;
              &lt;title&gt;
                CaretDown
              &lt;/title&gt;
              &lt;desc&gt;
                Created with Sketch.
              &lt;/desc&gt;
              &lt;g
                fill=&quot;none&quot;
                fill-rule=&quot;evenodd&quot;
                id=&quot;CaretDown-Copy&quot;
                stroke=&quot;none&quot;
                stroke-width=&quot;1&quot;
              &gt;
                &lt;path
                  d=&quot;M4.67285687,6 L11.3271431,6 C11.9254697,6 12.224633,6.775217 11.8024493,7.22717749 L8.47530616,10.7889853 C8.21248981,11.0703382 7.78751019,11.0703382 7.52748976,10.7889853 L4.19755071,7.22717749 C3.77536701,6.775217 4.07453029,6 4.67285687,6 Z&quot;
                  fill=&quot;currentColor&quot;
                  id=&quot;Path&quot;
                /&gt;
              &lt;/g&gt;
            &lt;/svg&gt;
          &lt;/button&gt;
          &lt;div
            class=&quot;leafygreen-ui-1wt0cgk&quot;
          /&gt;
        &lt;/div&gt;
        &lt;a
          aria-disabled=&quot;false&quot;
          aria-label=&quot;settings&quot;
          class=&quot;leafygreen-ui-16ffnxw&quot;
          data-leafygreen-ui=&quot;anchor-data-prop&quot;
          data-testid=&quot;org-trigger-settings&quot;
          href=&quot;https://cloud.mongodb.com/v2#/org/fakeOrgId1/settings/general&quot;
          tabindex=&quot;0&quot;
        &gt;
          &lt;svg
            class=&quot;&quot;
            height=&quot;16&quot;
            role=&quot;img&quot;
            title=&quot;Settings Icon&quot;
            viewBox=&quot;0 0 16 16&quot;
            width=&quot;16&quot;
          &gt;
            &lt;title&gt;
              Settings
            &lt;/title&gt;
            &lt;desc&gt;
              Created with Sketch.
            &lt;/desc&gt;
            &lt;g
              fill=&quot;none&quot;
              fill-rule=&quot;evenodd&quot;
              id=&quot;Settings-Copy&quot;
              stroke=&quot;none&quot;
              stroke-width...
    at getElementError (/Users/brookeyalof/Development/MongoDB/leafygreen-ui/packages/mongo-nav/node_modules/@testing-library/dom/dist/query-helpers.js:46:10)
    at getMultipleElementsFoundError (/Users/brookeyalof/Development/MongoDB/leafygreen-ui/packages/mongo-nav/node_modules/@testing-library/dom/dist/query-helpers.js:50:10)
    at /Users/brookeyalof/Development/MongoDB/leafygreen-ui/packages/mongo-nav/node_modules/@testing-library/dom/dist/query-helpers.js:86:13
    at /Users/brookeyalof/Development/MongoDB/leafygreen-ui/packages/mongo-nav/node_modules/@testing-library/dom/dist/query-helpers.js:110:105
    at onMutation (/Users/brookeyalof/Development/MongoDB/leafygreen-ui/packages/mongo-nav/node_modules/@testing-library/dom/dist/wait-for-element.js:46:24)
    at /Users/brookeyalof/Development/MongoDB/leafygreen-ui/packages/mongo-nav/node_modules/@testing-library/dom/dist/wait-for-element.js:62:5
    at new Promise (&lt;anonymous&gt;)
    at waitForElement (/Users/brookeyalof/Development/MongoDB/leafygreen-ui/packages/mongo-nav/node_modules/@testing-library/dom/dist/wait-for-element.js:22:10)
    at /Users/brookeyalof/Development/MongoDB/leafygreen-ui/packages/mongo-nav/node_modules/@testing-library/dom/dist/wait-for-element.js:67:54
    at /Users/brookeyalof/Development/MongoDB/leafygreen-ui/packages/mongo-nav/node_modules/@testing-library/react/dist/index.js:51:22
    at batchedUpdates$1 (/Users/brookeyalof/Development/MongoDB/leafygreen-ui/node_modules/react-dom/cjs/react-dom.development.js:21856:12)
    at act (/Users/brookeyalof/Development/MongoDB/leafygreen-ui/node_modules/react-dom/cjs/react-dom-test-utils.development.js:929:14)
    at asyncAct (/Users/brookeyalof/Development/MongoDB/leafygreen-ui/packages/mongo-nav/node_modules/@testing-library/react/dist/act-compat.js:116:12)
    at Object.asyncWrapper (/Users/brookeyalof/Development/MongoDB/leafygreen-ui/packages/mongo-nav/node_modules/@testing-library/react/dist/index.js:50:35)
    at waitForElementWrapper (/Users/brookeyalof/Development/MongoDB/leafygreen-ui/packages/mongo-nav/node_modules/@testing-library/dom/dist/wait-for-element.js:67:35)
    at findByTestId (/Users/brookeyalof/Development/MongoDB/leafygreen-ui/packages/mongo-nav/node_modules/@testing-library/dom/dist/query-helpers.js:110:98)
    at _callee$ (/Users/brookeyalof/Development/MongoDB/leafygreen-ui/packages/mongo-nav/src/on-element-click-provider/OnElementClick.spec.tsx:58:29)
    at tryCatch (/Users/brookeyalof/Development/MongoDB/leafygreen-ui/node_modules/regenerator-runtime/runtime.js:45:40)
    at Generator.invoke [as _invoke] (/Users/brookeyalof/Development/MongoDB/leafygreen-ui/node_modules/regenerator-runtime/runtime.js:274:22)
    at Generator.prototype.&lt;computed&gt; [as next] (/Users/brookeyalof/Development/MongoDB/leafygreen-ui/node_modules/regenerator-runtime/runtime.js:97:21)
    at asyncGeneratorStep (/Users/brookeyalof/Development/MongoDB/leafygreen-ui/packages/mongo-nav/src/on-element-click-provider/OnElementClick.spec.tsx:17:103)
    at _next (/Users/brookeyalof/Development/MongoDB/leafygreen-ui/packages/mongo-nav/src/on-element-click-provider/OnElementClick.spec.tsx:19:194)
    at /Users/brookeyalof/Development/MongoDB/leafygreen-ui/packages/mongo-nav/src/on-element-click-provider/OnElementClick.spec.tsx:19:364
    at new Promise (&lt;anonymous&gt;)
    at /Users/brookeyalof/Development/MongoDB/leafygreen-ui/packages/mongo-nav/src/on-element-click-provider/OnElementClick.spec.tsx:19:97
    at fn (/Users/brookeyalof/Development/MongoDB/leafygreen-ui/packages/mongo-nav/src/on-element-click-provider/OnElementClick.spec.tsx:57:11)
    at /Users/brookeyalof/Development/MongoDB/leafygreen-ui/packages/testing-lib/dist/webpack:/src/jest-dom.ts:17:14
    at /Users/brookeyalof/Development/MongoDB/leafygreen-ui/packages/testing-lib/dist/webpack:/src/context.ts:98:26
    at /Users/brookeyalof/Development/MongoDB/leafygreen-ui/packages/testing-lib/dist/webpack:/src/context.ts:76:23
    at asyncCompose (/Users/brookeyalof/Development/MongoDB/leafygreen-ui/packages/testing-lib/dist/webpack:/src/context.ts:98:26)
    at outerFn (/Users/brookeyalof/Development/MongoDB/leafygreen-ui/packages/testing-lib/dist/webpack:/src/context.ts:124:7)
    at asyncCompose (/Users/brookeyalof/Development/MongoDB/leafygreen-ui/packages/testing-lib/dist/webpack:/src/context.ts:104:12)
    at e.within (/Users/brookeyalof/Development/MongoDB/leafygreen-ui/packages/testing-lib/dist/webpack:/src/context.ts:119:10)
    at Object.silenceNavigationErrors (/Users/brookeyalof/Development/MongoDB/leafygreen-ui/packages/testing-lib/dist/webpack:/src/jest-dom.ts:9:3)
    at _callee2$ (/Users/brookeyalof/Development/MongoDB/leafygreen-ui/packages/mongo-nav/src/on-element-click-provider/OnElementClick.spec.tsx:57:19)
    at tryCatch (/Users/brookeyalof/Development/MongoDB/leafygreen-ui/node_modules/regenerator-runtime/runtime.js:45:40)
    at Generator.invoke [as _invoke] (/Users/brookeyalof/Development/MongoDB/leafygreen-ui/node_modules/regenerator-runtime/runtime.js:274:22)
    at Generator.prototype.&lt;computed&gt; [as next] (/Users/brookeyalof/Development/MongoDB/leafygreen-ui/node_modules/regenerator-runtime/runtime.js:97:21)
    at asyncGeneratorStep (/Users/brookeyalof/Development/MongoDB/leafygreen-ui/packages/mongo-nav/src/on-element-click-provider/OnElementClick.spec.tsx:17:103)
    at _next (/Users/brookeyalof/Development/MongoDB/leafygreen-ui/packages/mongo-nav/src/on-element-click-provider/OnElementClick.spec.tsx:19:194)
    at /Users/brookeyalof/Development/MongoDB/leafygreen-ui/packages/mongo-nav/src/on-element-click-provider/OnElementClick.spec.tsx:19:364
    at new Promise (&lt;anonymous&gt;)
    at Object.&lt;anonymous&gt; (/Users/brookeyalof/Development/MongoDB/leafygreen-ui/packages/mongo-nav/src/on-element-click-provider/OnElementClick.spec.tsx:19:97)
    at Object.asyncJestTest (/Users/brookeyalof/Development/MongoDB/leafygreen-ui/node_modules/jest-jasmine2/build/jasmineAsyncInstall.js:100:37)
    at /Users/brookeyalof/Development/MongoDB/leafygreen-ui/node_modules/jest-jasmine2/build/queueRunner.js:47:12
    at new Promise (&lt;anonymous&gt;)
    at mapper (/Users/brookeyalof/Development/MongoDB/leafygreen-ui/node_modules/jest-jasmine2/build/queueRunner.js:30:19)
    at /Users/brookeyalof/Development/MongoDB/leafygreen-ui/node_modules/jest-jasmine2/build/queueRunner.js:77:41</failure>
    </testcase>
    <testcase classname="packages/mongo-nav/on-element-click-provider by default the onElementClick value is successfully passed to the org-nav-billing" name="packages/mongo-nav/on-element-click-provider by default the onElementClick value is successfully passed to the org-nav-billing" time="4.559">
      <failure>Error: Found multiple elements by: [data-testid=&quot;org-nav-billing&quot;]

(If this is intentional, then use the `*AllBy*` variant of the query (like `queryAllByText`, `getAllByText`, or `findAllByText`)).

&lt;body&gt;
  &lt;div&gt;
    &lt;section
      class=&quot;leafygreen-ui-ufpynv&quot;
    &gt;
      &lt;nav
        aria-label=&quot;organization navigation&quot;
        class=&quot;leafygreen-ui-8sj84k&quot;
        data-testid=&quot;organization-nav&quot;
      &gt;
        &lt;a
          aria-describedby=&quot;tooltip-4&quot;
          class=&quot;leafygreen-ui-cssveg&quot;
          data-testid=&quot;org-nav-leaf&quot;
          href=&quot;https://cloud.mongodb.com/v2#/org/fakeOrgId1/&quot;
        &gt;
          &lt;svg
            class=&quot;leafygreen-ui-1yq22vy&quot;
            fill=&quot;#21313C&quot;
            viewBox=&quot;0 0 216.56 448.5&quot;
          &gt;
            &lt;title&gt;
              MongoDB LogoMark
            &lt;/title&gt;
            &lt;path
              d=&quot;M202.8,179.68c-23-101.47-71-128.49-83.18-147.59C113,21.7,106.25,5.91,106.25,5.91c-.66,9-1.83,14.7-9.51,21.54C81.36,41.16,16,94.42,10.51,209.72c-5.12,107.5,79,173.8,90.18,180.65,8.54,4.2,19,.08,24-3.77,40.54-27.84,96-102.07,78.06-206.92&quot;
              fill=&quot;#10aa50&quot;
            /&gt;
            &lt;path
              d=&quot;M109.73,333.11c-2.11,26.62-3.63,42.11-9,57.29,0,0,3.54,25.33,6,52.17l8.77,0a488.62,488.62,0,0,1,9.57-56.2C113.71,380.8,110.16,356.46,109.73,333.11Z&quot;
              fill=&quot;#b8c4c2&quot;
            /&gt;
            &lt;path
              d=&quot;M125.06,386.39h0c-11.48-5.3-14.8-30.13-15.31-53.28A1090.8,1090.8,0,0,0,112.2,218.4c-.6-20.07.3-185.92-4.94-210.2,2.12,4.75,7.24,15.91,12.36,23.88,12.23,19.11,60.19,46.13,83.17,147.61C220.7,284.27,165.57,358.37,125.06,386.39Z&quot;
              fill=&quot;#12924f&quot;
            /&gt;
          &lt;/svg&gt;
        &lt;/a&gt;
        &lt;div
          class=&quot;leafygreen-ui-9rcojh&quot;
        &gt;
          &lt;button
            aria-disabled=&quot;false&quot;
            class=&quot;leafygreen-ui-mnwf9p&quot;
            data-leafygreen-ui=&quot;org-trigger&quot;
            data-testid=&quot;org-trigger&quot;
          &gt;
            &lt;svg
              class=&quot;leafygreen-ui-15w0dd1&quot;
              height=&quot;14&quot;
              role=&quot;img&quot;
              title=&quot;Building Icon&quot;
              viewBox=&quot;0 0 16 16&quot;
              width=&quot;14&quot;
            &gt;
              &lt;title&gt;
                Building
              &lt;/title&gt;
              &lt;desc&gt;
                Created with Sketch.
              &lt;/desc&gt;
              &lt;g
                fill=&quot;none&quot;
                fill-rule=&quot;evenodd&quot;
                id=&quot;Building-Copy&quot;
                stroke=&quot;none&quot;
                stroke-width=&quot;1&quot;
              &gt;
                &lt;path
                  d=&quot;M10,4 L14,4 L14,15 L1,15 L1,1 L10,1 L10,4 Z M3,3 L3,13 L8,13 L8,3 L3,3 Z M4,6 L4,4 L5,4 L5,6 L4,6 Z M6,6 L6,4 L7,4 L7,6 L6,6 Z M9,6 L9,13 L12,13 L12,6 L9,6 Z M4,9 L4,7 L5,7 L5,9 L4,9 Z M6,9 L6,7 L7,7 L7,9 L6,9 Z M10,9 L10,7 L11,7 L11,9 L10,9 Z M4,12 L4,10 L5,10 L5,12 L4,12 Z M6,12 L6,10 L7,10 L7,12 L6,12 Z M10,12 L10,10 L11,10 L11,12 L10,12 Z&quot;
                  fill=&quot;currentColor&quot;
                  id=&quot;&quot;
                /&gt;
              &lt;/g&gt;
            &lt;/svg&gt;
            &lt;span
              class=&quot;leafygreen-ui-gzx99w&quot;
              data-testid=&quot;org-select-active-org&quot;
            &gt;
              Demo Organization
            &lt;/span&gt;
            &lt;svg
              class=&quot;leafygreen-ui-1e46tsl&quot;
              height=&quot;14&quot;
              role=&quot;img&quot;
              title=&quot;Caret Down Icon&quot;
              viewBox=&quot;0 0 16 16&quot;
              width=&quot;14&quot;
            &gt;
              &lt;title&gt;
                CaretDown
              &lt;/title&gt;
              &lt;desc&gt;
                Created with Sketch.
              &lt;/desc&gt;
              &lt;g
                fill=&quot;none&quot;
                fill-rule=&quot;evenodd&quot;
                id=&quot;CaretDown-Copy&quot;
                stroke=&quot;none&quot;
                stroke-width=&quot;1&quot;
              &gt;
                &lt;path
                  d=&quot;M4.67285687,6 L11.3271431,6 C11.9254697,6 12.224633,6.775217 11.8024493,7.22717749 L8.47530616,10.7889853 C8.21248981,11.0703382 7.78751019,11.0703382 7.52748976,10.7889853 L4.19755071,7.22717749 C3.77536701,6.775217 4.07453029,6 4.67285687,6 Z&quot;
                  fill=&quot;currentColor&quot;
                  id=&quot;Path&quot;
                /&gt;
              &lt;/g&gt;
            &lt;/svg&gt;
          &lt;/button&gt;
          &lt;div
            class=&quot;leafygreen-ui-1wt0cgk&quot;
          /&gt;
        &lt;/div&gt;
        &lt;a
          aria-disabled=&quot;false&quot;
          aria-label=&quot;settings&quot;
          class=&quot;leafygreen-ui-16ffnxw&quot;
          data-leafygreen-ui=&quot;anchor-data-prop&quot;
          data-testid=&quot;org-trigger-settings&quot;
          href=&quot;https://cloud.mongodb.com/v2#/org/fakeOrgId1/settings/general&quot;
          tabindex=&quot;0&quot;
        &gt;
          &lt;svg
            class=&quot;&quot;
            height=&quot;16&quot;
            role=&quot;img&quot;
            title=&quot;Settings Icon&quot;
            viewBox=&quot;0 0 16 16&quot;
            width=&quot;16&quot;
          &gt;
            &lt;title&gt;
              Settings
            &lt;/title&gt;
            &lt;desc&gt;
              Created with Sketch.
            &lt;/desc&gt;
            &lt;g
              fill=&quot;none&quot;
              fill-rule=&quot;evenodd&quot;
              id=&quot;Settings-Copy&quot;
              stroke=&quot;none&quot;
              stroke-width...
    at getElementError (/Users/brookeyalof/Development/MongoDB/leafygreen-ui/packages/mongo-nav/node_modules/@testing-library/dom/dist/query-helpers.js:46:10)
    at getMultipleElementsFoundError (/Users/brookeyalof/Development/MongoDB/leafygreen-ui/packages/mongo-nav/node_modules/@testing-library/dom/dist/query-helpers.js:50:10)
    at /Users/brookeyalof/Development/MongoDB/leafygreen-ui/packages/mongo-nav/node_modules/@testing-library/dom/dist/query-helpers.js:86:13
    at /Users/brookeyalof/Development/MongoDB/leafygreen-ui/packages/mongo-nav/node_modules/@testing-library/dom/dist/query-helpers.js:110:105
    at onMutation (/Users/brookeyalof/Development/MongoDB/leafygreen-ui/packages/mongo-nav/node_modules/@testing-library/dom/dist/wait-for-element.js:46:24)
    at /Users/brookeyalof/Development/MongoDB/leafygreen-ui/packages/mongo-nav/node_modules/@testing-library/dom/dist/wait-for-element.js:62:5
    at new Promise (&lt;anonymous&gt;)
    at waitForElement (/Users/brookeyalof/Development/MongoDB/leafygreen-ui/packages/mongo-nav/node_modules/@testing-library/dom/dist/wait-for-element.js:22:10)
    at /Users/brookeyalof/Development/MongoDB/leafygreen-ui/packages/mongo-nav/node_modules/@testing-library/dom/dist/wait-for-element.js:67:54
    at /Users/brookeyalof/Development/MongoDB/leafygreen-ui/packages/mongo-nav/node_modules/@testing-library/react/dist/index.js:51:22
    at batchedUpdates$1 (/Users/brookeyalof/Development/MongoDB/leafygreen-ui/node_modules/react-dom/cjs/react-dom.development.js:21856:12)
    at act (/Users/brookeyalof/Development/MongoDB/leafygreen-ui/node_modules/react-dom/cjs/react-dom-test-utils.development.js:929:14)
    at asyncAct (/Users/brookeyalof/Development/MongoDB/leafygreen-ui/packages/mongo-nav/node_modules/@testing-library/react/dist/act-compat.js:116:12)
    at Object.asyncWrapper (/Users/brookeyalof/Development/MongoDB/leafygreen-ui/packages/mongo-nav/node_modules/@testing-library/react/dist/index.js:50:35)
    at waitForElementWrapper (/Users/brookeyalof/Development/MongoDB/leafygreen-ui/packages/mongo-nav/node_modules/@testing-library/dom/dist/wait-for-element.js:67:35)
    at findByTestId (/Users/brookeyalof/Development/MongoDB/leafygreen-ui/packages/mongo-nav/node_modules/@testing-library/dom/dist/query-helpers.js:110:98)
    at _callee$ (/Users/brookeyalof/Development/MongoDB/leafygreen-ui/packages/mongo-nav/src/on-element-click-provider/OnElementClick.spec.tsx:58:29)
    at tryCatch (/Users/brookeyalof/Development/MongoDB/leafygreen-ui/node_modules/regenerator-runtime/runtime.js:45:40)
    at Generator.invoke [as _invoke] (/Users/brookeyalof/Development/MongoDB/leafygreen-ui/node_modules/regenerator-runtime/runtime.js:274:22)
    at Generator.prototype.&lt;computed&gt; [as next] (/Users/brookeyalof/Development/MongoDB/leafygreen-ui/node_modules/regenerator-runtime/runtime.js:97:21)
    at asyncGeneratorStep (/Users/brookeyalof/Development/MongoDB/leafygreen-ui/packages/mongo-nav/src/on-element-click-provider/OnElementClick.spec.tsx:17:103)
    at _next (/Users/brookeyalof/Development/MongoDB/leafygreen-ui/packages/mongo-nav/src/on-element-click-provider/OnElementClick.spec.tsx:19:194)
    at /Users/brookeyalof/Development/MongoDB/leafygreen-ui/packages/mongo-nav/src/on-element-click-provider/OnElementClick.spec.tsx:19:364
    at new Promise (&lt;anonymous&gt;)
    at /Users/brookeyalof/Development/MongoDB/leafygreen-ui/packages/mongo-nav/src/on-element-click-provider/OnElementClick.spec.tsx:19:97
    at fn (/Users/brookeyalof/Development/MongoDB/leafygreen-ui/packages/mongo-nav/src/on-element-click-provider/OnElementClick.spec.tsx:57:11)
    at /Users/brookeyalof/Development/MongoDB/leafygreen-ui/packages/testing-lib/dist/webpack:/src/jest-dom.ts:17:14
    at /Users/brookeyalof/Development/MongoDB/leafygreen-ui/packages/testing-lib/dist/webpack:/src/context.ts:98:26
    at /Users/brookeyalof/Development/MongoDB/leafygreen-ui/packages/testing-lib/dist/webpack:/src/context.ts:76:23
    at asyncCompose (/Users/brookeyalof/Development/MongoDB/leafygreen-ui/packages/testing-lib/dist/webpack:/src/context.ts:98:26)
    at outerFn (/Users/brookeyalof/Development/MongoDB/leafygreen-ui/packages/testing-lib/dist/webpack:/src/context.ts:124:7)
    at asyncCompose (/Users/brookeyalof/Development/MongoDB/leafygreen-ui/packages/testing-lib/dist/webpack:/src/context.ts:104:12)
    at e.within (/Users/brookeyalof/Development/MongoDB/leafygreen-ui/packages/testing-lib/dist/webpack:/src/context.ts:119:10)
    at Object.silenceNavigationErrors (/Users/brookeyalof/Development/MongoDB/leafygreen-ui/packages/testing-lib/dist/webpack:/src/jest-dom.ts:9:3)
    at _callee2$ (/Users/brookeyalof/Development/MongoDB/leafygreen-ui/packages/mongo-nav/src/on-element-click-provider/OnElementClick.spec.tsx:57:19)
    at tryCatch (/Users/brookeyalof/Development/MongoDB/leafygreen-ui/node_modules/regenerator-runtime/runtime.js:45:40)
    at Generator.invoke [as _invoke] (/Users/brookeyalof/Development/MongoDB/leafygreen-ui/node_modules/regenerator-runtime/runtime.js:274:22)
    at Generator.prototype.&lt;computed&gt; [as next] (/Users/brookeyalof/Development/MongoDB/leafygreen-ui/node_modules/regenerator-runtime/runtime.js:97:21)
    at asyncGeneratorStep (/Users/brookeyalof/Development/MongoDB/leafygreen-ui/packages/mongo-nav/src/on-element-click-provider/OnElementClick.spec.tsx:17:103)
    at _next (/Users/brookeyalof/Development/MongoDB/leafygreen-ui/packages/mongo-nav/src/on-element-click-provider/OnElementClick.spec.tsx:19:194)
    at /Users/brookeyalof/Development/MongoDB/leafygreen-ui/packages/mongo-nav/src/on-element-click-provider/OnElementClick.spec.tsx:19:364
    at new Promise (&lt;anonymous&gt;)
    at Object.&lt;anonymous&gt; (/Users/brookeyalof/Development/MongoDB/leafygreen-ui/packages/mongo-nav/src/on-element-click-provider/OnElementClick.spec.tsx:19:97)
    at Object.asyncJestTest (/Users/brookeyalof/Development/MongoDB/leafygreen-ui/node_modules/jest-jasmine2/build/jasmineAsyncInstall.js:100:37)
    at /Users/brookeyalof/Development/MongoDB/leafygreen-ui/node_modules/jest-jasmine2/build/queueRunner.js:47:12
    at new Promise (&lt;anonymous&gt;)
    at mapper (/Users/brookeyalof/Development/MongoDB/leafygreen-ui/node_modules/jest-jasmine2/build/queueRunner.js:30:19)
    at /Users/brookeyalof/Development/MongoDB/leafygreen-ui/node_modules/jest-jasmine2/build/queueRunner.js:77:41</failure>
    </testcase>
    <testcase classname="packages/mongo-nav/on-element-click-provider by default the onElementClick value is successfully passed to the org-nav-all-clusters-link" name="packages/mongo-nav/on-element-click-provider by default the onElementClick value is successfully passed to the org-nav-all-clusters-link" time="4.565">
      <failure>Error: Found multiple elements by: [data-testid=&quot;org-nav-all-clusters-link&quot;]

(If this is intentional, then use the `*AllBy*` variant of the query (like `queryAllByText`, `getAllByText`, or `findAllByText`)).

&lt;body&gt;
  &lt;div&gt;
    &lt;section
      class=&quot;leafygreen-ui-ufpynv&quot;
    &gt;
      &lt;nav
        aria-label=&quot;organization navigation&quot;
        class=&quot;leafygreen-ui-8sj84k&quot;
        data-testid=&quot;organization-nav&quot;
      &gt;
        &lt;a
          aria-describedby=&quot;tooltip-4&quot;
          class=&quot;leafygreen-ui-cssveg&quot;
          data-testid=&quot;org-nav-leaf&quot;
          href=&quot;https://cloud.mongodb.com/v2#/org/fakeOrgId1/&quot;
        &gt;
          &lt;svg
            class=&quot;leafygreen-ui-1yq22vy&quot;
            fill=&quot;#21313C&quot;
            viewBox=&quot;0 0 216.56 448.5&quot;
          &gt;
            &lt;title&gt;
              MongoDB LogoMark
            &lt;/title&gt;
            &lt;path
              d=&quot;M202.8,179.68c-23-101.47-71-128.49-83.18-147.59C113,21.7,106.25,5.91,106.25,5.91c-.66,9-1.83,14.7-9.51,21.54C81.36,41.16,16,94.42,10.51,209.72c-5.12,107.5,79,173.8,90.18,180.65,8.54,4.2,19,.08,24-3.77,40.54-27.84,96-102.07,78.06-206.92&quot;
              fill=&quot;#10aa50&quot;
            /&gt;
            &lt;path
              d=&quot;M109.73,333.11c-2.11,26.62-3.63,42.11-9,57.29,0,0,3.54,25.33,6,52.17l8.77,0a488.62,488.62,0,0,1,9.57-56.2C113.71,380.8,110.16,356.46,109.73,333.11Z&quot;
              fill=&quot;#b8c4c2&quot;
            /&gt;
            &lt;path
              d=&quot;M125.06,386.39h0c-11.48-5.3-14.8-30.13-15.31-53.28A1090.8,1090.8,0,0,0,112.2,218.4c-.6-20.07.3-185.92-4.94-210.2,2.12,4.75,7.24,15.91,12.36,23.88,12.23,19.11,60.19,46.13,83.17,147.61C220.7,284.27,165.57,358.37,125.06,386.39Z&quot;
              fill=&quot;#12924f&quot;
            /&gt;
          &lt;/svg&gt;
        &lt;/a&gt;
        &lt;div
          class=&quot;leafygreen-ui-9rcojh&quot;
        &gt;
          &lt;button
            aria-disabled=&quot;false&quot;
            class=&quot;leafygreen-ui-mnwf9p&quot;
            data-leafygreen-ui=&quot;org-trigger&quot;
            data-testid=&quot;org-trigger&quot;
          &gt;
            &lt;svg
              class=&quot;leafygreen-ui-15w0dd1&quot;
              height=&quot;14&quot;
              role=&quot;img&quot;
              title=&quot;Building Icon&quot;
              viewBox=&quot;0 0 16 16&quot;
              width=&quot;14&quot;
            &gt;
              &lt;title&gt;
                Building
              &lt;/title&gt;
              &lt;desc&gt;
                Created with Sketch.
              &lt;/desc&gt;
              &lt;g
                fill=&quot;none&quot;
                fill-rule=&quot;evenodd&quot;
                id=&quot;Building-Copy&quot;
                stroke=&quot;none&quot;
                stroke-width=&quot;1&quot;
              &gt;
                &lt;path
                  d=&quot;M10,4 L14,4 L14,15 L1,15 L1,1 L10,1 L10,4 Z M3,3 L3,13 L8,13 L8,3 L3,3 Z M4,6 L4,4 L5,4 L5,6 L4,6 Z M6,6 L6,4 L7,4 L7,6 L6,6 Z M9,6 L9,13 L12,13 L12,6 L9,6 Z M4,9 L4,7 L5,7 L5,9 L4,9 Z M6,9 L6,7 L7,7 L7,9 L6,9 Z M10,9 L10,7 L11,7 L11,9 L10,9 Z M4,12 L4,10 L5,10 L5,12 L4,12 Z M6,12 L6,10 L7,10 L7,12 L6,12 Z M10,12 L10,10 L11,10 L11,12 L10,12 Z&quot;
                  fill=&quot;currentColor&quot;
                  id=&quot;&quot;
                /&gt;
              &lt;/g&gt;
            &lt;/svg&gt;
            &lt;span
              class=&quot;leafygreen-ui-gzx99w&quot;
              data-testid=&quot;org-select-active-org&quot;
            &gt;
              Demo Organization
            &lt;/span&gt;
            &lt;svg
              class=&quot;leafygreen-ui-1e46tsl&quot;
              height=&quot;14&quot;
              role=&quot;img&quot;
              title=&quot;Caret Down Icon&quot;
              viewBox=&quot;0 0 16 16&quot;
              width=&quot;14&quot;
            &gt;
              &lt;title&gt;
                CaretDown
              &lt;/title&gt;
              &lt;desc&gt;
                Created with Sketch.
              &lt;/desc&gt;
              &lt;g
                fill=&quot;none&quot;
                fill-rule=&quot;evenodd&quot;
                id=&quot;CaretDown-Copy&quot;
                stroke=&quot;none&quot;
                stroke-width=&quot;1&quot;
              &gt;
                &lt;path
                  d=&quot;M4.67285687,6 L11.3271431,6 C11.9254697,6 12.224633,6.775217 11.8024493,7.22717749 L8.47530616,10.7889853 C8.21248981,11.0703382 7.78751019,11.0703382 7.52748976,10.7889853 L4.19755071,7.22717749 C3.77536701,6.775217 4.07453029,6 4.67285687,6 Z&quot;
                  fill=&quot;currentColor&quot;
                  id=&quot;Path&quot;
                /&gt;
              &lt;/g&gt;
            &lt;/svg&gt;
          &lt;/button&gt;
          &lt;div
            class=&quot;leafygreen-ui-1wt0cgk&quot;
          /&gt;
        &lt;/div&gt;
        &lt;a
          aria-disabled=&quot;false&quot;
          aria-label=&quot;settings&quot;
          class=&quot;leafygreen-ui-16ffnxw&quot;
          data-leafygreen-ui=&quot;anchor-data-prop&quot;
          data-testid=&quot;org-trigger-settings&quot;
          href=&quot;https://cloud.mongodb.com/v2#/org/fakeOrgId1/settings/general&quot;
          tabindex=&quot;0&quot;
        &gt;
          &lt;svg
            class=&quot;&quot;
            height=&quot;16&quot;
            role=&quot;img&quot;
            title=&quot;Settings Icon&quot;
            viewBox=&quot;0 0 16 16&quot;
            width=&quot;16&quot;
          &gt;
            &lt;title&gt;
              Settings
            &lt;/title&gt;
            &lt;desc&gt;
              Created with Sketch.
            &lt;/desc&gt;
            &lt;g
              fill=&quot;none&quot;
              fill-rule=&quot;evenodd&quot;
              id=&quot;Settings-Copy&quot;
              stroke=&quot;none&quot;
              stroke-width...
    at getElementError (/Users/brookeyalof/Development/MongoDB/leafygreen-ui/packages/mongo-nav/node_modules/@testing-library/dom/dist/query-helpers.js:46:10)
    at getMultipleElementsFoundError (/Users/brookeyalof/Development/MongoDB/leafygreen-ui/packages/mongo-nav/node_modules/@testing-library/dom/dist/query-helpers.js:50:10)
    at /Users/brookeyalof/Development/MongoDB/leafygreen-ui/packages/mongo-nav/node_modules/@testing-library/dom/dist/query-helpers.js:86:13
    at /Users/brookeyalof/Development/MongoDB/leafygreen-ui/packages/mongo-nav/node_modules/@testing-library/dom/dist/query-helpers.js:110:105
    at onMutation (/Users/brookeyalof/Development/MongoDB/leafygreen-ui/packages/mongo-nav/node_modules/@testing-library/dom/dist/wait-for-element.js:46:24)
    at /Users/brookeyalof/Development/MongoDB/leafygreen-ui/packages/mongo-nav/node_modules/@testing-library/dom/dist/wait-for-element.js:62:5
    at new Promise (&lt;anonymous&gt;)
    at waitForElement (/Users/brookeyalof/Development/MongoDB/leafygreen-ui/packages/mongo-nav/node_modules/@testing-library/dom/dist/wait-for-element.js:22:10)
    at /Users/brookeyalof/Development/MongoDB/leafygreen-ui/packages/mongo-nav/node_modules/@testing-library/dom/dist/wait-for-element.js:67:54
    at /Users/brookeyalof/Development/MongoDB/leafygreen-ui/packages/mongo-nav/node_modules/@testing-library/react/dist/index.js:51:22
    at batchedUpdates$1 (/Users/brookeyalof/Development/MongoDB/leafygreen-ui/node_modules/react-dom/cjs/react-dom.development.js:21856:12)
    at act (/Users/brookeyalof/Development/MongoDB/leafygreen-ui/node_modules/react-dom/cjs/react-dom-test-utils.development.js:929:14)
    at asyncAct (/Users/brookeyalof/Development/MongoDB/leafygreen-ui/packages/mongo-nav/node_modules/@testing-library/react/dist/act-compat.js:116:12)
    at Object.asyncWrapper (/Users/brookeyalof/Development/MongoDB/leafygreen-ui/packages/mongo-nav/node_modules/@testing-library/react/dist/index.js:50:35)
    at waitForElementWrapper (/Users/brookeyalof/Development/MongoDB/leafygreen-ui/packages/mongo-nav/node_modules/@testing-library/dom/dist/wait-for-element.js:67:35)
    at findByTestId (/Users/brookeyalof/Development/MongoDB/leafygreen-ui/packages/mongo-nav/node_modules/@testing-library/dom/dist/query-helpers.js:110:98)
    at _callee$ (/Users/brookeyalof/Development/MongoDB/leafygreen-ui/packages/mongo-nav/src/on-element-click-provider/OnElementClick.spec.tsx:58:29)
    at tryCatch (/Users/brookeyalof/Development/MongoDB/leafygreen-ui/node_modules/regenerator-runtime/runtime.js:45:40)
    at Generator.invoke [as _invoke] (/Users/brookeyalof/Development/MongoDB/leafygreen-ui/node_modules/regenerator-runtime/runtime.js:274:22)
    at Generator.prototype.&lt;computed&gt; [as next] (/Users/brookeyalof/Development/MongoDB/leafygreen-ui/node_modules/regenerator-runtime/runtime.js:97:21)
    at asyncGeneratorStep (/Users/brookeyalof/Development/MongoDB/leafygreen-ui/packages/mongo-nav/src/on-element-click-provider/OnElementClick.spec.tsx:17:103)
    at _next (/Users/brookeyalof/Development/MongoDB/leafygreen-ui/packages/mongo-nav/src/on-element-click-provider/OnElementClick.spec.tsx:19:194)
    at /Users/brookeyalof/Development/MongoDB/leafygreen-ui/packages/mongo-nav/src/on-element-click-provider/OnElementClick.spec.tsx:19:364
    at new Promise (&lt;anonymous&gt;)
    at /Users/brookeyalof/Development/MongoDB/leafygreen-ui/packages/mongo-nav/src/on-element-click-provider/OnElementClick.spec.tsx:19:97
    at fn (/Users/brookeyalof/Development/MongoDB/leafygreen-ui/packages/mongo-nav/src/on-element-click-provider/OnElementClick.spec.tsx:57:11)
    at /Users/brookeyalof/Development/MongoDB/leafygreen-ui/packages/testing-lib/dist/webpack:/src/jest-dom.ts:17:14
    at /Users/brookeyalof/Development/MongoDB/leafygreen-ui/packages/testing-lib/dist/webpack:/src/context.ts:98:26
    at /Users/brookeyalof/Development/MongoDB/leafygreen-ui/packages/testing-lib/dist/webpack:/src/context.ts:76:23
    at asyncCompose (/Users/brookeyalof/Development/MongoDB/leafygreen-ui/packages/testing-lib/dist/webpack:/src/context.ts:98:26)
    at outerFn (/Users/brookeyalof/Development/MongoDB/leafygreen-ui/packages/testing-lib/dist/webpack:/src/context.ts:124:7)
    at asyncCompose (/Users/brookeyalof/Development/MongoDB/leafygreen-ui/packages/testing-lib/dist/webpack:/src/context.ts:104:12)
    at e.within (/Users/brookeyalof/Development/MongoDB/leafygreen-ui/packages/testing-lib/dist/webpack:/src/context.ts:119:10)
    at Object.silenceNavigationErrors (/Users/brookeyalof/Development/MongoDB/leafygreen-ui/packages/testing-lib/dist/webpack:/src/jest-dom.ts:9:3)
    at _callee2$ (/Users/brookeyalof/Development/MongoDB/leafygreen-ui/packages/mongo-nav/src/on-element-click-provider/OnElementClick.spec.tsx:57:19)
    at tryCatch (/Users/brookeyalof/Development/MongoDB/leafygreen-ui/node_modules/regenerator-runtime/runtime.js:45:40)
    at Generator.invoke [as _invoke] (/Users/brookeyalof/Development/MongoDB/leafygreen-ui/node_modules/regenerator-runtime/runtime.js:274:22)
    at Generator.prototype.&lt;computed&gt; [as next] (/Users/brookeyalof/Development/MongoDB/leafygreen-ui/node_modules/regenerator-runtime/runtime.js:97:21)
    at asyncGeneratorStep (/Users/brookeyalof/Development/MongoDB/leafygreen-ui/packages/mongo-nav/src/on-element-click-provider/OnElementClick.spec.tsx:17:103)
    at _next (/Users/brookeyalof/Development/MongoDB/leafygreen-ui/packages/mongo-nav/src/on-element-click-provider/OnElementClick.spec.tsx:19:194)
    at /Users/brookeyalof/Development/MongoDB/leafygreen-ui/packages/mongo-nav/src/on-element-click-provider/OnElementClick.spec.tsx:19:364
    at new Promise (&lt;anonymous&gt;)
    at Object.&lt;anonymous&gt; (/Users/brookeyalof/Development/MongoDB/leafygreen-ui/packages/mongo-nav/src/on-element-click-provider/OnElementClick.spec.tsx:19:97)
    at Object.asyncJestTest (/Users/brookeyalof/Development/MongoDB/leafygreen-ui/node_modules/jest-jasmine2/build/jasmineAsyncInstall.js:100:37)
    at /Users/brookeyalof/Development/MongoDB/leafygreen-ui/node_modules/jest-jasmine2/build/queueRunner.js:47:12
    at new Promise (&lt;anonymous&gt;)
    at mapper (/Users/brookeyalof/Development/MongoDB/leafygreen-ui/node_modules/jest-jasmine2/build/queueRunner.js:30:19)
    at /Users/brookeyalof/Development/MongoDB/leafygreen-ui/node_modules/jest-jasmine2/build/queueRunner.js:77:41</failure>
    </testcase>
    <testcase classname="packages/mongo-nav/on-element-click-provider by default the onElementClick value is successfully passed to the project-nav-project-menu" name="packages/mongo-nav/on-element-click-provider by default the onElementClick value is successfully passed to the project-nav-project-menu" time="4.565">
      <failure>Error: Found multiple elements by: [data-testid=&quot;project-nav-project-menu&quot;]

(If this is intentional, then use the `*AllBy*` variant of the query (like `queryAllByText`, `getAllByText`, or `findAllByText`)).

&lt;body&gt;
  &lt;div&gt;
    &lt;section
      class=&quot;leafygreen-ui-ufpynv&quot;
    &gt;
      &lt;nav
        aria-label=&quot;organization navigation&quot;
        class=&quot;leafygreen-ui-8sj84k&quot;
        data-testid=&quot;organization-nav&quot;
      &gt;
        &lt;a
          aria-describedby=&quot;tooltip-4&quot;
          class=&quot;leafygreen-ui-cssveg&quot;
          data-testid=&quot;org-nav-leaf&quot;
          href=&quot;https://cloud.mongodb.com/v2#/org/fakeOrgId1/&quot;
        &gt;
          &lt;svg
            class=&quot;leafygreen-ui-1yq22vy&quot;
            fill=&quot;#21313C&quot;
            viewBox=&quot;0 0 216.56 448.5&quot;
          &gt;
            &lt;title&gt;
              MongoDB LogoMark
            &lt;/title&gt;
            &lt;path
              d=&quot;M202.8,179.68c-23-101.47-71-128.49-83.18-147.59C113,21.7,106.25,5.91,106.25,5.91c-.66,9-1.83,14.7-9.51,21.54C81.36,41.16,16,94.42,10.51,209.72c-5.12,107.5,79,173.8,90.18,180.65,8.54,4.2,19,.08,24-3.77,40.54-27.84,96-102.07,78.06-206.92&quot;
              fill=&quot;#10aa50&quot;
            /&gt;
            &lt;path
              d=&quot;M109.73,333.11c-2.11,26.62-3.63,42.11-9,57.29,0,0,3.54,25.33,6,52.17l8.77,0a488.62,488.62,0,0,1,9.57-56.2C113.71,380.8,110.16,356.46,109.73,333.11Z&quot;
              fill=&quot;#b8c4c2&quot;
            /&gt;
            &lt;path
              d=&quot;M125.06,386.39h0c-11.48-5.3-14.8-30.13-15.31-53.28A1090.8,1090.8,0,0,0,112.2,218.4c-.6-20.07.3-185.92-4.94-210.2,2.12,4.75,7.24,15.91,12.36,23.88,12.23,19.11,60.19,46.13,83.17,147.61C220.7,284.27,165.57,358.37,125.06,386.39Z&quot;
              fill=&quot;#12924f&quot;
            /&gt;
          &lt;/svg&gt;
        &lt;/a&gt;
        &lt;div
          class=&quot;leafygreen-ui-9rcojh&quot;
        &gt;
          &lt;button
            aria-disabled=&quot;false&quot;
            class=&quot;leafygreen-ui-mnwf9p&quot;
            data-leafygreen-ui=&quot;org-trigger&quot;
            data-testid=&quot;org-trigger&quot;
          &gt;
            &lt;svg
              class=&quot;leafygreen-ui-15w0dd1&quot;
              height=&quot;14&quot;
              role=&quot;img&quot;
              title=&quot;Building Icon&quot;
              viewBox=&quot;0 0 16 16&quot;
              width=&quot;14&quot;
            &gt;
              &lt;title&gt;
                Building
              &lt;/title&gt;
              &lt;desc&gt;
                Created with Sketch.
              &lt;/desc&gt;
              &lt;g
                fill=&quot;none&quot;
                fill-rule=&quot;evenodd&quot;
                id=&quot;Building-Copy&quot;
                stroke=&quot;none&quot;
                stroke-width=&quot;1&quot;
              &gt;
                &lt;path
                  d=&quot;M10,4 L14,4 L14,15 L1,15 L1,1 L10,1 L10,4 Z M3,3 L3,13 L8,13 L8,3 L3,3 Z M4,6 L4,4 L5,4 L5,6 L4,6 Z M6,6 L6,4 L7,4 L7,6 L6,6 Z M9,6 L9,13 L12,13 L12,6 L9,6 Z M4,9 L4,7 L5,7 L5,9 L4,9 Z M6,9 L6,7 L7,7 L7,9 L6,9 Z M10,9 L10,7 L11,7 L11,9 L10,9 Z M4,12 L4,10 L5,10 L5,12 L4,12 Z M6,12 L6,10 L7,10 L7,12 L6,12 Z M10,12 L10,10 L11,10 L11,12 L10,12 Z&quot;
                  fill=&quot;currentColor&quot;
                  id=&quot;&quot;
                /&gt;
              &lt;/g&gt;
            &lt;/svg&gt;
            &lt;span
              class=&quot;leafygreen-ui-gzx99w&quot;
              data-testid=&quot;org-select-active-org&quot;
            &gt;
              Demo Organization
            &lt;/span&gt;
            &lt;svg
              class=&quot;leafygreen-ui-1e46tsl&quot;
              height=&quot;14&quot;
              role=&quot;img&quot;
              title=&quot;Caret Down Icon&quot;
              viewBox=&quot;0 0 16 16&quot;
              width=&quot;14&quot;
            &gt;
              &lt;title&gt;
                CaretDown
              &lt;/title&gt;
              &lt;desc&gt;
                Created with Sketch.
              &lt;/desc&gt;
              &lt;g
                fill=&quot;none&quot;
                fill-rule=&quot;evenodd&quot;
                id=&quot;CaretDown-Copy&quot;
                stroke=&quot;none&quot;
                stroke-width=&quot;1&quot;
              &gt;
                &lt;path
                  d=&quot;M4.67285687,6 L11.3271431,6 C11.9254697,6 12.224633,6.775217 11.8024493,7.22717749 L8.47530616,10.7889853 C8.21248981,11.0703382 7.78751019,11.0703382 7.52748976,10.7889853 L4.19755071,7.22717749 C3.77536701,6.775217 4.07453029,6 4.67285687,6 Z&quot;
                  fill=&quot;currentColor&quot;
                  id=&quot;Path&quot;
                /&gt;
              &lt;/g&gt;
            &lt;/svg&gt;
          &lt;/button&gt;
          &lt;div
            class=&quot;leafygreen-ui-1wt0cgk&quot;
          /&gt;
        &lt;/div&gt;
        &lt;a
          aria-disabled=&quot;false&quot;
          aria-label=&quot;settings&quot;
          class=&quot;leafygreen-ui-16ffnxw&quot;
          data-leafygreen-ui=&quot;anchor-data-prop&quot;
          data-testid=&quot;org-trigger-settings&quot;
          href=&quot;https://cloud.mongodb.com/v2#/org/fakeOrgId1/settings/general&quot;
          tabindex=&quot;0&quot;
        &gt;
          &lt;svg
            class=&quot;&quot;
            height=&quot;16&quot;
            role=&quot;img&quot;
            title=&quot;Settings Icon&quot;
            viewBox=&quot;0 0 16 16&quot;
            width=&quot;16&quot;
          &gt;
            &lt;title&gt;
              Settings
            &lt;/title&gt;
            &lt;desc&gt;
              Created with Sketch.
            &lt;/desc&gt;
            &lt;g
              fill=&quot;none&quot;
              fill-rule=&quot;evenodd&quot;
              id=&quot;Settings-Copy&quot;
              stroke=&quot;none&quot;
              stroke-width...
    at getElementError (/Users/brookeyalof/Development/MongoDB/leafygreen-ui/packages/mongo-nav/node_modules/@testing-library/dom/dist/query-helpers.js:46:10)
    at getMultipleElementsFoundError (/Users/brookeyalof/Development/MongoDB/leafygreen-ui/packages/mongo-nav/node_modules/@testing-library/dom/dist/query-helpers.js:50:10)
    at /Users/brookeyalof/Development/MongoDB/leafygreen-ui/packages/mongo-nav/node_modules/@testing-library/dom/dist/query-helpers.js:86:13
    at /Users/brookeyalof/Development/MongoDB/leafygreen-ui/packages/mongo-nav/node_modules/@testing-library/dom/dist/query-helpers.js:110:105
    at onMutation (/Users/brookeyalof/Development/MongoDB/leafygreen-ui/packages/mongo-nav/node_modules/@testing-library/dom/dist/wait-for-element.js:46:24)
    at /Users/brookeyalof/Development/MongoDB/leafygreen-ui/packages/mongo-nav/node_modules/@testing-library/dom/dist/wait-for-element.js:62:5
    at new Promise (&lt;anonymous&gt;)
    at waitForElement (/Users/brookeyalof/Development/MongoDB/leafygreen-ui/packages/mongo-nav/node_modules/@testing-library/dom/dist/wait-for-element.js:22:10)
    at /Users/brookeyalof/Development/MongoDB/leafygreen-ui/packages/mongo-nav/node_modules/@testing-library/dom/dist/wait-for-element.js:67:54
    at /Users/brookeyalof/Development/MongoDB/leafygreen-ui/packages/mongo-nav/node_modules/@testing-library/react/dist/index.js:51:22
    at batchedUpdates$1 (/Users/brookeyalof/Development/MongoDB/leafygreen-ui/node_modules/react-dom/cjs/react-dom.development.js:21856:12)
    at act (/Users/brookeyalof/Development/MongoDB/leafygreen-ui/node_modules/react-dom/cjs/react-dom-test-utils.development.js:929:14)
    at asyncAct (/Users/brookeyalof/Development/MongoDB/leafygreen-ui/packages/mongo-nav/node_modules/@testing-library/react/dist/act-compat.js:116:12)
    at Object.asyncWrapper (/Users/brookeyalof/Development/MongoDB/leafygreen-ui/packages/mongo-nav/node_modules/@testing-library/react/dist/index.js:50:35)
    at waitForElementWrapper (/Users/brookeyalof/Development/MongoDB/leafygreen-ui/packages/mongo-nav/node_modules/@testing-library/dom/dist/wait-for-element.js:67:35)
    at findByTestId (/Users/brookeyalof/Development/MongoDB/leafygreen-ui/packages/mongo-nav/node_modules/@testing-library/dom/dist/query-helpers.js:110:98)
    at _callee$ (/Users/brookeyalof/Development/MongoDB/leafygreen-ui/packages/mongo-nav/src/on-element-click-provider/OnElementClick.spec.tsx:58:29)
    at tryCatch (/Users/brookeyalof/Development/MongoDB/leafygreen-ui/node_modules/regenerator-runtime/runtime.js:45:40)
    at Generator.invoke [as _invoke] (/Users/brookeyalof/Development/MongoDB/leafygreen-ui/node_modules/regenerator-runtime/runtime.js:274:22)
    at Generator.prototype.&lt;computed&gt; [as next] (/Users/brookeyalof/Development/MongoDB/leafygreen-ui/node_modules/regenerator-runtime/runtime.js:97:21)
    at asyncGeneratorStep (/Users/brookeyalof/Development/MongoDB/leafygreen-ui/packages/mongo-nav/src/on-element-click-provider/OnElementClick.spec.tsx:17:103)
    at _next (/Users/brookeyalof/Development/MongoDB/leafygreen-ui/packages/mongo-nav/src/on-element-click-provider/OnElementClick.spec.tsx:19:194)
    at /Users/brookeyalof/Development/MongoDB/leafygreen-ui/packages/mongo-nav/src/on-element-click-provider/OnElementClick.spec.tsx:19:364
    at new Promise (&lt;anonymous&gt;)
    at /Users/brookeyalof/Development/MongoDB/leafygreen-ui/packages/mongo-nav/src/on-element-click-provider/OnElementClick.spec.tsx:19:97
    at fn (/Users/brookeyalof/Development/MongoDB/leafygreen-ui/packages/mongo-nav/src/on-element-click-provider/OnElementClick.spec.tsx:57:11)
    at /Users/brookeyalof/Development/MongoDB/leafygreen-ui/packages/testing-lib/dist/webpack:/src/jest-dom.ts:17:14
    at /Users/brookeyalof/Development/MongoDB/leafygreen-ui/packages/testing-lib/dist/webpack:/src/context.ts:98:26
    at /Users/brookeyalof/Development/MongoDB/leafygreen-ui/packages/testing-lib/dist/webpack:/src/context.ts:76:23
    at asyncCompose (/Users/brookeyalof/Development/MongoDB/leafygreen-ui/packages/testing-lib/dist/webpack:/src/context.ts:98:26)
    at outerFn (/Users/brookeyalof/Development/MongoDB/leafygreen-ui/packages/testing-lib/dist/webpack:/src/context.ts:124:7)
    at asyncCompose (/Users/brookeyalof/Development/MongoDB/leafygreen-ui/packages/testing-lib/dist/webpack:/src/context.ts:104:12)
    at e.within (/Users/brookeyalof/Development/MongoDB/leafygreen-ui/packages/testing-lib/dist/webpack:/src/context.ts:119:10)
    at Object.silenceNavigationErrors (/Users/brookeyalof/Development/MongoDB/leafygreen-ui/packages/testing-lib/dist/webpack:/src/jest-dom.ts:9:3)
    at _callee2$ (/Users/brookeyalof/Development/MongoDB/leafygreen-ui/packages/mongo-nav/src/on-element-click-provider/OnElementClick.spec.tsx:57:19)
    at tryCatch (/Users/brookeyalof/Development/MongoDB/leafygreen-ui/node_modules/regenerator-runtime/runtime.js:45:40)
    at Generator.invoke [as _invoke] (/Users/brookeyalof/Development/MongoDB/leafygreen-ui/node_modules/regenerator-runtime/runtime.js:274:22)
    at Generator.prototype.&lt;computed&gt; [as next] (/Users/brookeyalof/Development/MongoDB/leafygreen-ui/node_modules/regenerator-runtime/runtime.js:97:21)
    at asyncGeneratorStep (/Users/brookeyalof/Development/MongoDB/leafygreen-ui/packages/mongo-nav/src/on-element-click-provider/OnElementClick.spec.tsx:17:103)
    at _next (/Users/brookeyalof/Development/MongoDB/leafygreen-ui/packages/mongo-nav/src/on-element-click-provider/OnElementClick.spec.tsx:19:194)
    at /Users/brookeyalof/Development/MongoDB/leafygreen-ui/packages/mongo-nav/src/on-element-click-provider/OnElementClick.spec.tsx:19:364
    at new Promise (&lt;anonymous&gt;)
    at Object.&lt;anonymous&gt; (/Users/brookeyalof/Development/MongoDB/leafygreen-ui/packages/mongo-nav/src/on-element-click-provider/OnElementClick.spec.tsx:19:97)
    at Object.asyncJestTest (/Users/brookeyalof/Development/MongoDB/leafygreen-ui/node_modules/jest-jasmine2/build/jasmineAsyncInstall.js:100:37)
    at /Users/brookeyalof/Development/MongoDB/leafygreen-ui/node_modules/jest-jasmine2/build/queueRunner.js:47:12
    at new Promise (&lt;anonymous&gt;)
    at mapper (/Users/brookeyalof/Development/MongoDB/leafygreen-ui/node_modules/jest-jasmine2/build/queueRunner.js:30:19)
    at /Users/brookeyalof/Development/MongoDB/leafygreen-ui/node_modules/jest-jasmine2/build/queueRunner.js:77:41</failure>
    </testcase>
    <testcase classname="packages/mongo-nav/on-element-click-provider by default the onElementClick value is successfully passed to the project-nav-atlas" name="packages/mongo-nav/on-element-click-provider by default the onElementClick value is successfully passed to the project-nav-atlas" time="4.552">
      <failure>Error: Found multiple elements by: [data-testid=&quot;project-nav-atlas&quot;]

(If this is intentional, then use the `*AllBy*` variant of the query (like `queryAllByText`, `getAllByText`, or `findAllByText`)).

&lt;body&gt;
  &lt;div&gt;
    &lt;section
      class=&quot;leafygreen-ui-ufpynv&quot;
    &gt;
      &lt;nav
        aria-label=&quot;organization navigation&quot;
        class=&quot;leafygreen-ui-8sj84k&quot;
        data-testid=&quot;organization-nav&quot;
      &gt;
        &lt;a
          aria-describedby=&quot;tooltip-4&quot;
          class=&quot;leafygreen-ui-cssveg&quot;
          data-testid=&quot;org-nav-leaf&quot;
          href=&quot;https://cloud.mongodb.com/v2#/org/fakeOrgId1/&quot;
        &gt;
          &lt;svg
            class=&quot;leafygreen-ui-1yq22vy&quot;
            fill=&quot;#21313C&quot;
            viewBox=&quot;0 0 216.56 448.5&quot;
          &gt;
            &lt;title&gt;
              MongoDB LogoMark
            &lt;/title&gt;
            &lt;path
              d=&quot;M202.8,179.68c-23-101.47-71-128.49-83.18-147.59C113,21.7,106.25,5.91,106.25,5.91c-.66,9-1.83,14.7-9.51,21.54C81.36,41.16,16,94.42,10.51,209.72c-5.12,107.5,79,173.8,90.18,180.65,8.54,4.2,19,.08,24-3.77,40.54-27.84,96-102.07,78.06-206.92&quot;
              fill=&quot;#10aa50&quot;
            /&gt;
            &lt;path
              d=&quot;M109.73,333.11c-2.11,26.62-3.63,42.11-9,57.29,0,0,3.54,25.33,6,52.17l8.77,0a488.62,488.62,0,0,1,9.57-56.2C113.71,380.8,110.16,356.46,109.73,333.11Z&quot;
              fill=&quot;#b8c4c2&quot;
            /&gt;
            &lt;path
              d=&quot;M125.06,386.39h0c-11.48-5.3-14.8-30.13-15.31-53.28A1090.8,1090.8,0,0,0,112.2,218.4c-.6-20.07.3-185.92-4.94-210.2,2.12,4.75,7.24,15.91,12.36,23.88,12.23,19.11,60.19,46.13,83.17,147.61C220.7,284.27,165.57,358.37,125.06,386.39Z&quot;
              fill=&quot;#12924f&quot;
            /&gt;
          &lt;/svg&gt;
        &lt;/a&gt;
        &lt;div
          class=&quot;leafygreen-ui-9rcojh&quot;
        &gt;
          &lt;button
            aria-disabled=&quot;false&quot;
            class=&quot;leafygreen-ui-mnwf9p&quot;
            data-leafygreen-ui=&quot;org-trigger&quot;
            data-testid=&quot;org-trigger&quot;
          &gt;
            &lt;svg
              class=&quot;leafygreen-ui-15w0dd1&quot;
              height=&quot;14&quot;
              role=&quot;img&quot;
              title=&quot;Building Icon&quot;
              viewBox=&quot;0 0 16 16&quot;
              width=&quot;14&quot;
            &gt;
              &lt;title&gt;
                Building
              &lt;/title&gt;
              &lt;desc&gt;
                Created with Sketch.
              &lt;/desc&gt;
              &lt;g
                fill=&quot;none&quot;
                fill-rule=&quot;evenodd&quot;
                id=&quot;Building-Copy&quot;
                stroke=&quot;none&quot;
                stroke-width=&quot;1&quot;
              &gt;
                &lt;path
                  d=&quot;M10,4 L14,4 L14,15 L1,15 L1,1 L10,1 L10,4 Z M3,3 L3,13 L8,13 L8,3 L3,3 Z M4,6 L4,4 L5,4 L5,6 L4,6 Z M6,6 L6,4 L7,4 L7,6 L6,6 Z M9,6 L9,13 L12,13 L12,6 L9,6 Z M4,9 L4,7 L5,7 L5,9 L4,9 Z M6,9 L6,7 L7,7 L7,9 L6,9 Z M10,9 L10,7 L11,7 L11,9 L10,9 Z M4,12 L4,10 L5,10 L5,12 L4,12 Z M6,12 L6,10 L7,10 L7,12 L6,12 Z M10,12 L10,10 L11,10 L11,12 L10,12 Z&quot;
                  fill=&quot;currentColor&quot;
                  id=&quot;&quot;
                /&gt;
              &lt;/g&gt;
            &lt;/svg&gt;
            &lt;span
              class=&quot;leafygreen-ui-gzx99w&quot;
              data-testid=&quot;org-select-active-org&quot;
            &gt;
              Demo Organization
            &lt;/span&gt;
            &lt;svg
              class=&quot;leafygreen-ui-1e46tsl&quot;
              height=&quot;14&quot;
              role=&quot;img&quot;
              title=&quot;Caret Down Icon&quot;
              viewBox=&quot;0 0 16 16&quot;
              width=&quot;14&quot;
            &gt;
              &lt;title&gt;
                CaretDown
              &lt;/title&gt;
              &lt;desc&gt;
                Created with Sketch.
              &lt;/desc&gt;
              &lt;g
                fill=&quot;none&quot;
                fill-rule=&quot;evenodd&quot;
                id=&quot;CaretDown-Copy&quot;
                stroke=&quot;none&quot;
                stroke-width=&quot;1&quot;
              &gt;
                &lt;path
                  d=&quot;M4.67285687,6 L11.3271431,6 C11.9254697,6 12.224633,6.775217 11.8024493,7.22717749 L8.47530616,10.7889853 C8.21248981,11.0703382 7.78751019,11.0703382 7.52748976,10.7889853 L4.19755071,7.22717749 C3.77536701,6.775217 4.07453029,6 4.67285687,6 Z&quot;
                  fill=&quot;currentColor&quot;
                  id=&quot;Path&quot;
                /&gt;
              &lt;/g&gt;
            &lt;/svg&gt;
          &lt;/button&gt;
          &lt;div
            class=&quot;leafygreen-ui-1wt0cgk&quot;
          /&gt;
        &lt;/div&gt;
        &lt;a
          aria-disabled=&quot;false&quot;
          aria-label=&quot;settings&quot;
          class=&quot;leafygreen-ui-16ffnxw&quot;
          data-leafygreen-ui=&quot;anchor-data-prop&quot;
          data-testid=&quot;org-trigger-settings&quot;
          href=&quot;https://cloud.mongodb.com/v2#/org/fakeOrgId1/settings/general&quot;
          tabindex=&quot;0&quot;
        &gt;
          &lt;svg
            class=&quot;&quot;
            height=&quot;16&quot;
            role=&quot;img&quot;
            title=&quot;Settings Icon&quot;
            viewBox=&quot;0 0 16 16&quot;
            width=&quot;16&quot;
          &gt;
            &lt;title&gt;
              Settings
            &lt;/title&gt;
            &lt;desc&gt;
              Created with Sketch.
            &lt;/desc&gt;
            &lt;g
              fill=&quot;none&quot;
              fill-rule=&quot;evenodd&quot;
              id=&quot;Settings-Copy&quot;
              stroke=&quot;none&quot;
              stroke-width...
    at getElementError (/Users/brookeyalof/Development/MongoDB/leafygreen-ui/packages/mongo-nav/node_modules/@testing-library/dom/dist/query-helpers.js:46:10)
    at getMultipleElementsFoundError (/Users/brookeyalof/Development/MongoDB/leafygreen-ui/packages/mongo-nav/node_modules/@testing-library/dom/dist/query-helpers.js:50:10)
    at /Users/brookeyalof/Development/MongoDB/leafygreen-ui/packages/mongo-nav/node_modules/@testing-library/dom/dist/query-helpers.js:86:13
    at /Users/brookeyalof/Development/MongoDB/leafygreen-ui/packages/mongo-nav/node_modules/@testing-library/dom/dist/query-helpers.js:110:105
    at onMutation (/Users/brookeyalof/Development/MongoDB/leafygreen-ui/packages/mongo-nav/node_modules/@testing-library/dom/dist/wait-for-element.js:46:24)
    at /Users/brookeyalof/Development/MongoDB/leafygreen-ui/packages/mongo-nav/node_modules/@testing-library/dom/dist/wait-for-element.js:62:5
    at new Promise (&lt;anonymous&gt;)
    at waitForElement (/Users/brookeyalof/Development/MongoDB/leafygreen-ui/packages/mongo-nav/node_modules/@testing-library/dom/dist/wait-for-element.js:22:10)
    at /Users/brookeyalof/Development/MongoDB/leafygreen-ui/packages/mongo-nav/node_modules/@testing-library/dom/dist/wait-for-element.js:67:54
    at /Users/brookeyalof/Development/MongoDB/leafygreen-ui/packages/mongo-nav/node_modules/@testing-library/react/dist/index.js:51:22
    at batchedUpdates$1 (/Users/brookeyalof/Development/MongoDB/leafygreen-ui/node_modules/react-dom/cjs/react-dom.development.js:21856:12)
    at act (/Users/brookeyalof/Development/MongoDB/leafygreen-ui/node_modules/react-dom/cjs/react-dom-test-utils.development.js:929:14)
    at asyncAct (/Users/brookeyalof/Development/MongoDB/leafygreen-ui/packages/mongo-nav/node_modules/@testing-library/react/dist/act-compat.js:116:12)
    at Object.asyncWrapper (/Users/brookeyalof/Development/MongoDB/leafygreen-ui/packages/mongo-nav/node_modules/@testing-library/react/dist/index.js:50:35)
    at waitForElementWrapper (/Users/brookeyalof/Development/MongoDB/leafygreen-ui/packages/mongo-nav/node_modules/@testing-library/dom/dist/wait-for-element.js:67:35)
    at findByTestId (/Users/brookeyalof/Development/MongoDB/leafygreen-ui/packages/mongo-nav/node_modules/@testing-library/dom/dist/query-helpers.js:110:98)
    at _callee$ (/Users/brookeyalof/Development/MongoDB/leafygreen-ui/packages/mongo-nav/src/on-element-click-provider/OnElementClick.spec.tsx:58:29)
    at tryCatch (/Users/brookeyalof/Development/MongoDB/leafygreen-ui/node_modules/regenerator-runtime/runtime.js:45:40)
    at Generator.invoke [as _invoke] (/Users/brookeyalof/Development/MongoDB/leafygreen-ui/node_modules/regenerator-runtime/runtime.js:274:22)
    at Generator.prototype.&lt;computed&gt; [as next] (/Users/brookeyalof/Development/MongoDB/leafygreen-ui/node_modules/regenerator-runtime/runtime.js:97:21)
    at asyncGeneratorStep (/Users/brookeyalof/Development/MongoDB/leafygreen-ui/packages/mongo-nav/src/on-element-click-provider/OnElementClick.spec.tsx:17:103)
    at _next (/Users/brookeyalof/Development/MongoDB/leafygreen-ui/packages/mongo-nav/src/on-element-click-provider/OnElementClick.spec.tsx:19:194)
    at /Users/brookeyalof/Development/MongoDB/leafygreen-ui/packages/mongo-nav/src/on-element-click-provider/OnElementClick.spec.tsx:19:364
    at new Promise (&lt;anonymous&gt;)
    at /Users/brookeyalof/Development/MongoDB/leafygreen-ui/packages/mongo-nav/src/on-element-click-provider/OnElementClick.spec.tsx:19:97
    at fn (/Users/brookeyalof/Development/MongoDB/leafygreen-ui/packages/mongo-nav/src/on-element-click-provider/OnElementClick.spec.tsx:57:11)
    at /Users/brookeyalof/Development/MongoDB/leafygreen-ui/packages/testing-lib/dist/webpack:/src/jest-dom.ts:17:14
    at /Users/brookeyalof/Development/MongoDB/leafygreen-ui/packages/testing-lib/dist/webpack:/src/context.ts:98:26
    at /Users/brookeyalof/Development/MongoDB/leafygreen-ui/packages/testing-lib/dist/webpack:/src/context.ts:76:23
    at asyncCompose (/Users/brookeyalof/Development/MongoDB/leafygreen-ui/packages/testing-lib/dist/webpack:/src/context.ts:98:26)
    at outerFn (/Users/brookeyalof/Development/MongoDB/leafygreen-ui/packages/testing-lib/dist/webpack:/src/context.ts:124:7)
    at asyncCompose (/Users/brookeyalof/Development/MongoDB/leafygreen-ui/packages/testing-lib/dist/webpack:/src/context.ts:104:12)
    at e.within (/Users/brookeyalof/Development/MongoDB/leafygreen-ui/packages/testing-lib/dist/webpack:/src/context.ts:119:10)
    at Object.silenceNavigationErrors (/Users/brookeyalof/Development/MongoDB/leafygreen-ui/packages/testing-lib/dist/webpack:/src/jest-dom.ts:9:3)
    at _callee2$ (/Users/brookeyalof/Development/MongoDB/leafygreen-ui/packages/mongo-nav/src/on-element-click-provider/OnElementClick.spec.tsx:57:19)
    at tryCatch (/Users/brookeyalof/Development/MongoDB/leafygreen-ui/node_modules/regenerator-runtime/runtime.js:45:40)
    at Generator.invoke [as _invoke] (/Users/brookeyalof/Development/MongoDB/leafygreen-ui/node_modules/regenerator-runtime/runtime.js:274:22)
    at Generator.prototype.&lt;computed&gt; [as next] (/Users/brookeyalof/Development/MongoDB/leafygreen-ui/node_modules/regenerator-runtime/runtime.js:97:21)
    at asyncGeneratorStep (/Users/brookeyalof/Development/MongoDB/leafygreen-ui/packages/mongo-nav/src/on-element-click-provider/OnElementClick.spec.tsx:17:103)
    at _next (/Users/brookeyalof/Development/MongoDB/leafygreen-ui/packages/mongo-nav/src/on-element-click-provider/OnElementClick.spec.tsx:19:194)
    at /Users/brookeyalof/Development/MongoDB/leafygreen-ui/packages/mongo-nav/src/on-element-click-provider/OnElementClick.spec.tsx:19:364
    at new Promise (&lt;anonymous&gt;)
    at Object.&lt;anonymous&gt; (/Users/brookeyalof/Development/MongoDB/leafygreen-ui/packages/mongo-nav/src/on-element-click-provider/OnElementClick.spec.tsx:19:97)
    at Object.asyncJestTest (/Users/brookeyalof/Development/MongoDB/leafygreen-ui/node_modules/jest-jasmine2/build/jasmineAsyncInstall.js:100:37)
    at /Users/brookeyalof/Development/MongoDB/leafygreen-ui/node_modules/jest-jasmine2/build/queueRunner.js:47:12
    at new Promise (&lt;anonymous&gt;)
    at mapper (/Users/brookeyalof/Development/MongoDB/leafygreen-ui/node_modules/jest-jasmine2/build/queueRunner.js:30:19)
    at /Users/brookeyalof/Development/MongoDB/leafygreen-ui/node_modules/jest-jasmine2/build/queueRunner.js:77:41</failure>
    </testcase>
    <testcase classname="packages/mongo-nav/on-element-click-provider by default the onElementClick value is successfully passed to the project-nav-realm" name="packages/mongo-nav/on-element-click-provider by default the onElementClick value is successfully passed to the project-nav-realm" time="4.546">
      <failure>Error: Found multiple elements by: [data-testid=&quot;project-nav-realm&quot;]

(If this is intentional, then use the `*AllBy*` variant of the query (like `queryAllByText`, `getAllByText`, or `findAllByText`)).

&lt;body&gt;
  &lt;div&gt;
    &lt;section
      class=&quot;leafygreen-ui-ufpynv&quot;
    &gt;
      &lt;nav
        aria-label=&quot;organization navigation&quot;
        class=&quot;leafygreen-ui-8sj84k&quot;
        data-testid=&quot;organization-nav&quot;
      &gt;
        &lt;a
          aria-describedby=&quot;tooltip-4&quot;
          class=&quot;leafygreen-ui-cssveg&quot;
          data-testid=&quot;org-nav-leaf&quot;
          href=&quot;https://cloud.mongodb.com/v2#/org/fakeOrgId1/&quot;
        &gt;
          &lt;svg
            class=&quot;leafygreen-ui-1yq22vy&quot;
            fill=&quot;#21313C&quot;
            viewBox=&quot;0 0 216.56 448.5&quot;
          &gt;
            &lt;title&gt;
              MongoDB LogoMark
            &lt;/title&gt;
            &lt;path
              d=&quot;M202.8,179.68c-23-101.47-71-128.49-83.18-147.59C113,21.7,106.25,5.91,106.25,5.91c-.66,9-1.83,14.7-9.51,21.54C81.36,41.16,16,94.42,10.51,209.72c-5.12,107.5,79,173.8,90.18,180.65,8.54,4.2,19,.08,24-3.77,40.54-27.84,96-102.07,78.06-206.92&quot;
              fill=&quot;#10aa50&quot;
            /&gt;
            &lt;path
              d=&quot;M109.73,333.11c-2.11,26.62-3.63,42.11-9,57.29,0,0,3.54,25.33,6,52.17l8.77,0a488.62,488.62,0,0,1,9.57-56.2C113.71,380.8,110.16,356.46,109.73,333.11Z&quot;
              fill=&quot;#b8c4c2&quot;
            /&gt;
            &lt;path
              d=&quot;M125.06,386.39h0c-11.48-5.3-14.8-30.13-15.31-53.28A1090.8,1090.8,0,0,0,112.2,218.4c-.6-20.07.3-185.92-4.94-210.2,2.12,4.75,7.24,15.91,12.36,23.88,12.23,19.11,60.19,46.13,83.17,147.61C220.7,284.27,165.57,358.37,125.06,386.39Z&quot;
              fill=&quot;#12924f&quot;
            /&gt;
          &lt;/svg&gt;
        &lt;/a&gt;
        &lt;div
          class=&quot;leafygreen-ui-9rcojh&quot;
        &gt;
          &lt;button
            aria-disabled=&quot;false&quot;
            class=&quot;leafygreen-ui-mnwf9p&quot;
            data-leafygreen-ui=&quot;org-trigger&quot;
            data-testid=&quot;org-trigger&quot;
          &gt;
            &lt;svg
              class=&quot;leafygreen-ui-15w0dd1&quot;
              height=&quot;14&quot;
              role=&quot;img&quot;
              title=&quot;Building Icon&quot;
              viewBox=&quot;0 0 16 16&quot;
              width=&quot;14&quot;
            &gt;
              &lt;title&gt;
                Building
              &lt;/title&gt;
              &lt;desc&gt;
                Created with Sketch.
              &lt;/desc&gt;
              &lt;g
                fill=&quot;none&quot;
                fill-rule=&quot;evenodd&quot;
                id=&quot;Building-Copy&quot;
                stroke=&quot;none&quot;
                stroke-width=&quot;1&quot;
              &gt;
                &lt;path
                  d=&quot;M10,4 L14,4 L14,15 L1,15 L1,1 L10,1 L10,4 Z M3,3 L3,13 L8,13 L8,3 L3,3 Z M4,6 L4,4 L5,4 L5,6 L4,6 Z M6,6 L6,4 L7,4 L7,6 L6,6 Z M9,6 L9,13 L12,13 L12,6 L9,6 Z M4,9 L4,7 L5,7 L5,9 L4,9 Z M6,9 L6,7 L7,7 L7,9 L6,9 Z M10,9 L10,7 L11,7 L11,9 L10,9 Z M4,12 L4,10 L5,10 L5,12 L4,12 Z M6,12 L6,10 L7,10 L7,12 L6,12 Z M10,12 L10,10 L11,10 L11,12 L10,12 Z&quot;
                  fill=&quot;currentColor&quot;
                  id=&quot;&quot;
                /&gt;
              &lt;/g&gt;
            &lt;/svg&gt;
            &lt;span
              class=&quot;leafygreen-ui-gzx99w&quot;
              data-testid=&quot;org-select-active-org&quot;
            &gt;
              Demo Organization
            &lt;/span&gt;
            &lt;svg
              class=&quot;leafygreen-ui-1e46tsl&quot;
              height=&quot;14&quot;
              role=&quot;img&quot;
              title=&quot;Caret Down Icon&quot;
              viewBox=&quot;0 0 16 16&quot;
              width=&quot;14&quot;
            &gt;
              &lt;title&gt;
                CaretDown
              &lt;/title&gt;
              &lt;desc&gt;
                Created with Sketch.
              &lt;/desc&gt;
              &lt;g
                fill=&quot;none&quot;
                fill-rule=&quot;evenodd&quot;
                id=&quot;CaretDown-Copy&quot;
                stroke=&quot;none&quot;
                stroke-width=&quot;1&quot;
              &gt;
                &lt;path
                  d=&quot;M4.67285687,6 L11.3271431,6 C11.9254697,6 12.224633,6.775217 11.8024493,7.22717749 L8.47530616,10.7889853 C8.21248981,11.0703382 7.78751019,11.0703382 7.52748976,10.7889853 L4.19755071,7.22717749 C3.77536701,6.775217 4.07453029,6 4.67285687,6 Z&quot;
                  fill=&quot;currentColor&quot;
                  id=&quot;Path&quot;
                /&gt;
              &lt;/g&gt;
            &lt;/svg&gt;
          &lt;/button&gt;
          &lt;div
            class=&quot;leafygreen-ui-1wt0cgk&quot;
          /&gt;
        &lt;/div&gt;
        &lt;a
          aria-disabled=&quot;false&quot;
          aria-label=&quot;settings&quot;
          class=&quot;leafygreen-ui-16ffnxw&quot;
          data-leafygreen-ui=&quot;anchor-data-prop&quot;
          data-testid=&quot;org-trigger-settings&quot;
          href=&quot;https://cloud.mongodb.com/v2#/org/fakeOrgId1/settings/general&quot;
          tabindex=&quot;0&quot;
        &gt;
          &lt;svg
            class=&quot;&quot;
            height=&quot;16&quot;
            role=&quot;img&quot;
            title=&quot;Settings Icon&quot;
            viewBox=&quot;0 0 16 16&quot;
            width=&quot;16&quot;
          &gt;
            &lt;title&gt;
              Settings
            &lt;/title&gt;
            &lt;desc&gt;
              Created with Sketch.
            &lt;/desc&gt;
            &lt;g
              fill=&quot;none&quot;
              fill-rule=&quot;evenodd&quot;
              id=&quot;Settings-Copy&quot;
              stroke=&quot;none&quot;
              stroke-width...
    at getElementError (/Users/brookeyalof/Development/MongoDB/leafygreen-ui/packages/mongo-nav/node_modules/@testing-library/dom/dist/query-helpers.js:46:10)
    at getMultipleElementsFoundError (/Users/brookeyalof/Development/MongoDB/leafygreen-ui/packages/mongo-nav/node_modules/@testing-library/dom/dist/query-helpers.js:50:10)
    at /Users/brookeyalof/Development/MongoDB/leafygreen-ui/packages/mongo-nav/node_modules/@testing-library/dom/dist/query-helpers.js:86:13
    at /Users/brookeyalof/Development/MongoDB/leafygreen-ui/packages/mongo-nav/node_modules/@testing-library/dom/dist/query-helpers.js:110:105
    at onMutation (/Users/brookeyalof/Development/MongoDB/leafygreen-ui/packages/mongo-nav/node_modules/@testing-library/dom/dist/wait-for-element.js:46:24)
    at /Users/brookeyalof/Development/MongoDB/leafygreen-ui/packages/mongo-nav/node_modules/@testing-library/dom/dist/wait-for-element.js:62:5
    at new Promise (&lt;anonymous&gt;)
    at waitForElement (/Users/brookeyalof/Development/MongoDB/leafygreen-ui/packages/mongo-nav/node_modules/@testing-library/dom/dist/wait-for-element.js:22:10)
    at /Users/brookeyalof/Development/MongoDB/leafygreen-ui/packages/mongo-nav/node_modules/@testing-library/dom/dist/wait-for-element.js:67:54
    at /Users/brookeyalof/Development/MongoDB/leafygreen-ui/packages/mongo-nav/node_modules/@testing-library/react/dist/index.js:51:22
    at batchedUpdates$1 (/Users/brookeyalof/Development/MongoDB/leafygreen-ui/node_modules/react-dom/cjs/react-dom.development.js:21856:12)
    at act (/Users/brookeyalof/Development/MongoDB/leafygreen-ui/node_modules/react-dom/cjs/react-dom-test-utils.development.js:929:14)
    at asyncAct (/Users/brookeyalof/Development/MongoDB/leafygreen-ui/packages/mongo-nav/node_modules/@testing-library/react/dist/act-compat.js:116:12)
    at Object.asyncWrapper (/Users/brookeyalof/Development/MongoDB/leafygreen-ui/packages/mongo-nav/node_modules/@testing-library/react/dist/index.js:50:35)
    at waitForElementWrapper (/Users/brookeyalof/Development/MongoDB/leafygreen-ui/packages/mongo-nav/node_modules/@testing-library/dom/dist/wait-for-element.js:67:35)
    at findByTestId (/Users/brookeyalof/Development/MongoDB/leafygreen-ui/packages/mongo-nav/node_modules/@testing-library/dom/dist/query-helpers.js:110:98)
    at _callee$ (/Users/brookeyalof/Development/MongoDB/leafygreen-ui/packages/mongo-nav/src/on-element-click-provider/OnElementClick.spec.tsx:58:29)
    at tryCatch (/Users/brookeyalof/Development/MongoDB/leafygreen-ui/node_modules/regenerator-runtime/runtime.js:45:40)
    at Generator.invoke [as _invoke] (/Users/brookeyalof/Development/MongoDB/leafygreen-ui/node_modules/regenerator-runtime/runtime.js:274:22)
    at Generator.prototype.&lt;computed&gt; [as next] (/Users/brookeyalof/Development/MongoDB/leafygreen-ui/node_modules/regenerator-runtime/runtime.js:97:21)
    at asyncGeneratorStep (/Users/brookeyalof/Development/MongoDB/leafygreen-ui/packages/mongo-nav/src/on-element-click-provider/OnElementClick.spec.tsx:17:103)
    at _next (/Users/brookeyalof/Development/MongoDB/leafygreen-ui/packages/mongo-nav/src/on-element-click-provider/OnElementClick.spec.tsx:19:194)
    at /Users/brookeyalof/Development/MongoDB/leafygreen-ui/packages/mongo-nav/src/on-element-click-provider/OnElementClick.spec.tsx:19:364
    at new Promise (&lt;anonymous&gt;)
    at /Users/brookeyalof/Development/MongoDB/leafygreen-ui/packages/mongo-nav/src/on-element-click-provider/OnElementClick.spec.tsx:19:97
    at fn (/Users/brookeyalof/Development/MongoDB/leafygreen-ui/packages/mongo-nav/src/on-element-click-provider/OnElementClick.spec.tsx:57:11)
    at /Users/brookeyalof/Development/MongoDB/leafygreen-ui/packages/testing-lib/dist/webpack:/src/jest-dom.ts:17:14
    at /Users/brookeyalof/Development/MongoDB/leafygreen-ui/packages/testing-lib/dist/webpack:/src/context.ts:98:26
    at /Users/brookeyalof/Development/MongoDB/leafygreen-ui/packages/testing-lib/dist/webpack:/src/context.ts:76:23
    at asyncCompose (/Users/brookeyalof/Development/MongoDB/leafygreen-ui/packages/testing-lib/dist/webpack:/src/context.ts:98:26)
    at outerFn (/Users/brookeyalof/Development/MongoDB/leafygreen-ui/packages/testing-lib/dist/webpack:/src/context.ts:124:7)
    at asyncCompose (/Users/brookeyalof/Development/MongoDB/leafygreen-ui/packages/testing-lib/dist/webpack:/src/context.ts:104:12)
    at e.within (/Users/brookeyalof/Development/MongoDB/leafygreen-ui/packages/testing-lib/dist/webpack:/src/context.ts:119:10)
    at Object.silenceNavigationErrors (/Users/brookeyalof/Development/MongoDB/leafygreen-ui/packages/testing-lib/dist/webpack:/src/jest-dom.ts:9:3)
    at _callee2$ (/Users/brookeyalof/Development/MongoDB/leafygreen-ui/packages/mongo-nav/src/on-element-click-provider/OnElementClick.spec.tsx:57:19)
    at tryCatch (/Users/brookeyalof/Development/MongoDB/leafygreen-ui/node_modules/regenerator-runtime/runtime.js:45:40)
    at Generator.invoke [as _invoke] (/Users/brookeyalof/Development/MongoDB/leafygreen-ui/node_modules/regenerator-runtime/runtime.js:274:22)
    at Generator.prototype.&lt;computed&gt; [as next] (/Users/brookeyalof/Development/MongoDB/leafygreen-ui/node_modules/regenerator-runtime/runtime.js:97:21)
    at asyncGeneratorStep (/Users/brookeyalof/Development/MongoDB/leafygreen-ui/packages/mongo-nav/src/on-element-click-provider/OnElementClick.spec.tsx:17:103)
    at _next (/Users/brookeyalof/Development/MongoDB/leafygreen-ui/packages/mongo-nav/src/on-element-click-provider/OnElementClick.spec.tsx:19:194)
    at /Users/brookeyalof/Development/MongoDB/leafygreen-ui/packages/mongo-nav/src/on-element-click-provider/OnElementClick.spec.tsx:19:364
    at new Promise (&lt;anonymous&gt;)
    at Object.&lt;anonymous&gt; (/Users/brookeyalof/Development/MongoDB/leafygreen-ui/packages/mongo-nav/src/on-element-click-provider/OnElementClick.spec.tsx:19:97)
    at Object.asyncJestTest (/Users/brookeyalof/Development/MongoDB/leafygreen-ui/node_modules/jest-jasmine2/build/jasmineAsyncInstall.js:100:37)
    at /Users/brookeyalof/Development/MongoDB/leafygreen-ui/node_modules/jest-jasmine2/build/queueRunner.js:47:12
    at new Promise (&lt;anonymous&gt;)
    at mapper (/Users/brookeyalof/Development/MongoDB/leafygreen-ui/node_modules/jest-jasmine2/build/queueRunner.js:30:19)
    at /Users/brookeyalof/Development/MongoDB/leafygreen-ui/node_modules/jest-jasmine2/build/queueRunner.js:77:41</failure>
    </testcase>
    <testcase classname="packages/mongo-nav/on-element-click-provider by default the onElementClick value is successfully passed to the project-nav-charts" name="packages/mongo-nav/on-element-click-provider by default the onElementClick value is successfully passed to the project-nav-charts" time="4.547">
      <failure>Error: Found multiple elements by: [data-testid=&quot;project-nav-charts&quot;]

(If this is intentional, then use the `*AllBy*` variant of the query (like `queryAllByText`, `getAllByText`, or `findAllByText`)).

&lt;body&gt;
  &lt;div&gt;
    &lt;section
      class=&quot;leafygreen-ui-ufpynv&quot;
    &gt;
      &lt;nav
        aria-label=&quot;organization navigation&quot;
        class=&quot;leafygreen-ui-8sj84k&quot;
        data-testid=&quot;organization-nav&quot;
      &gt;
        &lt;a
          aria-describedby=&quot;tooltip-4&quot;
          class=&quot;leafygreen-ui-cssveg&quot;
          data-testid=&quot;org-nav-leaf&quot;
          href=&quot;https://cloud.mongodb.com/v2#/org/fakeOrgId1/&quot;
        &gt;
          &lt;svg
            class=&quot;leafygreen-ui-1yq22vy&quot;
            fill=&quot;#21313C&quot;
            viewBox=&quot;0 0 216.56 448.5&quot;
          &gt;
            &lt;title&gt;
              MongoDB LogoMark
            &lt;/title&gt;
            &lt;path
              d=&quot;M202.8,179.68c-23-101.47-71-128.49-83.18-147.59C113,21.7,106.25,5.91,106.25,5.91c-.66,9-1.83,14.7-9.51,21.54C81.36,41.16,16,94.42,10.51,209.72c-5.12,107.5,79,173.8,90.18,180.65,8.54,4.2,19,.08,24-3.77,40.54-27.84,96-102.07,78.06-206.92&quot;
              fill=&quot;#10aa50&quot;
            /&gt;
            &lt;path
              d=&quot;M109.73,333.11c-2.11,26.62-3.63,42.11-9,57.29,0,0,3.54,25.33,6,52.17l8.77,0a488.62,488.62,0,0,1,9.57-56.2C113.71,380.8,110.16,356.46,109.73,333.11Z&quot;
              fill=&quot;#b8c4c2&quot;
            /&gt;
            &lt;path
              d=&quot;M125.06,386.39h0c-11.48-5.3-14.8-30.13-15.31-53.28A1090.8,1090.8,0,0,0,112.2,218.4c-.6-20.07.3-185.92-4.94-210.2,2.12,4.75,7.24,15.91,12.36,23.88,12.23,19.11,60.19,46.13,83.17,147.61C220.7,284.27,165.57,358.37,125.06,386.39Z&quot;
              fill=&quot;#12924f&quot;
            /&gt;
          &lt;/svg&gt;
        &lt;/a&gt;
        &lt;div
          class=&quot;leafygreen-ui-9rcojh&quot;
        &gt;
          &lt;button
            aria-disabled=&quot;false&quot;
            class=&quot;leafygreen-ui-mnwf9p&quot;
            data-leafygreen-ui=&quot;org-trigger&quot;
            data-testid=&quot;org-trigger&quot;
          &gt;
            &lt;svg
              class=&quot;leafygreen-ui-15w0dd1&quot;
              height=&quot;14&quot;
              role=&quot;img&quot;
              title=&quot;Building Icon&quot;
              viewBox=&quot;0 0 16 16&quot;
              width=&quot;14&quot;
            &gt;
              &lt;title&gt;
                Building
              &lt;/title&gt;
              &lt;desc&gt;
                Created with Sketch.
              &lt;/desc&gt;
              &lt;g
                fill=&quot;none&quot;
                fill-rule=&quot;evenodd&quot;
                id=&quot;Building-Copy&quot;
                stroke=&quot;none&quot;
                stroke-width=&quot;1&quot;
              &gt;
                &lt;path
                  d=&quot;M10,4 L14,4 L14,15 L1,15 L1,1 L10,1 L10,4 Z M3,3 L3,13 L8,13 L8,3 L3,3 Z M4,6 L4,4 L5,4 L5,6 L4,6 Z M6,6 L6,4 L7,4 L7,6 L6,6 Z M9,6 L9,13 L12,13 L12,6 L9,6 Z M4,9 L4,7 L5,7 L5,9 L4,9 Z M6,9 L6,7 L7,7 L7,9 L6,9 Z M10,9 L10,7 L11,7 L11,9 L10,9 Z M4,12 L4,10 L5,10 L5,12 L4,12 Z M6,12 L6,10 L7,10 L7,12 L6,12 Z M10,12 L10,10 L11,10 L11,12 L10,12 Z&quot;
                  fill=&quot;currentColor&quot;
                  id=&quot;&quot;
                /&gt;
              &lt;/g&gt;
            &lt;/svg&gt;
            &lt;span
              class=&quot;leafygreen-ui-gzx99w&quot;
              data-testid=&quot;org-select-active-org&quot;
            &gt;
              Demo Organization
            &lt;/span&gt;
            &lt;svg
              class=&quot;leafygreen-ui-1e46tsl&quot;
              height=&quot;14&quot;
              role=&quot;img&quot;
              title=&quot;Caret Down Icon&quot;
              viewBox=&quot;0 0 16 16&quot;
              width=&quot;14&quot;
            &gt;
              &lt;title&gt;
                CaretDown
              &lt;/title&gt;
              &lt;desc&gt;
                Created with Sketch.
              &lt;/desc&gt;
              &lt;g
                fill=&quot;none&quot;
                fill-rule=&quot;evenodd&quot;
                id=&quot;CaretDown-Copy&quot;
                stroke=&quot;none&quot;
                stroke-width=&quot;1&quot;
              &gt;
                &lt;path
                  d=&quot;M4.67285687,6 L11.3271431,6 C11.9254697,6 12.224633,6.775217 11.8024493,7.22717749 L8.47530616,10.7889853 C8.21248981,11.0703382 7.78751019,11.0703382 7.52748976,10.7889853 L4.19755071,7.22717749 C3.77536701,6.775217 4.07453029,6 4.67285687,6 Z&quot;
                  fill=&quot;currentColor&quot;
                  id=&quot;Path&quot;
                /&gt;
              &lt;/g&gt;
            &lt;/svg&gt;
          &lt;/button&gt;
          &lt;div
            class=&quot;leafygreen-ui-1wt0cgk&quot;
          /&gt;
        &lt;/div&gt;
        &lt;a
          aria-disabled=&quot;false&quot;
          aria-label=&quot;settings&quot;
          class=&quot;leafygreen-ui-16ffnxw&quot;
          data-leafygreen-ui=&quot;anchor-data-prop&quot;
          data-testid=&quot;org-trigger-settings&quot;
          href=&quot;https://cloud.mongodb.com/v2#/org/fakeOrgId1/settings/general&quot;
          tabindex=&quot;0&quot;
        &gt;
          &lt;svg
            class=&quot;&quot;
            height=&quot;16&quot;
            role=&quot;img&quot;
            title=&quot;Settings Icon&quot;
            viewBox=&quot;0 0 16 16&quot;
            width=&quot;16&quot;
          &gt;
            &lt;title&gt;
              Settings
            &lt;/title&gt;
            &lt;desc&gt;
              Created with Sketch.
            &lt;/desc&gt;
            &lt;g
              fill=&quot;none&quot;
              fill-rule=&quot;evenodd&quot;
              id=&quot;Settings-Copy&quot;
              stroke=&quot;none&quot;
              stroke-width...
    at getElementError (/Users/brookeyalof/Development/MongoDB/leafygreen-ui/packages/mongo-nav/node_modules/@testing-library/dom/dist/query-helpers.js:46:10)
    at getMultipleElementsFoundError (/Users/brookeyalof/Development/MongoDB/leafygreen-ui/packages/mongo-nav/node_modules/@testing-library/dom/dist/query-helpers.js:50:10)
    at /Users/brookeyalof/Development/MongoDB/leafygreen-ui/packages/mongo-nav/node_modules/@testing-library/dom/dist/query-helpers.js:86:13
    at /Users/brookeyalof/Development/MongoDB/leafygreen-ui/packages/mongo-nav/node_modules/@testing-library/dom/dist/query-helpers.js:110:105
    at onMutation (/Users/brookeyalof/Development/MongoDB/leafygreen-ui/packages/mongo-nav/node_modules/@testing-library/dom/dist/wait-for-element.js:46:24)
    at /Users/brookeyalof/Development/MongoDB/leafygreen-ui/packages/mongo-nav/node_modules/@testing-library/dom/dist/wait-for-element.js:62:5
    at new Promise (&lt;anonymous&gt;)
    at waitForElement (/Users/brookeyalof/Development/MongoDB/leafygreen-ui/packages/mongo-nav/node_modules/@testing-library/dom/dist/wait-for-element.js:22:10)
    at /Users/brookeyalof/Development/MongoDB/leafygreen-ui/packages/mongo-nav/node_modules/@testing-library/dom/dist/wait-for-element.js:67:54
    at /Users/brookeyalof/Development/MongoDB/leafygreen-ui/packages/mongo-nav/node_modules/@testing-library/react/dist/index.js:51:22
    at batchedUpdates$1 (/Users/brookeyalof/Development/MongoDB/leafygreen-ui/node_modules/react-dom/cjs/react-dom.development.js:21856:12)
    at act (/Users/brookeyalof/Development/MongoDB/leafygreen-ui/node_modules/react-dom/cjs/react-dom-test-utils.development.js:929:14)
    at asyncAct (/Users/brookeyalof/Development/MongoDB/leafygreen-ui/packages/mongo-nav/node_modules/@testing-library/react/dist/act-compat.js:116:12)
    at Object.asyncWrapper (/Users/brookeyalof/Development/MongoDB/leafygreen-ui/packages/mongo-nav/node_modules/@testing-library/react/dist/index.js:50:35)
    at waitForElementWrapper (/Users/brookeyalof/Development/MongoDB/leafygreen-ui/packages/mongo-nav/node_modules/@testing-library/dom/dist/wait-for-element.js:67:35)
    at findByTestId (/Users/brookeyalof/Development/MongoDB/leafygreen-ui/packages/mongo-nav/node_modules/@testing-library/dom/dist/query-helpers.js:110:98)
    at _callee$ (/Users/brookeyalof/Development/MongoDB/leafygreen-ui/packages/mongo-nav/src/on-element-click-provider/OnElementClick.spec.tsx:58:29)
    at tryCatch (/Users/brookeyalof/Development/MongoDB/leafygreen-ui/node_modules/regenerator-runtime/runtime.js:45:40)
    at Generator.invoke [as _invoke] (/Users/brookeyalof/Development/MongoDB/leafygreen-ui/node_modules/regenerator-runtime/runtime.js:274:22)
    at Generator.prototype.&lt;computed&gt; [as next] (/Users/brookeyalof/Development/MongoDB/leafygreen-ui/node_modules/regenerator-runtime/runtime.js:97:21)
    at asyncGeneratorStep (/Users/brookeyalof/Development/MongoDB/leafygreen-ui/packages/mongo-nav/src/on-element-click-provider/OnElementClick.spec.tsx:17:103)
    at _next (/Users/brookeyalof/Development/MongoDB/leafygreen-ui/packages/mongo-nav/src/on-element-click-provider/OnElementClick.spec.tsx:19:194)
    at /Users/brookeyalof/Development/MongoDB/leafygreen-ui/packages/mongo-nav/src/on-element-click-provider/OnElementClick.spec.tsx:19:364
    at new Promise (&lt;anonymous&gt;)
    at /Users/brookeyalof/Development/MongoDB/leafygreen-ui/packages/mongo-nav/src/on-element-click-provider/OnElementClick.spec.tsx:19:97
    at fn (/Users/brookeyalof/Development/MongoDB/leafygreen-ui/packages/mongo-nav/src/on-element-click-provider/OnElementClick.spec.tsx:57:11)
    at /Users/brookeyalof/Development/MongoDB/leafygreen-ui/packages/testing-lib/dist/webpack:/src/jest-dom.ts:17:14
    at /Users/brookeyalof/Development/MongoDB/leafygreen-ui/packages/testing-lib/dist/webpack:/src/context.ts:98:26
    at /Users/brookeyalof/Development/MongoDB/leafygreen-ui/packages/testing-lib/dist/webpack:/src/context.ts:76:23
    at asyncCompose (/Users/brookeyalof/Development/MongoDB/leafygreen-ui/packages/testing-lib/dist/webpack:/src/context.ts:98:26)
    at outerFn (/Users/brookeyalof/Development/MongoDB/leafygreen-ui/packages/testing-lib/dist/webpack:/src/context.ts:124:7)
    at asyncCompose (/Users/brookeyalof/Development/MongoDB/leafygreen-ui/packages/testing-lib/dist/webpack:/src/context.ts:104:12)
    at e.within (/Users/brookeyalof/Development/MongoDB/leafygreen-ui/packages/testing-lib/dist/webpack:/src/context.ts:119:10)
    at Object.silenceNavigationErrors (/Users/brookeyalof/Development/MongoDB/leafygreen-ui/packages/testing-lib/dist/webpack:/src/jest-dom.ts:9:3)
    at _callee2$ (/Users/brookeyalof/Development/MongoDB/leafygreen-ui/packages/mongo-nav/src/on-element-click-provider/OnElementClick.spec.tsx:57:19)
    at tryCatch (/Users/brookeyalof/Development/MongoDB/leafygreen-ui/node_modules/regenerator-runtime/runtime.js:45:40)
    at Generator.invoke [as _invoke] (/Users/brookeyalof/Development/MongoDB/leafygreen-ui/node_modules/regenerator-runtime/runtime.js:274:22)
    at Generator.prototype.&lt;computed&gt; [as next] (/Users/brookeyalof/Development/MongoDB/leafygreen-ui/node_modules/regenerator-runtime/runtime.js:97:21)
    at asyncGeneratorStep (/Users/brookeyalof/Development/MongoDB/leafygreen-ui/packages/mongo-nav/src/on-element-click-provider/OnElementClick.spec.tsx:17:103)
    at _next (/Users/brookeyalof/Development/MongoDB/leafygreen-ui/packages/mongo-nav/src/on-element-click-provider/OnElementClick.spec.tsx:19:194)
    at /Users/brookeyalof/Development/MongoDB/leafygreen-ui/packages/mongo-nav/src/on-element-click-provider/OnElementClick.spec.tsx:19:364
    at new Promise (&lt;anonymous&gt;)
    at Object.&lt;anonymous&gt; (/Users/brookeyalof/Development/MongoDB/leafygreen-ui/packages/mongo-nav/src/on-element-click-provider/OnElementClick.spec.tsx:19:97)
    at Object.asyncJestTest (/Users/brookeyalof/Development/MongoDB/leafygreen-ui/node_modules/jest-jasmine2/build/jasmineAsyncInstall.js:100:37)
    at /Users/brookeyalof/Development/MongoDB/leafygreen-ui/node_modules/jest-jasmine2/build/queueRunner.js:47:12
    at new Promise (&lt;anonymous&gt;)
    at mapper (/Users/brookeyalof/Development/MongoDB/leafygreen-ui/node_modules/jest-jasmine2/build/queueRunner.js:30:19)
    at /Users/brookeyalof/Development/MongoDB/leafygreen-ui/node_modules/jest-jasmine2/build/queueRunner.js:77:41</failure>
    </testcase>
    <testcase classname="packages/mongo-nav/on-element-click-provider by default the onElementClick value is successfully passed to the project-nav-invite" name="packages/mongo-nav/on-element-click-provider by default the onElementClick value is successfully passed to the project-nav-invite" time="4.553">
      <failure>Error: Found multiple elements by: [data-testid=&quot;project-nav-invite&quot;]

(If this is intentional, then use the `*AllBy*` variant of the query (like `queryAllByText`, `getAllByText`, or `findAllByText`)).

&lt;body&gt;
  &lt;div&gt;
    &lt;section
      class=&quot;leafygreen-ui-ufpynv&quot;
    &gt;
      &lt;nav
        aria-label=&quot;organization navigation&quot;
        class=&quot;leafygreen-ui-8sj84k&quot;
        data-testid=&quot;organization-nav&quot;
      &gt;
        &lt;a
          aria-describedby=&quot;tooltip-4&quot;
          class=&quot;leafygreen-ui-cssveg&quot;
          data-testid=&quot;org-nav-leaf&quot;
          href=&quot;https://cloud.mongodb.com/v2#/org/fakeOrgId1/&quot;
        &gt;
          &lt;svg
            class=&quot;leafygreen-ui-1yq22vy&quot;
            fill=&quot;#21313C&quot;
            viewBox=&quot;0 0 216.56 448.5&quot;
          &gt;
            &lt;title&gt;
              MongoDB LogoMark
            &lt;/title&gt;
            &lt;path
              d=&quot;M202.8,179.68c-23-101.47-71-128.49-83.18-147.59C113,21.7,106.25,5.91,106.25,5.91c-.66,9-1.83,14.7-9.51,21.54C81.36,41.16,16,94.42,10.51,209.72c-5.12,107.5,79,173.8,90.18,180.65,8.54,4.2,19,.08,24-3.77,40.54-27.84,96-102.07,78.06-206.92&quot;
              fill=&quot;#10aa50&quot;
            /&gt;
            &lt;path
              d=&quot;M109.73,333.11c-2.11,26.62-3.63,42.11-9,57.29,0,0,3.54,25.33,6,52.17l8.77,0a488.62,488.62,0,0,1,9.57-56.2C113.71,380.8,110.16,356.46,109.73,333.11Z&quot;
              fill=&quot;#b8c4c2&quot;
            /&gt;
            &lt;path
              d=&quot;M125.06,386.39h0c-11.48-5.3-14.8-30.13-15.31-53.28A1090.8,1090.8,0,0,0,112.2,218.4c-.6-20.07.3-185.92-4.94-210.2,2.12,4.75,7.24,15.91,12.36,23.88,12.23,19.11,60.19,46.13,83.17,147.61C220.7,284.27,165.57,358.37,125.06,386.39Z&quot;
              fill=&quot;#12924f&quot;
            /&gt;
          &lt;/svg&gt;
        &lt;/a&gt;
        &lt;div
          class=&quot;leafygreen-ui-9rcojh&quot;
        &gt;
          &lt;button
            aria-disabled=&quot;false&quot;
            class=&quot;leafygreen-ui-mnwf9p&quot;
            data-leafygreen-ui=&quot;org-trigger&quot;
            data-testid=&quot;org-trigger&quot;
          &gt;
            &lt;svg
              class=&quot;leafygreen-ui-15w0dd1&quot;
              height=&quot;14&quot;
              role=&quot;img&quot;
              title=&quot;Building Icon&quot;
              viewBox=&quot;0 0 16 16&quot;
              width=&quot;14&quot;
            &gt;
              &lt;title&gt;
                Building
              &lt;/title&gt;
              &lt;desc&gt;
                Created with Sketch.
              &lt;/desc&gt;
              &lt;g
                fill=&quot;none&quot;
                fill-rule=&quot;evenodd&quot;
                id=&quot;Building-Copy&quot;
                stroke=&quot;none&quot;
                stroke-width=&quot;1&quot;
              &gt;
                &lt;path
                  d=&quot;M10,4 L14,4 L14,15 L1,15 L1,1 L10,1 L10,4 Z M3,3 L3,13 L8,13 L8,3 L3,3 Z M4,6 L4,4 L5,4 L5,6 L4,6 Z M6,6 L6,4 L7,4 L7,6 L6,6 Z M9,6 L9,13 L12,13 L12,6 L9,6 Z M4,9 L4,7 L5,7 L5,9 L4,9 Z M6,9 L6,7 L7,7 L7,9 L6,9 Z M10,9 L10,7 L11,7 L11,9 L10,9 Z M4,12 L4,10 L5,10 L5,12 L4,12 Z M6,12 L6,10 L7,10 L7,12 L6,12 Z M10,12 L10,10 L11,10 L11,12 L10,12 Z&quot;
                  fill=&quot;currentColor&quot;
                  id=&quot;&quot;
                /&gt;
              &lt;/g&gt;
            &lt;/svg&gt;
            &lt;span
              class=&quot;leafygreen-ui-gzx99w&quot;
              data-testid=&quot;org-select-active-org&quot;
            &gt;
              Demo Organization
            &lt;/span&gt;
            &lt;svg
              class=&quot;leafygreen-ui-1e46tsl&quot;
              height=&quot;14&quot;
              role=&quot;img&quot;
              title=&quot;Caret Down Icon&quot;
              viewBox=&quot;0 0 16 16&quot;
              width=&quot;14&quot;
            &gt;
              &lt;title&gt;
                CaretDown
              &lt;/title&gt;
              &lt;desc&gt;
                Created with Sketch.
              &lt;/desc&gt;
              &lt;g
                fill=&quot;none&quot;
                fill-rule=&quot;evenodd&quot;
                id=&quot;CaretDown-Copy&quot;
                stroke=&quot;none&quot;
                stroke-width=&quot;1&quot;
              &gt;
                &lt;path
                  d=&quot;M4.67285687,6 L11.3271431,6 C11.9254697,6 12.224633,6.775217 11.8024493,7.22717749 L8.47530616,10.7889853 C8.21248981,11.0703382 7.78751019,11.0703382 7.52748976,10.7889853 L4.19755071,7.22717749 C3.77536701,6.775217 4.07453029,6 4.67285687,6 Z&quot;
                  fill=&quot;currentColor&quot;
                  id=&quot;Path&quot;
                /&gt;
              &lt;/g&gt;
            &lt;/svg&gt;
          &lt;/button&gt;
          &lt;div
            class=&quot;leafygreen-ui-1wt0cgk&quot;
          /&gt;
        &lt;/div&gt;
        &lt;a
          aria-disabled=&quot;false&quot;
          aria-label=&quot;settings&quot;
          class=&quot;leafygreen-ui-16ffnxw&quot;
          data-leafygreen-ui=&quot;anchor-data-prop&quot;
          data-testid=&quot;org-trigger-settings&quot;
          href=&quot;https://cloud.mongodb.com/v2#/org/fakeOrgId1/settings/general&quot;
          tabindex=&quot;0&quot;
        &gt;
          &lt;svg
            class=&quot;&quot;
            height=&quot;16&quot;
            role=&quot;img&quot;
            title=&quot;Settings Icon&quot;
            viewBox=&quot;0 0 16 16&quot;
            width=&quot;16&quot;
          &gt;
            &lt;title&gt;
              Settings
            &lt;/title&gt;
            &lt;desc&gt;
              Created with Sketch.
            &lt;/desc&gt;
            &lt;g
              fill=&quot;none&quot;
              fill-rule=&quot;evenodd&quot;
              id=&quot;Settings-Copy&quot;
              stroke=&quot;none&quot;
              stroke-width...
    at getElementError (/Users/brookeyalof/Development/MongoDB/leafygreen-ui/packages/mongo-nav/node_modules/@testing-library/dom/dist/query-helpers.js:46:10)
    at getMultipleElementsFoundError (/Users/brookeyalof/Development/MongoDB/leafygreen-ui/packages/mongo-nav/node_modules/@testing-library/dom/dist/query-helpers.js:50:10)
    at /Users/brookeyalof/Development/MongoDB/leafygreen-ui/packages/mongo-nav/node_modules/@testing-library/dom/dist/query-helpers.js:86:13
    at /Users/brookeyalof/Development/MongoDB/leafygreen-ui/packages/mongo-nav/node_modules/@testing-library/dom/dist/query-helpers.js:110:105
    at onMutation (/Users/brookeyalof/Development/MongoDB/leafygreen-ui/packages/mongo-nav/node_modules/@testing-library/dom/dist/wait-for-element.js:46:24)
    at /Users/brookeyalof/Development/MongoDB/leafygreen-ui/packages/mongo-nav/node_modules/@testing-library/dom/dist/wait-for-element.js:62:5
    at new Promise (&lt;anonymous&gt;)
    at waitForElement (/Users/brookeyalof/Development/MongoDB/leafygreen-ui/packages/mongo-nav/node_modules/@testing-library/dom/dist/wait-for-element.js:22:10)
    at /Users/brookeyalof/Development/MongoDB/leafygreen-ui/packages/mongo-nav/node_modules/@testing-library/dom/dist/wait-for-element.js:67:54
    at /Users/brookeyalof/Development/MongoDB/leafygreen-ui/packages/mongo-nav/node_modules/@testing-library/react/dist/index.js:51:22
    at batchedUpdates$1 (/Users/brookeyalof/Development/MongoDB/leafygreen-ui/node_modules/react-dom/cjs/react-dom.development.js:21856:12)
    at act (/Users/brookeyalof/Development/MongoDB/leafygreen-ui/node_modules/react-dom/cjs/react-dom-test-utils.development.js:929:14)
    at asyncAct (/Users/brookeyalof/Development/MongoDB/leafygreen-ui/packages/mongo-nav/node_modules/@testing-library/react/dist/act-compat.js:116:12)
    at Object.asyncWrapper (/Users/brookeyalof/Development/MongoDB/leafygreen-ui/packages/mongo-nav/node_modules/@testing-library/react/dist/index.js:50:35)
    at waitForElementWrapper (/Users/brookeyalof/Development/MongoDB/leafygreen-ui/packages/mongo-nav/node_modules/@testing-library/dom/dist/wait-for-element.js:67:35)
    at findByTestId (/Users/brookeyalof/Development/MongoDB/leafygreen-ui/packages/mongo-nav/node_modules/@testing-library/dom/dist/query-helpers.js:110:98)
    at _callee$ (/Users/brookeyalof/Development/MongoDB/leafygreen-ui/packages/mongo-nav/src/on-element-click-provider/OnElementClick.spec.tsx:58:29)
    at tryCatch (/Users/brookeyalof/Development/MongoDB/leafygreen-ui/node_modules/regenerator-runtime/runtime.js:45:40)
    at Generator.invoke [as _invoke] (/Users/brookeyalof/Development/MongoDB/leafygreen-ui/node_modules/regenerator-runtime/runtime.js:274:22)
    at Generator.prototype.&lt;computed&gt; [as next] (/Users/brookeyalof/Development/MongoDB/leafygreen-ui/node_modules/regenerator-runtime/runtime.js:97:21)
    at asyncGeneratorStep (/Users/brookeyalof/Development/MongoDB/leafygreen-ui/packages/mongo-nav/src/on-element-click-provider/OnElementClick.spec.tsx:17:103)
    at _next (/Users/brookeyalof/Development/MongoDB/leafygreen-ui/packages/mongo-nav/src/on-element-click-provider/OnElementClick.spec.tsx:19:194)
    at /Users/brookeyalof/Development/MongoDB/leafygreen-ui/packages/mongo-nav/src/on-element-click-provider/OnElementClick.spec.tsx:19:364
    at new Promise (&lt;anonymous&gt;)
    at /Users/brookeyalof/Development/MongoDB/leafygreen-ui/packages/mongo-nav/src/on-element-click-provider/OnElementClick.spec.tsx:19:97
    at fn (/Users/brookeyalof/Development/MongoDB/leafygreen-ui/packages/mongo-nav/src/on-element-click-provider/OnElementClick.spec.tsx:57:11)
    at /Users/brookeyalof/Development/MongoDB/leafygreen-ui/packages/testing-lib/dist/webpack:/src/jest-dom.ts:17:14
    at /Users/brookeyalof/Development/MongoDB/leafygreen-ui/packages/testing-lib/dist/webpack:/src/context.ts:98:26
    at /Users/brookeyalof/Development/MongoDB/leafygreen-ui/packages/testing-lib/dist/webpack:/src/context.ts:76:23
    at asyncCompose (/Users/brookeyalof/Development/MongoDB/leafygreen-ui/packages/testing-lib/dist/webpack:/src/context.ts:98:26)
    at outerFn (/Users/brookeyalof/Development/MongoDB/leafygreen-ui/packages/testing-lib/dist/webpack:/src/context.ts:124:7)
    at asyncCompose (/Users/brookeyalof/Development/MongoDB/leafygreen-ui/packages/testing-lib/dist/webpack:/src/context.ts:104:12)
    at e.within (/Users/brookeyalof/Development/MongoDB/leafygreen-ui/packages/testing-lib/dist/webpack:/src/context.ts:119:10)
    at Object.silenceNavigationErrors (/Users/brookeyalof/Development/MongoDB/leafygreen-ui/packages/testing-lib/dist/webpack:/src/jest-dom.ts:9:3)
    at _callee2$ (/Users/brookeyalof/Development/MongoDB/leafygreen-ui/packages/mongo-nav/src/on-element-click-provider/OnElementClick.spec.tsx:57:19)
    at tryCatch (/Users/brookeyalof/Development/MongoDB/leafygreen-ui/node_modules/regenerator-runtime/runtime.js:45:40)
    at Generator.invoke [as _invoke] (/Users/brookeyalof/Development/MongoDB/leafygreen-ui/node_modules/regenerator-runtime/runtime.js:274:22)
    at Generator.prototype.&lt;computed&gt; [as next] (/Users/brookeyalof/Development/MongoDB/leafygreen-ui/node_modules/regenerator-runtime/runtime.js:97:21)
    at asyncGeneratorStep (/Users/brookeyalof/Development/MongoDB/leafygreen-ui/packages/mongo-nav/src/on-element-click-provider/OnElementClick.spec.tsx:17:103)
    at _next (/Users/brookeyalof/Development/MongoDB/leafygreen-ui/packages/mongo-nav/src/on-element-click-provider/OnElementClick.spec.tsx:19:194)
    at /Users/brookeyalof/Development/MongoDB/leafygreen-ui/packages/mongo-nav/src/on-element-click-provider/OnElementClick.spec.tsx:19:364
    at new Promise (&lt;anonymous&gt;)
    at Object.&lt;anonymous&gt; (/Users/brookeyalof/Development/MongoDB/leafygreen-ui/packages/mongo-nav/src/on-element-click-provider/OnElementClick.spec.tsx:19:97)
    at Object.asyncJestTest (/Users/brookeyalof/Development/MongoDB/leafygreen-ui/node_modules/jest-jasmine2/build/jasmineAsyncInstall.js:100:37)
    at /Users/brookeyalof/Development/MongoDB/leafygreen-ui/node_modules/jest-jasmine2/build/queueRunner.js:47:12
    at new Promise (&lt;anonymous&gt;)
    at mapper (/Users/brookeyalof/Development/MongoDB/leafygreen-ui/node_modules/jest-jasmine2/build/queueRunner.js:30:19)
    at /Users/brookeyalof/Development/MongoDB/leafygreen-ui/node_modules/jest-jasmine2/build/queueRunner.js:77:41</failure>
    </testcase>
    <testcase classname="packages/mongo-nav/on-element-click-provider by default the onElementClick value is successfully passed to the project-nav-activity-feed" name="packages/mongo-nav/on-element-click-provider by default the onElementClick value is successfully passed to the project-nav-activity-feed" time="4.548">
      <failure>Error: Found multiple elements by: [data-testid=&quot;project-nav-activity-feed&quot;]

(If this is intentional, then use the `*AllBy*` variant of the query (like `queryAllByText`, `getAllByText`, or `findAllByText`)).

&lt;body&gt;
  &lt;div&gt;
    &lt;section
      class=&quot;leafygreen-ui-ufpynv&quot;
    &gt;
      &lt;nav
        aria-label=&quot;organization navigation&quot;
        class=&quot;leafygreen-ui-8sj84k&quot;
        data-testid=&quot;organization-nav&quot;
      &gt;
        &lt;a
          aria-describedby=&quot;tooltip-4&quot;
          class=&quot;leafygreen-ui-cssveg&quot;
          data-testid=&quot;org-nav-leaf&quot;
          href=&quot;https://cloud.mongodb.com/v2#/org/fakeOrgId1/&quot;
        &gt;
          &lt;svg
            class=&quot;leafygreen-ui-1yq22vy&quot;
            fill=&quot;#21313C&quot;
            viewBox=&quot;0 0 216.56 448.5&quot;
          &gt;
            &lt;title&gt;
              MongoDB LogoMark
            &lt;/title&gt;
            &lt;path
              d=&quot;M202.8,179.68c-23-101.47-71-128.49-83.18-147.59C113,21.7,106.25,5.91,106.25,5.91c-.66,9-1.83,14.7-9.51,21.54C81.36,41.16,16,94.42,10.51,209.72c-5.12,107.5,79,173.8,90.18,180.65,8.54,4.2,19,.08,24-3.77,40.54-27.84,96-102.07,78.06-206.92&quot;
              fill=&quot;#10aa50&quot;
            /&gt;
            &lt;path
              d=&quot;M109.73,333.11c-2.11,26.62-3.63,42.11-9,57.29,0,0,3.54,25.33,6,52.17l8.77,0a488.62,488.62,0,0,1,9.57-56.2C113.71,380.8,110.16,356.46,109.73,333.11Z&quot;
              fill=&quot;#b8c4c2&quot;
            /&gt;
            &lt;path
              d=&quot;M125.06,386.39h0c-11.48-5.3-14.8-30.13-15.31-53.28A1090.8,1090.8,0,0,0,112.2,218.4c-.6-20.07.3-185.92-4.94-210.2,2.12,4.75,7.24,15.91,12.36,23.88,12.23,19.11,60.19,46.13,83.17,147.61C220.7,284.27,165.57,358.37,125.06,386.39Z&quot;
              fill=&quot;#12924f&quot;
            /&gt;
          &lt;/svg&gt;
        &lt;/a&gt;
        &lt;div
          class=&quot;leafygreen-ui-9rcojh&quot;
        &gt;
          &lt;button
            aria-disabled=&quot;false&quot;
            class=&quot;leafygreen-ui-mnwf9p&quot;
            data-leafygreen-ui=&quot;org-trigger&quot;
            data-testid=&quot;org-trigger&quot;
          &gt;
            &lt;svg
              class=&quot;leafygreen-ui-15w0dd1&quot;
              height=&quot;14&quot;
              role=&quot;img&quot;
              title=&quot;Building Icon&quot;
              viewBox=&quot;0 0 16 16&quot;
              width=&quot;14&quot;
            &gt;
              &lt;title&gt;
                Building
              &lt;/title&gt;
              &lt;desc&gt;
                Created with Sketch.
              &lt;/desc&gt;
              &lt;g
                fill=&quot;none&quot;
                fill-rule=&quot;evenodd&quot;
                id=&quot;Building-Copy&quot;
                stroke=&quot;none&quot;
                stroke-width=&quot;1&quot;
              &gt;
                &lt;path
                  d=&quot;M10,4 L14,4 L14,15 L1,15 L1,1 L10,1 L10,4 Z M3,3 L3,13 L8,13 L8,3 L3,3 Z M4,6 L4,4 L5,4 L5,6 L4,6 Z M6,6 L6,4 L7,4 L7,6 L6,6 Z M9,6 L9,13 L12,13 L12,6 L9,6 Z M4,9 L4,7 L5,7 L5,9 L4,9 Z M6,9 L6,7 L7,7 L7,9 L6,9 Z M10,9 L10,7 L11,7 L11,9 L10,9 Z M4,12 L4,10 L5,10 L5,12 L4,12 Z M6,12 L6,10 L7,10 L7,12 L6,12 Z M10,12 L10,10 L11,10 L11,12 L10,12 Z&quot;
                  fill=&quot;currentColor&quot;
                  id=&quot;&quot;
                /&gt;
              &lt;/g&gt;
            &lt;/svg&gt;
            &lt;span
              class=&quot;leafygreen-ui-gzx99w&quot;
              data-testid=&quot;org-select-active-org&quot;
            &gt;
              Demo Organization
            &lt;/span&gt;
            &lt;svg
              class=&quot;leafygreen-ui-1e46tsl&quot;
              height=&quot;14&quot;
              role=&quot;img&quot;
              title=&quot;Caret Down Icon&quot;
              viewBox=&quot;0 0 16 16&quot;
              width=&quot;14&quot;
            &gt;
              &lt;title&gt;
                CaretDown
              &lt;/title&gt;
              &lt;desc&gt;
                Created with Sketch.
              &lt;/desc&gt;
              &lt;g
                fill=&quot;none&quot;
                fill-rule=&quot;evenodd&quot;
                id=&quot;CaretDown-Copy&quot;
                stroke=&quot;none&quot;
                stroke-width=&quot;1&quot;
              &gt;
                &lt;path
                  d=&quot;M4.67285687,6 L11.3271431,6 C11.9254697,6 12.224633,6.775217 11.8024493,7.22717749 L8.47530616,10.7889853 C8.21248981,11.0703382 7.78751019,11.0703382 7.52748976,10.7889853 L4.19755071,7.22717749 C3.77536701,6.775217 4.07453029,6 4.67285687,6 Z&quot;
                  fill=&quot;currentColor&quot;
                  id=&quot;Path&quot;
                /&gt;
              &lt;/g&gt;
            &lt;/svg&gt;
          &lt;/button&gt;
          &lt;div
            class=&quot;leafygreen-ui-1wt0cgk&quot;
          /&gt;
        &lt;/div&gt;
        &lt;a
          aria-disabled=&quot;false&quot;
          aria-label=&quot;settings&quot;
          class=&quot;leafygreen-ui-16ffnxw&quot;
          data-leafygreen-ui=&quot;anchor-data-prop&quot;
          data-testid=&quot;org-trigger-settings&quot;
          href=&quot;https://cloud.mongodb.com/v2#/org/fakeOrgId1/settings/general&quot;
          tabindex=&quot;0&quot;
        &gt;
          &lt;svg
            class=&quot;&quot;
            height=&quot;16&quot;
            role=&quot;img&quot;
            title=&quot;Settings Icon&quot;
            viewBox=&quot;0 0 16 16&quot;
            width=&quot;16&quot;
          &gt;
            &lt;title&gt;
              Settings
            &lt;/title&gt;
            &lt;desc&gt;
              Created with Sketch.
            &lt;/desc&gt;
            &lt;g
              fill=&quot;none&quot;
              fill-rule=&quot;evenodd&quot;
              id=&quot;Settings-Copy&quot;
              stroke=&quot;none&quot;
              stroke-width...
    at getElementError (/Users/brookeyalof/Development/MongoDB/leafygreen-ui/packages/mongo-nav/node_modules/@testing-library/dom/dist/query-helpers.js:46:10)
    at getMultipleElementsFoundError (/Users/brookeyalof/Development/MongoDB/leafygreen-ui/packages/mongo-nav/node_modules/@testing-library/dom/dist/query-helpers.js:50:10)
    at /Users/brookeyalof/Development/MongoDB/leafygreen-ui/packages/mongo-nav/node_modules/@testing-library/dom/dist/query-helpers.js:86:13
    at /Users/brookeyalof/Development/MongoDB/leafygreen-ui/packages/mongo-nav/node_modules/@testing-library/dom/dist/query-helpers.js:110:105
    at onMutation (/Users/brookeyalof/Development/MongoDB/leafygreen-ui/packages/mongo-nav/node_modules/@testing-library/dom/dist/wait-for-element.js:46:24)
    at /Users/brookeyalof/Development/MongoDB/leafygreen-ui/packages/mongo-nav/node_modules/@testing-library/dom/dist/wait-for-element.js:62:5
    at new Promise (&lt;anonymous&gt;)
    at waitForElement (/Users/brookeyalof/Development/MongoDB/leafygreen-ui/packages/mongo-nav/node_modules/@testing-library/dom/dist/wait-for-element.js:22:10)
    at /Users/brookeyalof/Development/MongoDB/leafygreen-ui/packages/mongo-nav/node_modules/@testing-library/dom/dist/wait-for-element.js:67:54
    at /Users/brookeyalof/Development/MongoDB/leafygreen-ui/packages/mongo-nav/node_modules/@testing-library/react/dist/index.js:51:22
    at batchedUpdates$1 (/Users/brookeyalof/Development/MongoDB/leafygreen-ui/node_modules/react-dom/cjs/react-dom.development.js:21856:12)
    at act (/Users/brookeyalof/Development/MongoDB/leafygreen-ui/node_modules/react-dom/cjs/react-dom-test-utils.development.js:929:14)
    at asyncAct (/Users/brookeyalof/Development/MongoDB/leafygreen-ui/packages/mongo-nav/node_modules/@testing-library/react/dist/act-compat.js:116:12)
    at Object.asyncWrapper (/Users/brookeyalof/Development/MongoDB/leafygreen-ui/packages/mongo-nav/node_modules/@testing-library/react/dist/index.js:50:35)
    at waitForElementWrapper (/Users/brookeyalof/Development/MongoDB/leafygreen-ui/packages/mongo-nav/node_modules/@testing-library/dom/dist/wait-for-element.js:67:35)
    at findByTestId (/Users/brookeyalof/Development/MongoDB/leafygreen-ui/packages/mongo-nav/node_modules/@testing-library/dom/dist/query-helpers.js:110:98)
    at _callee$ (/Users/brookeyalof/Development/MongoDB/leafygreen-ui/packages/mongo-nav/src/on-element-click-provider/OnElementClick.spec.tsx:58:29)
    at tryCatch (/Users/brookeyalof/Development/MongoDB/leafygreen-ui/node_modules/regenerator-runtime/runtime.js:45:40)
    at Generator.invoke [as _invoke] (/Users/brookeyalof/Development/MongoDB/leafygreen-ui/node_modules/regenerator-runtime/runtime.js:274:22)
    at Generator.prototype.&lt;computed&gt; [as next] (/Users/brookeyalof/Development/MongoDB/leafygreen-ui/node_modules/regenerator-runtime/runtime.js:97:21)
    at asyncGeneratorStep (/Users/brookeyalof/Development/MongoDB/leafygreen-ui/packages/mongo-nav/src/on-element-click-provider/OnElementClick.spec.tsx:17:103)
    at _next (/Users/brookeyalof/Development/MongoDB/leafygreen-ui/packages/mongo-nav/src/on-element-click-provider/OnElementClick.spec.tsx:19:194)
    at /Users/brookeyalof/Development/MongoDB/leafygreen-ui/packages/mongo-nav/src/on-element-click-provider/OnElementClick.spec.tsx:19:364
    at new Promise (&lt;anonymous&gt;)
    at /Users/brookeyalof/Development/MongoDB/leafygreen-ui/packages/mongo-nav/src/on-element-click-provider/OnElementClick.spec.tsx:19:97
    at fn (/Users/brookeyalof/Development/MongoDB/leafygreen-ui/packages/mongo-nav/src/on-element-click-provider/OnElementClick.spec.tsx:57:11)
    at /Users/brookeyalof/Development/MongoDB/leafygreen-ui/packages/testing-lib/dist/webpack:/src/jest-dom.ts:17:14
    at /Users/brookeyalof/Development/MongoDB/leafygreen-ui/packages/testing-lib/dist/webpack:/src/context.ts:98:26
    at /Users/brookeyalof/Development/MongoDB/leafygreen-ui/packages/testing-lib/dist/webpack:/src/context.ts:76:23
    at asyncCompose (/Users/brookeyalof/Development/MongoDB/leafygreen-ui/packages/testing-lib/dist/webpack:/src/context.ts:98:26)
    at outerFn (/Users/brookeyalof/Development/MongoDB/leafygreen-ui/packages/testing-lib/dist/webpack:/src/context.ts:124:7)
    at asyncCompose (/Users/brookeyalof/Development/MongoDB/leafygreen-ui/packages/testing-lib/dist/webpack:/src/context.ts:104:12)
    at e.within (/Users/brookeyalof/Development/MongoDB/leafygreen-ui/packages/testing-lib/dist/webpack:/src/context.ts:119:10)
    at Object.silenceNavigationErrors (/Users/brookeyalof/Development/MongoDB/leafygreen-ui/packages/testing-lib/dist/webpack:/src/jest-dom.ts:9:3)
    at _callee2$ (/Users/brookeyalof/Development/MongoDB/leafygreen-ui/packages/mongo-nav/src/on-element-click-provider/OnElementClick.spec.tsx:57:19)
    at tryCatch (/Users/brookeyalof/Development/MongoDB/leafygreen-ui/node_modules/regenerator-runtime/runtime.js:45:40)
    at Generator.invoke [as _invoke] (/Users/brookeyalof/Development/MongoDB/leafygreen-ui/node_modules/regenerator-runtime/runtime.js:274:22)
    at Generator.prototype.&lt;computed&gt; [as next] (/Users/brookeyalof/Development/MongoDB/leafygreen-ui/node_modules/regenerator-runtime/runtime.js:97:21)
    at asyncGeneratorStep (/Users/brookeyalof/Development/MongoDB/leafygreen-ui/packages/mongo-nav/src/on-element-click-provider/OnElementClick.spec.tsx:17:103)
    at _next (/Users/brookeyalof/Development/MongoDB/leafygreen-ui/packages/mongo-nav/src/on-element-click-provider/OnElementClick.spec.tsx:19:194)
    at /Users/brookeyalof/Development/MongoDB/leafygreen-ui/packages/mongo-nav/src/on-element-click-provider/OnElementClick.spec.tsx:19:364
    at new Promise (&lt;anonymous&gt;)
    at Object.&lt;anonymous&gt; (/Users/brookeyalof/Development/MongoDB/leafygreen-ui/packages/mongo-nav/src/on-element-click-provider/OnElementClick.spec.tsx:19:97)
    at Object.asyncJestTest (/Users/brookeyalof/Development/MongoDB/leafygreen-ui/node_modules/jest-jasmine2/build/jasmineAsyncInstall.js:100:37)
    at /Users/brookeyalof/Development/MongoDB/leafygreen-ui/node_modules/jest-jasmine2/build/queueRunner.js:47:12
    at new Promise (&lt;anonymous&gt;)
    at mapper (/Users/brookeyalof/Development/MongoDB/leafygreen-ui/node_modules/jest-jasmine2/build/queueRunner.js:30:19)
    at /Users/brookeyalof/Development/MongoDB/leafygreen-ui/node_modules/jest-jasmine2/build/queueRunner.js:77:41</failure>
    </testcase>
    <testcase classname="packages/mongo-nav/on-element-click-provider by default the onElementClick value is successfully passed to the project-nav-alerts" name="packages/mongo-nav/on-element-click-provider by default the onElementClick value is successfully passed to the project-nav-alerts" time="4.542">
      <failure>Error: Found multiple elements by: [data-testid=&quot;project-nav-alerts&quot;]

(If this is intentional, then use the `*AllBy*` variant of the query (like `queryAllByText`, `getAllByText`, or `findAllByText`)).

&lt;body&gt;
  &lt;div&gt;
    &lt;section
      class=&quot;leafygreen-ui-ufpynv&quot;
    &gt;
      &lt;nav
        aria-label=&quot;organization navigation&quot;
        class=&quot;leafygreen-ui-8sj84k&quot;
        data-testid=&quot;organization-nav&quot;
      &gt;
        &lt;a
          aria-describedby=&quot;tooltip-4&quot;
          class=&quot;leafygreen-ui-cssveg&quot;
          data-testid=&quot;org-nav-leaf&quot;
          href=&quot;https://cloud.mongodb.com/v2#/org/fakeOrgId1/&quot;
        &gt;
          &lt;svg
            class=&quot;leafygreen-ui-1yq22vy&quot;
            fill=&quot;#21313C&quot;
            viewBox=&quot;0 0 216.56 448.5&quot;
          &gt;
            &lt;title&gt;
              MongoDB LogoMark
            &lt;/title&gt;
            &lt;path
              d=&quot;M202.8,179.68c-23-101.47-71-128.49-83.18-147.59C113,21.7,106.25,5.91,106.25,5.91c-.66,9-1.83,14.7-9.51,21.54C81.36,41.16,16,94.42,10.51,209.72c-5.12,107.5,79,173.8,90.18,180.65,8.54,4.2,19,.08,24-3.77,40.54-27.84,96-102.07,78.06-206.92&quot;
              fill=&quot;#10aa50&quot;
            /&gt;
            &lt;path
              d=&quot;M109.73,333.11c-2.11,26.62-3.63,42.11-9,57.29,0,0,3.54,25.33,6,52.17l8.77,0a488.62,488.62,0,0,1,9.57-56.2C113.71,380.8,110.16,356.46,109.73,333.11Z&quot;
              fill=&quot;#b8c4c2&quot;
            /&gt;
            &lt;path
              d=&quot;M125.06,386.39h0c-11.48-5.3-14.8-30.13-15.31-53.28A1090.8,1090.8,0,0,0,112.2,218.4c-.6-20.07.3-185.92-4.94-210.2,2.12,4.75,7.24,15.91,12.36,23.88,12.23,19.11,60.19,46.13,83.17,147.61C220.7,284.27,165.57,358.37,125.06,386.39Z&quot;
              fill=&quot;#12924f&quot;
            /&gt;
          &lt;/svg&gt;
        &lt;/a&gt;
        &lt;div
          class=&quot;leafygreen-ui-9rcojh&quot;
        &gt;
          &lt;button
            aria-disabled=&quot;false&quot;
            class=&quot;leafygreen-ui-mnwf9p&quot;
            data-leafygreen-ui=&quot;org-trigger&quot;
            data-testid=&quot;org-trigger&quot;
          &gt;
            &lt;svg
              class=&quot;leafygreen-ui-15w0dd1&quot;
              height=&quot;14&quot;
              role=&quot;img&quot;
              title=&quot;Building Icon&quot;
              viewBox=&quot;0 0 16 16&quot;
              width=&quot;14&quot;
            &gt;
              &lt;title&gt;
                Building
              &lt;/title&gt;
              &lt;desc&gt;
                Created with Sketch.
              &lt;/desc&gt;
              &lt;g
                fill=&quot;none&quot;
                fill-rule=&quot;evenodd&quot;
                id=&quot;Building-Copy&quot;
                stroke=&quot;none&quot;
                stroke-width=&quot;1&quot;
              &gt;
                &lt;path
                  d=&quot;M10,4 L14,4 L14,15 L1,15 L1,1 L10,1 L10,4 Z M3,3 L3,13 L8,13 L8,3 L3,3 Z M4,6 L4,4 L5,4 L5,6 L4,6 Z M6,6 L6,4 L7,4 L7,6 L6,6 Z M9,6 L9,13 L12,13 L12,6 L9,6 Z M4,9 L4,7 L5,7 L5,9 L4,9 Z M6,9 L6,7 L7,7 L7,9 L6,9 Z M10,9 L10,7 L11,7 L11,9 L10,9 Z M4,12 L4,10 L5,10 L5,12 L4,12 Z M6,12 L6,10 L7,10 L7,12 L6,12 Z M10,12 L10,10 L11,10 L11,12 L10,12 Z&quot;
                  fill=&quot;currentColor&quot;
                  id=&quot;&quot;
                /&gt;
              &lt;/g&gt;
            &lt;/svg&gt;
            &lt;span
              class=&quot;leafygreen-ui-gzx99w&quot;
              data-testid=&quot;org-select-active-org&quot;
            &gt;
              Demo Organization
            &lt;/span&gt;
            &lt;svg
              class=&quot;leafygreen-ui-1e46tsl&quot;
              height=&quot;14&quot;
              role=&quot;img&quot;
              title=&quot;Caret Down Icon&quot;
              viewBox=&quot;0 0 16 16&quot;
              width=&quot;14&quot;
            &gt;
              &lt;title&gt;
                CaretDown
              &lt;/title&gt;
              &lt;desc&gt;
                Created with Sketch.
              &lt;/desc&gt;
              &lt;g
                fill=&quot;none&quot;
                fill-rule=&quot;evenodd&quot;
                id=&quot;CaretDown-Copy&quot;
                stroke=&quot;none&quot;
                stroke-width=&quot;1&quot;
              &gt;
                &lt;path
                  d=&quot;M4.67285687,6 L11.3271431,6 C11.9254697,6 12.224633,6.775217 11.8024493,7.22717749 L8.47530616,10.7889853 C8.21248981,11.0703382 7.78751019,11.0703382 7.52748976,10.7889853 L4.19755071,7.22717749 C3.77536701,6.775217 4.07453029,6 4.67285687,6 Z&quot;
                  fill=&quot;currentColor&quot;
                  id=&quot;Path&quot;
                /&gt;
              &lt;/g&gt;
            &lt;/svg&gt;
          &lt;/button&gt;
          &lt;div
            class=&quot;leafygreen-ui-1wt0cgk&quot;
          /&gt;
        &lt;/div&gt;
        &lt;a
          aria-disabled=&quot;false&quot;
          aria-label=&quot;settings&quot;
          class=&quot;leafygreen-ui-16ffnxw&quot;
          data-leafygreen-ui=&quot;anchor-data-prop&quot;
          data-testid=&quot;org-trigger-settings&quot;
          href=&quot;https://cloud.mongodb.com/v2#/org/fakeOrgId1/settings/general&quot;
          tabindex=&quot;0&quot;
        &gt;
          &lt;svg
            class=&quot;&quot;
            height=&quot;16&quot;
            role=&quot;img&quot;
            title=&quot;Settings Icon&quot;
            viewBox=&quot;0 0 16 16&quot;
            width=&quot;16&quot;
          &gt;
            &lt;title&gt;
              Settings
            &lt;/title&gt;
            &lt;desc&gt;
              Created with Sketch.
            &lt;/desc&gt;
            &lt;g
              fill=&quot;none&quot;
              fill-rule=&quot;evenodd&quot;
              id=&quot;Settings-Copy&quot;
              stroke=&quot;none&quot;
              stroke-width...
    at getElementError (/Users/brookeyalof/Development/MongoDB/leafygreen-ui/packages/mongo-nav/node_modules/@testing-library/dom/dist/query-helpers.js:46:10)
    at getMultipleElementsFoundError (/Users/brookeyalof/Development/MongoDB/leafygreen-ui/packages/mongo-nav/node_modules/@testing-library/dom/dist/query-helpers.js:50:10)
    at /Users/brookeyalof/Development/MongoDB/leafygreen-ui/packages/mongo-nav/node_modules/@testing-library/dom/dist/query-helpers.js:86:13
    at /Users/brookeyalof/Development/MongoDB/leafygreen-ui/packages/mongo-nav/node_modules/@testing-library/dom/dist/query-helpers.js:110:105
    at onMutation (/Users/brookeyalof/Development/MongoDB/leafygreen-ui/packages/mongo-nav/node_modules/@testing-library/dom/dist/wait-for-element.js:46:24)
    at /Users/brookeyalof/Development/MongoDB/leafygreen-ui/packages/mongo-nav/node_modules/@testing-library/dom/dist/wait-for-element.js:62:5
    at new Promise (&lt;anonymous&gt;)
    at waitForElement (/Users/brookeyalof/Development/MongoDB/leafygreen-ui/packages/mongo-nav/node_modules/@testing-library/dom/dist/wait-for-element.js:22:10)
    at /Users/brookeyalof/Development/MongoDB/leafygreen-ui/packages/mongo-nav/node_modules/@testing-library/dom/dist/wait-for-element.js:67:54
    at /Users/brookeyalof/Development/MongoDB/leafygreen-ui/packages/mongo-nav/node_modules/@testing-library/react/dist/index.js:51:22
    at batchedUpdates$1 (/Users/brookeyalof/Development/MongoDB/leafygreen-ui/node_modules/react-dom/cjs/react-dom.development.js:21856:12)
    at act (/Users/brookeyalof/Development/MongoDB/leafygreen-ui/node_modules/react-dom/cjs/react-dom-test-utils.development.js:929:14)
    at asyncAct (/Users/brookeyalof/Development/MongoDB/leafygreen-ui/packages/mongo-nav/node_modules/@testing-library/react/dist/act-compat.js:116:12)
    at Object.asyncWrapper (/Users/brookeyalof/Development/MongoDB/leafygreen-ui/packages/mongo-nav/node_modules/@testing-library/react/dist/index.js:50:35)
    at waitForElementWrapper (/Users/brookeyalof/Development/MongoDB/leafygreen-ui/packages/mongo-nav/node_modules/@testing-library/dom/dist/wait-for-element.js:67:35)
    at findByTestId (/Users/brookeyalof/Development/MongoDB/leafygreen-ui/packages/mongo-nav/node_modules/@testing-library/dom/dist/query-helpers.js:110:98)
    at _callee$ (/Users/brookeyalof/Development/MongoDB/leafygreen-ui/packages/mongo-nav/src/on-element-click-provider/OnElementClick.spec.tsx:58:29)
    at tryCatch (/Users/brookeyalof/Development/MongoDB/leafygreen-ui/node_modules/regenerator-runtime/runtime.js:45:40)
    at Generator.invoke [as _invoke] (/Users/brookeyalof/Development/MongoDB/leafygreen-ui/node_modules/regenerator-runtime/runtime.js:274:22)
    at Generator.prototype.&lt;computed&gt; [as next] (/Users/brookeyalof/Development/MongoDB/leafygreen-ui/node_modules/regenerator-runtime/runtime.js:97:21)
    at asyncGeneratorStep (/Users/brookeyalof/Development/MongoDB/leafygreen-ui/packages/mongo-nav/src/on-element-click-provider/OnElementClick.spec.tsx:17:103)
    at _next (/Users/brookeyalof/Development/MongoDB/leafygreen-ui/packages/mongo-nav/src/on-element-click-provider/OnElementClick.spec.tsx:19:194)
    at /Users/brookeyalof/Development/MongoDB/leafygreen-ui/packages/mongo-nav/src/on-element-click-provider/OnElementClick.spec.tsx:19:364
    at new Promise (&lt;anonymous&gt;)
    at /Users/brookeyalof/Development/MongoDB/leafygreen-ui/packages/mongo-nav/src/on-element-click-provider/OnElementClick.spec.tsx:19:97
    at fn (/Users/brookeyalof/Development/MongoDB/leafygreen-ui/packages/mongo-nav/src/on-element-click-provider/OnElementClick.spec.tsx:57:11)
    at /Users/brookeyalof/Development/MongoDB/leafygreen-ui/packages/testing-lib/dist/webpack:/src/jest-dom.ts:17:14
    at /Users/brookeyalof/Development/MongoDB/leafygreen-ui/packages/testing-lib/dist/webpack:/src/context.ts:98:26
    at /Users/brookeyalof/Development/MongoDB/leafygreen-ui/packages/testing-lib/dist/webpack:/src/context.ts:76:23
    at asyncCompose (/Users/brookeyalof/Development/MongoDB/leafygreen-ui/packages/testing-lib/dist/webpack:/src/context.ts:98:26)
    at outerFn (/Users/brookeyalof/Development/MongoDB/leafygreen-ui/packages/testing-lib/dist/webpack:/src/context.ts:124:7)
    at asyncCompose (/Users/brookeyalof/Development/MongoDB/leafygreen-ui/packages/testing-lib/dist/webpack:/src/context.ts:104:12)
    at e.within (/Users/brookeyalof/Development/MongoDB/leafygreen-ui/packages/testing-lib/dist/webpack:/src/context.ts:119:10)
    at Object.silenceNavigationErrors (/Users/brookeyalof/Development/MongoDB/leafygreen-ui/packages/testing-lib/dist/webpack:/src/jest-dom.ts:9:3)
    at _callee2$ (/Users/brookeyalof/Development/MongoDB/leafygreen-ui/packages/mongo-nav/src/on-element-click-provider/OnElementClick.spec.tsx:57:19)
    at tryCatch (/Users/brookeyalof/Development/MongoDB/leafygreen-ui/node_modules/regenerator-runtime/runtime.js:45:40)
    at Generator.invoke [as _invoke] (/Users/brookeyalof/Development/MongoDB/leafygreen-ui/node_modules/regenerator-runtime/runtime.js:274:22)
    at Generator.prototype.&lt;computed&gt; [as next] (/Users/brookeyalof/Development/MongoDB/leafygreen-ui/node_modules/regenerator-runtime/runtime.js:97:21)
    at asyncGeneratorStep (/Users/brookeyalof/Development/MongoDB/leafygreen-ui/packages/mongo-nav/src/on-element-click-provider/OnElementClick.spec.tsx:17:103)
    at _next (/Users/brookeyalof/Development/MongoDB/leafygreen-ui/packages/mongo-nav/src/on-element-click-provider/OnElementClick.spec.tsx:19:194)
    at /Users/brookeyalof/Development/MongoDB/leafygreen-ui/packages/mongo-nav/src/on-element-click-provider/OnElementClick.spec.tsx:19:364
    at new Promise (&lt;anonymous&gt;)
    at Object.&lt;anonymous&gt; (/Users/brookeyalof/Development/MongoDB/leafygreen-ui/packages/mongo-nav/src/on-element-click-provider/OnElementClick.spec.tsx:19:97)
    at Object.asyncJestTest (/Users/brookeyalof/Development/MongoDB/leafygreen-ui/node_modules/jest-jasmine2/build/jasmineAsyncInstall.js:100:37)
    at /Users/brookeyalof/Development/MongoDB/leafygreen-ui/node_modules/jest-jasmine2/build/queueRunner.js:47:12
    at new Promise (&lt;anonymous&gt;)
    at mapper (/Users/brookeyalof/Development/MongoDB/leafygreen-ui/node_modules/jest-jasmine2/build/queueRunner.js:30:19)
    at /Users/brookeyalof/Development/MongoDB/leafygreen-ui/node_modules/jest-jasmine2/build/queueRunner.js:77:41</failure>
    </testcase>
    <testcase classname="packages/mongo-nav/on-element-click-provider by default the onElementClick value is successfully passed to the user-menu-trigger" name="packages/mongo-nav/on-element-click-provider by default the onElementClick value is successfully passed to the user-menu-trigger" time="4.548">
      <failure>Error: Found multiple elements by: [data-testid=&quot;user-menu-trigger&quot;]

(If this is intentional, then use the `*AllBy*` variant of the query (like `queryAllByText`, `getAllByText`, or `findAllByText`)).

&lt;body&gt;
  &lt;div&gt;
    &lt;section
      class=&quot;leafygreen-ui-ufpynv&quot;
    &gt;
      &lt;nav
        aria-label=&quot;organization navigation&quot;
        class=&quot;leafygreen-ui-8sj84k&quot;
        data-testid=&quot;organization-nav&quot;
      &gt;
        &lt;a
          aria-describedby=&quot;tooltip-4&quot;
          class=&quot;leafygreen-ui-cssveg&quot;
          data-testid=&quot;org-nav-leaf&quot;
          href=&quot;https://cloud.mongodb.com/v2#/org/fakeOrgId1/&quot;
        &gt;
          &lt;svg
            class=&quot;leafygreen-ui-1yq22vy&quot;
            fill=&quot;#21313C&quot;
            viewBox=&quot;0 0 216.56 448.5&quot;
          &gt;
            &lt;title&gt;
              MongoDB LogoMark
            &lt;/title&gt;
            &lt;path
              d=&quot;M202.8,179.68c-23-101.47-71-128.49-83.18-147.59C113,21.7,106.25,5.91,106.25,5.91c-.66,9-1.83,14.7-9.51,21.54C81.36,41.16,16,94.42,10.51,209.72c-5.12,107.5,79,173.8,90.18,180.65,8.54,4.2,19,.08,24-3.77,40.54-27.84,96-102.07,78.06-206.92&quot;
              fill=&quot;#10aa50&quot;
            /&gt;
            &lt;path
              d=&quot;M109.73,333.11c-2.11,26.62-3.63,42.11-9,57.29,0,0,3.54,25.33,6,52.17l8.77,0a488.62,488.62,0,0,1,9.57-56.2C113.71,380.8,110.16,356.46,109.73,333.11Z&quot;
              fill=&quot;#b8c4c2&quot;
            /&gt;
            &lt;path
              d=&quot;M125.06,386.39h0c-11.48-5.3-14.8-30.13-15.31-53.28A1090.8,1090.8,0,0,0,112.2,218.4c-.6-20.07.3-185.92-4.94-210.2,2.12,4.75,7.24,15.91,12.36,23.88,12.23,19.11,60.19,46.13,83.17,147.61C220.7,284.27,165.57,358.37,125.06,386.39Z&quot;
              fill=&quot;#12924f&quot;
            /&gt;
          &lt;/svg&gt;
        &lt;/a&gt;
        &lt;div
          class=&quot;leafygreen-ui-9rcojh&quot;
        &gt;
          &lt;button
            aria-disabled=&quot;false&quot;
            class=&quot;leafygreen-ui-mnwf9p&quot;
            data-leafygreen-ui=&quot;org-trigger&quot;
            data-testid=&quot;org-trigger&quot;
          &gt;
            &lt;svg
              class=&quot;leafygreen-ui-15w0dd1&quot;
              height=&quot;14&quot;
              role=&quot;img&quot;
              title=&quot;Building Icon&quot;
              viewBox=&quot;0 0 16 16&quot;
              width=&quot;14&quot;
            &gt;
              &lt;title&gt;
                Building
              &lt;/title&gt;
              &lt;desc&gt;
                Created with Sketch.
              &lt;/desc&gt;
              &lt;g
                fill=&quot;none&quot;
                fill-rule=&quot;evenodd&quot;
                id=&quot;Building-Copy&quot;
                stroke=&quot;none&quot;
                stroke-width=&quot;1&quot;
              &gt;
                &lt;path
                  d=&quot;M10,4 L14,4 L14,15 L1,15 L1,1 L10,1 L10,4 Z M3,3 L3,13 L8,13 L8,3 L3,3 Z M4,6 L4,4 L5,4 L5,6 L4,6 Z M6,6 L6,4 L7,4 L7,6 L6,6 Z M9,6 L9,13 L12,13 L12,6 L9,6 Z M4,9 L4,7 L5,7 L5,9 L4,9 Z M6,9 L6,7 L7,7 L7,9 L6,9 Z M10,9 L10,7 L11,7 L11,9 L10,9 Z M4,12 L4,10 L5,10 L5,12 L4,12 Z M6,12 L6,10 L7,10 L7,12 L6,12 Z M10,12 L10,10 L11,10 L11,12 L10,12 Z&quot;
                  fill=&quot;currentColor&quot;
                  id=&quot;&quot;
                /&gt;
              &lt;/g&gt;
            &lt;/svg&gt;
            &lt;span
              class=&quot;leafygreen-ui-gzx99w&quot;
              data-testid=&quot;org-select-active-org&quot;
            &gt;
              Demo Organization
            &lt;/span&gt;
            &lt;svg
              class=&quot;leafygreen-ui-1e46tsl&quot;
              height=&quot;14&quot;
              role=&quot;img&quot;
              title=&quot;Caret Down Icon&quot;
              viewBox=&quot;0 0 16 16&quot;
              width=&quot;14&quot;
            &gt;
              &lt;title&gt;
                CaretDown
              &lt;/title&gt;
              &lt;desc&gt;
                Created with Sketch.
              &lt;/desc&gt;
              &lt;g
                fill=&quot;none&quot;
                fill-rule=&quot;evenodd&quot;
                id=&quot;CaretDown-Copy&quot;
                stroke=&quot;none&quot;
                stroke-width=&quot;1&quot;
              &gt;
                &lt;path
                  d=&quot;M4.67285687,6 L11.3271431,6 C11.9254697,6 12.224633,6.775217 11.8024493,7.22717749 L8.47530616,10.7889853 C8.21248981,11.0703382 7.78751019,11.0703382 7.52748976,10.7889853 L4.19755071,7.22717749 C3.77536701,6.775217 4.07453029,6 4.67285687,6 Z&quot;
                  fill=&quot;currentColor&quot;
                  id=&quot;Path&quot;
                /&gt;
              &lt;/g&gt;
            &lt;/svg&gt;
          &lt;/button&gt;
          &lt;div
            class=&quot;leafygreen-ui-1wt0cgk&quot;
          /&gt;
        &lt;/div&gt;
        &lt;a
          aria-disabled=&quot;false&quot;
          aria-label=&quot;settings&quot;
          class=&quot;leafygreen-ui-16ffnxw&quot;
          data-leafygreen-ui=&quot;anchor-data-prop&quot;
          data-testid=&quot;org-trigger-settings&quot;
          href=&quot;https://cloud.mongodb.com/v2#/org/fakeOrgId1/settings/general&quot;
          tabindex=&quot;0&quot;
        &gt;
          &lt;svg
            class=&quot;&quot;
            height=&quot;16&quot;
            role=&quot;img&quot;
            title=&quot;Settings Icon&quot;
            viewBox=&quot;0 0 16 16&quot;
            width=&quot;16&quot;
          &gt;
            &lt;title&gt;
              Settings
            &lt;/title&gt;
            &lt;desc&gt;
              Created with Sketch.
            &lt;/desc&gt;
            &lt;g
              fill=&quot;none&quot;
              fill-rule=&quot;evenodd&quot;
              id=&quot;Settings-Copy&quot;
              stroke=&quot;none&quot;
              stroke-width...
    at getElementError (/Users/brookeyalof/Development/MongoDB/leafygreen-ui/packages/mongo-nav/node_modules/@testing-library/dom/dist/query-helpers.js:46:10)
    at getMultipleElementsFoundError (/Users/brookeyalof/Development/MongoDB/leafygreen-ui/packages/mongo-nav/node_modules/@testing-library/dom/dist/query-helpers.js:50:10)
    at /Users/brookeyalof/Development/MongoDB/leafygreen-ui/packages/mongo-nav/node_modules/@testing-library/dom/dist/query-helpers.js:86:13
    at /Users/brookeyalof/Development/MongoDB/leafygreen-ui/packages/mongo-nav/node_modules/@testing-library/dom/dist/query-helpers.js:110:105
    at onMutation (/Users/brookeyalof/Development/MongoDB/leafygreen-ui/packages/mongo-nav/node_modules/@testing-library/dom/dist/wait-for-element.js:46:24)
    at /Users/brookeyalof/Development/MongoDB/leafygreen-ui/packages/mongo-nav/node_modules/@testing-library/dom/dist/wait-for-element.js:62:5
    at new Promise (&lt;anonymous&gt;)
    at waitForElement (/Users/brookeyalof/Development/MongoDB/leafygreen-ui/packages/mongo-nav/node_modules/@testing-library/dom/dist/wait-for-element.js:22:10)
    at /Users/brookeyalof/Development/MongoDB/leafygreen-ui/packages/mongo-nav/node_modules/@testing-library/dom/dist/wait-for-element.js:67:54
    at /Users/brookeyalof/Development/MongoDB/leafygreen-ui/packages/mongo-nav/node_modules/@testing-library/react/dist/index.js:51:22
    at batchedUpdates$1 (/Users/brookeyalof/Development/MongoDB/leafygreen-ui/node_modules/react-dom/cjs/react-dom.development.js:21856:12)
    at act (/Users/brookeyalof/Development/MongoDB/leafygreen-ui/node_modules/react-dom/cjs/react-dom-test-utils.development.js:929:14)
    at asyncAct (/Users/brookeyalof/Development/MongoDB/leafygreen-ui/packages/mongo-nav/node_modules/@testing-library/react/dist/act-compat.js:116:12)
    at Object.asyncWrapper (/Users/brookeyalof/Development/MongoDB/leafygreen-ui/packages/mongo-nav/node_modules/@testing-library/react/dist/index.js:50:35)
    at waitForElementWrapper (/Users/brookeyalof/Development/MongoDB/leafygreen-ui/packages/mongo-nav/node_modules/@testing-library/dom/dist/wait-for-element.js:67:35)
    at findByTestId (/Users/brookeyalof/Development/MongoDB/leafygreen-ui/packages/mongo-nav/node_modules/@testing-library/dom/dist/query-helpers.js:110:98)
    at _callee$ (/Users/brookeyalof/Development/MongoDB/leafygreen-ui/packages/mongo-nav/src/on-element-click-provider/OnElementClick.spec.tsx:58:29)
    at tryCatch (/Users/brookeyalof/Development/MongoDB/leafygreen-ui/node_modules/regenerator-runtime/runtime.js:45:40)
    at Generator.invoke [as _invoke] (/Users/brookeyalof/Development/MongoDB/leafygreen-ui/node_modules/regenerator-runtime/runtime.js:274:22)
    at Generator.prototype.&lt;computed&gt; [as next] (/Users/brookeyalof/Development/MongoDB/leafygreen-ui/node_modules/regenerator-runtime/runtime.js:97:21)
    at asyncGeneratorStep (/Users/brookeyalof/Development/MongoDB/leafygreen-ui/packages/mongo-nav/src/on-element-click-provider/OnElementClick.spec.tsx:17:103)
    at _next (/Users/brookeyalof/Development/MongoDB/leafygreen-ui/packages/mongo-nav/src/on-element-click-provider/OnElementClick.spec.tsx:19:194)
    at /Users/brookeyalof/Development/MongoDB/leafygreen-ui/packages/mongo-nav/src/on-element-click-provider/OnElementClick.spec.tsx:19:364
    at new Promise (&lt;anonymous&gt;)
    at /Users/brookeyalof/Development/MongoDB/leafygreen-ui/packages/mongo-nav/src/on-element-click-provider/OnElementClick.spec.tsx:19:97
    at fn (/Users/brookeyalof/Development/MongoDB/leafygreen-ui/packages/mongo-nav/src/on-element-click-provider/OnElementClick.spec.tsx:57:11)
    at /Users/brookeyalof/Development/MongoDB/leafygreen-ui/packages/testing-lib/dist/webpack:/src/jest-dom.ts:17:14
    at /Users/brookeyalof/Development/MongoDB/leafygreen-ui/packages/testing-lib/dist/webpack:/src/context.ts:98:26
    at /Users/brookeyalof/Development/MongoDB/leafygreen-ui/packages/testing-lib/dist/webpack:/src/context.ts:76:23
    at asyncCompose (/Users/brookeyalof/Development/MongoDB/leafygreen-ui/packages/testing-lib/dist/webpack:/src/context.ts:98:26)
    at outerFn (/Users/brookeyalof/Development/MongoDB/leafygreen-ui/packages/testing-lib/dist/webpack:/src/context.ts:124:7)
    at asyncCompose (/Users/brookeyalof/Development/MongoDB/leafygreen-ui/packages/testing-lib/dist/webpack:/src/context.ts:104:12)
    at e.within (/Users/brookeyalof/Development/MongoDB/leafygreen-ui/packages/testing-lib/dist/webpack:/src/context.ts:119:10)
    at Object.silenceNavigationErrors (/Users/brookeyalof/Development/MongoDB/leafygreen-ui/packages/testing-lib/dist/webpack:/src/jest-dom.ts:9:3)
    at _callee2$ (/Users/brookeyalof/Development/MongoDB/leafygreen-ui/packages/mongo-nav/src/on-element-click-provider/OnElementClick.spec.tsx:57:19)
    at tryCatch (/Users/brookeyalof/Development/MongoDB/leafygreen-ui/node_modules/regenerator-runtime/runtime.js:45:40)
    at Generator.invoke [as _invoke] (/Users/brookeyalof/Development/MongoDB/leafygreen-ui/node_modules/regenerator-runtime/runtime.js:274:22)
    at Generator.prototype.&lt;computed&gt; [as next] (/Users/brookeyalof/Development/MongoDB/leafygreen-ui/node_modules/regenerator-runtime/runtime.js:97:21)
    at asyncGeneratorStep (/Users/brookeyalof/Development/MongoDB/leafygreen-ui/packages/mongo-nav/src/on-element-click-provider/OnElementClick.spec.tsx:17:103)
    at _next (/Users/brookeyalof/Development/MongoDB/leafygreen-ui/packages/mongo-nav/src/on-element-click-provider/OnElementClick.spec.tsx:19:194)
    at /Users/brookeyalof/Development/MongoDB/leafygreen-ui/packages/mongo-nav/src/on-element-click-provider/OnElementClick.spec.tsx:19:364
    at new Promise (&lt;anonymous&gt;)
    at Object.&lt;anonymous&gt; (/Users/brookeyalof/Development/MongoDB/leafygreen-ui/packages/mongo-nav/src/on-element-click-provider/OnElementClick.spec.tsx:19:97)
    at Object.asyncJestTest (/Users/brookeyalof/Development/MongoDB/leafygreen-ui/node_modules/jest-jasmine2/build/jasmineAsyncInstall.js:100:37)
    at /Users/brookeyalof/Development/MongoDB/leafygreen-ui/node_modules/jest-jasmine2/build/queueRunner.js:47:12
    at new Promise (&lt;anonymous&gt;)
    at mapper (/Users/brookeyalof/Development/MongoDB/leafygreen-ui/node_modules/jest-jasmine2/build/queueRunner.js:30:19)
    at /Users/brookeyalof/Development/MongoDB/leafygreen-ui/node_modules/jest-jasmine2/build/queueRunner.js:77:41</failure>
    </testcase>
    <testcase classname="packages/mongo-nav/on-element-click-provider when the OrgNav Access Manager dropdown is open the onElementClick value is successfully passed to the org-nav-dropdown-org-access-manager" name="packages/mongo-nav/on-element-click-provider when the OrgNav Access Manager dropdown is open the onElementClick value is successfully passed to the org-nav-dropdown-org-access-manager" time="0.121">
      <failure>Error: Found multiple elements by: [data-testid=&quot;org-nav-access-manager-dropdown&quot;]

(If this is intentional, then use the `*AllBy*` variant of the query (like `queryAllByText`, `getAllByText`, or `findAllByText`)).

&lt;body&gt;
  &lt;div&gt;
    &lt;section
      class=&quot;leafygreen-ui-ufpynv&quot;
    &gt;
      &lt;nav
        aria-label=&quot;organization navigation&quot;
        class=&quot;leafygreen-ui-8sj84k&quot;
        data-testid=&quot;organization-nav&quot;
      &gt;
        &lt;a
          aria-describedby=&quot;tooltip-4&quot;
          class=&quot;leafygreen-ui-cssveg&quot;
          data-testid=&quot;org-nav-leaf&quot;
          href=&quot;https://cloud.mongodb.com/v2#/org/fakeOrgId1/&quot;
        &gt;
          &lt;svg
            class=&quot;leafygreen-ui-1yq22vy&quot;
            fill=&quot;#21313C&quot;
            viewBox=&quot;0 0 216.56 448.5&quot;
          &gt;
            &lt;title&gt;
              MongoDB LogoMark
            &lt;/title&gt;
            &lt;path
              d=&quot;M202.8,179.68c-23-101.47-71-128.49-83.18-147.59C113,21.7,106.25,5.91,106.25,5.91c-.66,9-1.83,14.7-9.51,21.54C81.36,41.16,16,94.42,10.51,209.72c-5.12,107.5,79,173.8,90.18,180.65,8.54,4.2,19,.08,24-3.77,40.54-27.84,96-102.07,78.06-206.92&quot;
              fill=&quot;#10aa50&quot;
            /&gt;
            &lt;path
              d=&quot;M109.73,333.11c-2.11,26.62-3.63,42.11-9,57.29,0,0,3.54,25.33,6,52.17l8.77,0a488.62,488.62,0,0,1,9.57-56.2C113.71,380.8,110.16,356.46,109.73,333.11Z&quot;
              fill=&quot;#b8c4c2&quot;
            /&gt;
            &lt;path
              d=&quot;M125.06,386.39h0c-11.48-5.3-14.8-30.13-15.31-53.28A1090.8,1090.8,0,0,0,112.2,218.4c-.6-20.07.3-185.92-4.94-210.2,2.12,4.75,7.24,15.91,12.36,23.88,12.23,19.11,60.19,46.13,83.17,147.61C220.7,284.27,165.57,358.37,125.06,386.39Z&quot;
              fill=&quot;#12924f&quot;
            /&gt;
          &lt;/svg&gt;
        &lt;/a&gt;
        &lt;div
          class=&quot;leafygreen-ui-9rcojh&quot;
        &gt;
          &lt;button
            aria-disabled=&quot;false&quot;
            class=&quot;leafygreen-ui-mnwf9p&quot;
            data-leafygreen-ui=&quot;org-trigger&quot;
            data-testid=&quot;org-trigger&quot;
          &gt;
            &lt;svg
              class=&quot;leafygreen-ui-15w0dd1&quot;
              height=&quot;14&quot;
              role=&quot;img&quot;
              title=&quot;Building Icon&quot;
              viewBox=&quot;0 0 16 16&quot;
              width=&quot;14&quot;
            &gt;
              &lt;title&gt;
                Building
              &lt;/title&gt;
              &lt;desc&gt;
                Created with Sketch.
              &lt;/desc&gt;
              &lt;g
                fill=&quot;none&quot;
                fill-rule=&quot;evenodd&quot;
                id=&quot;Building-Copy&quot;
                stroke=&quot;none&quot;
                stroke-width=&quot;1&quot;
              &gt;
                &lt;path
                  d=&quot;M10,4 L14,4 L14,15 L1,15 L1,1 L10,1 L10,4 Z M3,3 L3,13 L8,13 L8,3 L3,3 Z M4,6 L4,4 L5,4 L5,6 L4,6 Z M6,6 L6,4 L7,4 L7,6 L6,6 Z M9,6 L9,13 L12,13 L12,6 L9,6 Z M4,9 L4,7 L5,7 L5,9 L4,9 Z M6,9 L6,7 L7,7 L7,9 L6,9 Z M10,9 L10,7 L11,7 L11,9 L10,9 Z M4,12 L4,10 L5,10 L5,12 L4,12 Z M6,12 L6,10 L7,10 L7,12 L6,12 Z M10,12 L10,10 L11,10 L11,12 L10,12 Z&quot;
                  fill=&quot;currentColor&quot;
                  id=&quot;&quot;
                /&gt;
              &lt;/g&gt;
            &lt;/svg&gt;
            &lt;span
              class=&quot;leafygreen-ui-gzx99w&quot;
              data-testid=&quot;org-select-active-org&quot;
            &gt;
              Demo Organization
            &lt;/span&gt;
            &lt;svg
              class=&quot;leafygreen-ui-1e46tsl&quot;
              height=&quot;14&quot;
              role=&quot;img&quot;
              title=&quot;Caret Down Icon&quot;
              viewBox=&quot;0 0 16 16&quot;
              width=&quot;14&quot;
            &gt;
              &lt;title&gt;
                CaretDown
              &lt;/title&gt;
              &lt;desc&gt;
                Created with Sketch.
              &lt;/desc&gt;
              &lt;g
                fill=&quot;none&quot;
                fill-rule=&quot;evenodd&quot;
                id=&quot;CaretDown-Copy&quot;
                stroke=&quot;none&quot;
                stroke-width=&quot;1&quot;
              &gt;
                &lt;path
                  d=&quot;M4.67285687,6 L11.3271431,6 C11.9254697,6 12.224633,6.775217 11.8024493,7.22717749 L8.47530616,10.7889853 C8.21248981,11.0703382 7.78751019,11.0703382 7.52748976,10.7889853 L4.19755071,7.22717749 C3.77536701,6.775217 4.07453029,6 4.67285687,6 Z&quot;
                  fill=&quot;currentColor&quot;
                  id=&quot;Path&quot;
                /&gt;
              &lt;/g&gt;
            &lt;/svg&gt;
          &lt;/button&gt;
          &lt;div
            class=&quot;leafygreen-ui-1wt0cgk&quot;
          /&gt;
        &lt;/div&gt;
        &lt;a
          aria-disabled=&quot;false&quot;
          aria-label=&quot;settings&quot;
          class=&quot;leafygreen-ui-16ffnxw&quot;
          data-leafygreen-ui=&quot;anchor-data-prop&quot;
          data-testid=&quot;org-trigger-settings&quot;
          href=&quot;https://cloud.mongodb.com/v2#/org/fakeOrgId1/settings/general&quot;
          tabindex=&quot;0&quot;
        &gt;
          &lt;svg
            class=&quot;&quot;
            height=&quot;16&quot;
            role=&quot;img&quot;
            title=&quot;Settings Icon&quot;
            viewBox=&quot;0 0 16 16&quot;
            width=&quot;16&quot;
          &gt;
            &lt;title&gt;
              Settings
            &lt;/title&gt;
            &lt;desc&gt;
              Created with Sketch.
            &lt;/desc&gt;
            &lt;g
              fill=&quot;none&quot;
              fill-rule=&quot;evenodd&quot;
              id=&quot;Settings-Copy&quot;
              stroke=&quot;none&quot;
              stroke-width...
    at getElementError (/Users/brookeyalof/Development/MongoDB/leafygreen-ui/packages/mongo-nav/node_modules/@testing-library/dom/dist/query-helpers.js:46:10)
    at getMultipleElementsFoundError (/Users/brookeyalof/Development/MongoDB/leafygreen-ui/packages/mongo-nav/node_modules/@testing-library/dom/dist/query-helpers.js:50:10)
    at getByTestId (/Users/brookeyalof/Development/MongoDB/leafygreen-ui/packages/mongo-nav/node_modules/@testing-library/dom/dist/query-helpers.js:86:13)
    at _callee2$ (/Users/brookeyalof/Development/MongoDB/leafygreen-ui/packages/mongo-nav/src/on-element-click-provider/OnElementClick.spec.tsx:54:23)
    at tryCatch (/Users/brookeyalof/Development/MongoDB/leafygreen-ui/node_modules/regenerator-runtime/runtime.js:45:40)
    at Generator.invoke [as _invoke] (/Users/brookeyalof/Development/MongoDB/leafygreen-ui/node_modules/regenerator-runtime/runtime.js:274:22)
    at Generator.prototype.&lt;computed&gt; [as next] (/Users/brookeyalof/Development/MongoDB/leafygreen-ui/node_modules/regenerator-runtime/runtime.js:97:21)
    at asyncGeneratorStep (/Users/brookeyalof/Development/MongoDB/leafygreen-ui/packages/mongo-nav/src/on-element-click-provider/OnElementClick.spec.tsx:17:103)
    at _next (/Users/brookeyalof/Development/MongoDB/leafygreen-ui/packages/mongo-nav/src/on-element-click-provider/OnElementClick.spec.tsx:19:194)
    at /Users/brookeyalof/Development/MongoDB/leafygreen-ui/packages/mongo-nav/src/on-element-click-provider/OnElementClick.spec.tsx:19:364
    at new Promise (&lt;anonymous&gt;)
    at Object.&lt;anonymous&gt; (/Users/brookeyalof/Development/MongoDB/leafygreen-ui/packages/mongo-nav/src/on-element-click-provider/OnElementClick.spec.tsx:19:97)
    at Object.asyncJestTest (/Users/brookeyalof/Development/MongoDB/leafygreen-ui/node_modules/jest-jasmine2/build/jasmineAsyncInstall.js:100:37)
    at /Users/brookeyalof/Development/MongoDB/leafygreen-ui/node_modules/jest-jasmine2/build/queueRunner.js:47:12
    at new Promise (&lt;anonymous&gt;)
    at mapper (/Users/brookeyalof/Development/MongoDB/leafygreen-ui/node_modules/jest-jasmine2/build/queueRunner.js:30:19)
    at /Users/brookeyalof/Development/MongoDB/leafygreen-ui/node_modules/jest-jasmine2/build/queueRunner.js:77:41</failure>
    </testcase>
    <testcase classname="packages/mongo-nav/on-element-click-provider when the OrgNav Access Manager dropdown is open the onElementClick value is successfully passed to the org-nav-dropdown-project-access-manager" name="packages/mongo-nav/on-element-click-provider when the OrgNav Access Manager dropdown is open the onElementClick value is successfully passed to the org-nav-dropdown-project-access-manager" time="0.13">
      <failure>Error: Found multiple elements by: [data-testid=&quot;org-nav-access-manager-dropdown&quot;]

(If this is intentional, then use the `*AllBy*` variant of the query (like `queryAllByText`, `getAllByText`, or `findAllByText`)).

&lt;body&gt;
  &lt;div&gt;
    &lt;section
      class=&quot;leafygreen-ui-ufpynv&quot;
    &gt;
      &lt;nav
        aria-label=&quot;organization navigation&quot;
        class=&quot;leafygreen-ui-8sj84k&quot;
        data-testid=&quot;organization-nav&quot;
      &gt;
        &lt;a
          aria-describedby=&quot;tooltip-4&quot;
          class=&quot;leafygreen-ui-cssveg&quot;
          data-testid=&quot;org-nav-leaf&quot;
          href=&quot;https://cloud.mongodb.com/v2#/org/fakeOrgId1/&quot;
        &gt;
          &lt;svg
            class=&quot;leafygreen-ui-1yq22vy&quot;
            fill=&quot;#21313C&quot;
            viewBox=&quot;0 0 216.56 448.5&quot;
          &gt;
            &lt;title&gt;
              MongoDB LogoMark
            &lt;/title&gt;
            &lt;path
              d=&quot;M202.8,179.68c-23-101.47-71-128.49-83.18-147.59C113,21.7,106.25,5.91,106.25,5.91c-.66,9-1.83,14.7-9.51,21.54C81.36,41.16,16,94.42,10.51,209.72c-5.12,107.5,79,173.8,90.18,180.65,8.54,4.2,19,.08,24-3.77,40.54-27.84,96-102.07,78.06-206.92&quot;
              fill=&quot;#10aa50&quot;
            /&gt;
            &lt;path
              d=&quot;M109.73,333.11c-2.11,26.62-3.63,42.11-9,57.29,0,0,3.54,25.33,6,52.17l8.77,0a488.62,488.62,0,0,1,9.57-56.2C113.71,380.8,110.16,356.46,109.73,333.11Z&quot;
              fill=&quot;#b8c4c2&quot;
            /&gt;
            &lt;path
              d=&quot;M125.06,386.39h0c-11.48-5.3-14.8-30.13-15.31-53.28A1090.8,1090.8,0,0,0,112.2,218.4c-.6-20.07.3-185.92-4.94-210.2,2.12,4.75,7.24,15.91,12.36,23.88,12.23,19.11,60.19,46.13,83.17,147.61C220.7,284.27,165.57,358.37,125.06,386.39Z&quot;
              fill=&quot;#12924f&quot;
            /&gt;
          &lt;/svg&gt;
        &lt;/a&gt;
        &lt;div
          class=&quot;leafygreen-ui-9rcojh&quot;
        &gt;
          &lt;button
            aria-disabled=&quot;false&quot;
            class=&quot;leafygreen-ui-mnwf9p&quot;
            data-leafygreen-ui=&quot;org-trigger&quot;
            data-testid=&quot;org-trigger&quot;
          &gt;
            &lt;svg
              class=&quot;leafygreen-ui-15w0dd1&quot;
              height=&quot;14&quot;
              role=&quot;img&quot;
              title=&quot;Building Icon&quot;
              viewBox=&quot;0 0 16 16&quot;
              width=&quot;14&quot;
            &gt;
              &lt;title&gt;
                Building
              &lt;/title&gt;
              &lt;desc&gt;
                Created with Sketch.
              &lt;/desc&gt;
              &lt;g
                fill=&quot;none&quot;
                fill-rule=&quot;evenodd&quot;
                id=&quot;Building-Copy&quot;
                stroke=&quot;none&quot;
                stroke-width=&quot;1&quot;
              &gt;
                &lt;path
                  d=&quot;M10,4 L14,4 L14,15 L1,15 L1,1 L10,1 L10,4 Z M3,3 L3,13 L8,13 L8,3 L3,3 Z M4,6 L4,4 L5,4 L5,6 L4,6 Z M6,6 L6,4 L7,4 L7,6 L6,6 Z M9,6 L9,13 L12,13 L12,6 L9,6 Z M4,9 L4,7 L5,7 L5,9 L4,9 Z M6,9 L6,7 L7,7 L7,9 L6,9 Z M10,9 L10,7 L11,7 L11,9 L10,9 Z M4,12 L4,10 L5,10 L5,12 L4,12 Z M6,12 L6,10 L7,10 L7,12 L6,12 Z M10,12 L10,10 L11,10 L11,12 L10,12 Z&quot;
                  fill=&quot;currentColor&quot;
                  id=&quot;&quot;
                /&gt;
              &lt;/g&gt;
            &lt;/svg&gt;
            &lt;span
              class=&quot;leafygreen-ui-gzx99w&quot;
              data-testid=&quot;org-select-active-org&quot;
            &gt;
              Demo Organization
            &lt;/span&gt;
            &lt;svg
              class=&quot;leafygreen-ui-1e46tsl&quot;
              height=&quot;14&quot;
              role=&quot;img&quot;
              title=&quot;Caret Down Icon&quot;
              viewBox=&quot;0 0 16 16&quot;
              width=&quot;14&quot;
            &gt;
              &lt;title&gt;
                CaretDown
              &lt;/title&gt;
              &lt;desc&gt;
                Created with Sketch.
              &lt;/desc&gt;
              &lt;g
                fill=&quot;none&quot;
                fill-rule=&quot;evenodd&quot;
                id=&quot;CaretDown-Copy&quot;
                stroke=&quot;none&quot;
                stroke-width=&quot;1&quot;
              &gt;
                &lt;path
                  d=&quot;M4.67285687,6 L11.3271431,6 C11.9254697,6 12.224633,6.775217 11.8024493,7.22717749 L8.47530616,10.7889853 C8.21248981,11.0703382 7.78751019,11.0703382 7.52748976,10.7889853 L4.19755071,7.22717749 C3.77536701,6.775217 4.07453029,6 4.67285687,6 Z&quot;
                  fill=&quot;currentColor&quot;
                  id=&quot;Path&quot;
                /&gt;
              &lt;/g&gt;
            &lt;/svg&gt;
          &lt;/button&gt;
          &lt;div
            class=&quot;leafygreen-ui-1wt0cgk&quot;
          /&gt;
        &lt;/div&gt;
        &lt;a
          aria-disabled=&quot;false&quot;
          aria-label=&quot;settings&quot;
          class=&quot;leafygreen-ui-16ffnxw&quot;
          data-leafygreen-ui=&quot;anchor-data-prop&quot;
          data-testid=&quot;org-trigger-settings&quot;
          href=&quot;https://cloud.mongodb.com/v2#/org/fakeOrgId1/settings/general&quot;
          tabindex=&quot;0&quot;
        &gt;
          &lt;svg
            class=&quot;&quot;
            height=&quot;16&quot;
            role=&quot;img&quot;
            title=&quot;Settings Icon&quot;
            viewBox=&quot;0 0 16 16&quot;
            width=&quot;16&quot;
          &gt;
            &lt;title&gt;
              Settings
            &lt;/title&gt;
            &lt;desc&gt;
              Created with Sketch.
            &lt;/desc&gt;
            &lt;g
              fill=&quot;none&quot;
              fill-rule=&quot;evenodd&quot;
              id=&quot;Settings-Copy&quot;
              stroke=&quot;none&quot;
              stroke-width...
    at getElementError (/Users/brookeyalof/Development/MongoDB/leafygreen-ui/packages/mongo-nav/node_modules/@testing-library/dom/dist/query-helpers.js:46:10)
    at getMultipleElementsFoundError (/Users/brookeyalof/Development/MongoDB/leafygreen-ui/packages/mongo-nav/node_modules/@testing-library/dom/dist/query-helpers.js:50:10)
    at getByTestId (/Users/brookeyalof/Development/MongoDB/leafygreen-ui/packages/mongo-nav/node_modules/@testing-library/dom/dist/query-helpers.js:86:13)
    at _callee2$ (/Users/brookeyalof/Development/MongoDB/leafygreen-ui/packages/mongo-nav/src/on-element-click-provider/OnElementClick.spec.tsx:54:23)
    at tryCatch (/Users/brookeyalof/Development/MongoDB/leafygreen-ui/node_modules/regenerator-runtime/runtime.js:45:40)
    at Generator.invoke [as _invoke] (/Users/brookeyalof/Development/MongoDB/leafygreen-ui/node_modules/regenerator-runtime/runtime.js:274:22)
    at Generator.prototype.&lt;computed&gt; [as next] (/Users/brookeyalof/Development/MongoDB/leafygreen-ui/node_modules/regenerator-runtime/runtime.js:97:21)
    at asyncGeneratorStep (/Users/brookeyalof/Development/MongoDB/leafygreen-ui/packages/mongo-nav/src/on-element-click-provider/OnElementClick.spec.tsx:17:103)
    at _next (/Users/brookeyalof/Development/MongoDB/leafygreen-ui/packages/mongo-nav/src/on-element-click-provider/OnElementClick.spec.tsx:19:194)
    at /Users/brookeyalof/Development/MongoDB/leafygreen-ui/packages/mongo-nav/src/on-element-click-provider/OnElementClick.spec.tsx:19:364
    at new Promise (&lt;anonymous&gt;)
    at Object.&lt;anonymous&gt; (/Users/brookeyalof/Development/MongoDB/leafygreen-ui/packages/mongo-nav/src/on-element-click-provider/OnElementClick.spec.tsx:19:97)
    at Object.asyncJestTest (/Users/brookeyalof/Development/MongoDB/leafygreen-ui/node_modules/jest-jasmine2/build/jasmineAsyncInstall.js:100:37)
    at /Users/brookeyalof/Development/MongoDB/leafygreen-ui/node_modules/jest-jasmine2/build/queueRunner.js:47:12
    at new Promise (&lt;anonymous&gt;)
    at mapper (/Users/brookeyalof/Development/MongoDB/leafygreen-ui/node_modules/jest-jasmine2/build/queueRunner.js:30:19)
    at /Users/brookeyalof/Development/MongoDB/leafygreen-ui/node_modules/jest-jasmine2/build/queueRunner.js:77:41</failure>
    </testcase>
    <testcase classname="packages/mongo-nav/on-element-click-provider when the ProjectNav dropdown is open the onElementClick value is successfully passed to the project-nav-settings" name="packages/mongo-nav/on-element-click-provider when the ProjectNav dropdown is open the onElementClick value is successfully passed to the project-nav-settings" time="0.131">
      <failure>Error: Found multiple elements by: [data-testid=&quot;project-nav-project-menu&quot;]

(If this is intentional, then use the `*AllBy*` variant of the query (like `queryAllByText`, `getAllByText`, or `findAllByText`)).

&lt;body&gt;
  &lt;div&gt;
    &lt;section
      class=&quot;leafygreen-ui-ufpynv&quot;
    &gt;
      &lt;nav
        aria-label=&quot;organization navigation&quot;
        class=&quot;leafygreen-ui-8sj84k&quot;
        data-testid=&quot;organization-nav&quot;
      &gt;
        &lt;a
          aria-describedby=&quot;tooltip-4&quot;
          class=&quot;leafygreen-ui-cssveg&quot;
          data-testid=&quot;org-nav-leaf&quot;
          href=&quot;https://cloud.mongodb.com/v2#/org/fakeOrgId1/&quot;
        &gt;
          &lt;svg
            class=&quot;leafygreen-ui-1yq22vy&quot;
            fill=&quot;#21313C&quot;
            viewBox=&quot;0 0 216.56 448.5&quot;
          &gt;
            &lt;title&gt;
              MongoDB LogoMark
            &lt;/title&gt;
            &lt;path
              d=&quot;M202.8,179.68c-23-101.47-71-128.49-83.18-147.59C113,21.7,106.25,5.91,106.25,5.91c-.66,9-1.83,14.7-9.51,21.54C81.36,41.16,16,94.42,10.51,209.72c-5.12,107.5,79,173.8,90.18,180.65,8.54,4.2,19,.08,24-3.77,40.54-27.84,96-102.07,78.06-206.92&quot;
              fill=&quot;#10aa50&quot;
            /&gt;
            &lt;path
              d=&quot;M109.73,333.11c-2.11,26.62-3.63,42.11-9,57.29,0,0,3.54,25.33,6,52.17l8.77,0a488.62,488.62,0,0,1,9.57-56.2C113.71,380.8,110.16,356.46,109.73,333.11Z&quot;
              fill=&quot;#b8c4c2&quot;
            /&gt;
            &lt;path
              d=&quot;M125.06,386.39h0c-11.48-5.3-14.8-30.13-15.31-53.28A1090.8,1090.8,0,0,0,112.2,218.4c-.6-20.07.3-185.92-4.94-210.2,2.12,4.75,7.24,15.91,12.36,23.88,12.23,19.11,60.19,46.13,83.17,147.61C220.7,284.27,165.57,358.37,125.06,386.39Z&quot;
              fill=&quot;#12924f&quot;
            /&gt;
          &lt;/svg&gt;
        &lt;/a&gt;
        &lt;div
          class=&quot;leafygreen-ui-9rcojh&quot;
        &gt;
          &lt;button
            aria-disabled=&quot;false&quot;
            class=&quot;leafygreen-ui-mnwf9p&quot;
            data-leafygreen-ui=&quot;org-trigger&quot;
            data-testid=&quot;org-trigger&quot;
          &gt;
            &lt;svg
              class=&quot;leafygreen-ui-15w0dd1&quot;
              height=&quot;14&quot;
              role=&quot;img&quot;
              title=&quot;Building Icon&quot;
              viewBox=&quot;0 0 16 16&quot;
              width=&quot;14&quot;
            &gt;
              &lt;title&gt;
                Building
              &lt;/title&gt;
              &lt;desc&gt;
                Created with Sketch.
              &lt;/desc&gt;
              &lt;g
                fill=&quot;none&quot;
                fill-rule=&quot;evenodd&quot;
                id=&quot;Building-Copy&quot;
                stroke=&quot;none&quot;
                stroke-width=&quot;1&quot;
              &gt;
                &lt;path
                  d=&quot;M10,4 L14,4 L14,15 L1,15 L1,1 L10,1 L10,4 Z M3,3 L3,13 L8,13 L8,3 L3,3 Z M4,6 L4,4 L5,4 L5,6 L4,6 Z M6,6 L6,4 L7,4 L7,6 L6,6 Z M9,6 L9,13 L12,13 L12,6 L9,6 Z M4,9 L4,7 L5,7 L5,9 L4,9 Z M6,9 L6,7 L7,7 L7,9 L6,9 Z M10,9 L10,7 L11,7 L11,9 L10,9 Z M4,12 L4,10 L5,10 L5,12 L4,12 Z M6,12 L6,10 L7,10 L7,12 L6,12 Z M10,12 L10,10 L11,10 L11,12 L10,12 Z&quot;
                  fill=&quot;currentColor&quot;
                  id=&quot;&quot;
                /&gt;
              &lt;/g&gt;
            &lt;/svg&gt;
            &lt;span
              class=&quot;leafygreen-ui-gzx99w&quot;
              data-testid=&quot;org-select-active-org&quot;
            &gt;
              Demo Organization
            &lt;/span&gt;
            &lt;svg
              class=&quot;leafygreen-ui-1e46tsl&quot;
              height=&quot;14&quot;
              role=&quot;img&quot;
              title=&quot;Caret Down Icon&quot;
              viewBox=&quot;0 0 16 16&quot;
              width=&quot;14&quot;
            &gt;
              &lt;title&gt;
                CaretDown
              &lt;/title&gt;
              &lt;desc&gt;
                Created with Sketch.
              &lt;/desc&gt;
              &lt;g
                fill=&quot;none&quot;
                fill-rule=&quot;evenodd&quot;
                id=&quot;CaretDown-Copy&quot;
                stroke=&quot;none&quot;
                stroke-width=&quot;1&quot;
              &gt;
                &lt;path
                  d=&quot;M4.67285687,6 L11.3271431,6 C11.9254697,6 12.224633,6.775217 11.8024493,7.22717749 L8.47530616,10.7889853 C8.21248981,11.0703382 7.78751019,11.0703382 7.52748976,10.7889853 L4.19755071,7.22717749 C3.77536701,6.775217 4.07453029,6 4.67285687,6 Z&quot;
                  fill=&quot;currentColor&quot;
                  id=&quot;Path&quot;
                /&gt;
              &lt;/g&gt;
            &lt;/svg&gt;
          &lt;/button&gt;
          &lt;div
            class=&quot;leafygreen-ui-1wt0cgk&quot;
          /&gt;
        &lt;/div&gt;
        &lt;a
          aria-disabled=&quot;false&quot;
          aria-label=&quot;settings&quot;
          class=&quot;leafygreen-ui-16ffnxw&quot;
          data-leafygreen-ui=&quot;anchor-data-prop&quot;
          data-testid=&quot;org-trigger-settings&quot;
          href=&quot;https://cloud.mongodb.com/v2#/org/fakeOrgId1/settings/general&quot;
          tabindex=&quot;0&quot;
        &gt;
          &lt;svg
            class=&quot;&quot;
            height=&quot;16&quot;
            role=&quot;img&quot;
            title=&quot;Settings Icon&quot;
            viewBox=&quot;0 0 16 16&quot;
            width=&quot;16&quot;
          &gt;
            &lt;title&gt;
              Settings
            &lt;/title&gt;
            &lt;desc&gt;
              Created with Sketch.
            &lt;/desc&gt;
            &lt;g
              fill=&quot;none&quot;
              fill-rule=&quot;evenodd&quot;
              id=&quot;Settings-Copy&quot;
              stroke=&quot;none&quot;
              stroke-width...
    at getElementError (/Users/brookeyalof/Development/MongoDB/leafygreen-ui/packages/mongo-nav/node_modules/@testing-library/dom/dist/query-helpers.js:46:10)
    at getMultipleElementsFoundError (/Users/brookeyalof/Development/MongoDB/leafygreen-ui/packages/mongo-nav/node_modules/@testing-library/dom/dist/query-helpers.js:50:10)
    at getByTestId (/Users/brookeyalof/Development/MongoDB/leafygreen-ui/packages/mongo-nav/node_modules/@testing-library/dom/dist/query-helpers.js:86:13)
    at _callee2$ (/Users/brookeyalof/Development/MongoDB/leafygreen-ui/packages/mongo-nav/src/on-element-click-provider/OnElementClick.spec.tsx:54:23)
    at tryCatch (/Users/brookeyalof/Development/MongoDB/leafygreen-ui/node_modules/regenerator-runtime/runtime.js:45:40)
    at Generator.invoke [as _invoke] (/Users/brookeyalof/Development/MongoDB/leafygreen-ui/node_modules/regenerator-runtime/runtime.js:274:22)
    at Generator.prototype.&lt;computed&gt; [as next] (/Users/brookeyalof/Development/MongoDB/leafygreen-ui/node_modules/regenerator-runtime/runtime.js:97:21)
    at asyncGeneratorStep (/Users/brookeyalof/Development/MongoDB/leafygreen-ui/packages/mongo-nav/src/on-element-click-provider/OnElementClick.spec.tsx:17:103)
    at _next (/Users/brookeyalof/Development/MongoDB/leafygreen-ui/packages/mongo-nav/src/on-element-click-provider/OnElementClick.spec.tsx:19:194)
    at /Users/brookeyalof/Development/MongoDB/leafygreen-ui/packages/mongo-nav/src/on-element-click-provider/OnElementClick.spec.tsx:19:364
    at new Promise (&lt;anonymous&gt;)
    at Object.&lt;anonymous&gt; (/Users/brookeyalof/Development/MongoDB/leafygreen-ui/packages/mongo-nav/src/on-element-click-provider/OnElementClick.spec.tsx:19:97)
    at Object.asyncJestTest (/Users/brookeyalof/Development/MongoDB/leafygreen-ui/node_modules/jest-jasmine2/build/jasmineAsyncInstall.js:100:37)
    at /Users/brookeyalof/Development/MongoDB/leafygreen-ui/node_modules/jest-jasmine2/build/queueRunner.js:47:12
    at new Promise (&lt;anonymous&gt;)
    at mapper (/Users/brookeyalof/Development/MongoDB/leafygreen-ui/node_modules/jest-jasmine2/build/queueRunner.js:30:19)
    at /Users/brookeyalof/Development/MongoDB/leafygreen-ui/node_modules/jest-jasmine2/build/queueRunner.js:77:41</failure>
    </testcase>
    <testcase classname="packages/mongo-nav/on-element-click-provider when the ProjectNav dropdown is open the onElementClick value is successfully passed to the project-nav-support" name="packages/mongo-nav/on-element-click-provider when the ProjectNav dropdown is open the onElementClick value is successfully passed to the project-nav-support" time="0.13">
      <failure>Error: Found multiple elements by: [data-testid=&quot;project-nav-project-menu&quot;]

(If this is intentional, then use the `*AllBy*` variant of the query (like `queryAllByText`, `getAllByText`, or `findAllByText`)).

&lt;body&gt;
  &lt;div&gt;
    &lt;section
      class=&quot;leafygreen-ui-ufpynv&quot;
    &gt;
      &lt;nav
        aria-label=&quot;organization navigation&quot;
        class=&quot;leafygreen-ui-8sj84k&quot;
        data-testid=&quot;organization-nav&quot;
      &gt;
        &lt;a
          aria-describedby=&quot;tooltip-4&quot;
          class=&quot;leafygreen-ui-cssveg&quot;
          data-testid=&quot;org-nav-leaf&quot;
          href=&quot;https://cloud.mongodb.com/v2#/org/fakeOrgId1/&quot;
        &gt;
          &lt;svg
            class=&quot;leafygreen-ui-1yq22vy&quot;
            fill=&quot;#21313C&quot;
            viewBox=&quot;0 0 216.56 448.5&quot;
          &gt;
            &lt;title&gt;
              MongoDB LogoMark
            &lt;/title&gt;
            &lt;path
              d=&quot;M202.8,179.68c-23-101.47-71-128.49-83.18-147.59C113,21.7,106.25,5.91,106.25,5.91c-.66,9-1.83,14.7-9.51,21.54C81.36,41.16,16,94.42,10.51,209.72c-5.12,107.5,79,173.8,90.18,180.65,8.54,4.2,19,.08,24-3.77,40.54-27.84,96-102.07,78.06-206.92&quot;
              fill=&quot;#10aa50&quot;
            /&gt;
            &lt;path
              d=&quot;M109.73,333.11c-2.11,26.62-3.63,42.11-9,57.29,0,0,3.54,25.33,6,52.17l8.77,0a488.62,488.62,0,0,1,9.57-56.2C113.71,380.8,110.16,356.46,109.73,333.11Z&quot;
              fill=&quot;#b8c4c2&quot;
            /&gt;
            &lt;path
              d=&quot;M125.06,386.39h0c-11.48-5.3-14.8-30.13-15.31-53.28A1090.8,1090.8,0,0,0,112.2,218.4c-.6-20.07.3-185.92-4.94-210.2,2.12,4.75,7.24,15.91,12.36,23.88,12.23,19.11,60.19,46.13,83.17,147.61C220.7,284.27,165.57,358.37,125.06,386.39Z&quot;
              fill=&quot;#12924f&quot;
            /&gt;
          &lt;/svg&gt;
        &lt;/a&gt;
        &lt;div
          class=&quot;leafygreen-ui-9rcojh&quot;
        &gt;
          &lt;button
            aria-disabled=&quot;false&quot;
            class=&quot;leafygreen-ui-mnwf9p&quot;
            data-leafygreen-ui=&quot;org-trigger&quot;
            data-testid=&quot;org-trigger&quot;
          &gt;
            &lt;svg
              class=&quot;leafygreen-ui-15w0dd1&quot;
              height=&quot;14&quot;
              role=&quot;img&quot;
              title=&quot;Building Icon&quot;
              viewBox=&quot;0 0 16 16&quot;
              width=&quot;14&quot;
            &gt;
              &lt;title&gt;
                Building
              &lt;/title&gt;
              &lt;desc&gt;
                Created with Sketch.
              &lt;/desc&gt;
              &lt;g
                fill=&quot;none&quot;
                fill-rule=&quot;evenodd&quot;
                id=&quot;Building-Copy&quot;
                stroke=&quot;none&quot;
                stroke-width=&quot;1&quot;
              &gt;
                &lt;path
                  d=&quot;M10,4 L14,4 L14,15 L1,15 L1,1 L10,1 L10,4 Z M3,3 L3,13 L8,13 L8,3 L3,3 Z M4,6 L4,4 L5,4 L5,6 L4,6 Z M6,6 L6,4 L7,4 L7,6 L6,6 Z M9,6 L9,13 L12,13 L12,6 L9,6 Z M4,9 L4,7 L5,7 L5,9 L4,9 Z M6,9 L6,7 L7,7 L7,9 L6,9 Z M10,9 L10,7 L11,7 L11,9 L10,9 Z M4,12 L4,10 L5,10 L5,12 L4,12 Z M6,12 L6,10 L7,10 L7,12 L6,12 Z M10,12 L10,10 L11,10 L11,12 L10,12 Z&quot;
                  fill=&quot;currentColor&quot;
                  id=&quot;&quot;
                /&gt;
              &lt;/g&gt;
            &lt;/svg&gt;
            &lt;span
              class=&quot;leafygreen-ui-gzx99w&quot;
              data-testid=&quot;org-select-active-org&quot;
            &gt;
              Demo Organization
            &lt;/span&gt;
            &lt;svg
              class=&quot;leafygreen-ui-1e46tsl&quot;
              height=&quot;14&quot;
              role=&quot;img&quot;
              title=&quot;Caret Down Icon&quot;
              viewBox=&quot;0 0 16 16&quot;
              width=&quot;14&quot;
            &gt;
              &lt;title&gt;
                CaretDown
              &lt;/title&gt;
              &lt;desc&gt;
                Created with Sketch.
              &lt;/desc&gt;
              &lt;g
                fill=&quot;none&quot;
                fill-rule=&quot;evenodd&quot;
                id=&quot;CaretDown-Copy&quot;
                stroke=&quot;none&quot;
                stroke-width=&quot;1&quot;
              &gt;
                &lt;path
                  d=&quot;M4.67285687,6 L11.3271431,6 C11.9254697,6 12.224633,6.775217 11.8024493,7.22717749 L8.47530616,10.7889853 C8.21248981,11.0703382 7.78751019,11.0703382 7.52748976,10.7889853 L4.19755071,7.22717749 C3.77536701,6.775217 4.07453029,6 4.67285687,6 Z&quot;
                  fill=&quot;currentColor&quot;
                  id=&quot;Path&quot;
                /&gt;
              &lt;/g&gt;
            &lt;/svg&gt;
          &lt;/button&gt;
          &lt;div
            class=&quot;leafygreen-ui-1wt0cgk&quot;
          /&gt;
        &lt;/div&gt;
        &lt;a
          aria-disabled=&quot;false&quot;
          aria-label=&quot;settings&quot;
          class=&quot;leafygreen-ui-16ffnxw&quot;
          data-leafygreen-ui=&quot;anchor-data-prop&quot;
          data-testid=&quot;org-trigger-settings&quot;
          href=&quot;https://cloud.mongodb.com/v2#/org/fakeOrgId1/settings/general&quot;
          tabindex=&quot;0&quot;
        &gt;
          &lt;svg
            class=&quot;&quot;
            height=&quot;16&quot;
            role=&quot;img&quot;
            title=&quot;Settings Icon&quot;
            viewBox=&quot;0 0 16 16&quot;
            width=&quot;16&quot;
          &gt;
            &lt;title&gt;
              Settings
            &lt;/title&gt;
            &lt;desc&gt;
              Created with Sketch.
            &lt;/desc&gt;
            &lt;g
              fill=&quot;none&quot;
              fill-rule=&quot;evenodd&quot;
              id=&quot;Settings-Copy&quot;
              stroke=&quot;none&quot;
              stroke-width...
    at getElementError (/Users/brookeyalof/Development/MongoDB/leafygreen-ui/packages/mongo-nav/node_modules/@testing-library/dom/dist/query-helpers.js:46:10)
    at getMultipleElementsFoundError (/Users/brookeyalof/Development/MongoDB/leafygreen-ui/packages/mongo-nav/node_modules/@testing-library/dom/dist/query-helpers.js:50:10)
    at getByTestId (/Users/brookeyalof/Development/MongoDB/leafygreen-ui/packages/mongo-nav/node_modules/@testing-library/dom/dist/query-helpers.js:86:13)
    at _callee2$ (/Users/brookeyalof/Development/MongoDB/leafygreen-ui/packages/mongo-nav/src/on-element-click-provider/OnElementClick.spec.tsx:54:23)
    at tryCatch (/Users/brookeyalof/Development/MongoDB/leafygreen-ui/node_modules/regenerator-runtime/runtime.js:45:40)
    at Generator.invoke [as _invoke] (/Users/brookeyalof/Development/MongoDB/leafygreen-ui/node_modules/regenerator-runtime/runtime.js:274:22)
    at Generator.prototype.&lt;computed&gt; [as next] (/Users/brookeyalof/Development/MongoDB/leafygreen-ui/node_modules/regenerator-runtime/runtime.js:97:21)
    at asyncGeneratorStep (/Users/brookeyalof/Development/MongoDB/leafygreen-ui/packages/mongo-nav/src/on-element-click-provider/OnElementClick.spec.tsx:17:103)
    at _next (/Users/brookeyalof/Development/MongoDB/leafygreen-ui/packages/mongo-nav/src/on-element-click-provider/OnElementClick.spec.tsx:19:194)
    at /Users/brookeyalof/Development/MongoDB/leafygreen-ui/packages/mongo-nav/src/on-element-click-provider/OnElementClick.spec.tsx:19:364
    at new Promise (&lt;anonymous&gt;)
    at Object.&lt;anonymous&gt; (/Users/brookeyalof/Development/MongoDB/leafygreen-ui/packages/mongo-nav/src/on-element-click-provider/OnElementClick.spec.tsx:19:97)
    at Object.asyncJestTest (/Users/brookeyalof/Development/MongoDB/leafygreen-ui/node_modules/jest-jasmine2/build/jasmineAsyncInstall.js:100:37)
    at /Users/brookeyalof/Development/MongoDB/leafygreen-ui/node_modules/jest-jasmine2/build/queueRunner.js:47:12
    at new Promise (&lt;anonymous&gt;)
    at mapper (/Users/brookeyalof/Development/MongoDB/leafygreen-ui/node_modules/jest-jasmine2/build/queueRunner.js:30:19)
    at /Users/brookeyalof/Development/MongoDB/leafygreen-ui/node_modules/jest-jasmine2/build/queueRunner.js:77:41</failure>
    </testcase>
    <testcase classname="packages/mongo-nav/on-element-click-provider when the ProjectNav dropdown is open the onElementClick value is successfully passed to the project-nav-integrations" name="packages/mongo-nav/on-element-click-provider when the ProjectNav dropdown is open the onElementClick value is successfully passed to the project-nav-integrations" time="0.134">
      <failure>Error: Found multiple elements by: [data-testid=&quot;project-nav-project-menu&quot;]

(If this is intentional, then use the `*AllBy*` variant of the query (like `queryAllByText`, `getAllByText`, or `findAllByText`)).

&lt;body&gt;
  &lt;div&gt;
    &lt;section
      class=&quot;leafygreen-ui-ufpynv&quot;
    &gt;
      &lt;nav
        aria-label=&quot;organization navigation&quot;
        class=&quot;leafygreen-ui-8sj84k&quot;
        data-testid=&quot;organization-nav&quot;
      &gt;
        &lt;a
          aria-describedby=&quot;tooltip-4&quot;
          class=&quot;leafygreen-ui-cssveg&quot;
          data-testid=&quot;org-nav-leaf&quot;
          href=&quot;https://cloud.mongodb.com/v2#/org/fakeOrgId1/&quot;
        &gt;
          &lt;svg
            class=&quot;leafygreen-ui-1yq22vy&quot;
            fill=&quot;#21313C&quot;
            viewBox=&quot;0 0 216.56 448.5&quot;
          &gt;
            &lt;title&gt;
              MongoDB LogoMark
            &lt;/title&gt;
            &lt;path
              d=&quot;M202.8,179.68c-23-101.47-71-128.49-83.18-147.59C113,21.7,106.25,5.91,106.25,5.91c-.66,9-1.83,14.7-9.51,21.54C81.36,41.16,16,94.42,10.51,209.72c-5.12,107.5,79,173.8,90.18,180.65,8.54,4.2,19,.08,24-3.77,40.54-27.84,96-102.07,78.06-206.92&quot;
              fill=&quot;#10aa50&quot;
            /&gt;
            &lt;path
              d=&quot;M109.73,333.11c-2.11,26.62-3.63,42.11-9,57.29,0,0,3.54,25.33,6,52.17l8.77,0a488.62,488.62,0,0,1,9.57-56.2C113.71,380.8,110.16,356.46,109.73,333.11Z&quot;
              fill=&quot;#b8c4c2&quot;
            /&gt;
            &lt;path
              d=&quot;M125.06,386.39h0c-11.48-5.3-14.8-30.13-15.31-53.28A1090.8,1090.8,0,0,0,112.2,218.4c-.6-20.07.3-185.92-4.94-210.2,2.12,4.75,7.24,15.91,12.36,23.88,12.23,19.11,60.19,46.13,83.17,147.61C220.7,284.27,165.57,358.37,125.06,386.39Z&quot;
              fill=&quot;#12924f&quot;
            /&gt;
          &lt;/svg&gt;
        &lt;/a&gt;
        &lt;div
          class=&quot;leafygreen-ui-9rcojh&quot;
        &gt;
          &lt;button
            aria-disabled=&quot;false&quot;
            class=&quot;leafygreen-ui-mnwf9p&quot;
            data-leafygreen-ui=&quot;org-trigger&quot;
            data-testid=&quot;org-trigger&quot;
          &gt;
            &lt;svg
              class=&quot;leafygreen-ui-15w0dd1&quot;
              height=&quot;14&quot;
              role=&quot;img&quot;
              title=&quot;Building Icon&quot;
              viewBox=&quot;0 0 16 16&quot;
              width=&quot;14&quot;
            &gt;
              &lt;title&gt;
                Building
              &lt;/title&gt;
              &lt;desc&gt;
                Created with Sketch.
              &lt;/desc&gt;
              &lt;g
                fill=&quot;none&quot;
                fill-rule=&quot;evenodd&quot;
                id=&quot;Building-Copy&quot;
                stroke=&quot;none&quot;
                stroke-width=&quot;1&quot;
              &gt;
                &lt;path
                  d=&quot;M10,4 L14,4 L14,15 L1,15 L1,1 L10,1 L10,4 Z M3,3 L3,13 L8,13 L8,3 L3,3 Z M4,6 L4,4 L5,4 L5,6 L4,6 Z M6,6 L6,4 L7,4 L7,6 L6,6 Z M9,6 L9,13 L12,13 L12,6 L9,6 Z M4,9 L4,7 L5,7 L5,9 L4,9 Z M6,9 L6,7 L7,7 L7,9 L6,9 Z M10,9 L10,7 L11,7 L11,9 L10,9 Z M4,12 L4,10 L5,10 L5,12 L4,12 Z M6,12 L6,10 L7,10 L7,12 L6,12 Z M10,12 L10,10 L11,10 L11,12 L10,12 Z&quot;
                  fill=&quot;currentColor&quot;
                  id=&quot;&quot;
                /&gt;
              &lt;/g&gt;
            &lt;/svg&gt;
            &lt;span
              class=&quot;leafygreen-ui-gzx99w&quot;
              data-testid=&quot;org-select-active-org&quot;
            &gt;
              Demo Organization
            &lt;/span&gt;
            &lt;svg
              class=&quot;leafygreen-ui-1e46tsl&quot;
              height=&quot;14&quot;
              role=&quot;img&quot;
              title=&quot;Caret Down Icon&quot;
              viewBox=&quot;0 0 16 16&quot;
              width=&quot;14&quot;
            &gt;
              &lt;title&gt;
                CaretDown
              &lt;/title&gt;
              &lt;desc&gt;
                Created with Sketch.
              &lt;/desc&gt;
              &lt;g
                fill=&quot;none&quot;
                fill-rule=&quot;evenodd&quot;
                id=&quot;CaretDown-Copy&quot;
                stroke=&quot;none&quot;
                stroke-width=&quot;1&quot;
              &gt;
                &lt;path
                  d=&quot;M4.67285687,6 L11.3271431,6 C11.9254697,6 12.224633,6.775217 11.8024493,7.22717749 L8.47530616,10.7889853 C8.21248981,11.0703382 7.78751019,11.0703382 7.52748976,10.7889853 L4.19755071,7.22717749 C3.77536701,6.775217 4.07453029,6 4.67285687,6 Z&quot;
                  fill=&quot;currentColor&quot;
                  id=&quot;Path&quot;
                /&gt;
              &lt;/g&gt;
            &lt;/svg&gt;
          &lt;/button&gt;
          &lt;div
            class=&quot;leafygreen-ui-1wt0cgk&quot;
          /&gt;
        &lt;/div&gt;
        &lt;a
          aria-disabled=&quot;false&quot;
          aria-label=&quot;settings&quot;
          class=&quot;leafygreen-ui-16ffnxw&quot;
          data-leafygreen-ui=&quot;anchor-data-prop&quot;
          data-testid=&quot;org-trigger-settings&quot;
          href=&quot;https://cloud.mongodb.com/v2#/org/fakeOrgId1/settings/general&quot;
          tabindex=&quot;0&quot;
        &gt;
          &lt;svg
            class=&quot;&quot;
            height=&quot;16&quot;
            role=&quot;img&quot;
            title=&quot;Settings Icon&quot;
            viewBox=&quot;0 0 16 16&quot;
            width=&quot;16&quot;
          &gt;
            &lt;title&gt;
              Settings
            &lt;/title&gt;
            &lt;desc&gt;
              Created with Sketch.
            &lt;/desc&gt;
            &lt;g
              fill=&quot;none&quot;
              fill-rule=&quot;evenodd&quot;
              id=&quot;Settings-Copy&quot;
              stroke=&quot;none&quot;
              stroke-width...
    at getElementError (/Users/brookeyalof/Development/MongoDB/leafygreen-ui/packages/mongo-nav/node_modules/@testing-library/dom/dist/query-helpers.js:46:10)
    at getMultipleElementsFoundError (/Users/brookeyalof/Development/MongoDB/leafygreen-ui/packages/mongo-nav/node_modules/@testing-library/dom/dist/query-helpers.js:50:10)
    at getByTestId (/Users/brookeyalof/Development/MongoDB/leafygreen-ui/packages/mongo-nav/node_modules/@testing-library/dom/dist/query-helpers.js:86:13)
    at _callee2$ (/Users/brookeyalof/Development/MongoDB/leafygreen-ui/packages/mongo-nav/src/on-element-click-provider/OnElementClick.spec.tsx:54:23)
    at tryCatch (/Users/brookeyalof/Development/MongoDB/leafygreen-ui/node_modules/regenerator-runtime/runtime.js:45:40)
    at Generator.invoke [as _invoke] (/Users/brookeyalof/Development/MongoDB/leafygreen-ui/node_modules/regenerator-runtime/runtime.js:274:22)
    at Generator.prototype.&lt;computed&gt; [as next] (/Users/brookeyalof/Development/MongoDB/leafygreen-ui/node_modules/regenerator-runtime/runtime.js:97:21)
    at asyncGeneratorStep (/Users/brookeyalof/Development/MongoDB/leafygreen-ui/packages/mongo-nav/src/on-element-click-provider/OnElementClick.spec.tsx:17:103)
    at _next (/Users/brookeyalof/Development/MongoDB/leafygreen-ui/packages/mongo-nav/src/on-element-click-provider/OnElementClick.spec.tsx:19:194)
    at /Users/brookeyalof/Development/MongoDB/leafygreen-ui/packages/mongo-nav/src/on-element-click-provider/OnElementClick.spec.tsx:19:364
    at new Promise (&lt;anonymous&gt;)
    at Object.&lt;anonymous&gt; (/Users/brookeyalof/Development/MongoDB/leafygreen-ui/packages/mongo-nav/src/on-element-click-provider/OnElementClick.spec.tsx:19:97)
    at Object.asyncJestTest (/Users/brookeyalof/Development/MongoDB/leafygreen-ui/node_modules/jest-jasmine2/build/jasmineAsyncInstall.js:100:37)
    at /Users/brookeyalof/Development/MongoDB/leafygreen-ui/node_modules/jest-jasmine2/build/queueRunner.js:47:12
    at new Promise (&lt;anonymous&gt;)
    at mapper (/Users/brookeyalof/Development/MongoDB/leafygreen-ui/node_modules/jest-jasmine2/build/queueRunner.js:30:19)
    at /Users/brookeyalof/Development/MongoDB/leafygreen-ui/node_modules/jest-jasmine2/build/queueRunner.js:77:41</failure>
    </testcase>
    <testcase classname="packages/mongo-nav/on-element-click-provider when the UserMenu is open the onElementClick value is successfully passed to the user-menuitem-feedback" name="packages/mongo-nav/on-element-click-provider when the UserMenu is open the onElementClick value is successfully passed to the user-menuitem-feedback" time="0.151">
      <failure>Error: Found multiple elements by: [data-testid=&quot;user-menu-trigger&quot;]

(If this is intentional, then use the `*AllBy*` variant of the query (like `queryAllByText`, `getAllByText`, or `findAllByText`)).

&lt;body&gt;
  &lt;div&gt;
    &lt;section
      class=&quot;leafygreen-ui-ufpynv&quot;
    &gt;
      &lt;nav
        aria-label=&quot;organization navigation&quot;
        class=&quot;leafygreen-ui-8sj84k&quot;
        data-testid=&quot;organization-nav&quot;
      &gt;
        &lt;a
          aria-describedby=&quot;tooltip-4&quot;
          class=&quot;leafygreen-ui-cssveg&quot;
          data-testid=&quot;org-nav-leaf&quot;
          href=&quot;https://cloud.mongodb.com/v2#/org/fakeOrgId1/&quot;
        &gt;
          &lt;svg
            class=&quot;leafygreen-ui-1yq22vy&quot;
            fill=&quot;#21313C&quot;
            viewBox=&quot;0 0 216.56 448.5&quot;
          &gt;
            &lt;title&gt;
              MongoDB LogoMark
            &lt;/title&gt;
            &lt;path
              d=&quot;M202.8,179.68c-23-101.47-71-128.49-83.18-147.59C113,21.7,106.25,5.91,106.25,5.91c-.66,9-1.83,14.7-9.51,21.54C81.36,41.16,16,94.42,10.51,209.72c-5.12,107.5,79,173.8,90.18,180.65,8.54,4.2,19,.08,24-3.77,40.54-27.84,96-102.07,78.06-206.92&quot;
              fill=&quot;#10aa50&quot;
            /&gt;
            &lt;path
              d=&quot;M109.73,333.11c-2.11,26.62-3.63,42.11-9,57.29,0,0,3.54,25.33,6,52.17l8.77,0a488.62,488.62,0,0,1,9.57-56.2C113.71,380.8,110.16,356.46,109.73,333.11Z&quot;
              fill=&quot;#b8c4c2&quot;
            /&gt;
            &lt;path
              d=&quot;M125.06,386.39h0c-11.48-5.3-14.8-30.13-15.31-53.28A1090.8,1090.8,0,0,0,112.2,218.4c-.6-20.07.3-185.92-4.94-210.2,2.12,4.75,7.24,15.91,12.36,23.88,12.23,19.11,60.19,46.13,83.17,147.61C220.7,284.27,165.57,358.37,125.06,386.39Z&quot;
              fill=&quot;#12924f&quot;
            /&gt;
          &lt;/svg&gt;
        &lt;/a&gt;
        &lt;div
          class=&quot;leafygreen-ui-9rcojh&quot;
        &gt;
          &lt;button
            aria-disabled=&quot;false&quot;
            class=&quot;leafygreen-ui-mnwf9p&quot;
            data-leafygreen-ui=&quot;org-trigger&quot;
            data-testid=&quot;org-trigger&quot;
          &gt;
            &lt;svg
              class=&quot;leafygreen-ui-15w0dd1&quot;
              height=&quot;14&quot;
              role=&quot;img&quot;
              title=&quot;Building Icon&quot;
              viewBox=&quot;0 0 16 16&quot;
              width=&quot;14&quot;
            &gt;
              &lt;title&gt;
                Building
              &lt;/title&gt;
              &lt;desc&gt;
                Created with Sketch.
              &lt;/desc&gt;
              &lt;g
                fill=&quot;none&quot;
                fill-rule=&quot;evenodd&quot;
                id=&quot;Building-Copy&quot;
                stroke=&quot;none&quot;
                stroke-width=&quot;1&quot;
              &gt;
                &lt;path
                  d=&quot;M10,4 L14,4 L14,15 L1,15 L1,1 L10,1 L10,4 Z M3,3 L3,13 L8,13 L8,3 L3,3 Z M4,6 L4,4 L5,4 L5,6 L4,6 Z M6,6 L6,4 L7,4 L7,6 L6,6 Z M9,6 L9,13 L12,13 L12,6 L9,6 Z M4,9 L4,7 L5,7 L5,9 L4,9 Z M6,9 L6,7 L7,7 L7,9 L6,9 Z M10,9 L10,7 L11,7 L11,9 L10,9 Z M4,12 L4,10 L5,10 L5,12 L4,12 Z M6,12 L6,10 L7,10 L7,12 L6,12 Z M10,12 L10,10 L11,10 L11,12 L10,12 Z&quot;
                  fill=&quot;currentColor&quot;
                  id=&quot;&quot;
                /&gt;
              &lt;/g&gt;
            &lt;/svg&gt;
            &lt;span
              class=&quot;leafygreen-ui-gzx99w&quot;
              data-testid=&quot;org-select-active-org&quot;
            &gt;
              Demo Organization
            &lt;/span&gt;
            &lt;svg
              class=&quot;leafygreen-ui-1e46tsl&quot;
              height=&quot;14&quot;
              role=&quot;img&quot;
              title=&quot;Caret Down Icon&quot;
              viewBox=&quot;0 0 16 16&quot;
              width=&quot;14&quot;
            &gt;
              &lt;title&gt;
                CaretDown
              &lt;/title&gt;
              &lt;desc&gt;
                Created with Sketch.
              &lt;/desc&gt;
              &lt;g
                fill=&quot;none&quot;
                fill-rule=&quot;evenodd&quot;
                id=&quot;CaretDown-Copy&quot;
                stroke=&quot;none&quot;
                stroke-width=&quot;1&quot;
              &gt;
                &lt;path
                  d=&quot;M4.67285687,6 L11.3271431,6 C11.9254697,6 12.224633,6.775217 11.8024493,7.22717749 L8.47530616,10.7889853 C8.21248981,11.0703382 7.78751019,11.0703382 7.52748976,10.7889853 L4.19755071,7.22717749 C3.77536701,6.775217 4.07453029,6 4.67285687,6 Z&quot;
                  fill=&quot;currentColor&quot;
                  id=&quot;Path&quot;
                /&gt;
              &lt;/g&gt;
            &lt;/svg&gt;
          &lt;/button&gt;
          &lt;div
            class=&quot;leafygreen-ui-1wt0cgk&quot;
          /&gt;
        &lt;/div&gt;
        &lt;a
          aria-disabled=&quot;false&quot;
          aria-label=&quot;settings&quot;
          class=&quot;leafygreen-ui-16ffnxw&quot;
          data-leafygreen-ui=&quot;anchor-data-prop&quot;
          data-testid=&quot;org-trigger-settings&quot;
          href=&quot;https://cloud.mongodb.com/v2#/org/fakeOrgId1/settings/general&quot;
          tabindex=&quot;0&quot;
        &gt;
          &lt;svg
            class=&quot;&quot;
            height=&quot;16&quot;
            role=&quot;img&quot;
            title=&quot;Settings Icon&quot;
            viewBox=&quot;0 0 16 16&quot;
            width=&quot;16&quot;
          &gt;
            &lt;title&gt;
              Settings
            &lt;/title&gt;
            &lt;desc&gt;
              Created with Sketch.
            &lt;/desc&gt;
            &lt;g
              fill=&quot;none&quot;
              fill-rule=&quot;evenodd&quot;
              id=&quot;Settings-Copy&quot;
              stroke=&quot;none&quot;
              stroke-width...
    at getElementError (/Users/brookeyalof/Development/MongoDB/leafygreen-ui/packages/mongo-nav/node_modules/@testing-library/dom/dist/query-helpers.js:46:10)
    at getMultipleElementsFoundError (/Users/brookeyalof/Development/MongoDB/leafygreen-ui/packages/mongo-nav/node_modules/@testing-library/dom/dist/query-helpers.js:50:10)
    at getByTestId (/Users/brookeyalof/Development/MongoDB/leafygreen-ui/packages/mongo-nav/node_modules/@testing-library/dom/dist/query-helpers.js:86:13)
    at _callee2$ (/Users/brookeyalof/Development/MongoDB/leafygreen-ui/packages/mongo-nav/src/on-element-click-provider/OnElementClick.spec.tsx:54:23)
    at tryCatch (/Users/brookeyalof/Development/MongoDB/leafygreen-ui/node_modules/regenerator-runtime/runtime.js:45:40)
    at Generator.invoke [as _invoke] (/Users/brookeyalof/Development/MongoDB/leafygreen-ui/node_modules/regenerator-runtime/runtime.js:274:22)
    at Generator.prototype.&lt;computed&gt; [as next] (/Users/brookeyalof/Development/MongoDB/leafygreen-ui/node_modules/regenerator-runtime/runtime.js:97:21)
    at asyncGeneratorStep (/Users/brookeyalof/Development/MongoDB/leafygreen-ui/packages/mongo-nav/src/on-element-click-provider/OnElementClick.spec.tsx:17:103)
    at _next (/Users/brookeyalof/Development/MongoDB/leafygreen-ui/packages/mongo-nav/src/on-element-click-provider/OnElementClick.spec.tsx:19:194)
    at /Users/brookeyalof/Development/MongoDB/leafygreen-ui/packages/mongo-nav/src/on-element-click-provider/OnElementClick.spec.tsx:19:364
    at new Promise (&lt;anonymous&gt;)
    at Object.&lt;anonymous&gt; (/Users/brookeyalof/Development/MongoDB/leafygreen-ui/packages/mongo-nav/src/on-element-click-provider/OnElementClick.spec.tsx:19:97)
    at Object.asyncJestTest (/Users/brookeyalof/Development/MongoDB/leafygreen-ui/node_modules/jest-jasmine2/build/jasmineAsyncInstall.js:100:37)
    at /Users/brookeyalof/Development/MongoDB/leafygreen-ui/node_modules/jest-jasmine2/build/queueRunner.js:47:12
    at new Promise (&lt;anonymous&gt;)
    at mapper (/Users/brookeyalof/Development/MongoDB/leafygreen-ui/node_modules/jest-jasmine2/build/queueRunner.js:30:19)
    at /Users/brookeyalof/Development/MongoDB/leafygreen-ui/node_modules/jest-jasmine2/build/queueRunner.js:77:41</failure>
    </testcase>
    <testcase classname="packages/mongo-nav/on-element-click-provider when the UserMenu is open the onElementClick value is successfully passed to the user-menuitem-cloud-mfa" name="packages/mongo-nav/on-element-click-provider when the UserMenu is open the onElementClick value is successfully passed to the user-menuitem-cloud-mfa" time="0.171">
      <failure>Error: Found multiple elements by: [data-testid=&quot;user-menu-trigger&quot;]

(If this is intentional, then use the `*AllBy*` variant of the query (like `queryAllByText`, `getAllByText`, or `findAllByText`)).

&lt;body&gt;
  &lt;div&gt;
    &lt;section
      class=&quot;leafygreen-ui-ufpynv&quot;
    &gt;
      &lt;nav
        aria-label=&quot;organization navigation&quot;
        class=&quot;leafygreen-ui-8sj84k&quot;
        data-testid=&quot;organization-nav&quot;
      &gt;
        &lt;a
          aria-describedby=&quot;tooltip-4&quot;
          class=&quot;leafygreen-ui-cssveg&quot;
          data-testid=&quot;org-nav-leaf&quot;
          href=&quot;https://cloud.mongodb.com/v2#/org/fakeOrgId1/&quot;
        &gt;
          &lt;svg
            class=&quot;leafygreen-ui-1yq22vy&quot;
            fill=&quot;#21313C&quot;
            viewBox=&quot;0 0 216.56 448.5&quot;
          &gt;
            &lt;title&gt;
              MongoDB LogoMark
            &lt;/title&gt;
            &lt;path
              d=&quot;M202.8,179.68c-23-101.47-71-128.49-83.18-147.59C113,21.7,106.25,5.91,106.25,5.91c-.66,9-1.83,14.7-9.51,21.54C81.36,41.16,16,94.42,10.51,209.72c-5.12,107.5,79,173.8,90.18,180.65,8.54,4.2,19,.08,24-3.77,40.54-27.84,96-102.07,78.06-206.92&quot;
              fill=&quot;#10aa50&quot;
            /&gt;
            &lt;path
              d=&quot;M109.73,333.11c-2.11,26.62-3.63,42.11-9,57.29,0,0,3.54,25.33,6,52.17l8.77,0a488.62,488.62,0,0,1,9.57-56.2C113.71,380.8,110.16,356.46,109.73,333.11Z&quot;
              fill=&quot;#b8c4c2&quot;
            /&gt;
            &lt;path
              d=&quot;M125.06,386.39h0c-11.48-5.3-14.8-30.13-15.31-53.28A1090.8,1090.8,0,0,0,112.2,218.4c-.6-20.07.3-185.92-4.94-210.2,2.12,4.75,7.24,15.91,12.36,23.88,12.23,19.11,60.19,46.13,83.17,147.61C220.7,284.27,165.57,358.37,125.06,386.39Z&quot;
              fill=&quot;#12924f&quot;
            /&gt;
          &lt;/svg&gt;
        &lt;/a&gt;
        &lt;div
          class=&quot;leafygreen-ui-9rcojh&quot;
        &gt;
          &lt;button
            aria-disabled=&quot;false&quot;
            class=&quot;leafygreen-ui-mnwf9p&quot;
            data-leafygreen-ui=&quot;org-trigger&quot;
            data-testid=&quot;org-trigger&quot;
          &gt;
            &lt;svg
              class=&quot;leafygreen-ui-15w0dd1&quot;
              height=&quot;14&quot;
              role=&quot;img&quot;
              title=&quot;Building Icon&quot;
              viewBox=&quot;0 0 16 16&quot;
              width=&quot;14&quot;
            &gt;
              &lt;title&gt;
                Building
              &lt;/title&gt;
              &lt;desc&gt;
                Created with Sketch.
              &lt;/desc&gt;
              &lt;g
                fill=&quot;none&quot;
                fill-rule=&quot;evenodd&quot;
                id=&quot;Building-Copy&quot;
                stroke=&quot;none&quot;
                stroke-width=&quot;1&quot;
              &gt;
                &lt;path
                  d=&quot;M10,4 L14,4 L14,15 L1,15 L1,1 L10,1 L10,4 Z M3,3 L3,13 L8,13 L8,3 L3,3 Z M4,6 L4,4 L5,4 L5,6 L4,6 Z M6,6 L6,4 L7,4 L7,6 L6,6 Z M9,6 L9,13 L12,13 L12,6 L9,6 Z M4,9 L4,7 L5,7 L5,9 L4,9 Z M6,9 L6,7 L7,7 L7,9 L6,9 Z M10,9 L10,7 L11,7 L11,9 L10,9 Z M4,12 L4,10 L5,10 L5,12 L4,12 Z M6,12 L6,10 L7,10 L7,12 L6,12 Z M10,12 L10,10 L11,10 L11,12 L10,12 Z&quot;
                  fill=&quot;currentColor&quot;
                  id=&quot;&quot;
                /&gt;
              &lt;/g&gt;
            &lt;/svg&gt;
            &lt;span
              class=&quot;leafygreen-ui-gzx99w&quot;
              data-testid=&quot;org-select-active-org&quot;
            &gt;
              Demo Organization
            &lt;/span&gt;
            &lt;svg
              class=&quot;leafygreen-ui-1e46tsl&quot;
              height=&quot;14&quot;
              role=&quot;img&quot;
              title=&quot;Caret Down Icon&quot;
              viewBox=&quot;0 0 16 16&quot;
              width=&quot;14&quot;
            &gt;
              &lt;title&gt;
                CaretDown
              &lt;/title&gt;
              &lt;desc&gt;
                Created with Sketch.
              &lt;/desc&gt;
              &lt;g
                fill=&quot;none&quot;
                fill-rule=&quot;evenodd&quot;
                id=&quot;CaretDown-Copy&quot;
                stroke=&quot;none&quot;
                stroke-width=&quot;1&quot;
              &gt;
                &lt;path
                  d=&quot;M4.67285687,6 L11.3271431,6 C11.9254697,6 12.224633,6.775217 11.8024493,7.22717749 L8.47530616,10.7889853 C8.21248981,11.0703382 7.78751019,11.0703382 7.52748976,10.7889853 L4.19755071,7.22717749 C3.77536701,6.775217 4.07453029,6 4.67285687,6 Z&quot;
                  fill=&quot;currentColor&quot;
                  id=&quot;Path&quot;
                /&gt;
              &lt;/g&gt;
            &lt;/svg&gt;
          &lt;/button&gt;
          &lt;div
            class=&quot;leafygreen-ui-1wt0cgk&quot;
          /&gt;
        &lt;/div&gt;
        &lt;a
          aria-disabled=&quot;false&quot;
          aria-label=&quot;settings&quot;
          class=&quot;leafygreen-ui-16ffnxw&quot;
          data-leafygreen-ui=&quot;anchor-data-prop&quot;
          data-testid=&quot;org-trigger-settings&quot;
          href=&quot;https://cloud.mongodb.com/v2#/org/fakeOrgId1/settings/general&quot;
          tabindex=&quot;0&quot;
        &gt;
          &lt;svg
            class=&quot;&quot;
            height=&quot;16&quot;
            role=&quot;img&quot;
            title=&quot;Settings Icon&quot;
            viewBox=&quot;0 0 16 16&quot;
            width=&quot;16&quot;
          &gt;
            &lt;title&gt;
              Settings
            &lt;/title&gt;
            &lt;desc&gt;
              Created with Sketch.
            &lt;/desc&gt;
            &lt;g
              fill=&quot;none&quot;
              fill-rule=&quot;evenodd&quot;
              id=&quot;Settings-Copy&quot;
              stroke=&quot;none&quot;
              stroke-width...
    at getElementError (/Users/brookeyalof/Development/MongoDB/leafygreen-ui/packages/mongo-nav/node_modules/@testing-library/dom/dist/query-helpers.js:46:10)
    at getMultipleElementsFoundError (/Users/brookeyalof/Development/MongoDB/leafygreen-ui/packages/mongo-nav/node_modules/@testing-library/dom/dist/query-helpers.js:50:10)
    at getByTestId (/Users/brookeyalof/Development/MongoDB/leafygreen-ui/packages/mongo-nav/node_modules/@testing-library/dom/dist/query-helpers.js:86:13)
    at _callee2$ (/Users/brookeyalof/Development/MongoDB/leafygreen-ui/packages/mongo-nav/src/on-element-click-provider/OnElementClick.spec.tsx:54:23)
    at tryCatch (/Users/brookeyalof/Development/MongoDB/leafygreen-ui/node_modules/regenerator-runtime/runtime.js:45:40)
    at Generator.invoke [as _invoke] (/Users/brookeyalof/Development/MongoDB/leafygreen-ui/node_modules/regenerator-runtime/runtime.js:274:22)
    at Generator.prototype.&lt;computed&gt; [as next] (/Users/brookeyalof/Development/MongoDB/leafygreen-ui/node_modules/regenerator-runtime/runtime.js:97:21)
    at asyncGeneratorStep (/Users/brookeyalof/Development/MongoDB/leafygreen-ui/packages/mongo-nav/src/on-element-click-provider/OnElementClick.spec.tsx:17:103)
    at _next (/Users/brookeyalof/Development/MongoDB/leafygreen-ui/packages/mongo-nav/src/on-element-click-provider/OnElementClick.spec.tsx:19:194)
    at /Users/brookeyalof/Development/MongoDB/leafygreen-ui/packages/mongo-nav/src/on-element-click-provider/OnElementClick.spec.tsx:19:364
    at new Promise (&lt;anonymous&gt;)
    at Object.&lt;anonymous&gt; (/Users/brookeyalof/Development/MongoDB/leafygreen-ui/packages/mongo-nav/src/on-element-click-provider/OnElementClick.spec.tsx:19:97)
    at Object.asyncJestTest (/Users/brookeyalof/Development/MongoDB/leafygreen-ui/node_modules/jest-jasmine2/build/jasmineAsyncInstall.js:100:37)
    at /Users/brookeyalof/Development/MongoDB/leafygreen-ui/node_modules/jest-jasmine2/build/queueRunner.js:47:12
    at new Promise (&lt;anonymous&gt;)
    at mapper (/Users/brookeyalof/Development/MongoDB/leafygreen-ui/node_modules/jest-jasmine2/build/queueRunner.js:30:19)
    at /Users/brookeyalof/Development/MongoDB/leafygreen-ui/node_modules/jest-jasmine2/build/queueRunner.js:77:41</failure>
    </testcase>
    <testcase classname="packages/mongo-nav/on-element-click-provider when the UserMenu is open the onElementClick value is successfully passed to the user-menuitem-cloud-invitations" name="packages/mongo-nav/on-element-click-provider when the UserMenu is open the onElementClick value is successfully passed to the user-menuitem-cloud-invitations" time="0.189">
      <failure>Error: Found multiple elements by: [data-testid=&quot;user-menu-trigger&quot;]

(If this is intentional, then use the `*AllBy*` variant of the query (like `queryAllByText`, `getAllByText`, or `findAllByText`)).

&lt;body&gt;
  &lt;div&gt;
    &lt;section
      class=&quot;leafygreen-ui-ufpynv&quot;
    &gt;
      &lt;nav
        aria-label=&quot;organization navigation&quot;
        class=&quot;leafygreen-ui-8sj84k&quot;
        data-testid=&quot;organization-nav&quot;
      &gt;
        &lt;a
          aria-describedby=&quot;tooltip-4&quot;
          class=&quot;leafygreen-ui-cssveg&quot;
          data-testid=&quot;org-nav-leaf&quot;
          href=&quot;https://cloud.mongodb.com/v2#/org/fakeOrgId1/&quot;
        &gt;
          &lt;svg
            class=&quot;leafygreen-ui-1yq22vy&quot;
            fill=&quot;#21313C&quot;
            viewBox=&quot;0 0 216.56 448.5&quot;
          &gt;
            &lt;title&gt;
              MongoDB LogoMark
            &lt;/title&gt;
            &lt;path
              d=&quot;M202.8,179.68c-23-101.47-71-128.49-83.18-147.59C113,21.7,106.25,5.91,106.25,5.91c-.66,9-1.83,14.7-9.51,21.54C81.36,41.16,16,94.42,10.51,209.72c-5.12,107.5,79,173.8,90.18,180.65,8.54,4.2,19,.08,24-3.77,40.54-27.84,96-102.07,78.06-206.92&quot;
              fill=&quot;#10aa50&quot;
            /&gt;
            &lt;path
              d=&quot;M109.73,333.11c-2.11,26.62-3.63,42.11-9,57.29,0,0,3.54,25.33,6,52.17l8.77,0a488.62,488.62,0,0,1,9.57-56.2C113.71,380.8,110.16,356.46,109.73,333.11Z&quot;
              fill=&quot;#b8c4c2&quot;
            /&gt;
            &lt;path
              d=&quot;M125.06,386.39h0c-11.48-5.3-14.8-30.13-15.31-53.28A1090.8,1090.8,0,0,0,112.2,218.4c-.6-20.07.3-185.92-4.94-210.2,2.12,4.75,7.24,15.91,12.36,23.88,12.23,19.11,60.19,46.13,83.17,147.61C220.7,284.27,165.57,358.37,125.06,386.39Z&quot;
              fill=&quot;#12924f&quot;
            /&gt;
          &lt;/svg&gt;
        &lt;/a&gt;
        &lt;div
          class=&quot;leafygreen-ui-9rcojh&quot;
        &gt;
          &lt;button
            aria-disabled=&quot;false&quot;
            class=&quot;leafygreen-ui-mnwf9p&quot;
            data-leafygreen-ui=&quot;org-trigger&quot;
            data-testid=&quot;org-trigger&quot;
          &gt;
            &lt;svg
              class=&quot;leafygreen-ui-15w0dd1&quot;
              height=&quot;14&quot;
              role=&quot;img&quot;
              title=&quot;Building Icon&quot;
              viewBox=&quot;0 0 16 16&quot;
              width=&quot;14&quot;
            &gt;
              &lt;title&gt;
                Building
              &lt;/title&gt;
              &lt;desc&gt;
                Created with Sketch.
              &lt;/desc&gt;
              &lt;g
                fill=&quot;none&quot;
                fill-rule=&quot;evenodd&quot;
                id=&quot;Building-Copy&quot;
                stroke=&quot;none&quot;
                stroke-width=&quot;1&quot;
              &gt;
                &lt;path
                  d=&quot;M10,4 L14,4 L14,15 L1,15 L1,1 L10,1 L10,4 Z M3,3 L3,13 L8,13 L8,3 L3,3 Z M4,6 L4,4 L5,4 L5,6 L4,6 Z M6,6 L6,4 L7,4 L7,6 L6,6 Z M9,6 L9,13 L12,13 L12,6 L9,6 Z M4,9 L4,7 L5,7 L5,9 L4,9 Z M6,9 L6,7 L7,7 L7,9 L6,9 Z M10,9 L10,7 L11,7 L11,9 L10,9 Z M4,12 L4,10 L5,10 L5,12 L4,12 Z M6,12 L6,10 L7,10 L7,12 L6,12 Z M10,12 L10,10 L11,10 L11,12 L10,12 Z&quot;
                  fill=&quot;currentColor&quot;
                  id=&quot;&quot;
                /&gt;
              &lt;/g&gt;
            &lt;/svg&gt;
            &lt;span
              class=&quot;leafygreen-ui-gzx99w&quot;
              data-testid=&quot;org-select-active-org&quot;
            &gt;
              Demo Organization
            &lt;/span&gt;
            &lt;svg
              class=&quot;leafygreen-ui-1e46tsl&quot;
              height=&quot;14&quot;
              role=&quot;img&quot;
              title=&quot;Caret Down Icon&quot;
              viewBox=&quot;0 0 16 16&quot;
              width=&quot;14&quot;
            &gt;
              &lt;title&gt;
                CaretDown
              &lt;/title&gt;
              &lt;desc&gt;
                Created with Sketch.
              &lt;/desc&gt;
              &lt;g
                fill=&quot;none&quot;
                fill-rule=&quot;evenodd&quot;
                id=&quot;CaretDown-Copy&quot;
                stroke=&quot;none&quot;
                stroke-width=&quot;1&quot;
              &gt;
                &lt;path
                  d=&quot;M4.67285687,6 L11.3271431,6 C11.9254697,6 12.224633,6.775217 11.8024493,7.22717749 L8.47530616,10.7889853 C8.21248981,11.0703382 7.78751019,11.0703382 7.52748976,10.7889853 L4.19755071,7.22717749 C3.77536701,6.775217 4.07453029,6 4.67285687,6 Z&quot;
                  fill=&quot;currentColor&quot;
                  id=&quot;Path&quot;
                /&gt;
              &lt;/g&gt;
            &lt;/svg&gt;
          &lt;/button&gt;
          &lt;div
            class=&quot;leafygreen-ui-1wt0cgk&quot;
          /&gt;
        &lt;/div&gt;
        &lt;a
          aria-disabled=&quot;false&quot;
          aria-label=&quot;settings&quot;
          class=&quot;leafygreen-ui-16ffnxw&quot;
          data-leafygreen-ui=&quot;anchor-data-prop&quot;
          data-testid=&quot;org-trigger-settings&quot;
          href=&quot;https://cloud.mongodb.com/v2#/org/fakeOrgId1/settings/general&quot;
          tabindex=&quot;0&quot;
        &gt;
          &lt;svg
            class=&quot;&quot;
            height=&quot;16&quot;
            role=&quot;img&quot;
            title=&quot;Settings Icon&quot;
            viewBox=&quot;0 0 16 16&quot;
            width=&quot;16&quot;
          &gt;
            &lt;title&gt;
              Settings
            &lt;/title&gt;
            &lt;desc&gt;
              Created with Sketch.
            &lt;/desc&gt;
            &lt;g
              fill=&quot;none&quot;
              fill-rule=&quot;evenodd&quot;
              id=&quot;Settings-Copy&quot;
              stroke=&quot;none&quot;
              stroke-width...
    at getElementError (/Users/brookeyalof/Development/MongoDB/leafygreen-ui/packages/mongo-nav/node_modules/@testing-library/dom/dist/query-helpers.js:46:10)
    at getMultipleElementsFoundError (/Users/brookeyalof/Development/MongoDB/leafygreen-ui/packages/mongo-nav/node_modules/@testing-library/dom/dist/query-helpers.js:50:10)
    at getByTestId (/Users/brookeyalof/Development/MongoDB/leafygreen-ui/packages/mongo-nav/node_modules/@testing-library/dom/dist/query-helpers.js:86:13)
    at _callee2$ (/Users/brookeyalof/Development/MongoDB/leafygreen-ui/packages/mongo-nav/src/on-element-click-provider/OnElementClick.spec.tsx:54:23)
    at tryCatch (/Users/brookeyalof/Development/MongoDB/leafygreen-ui/node_modules/regenerator-runtime/runtime.js:45:40)
    at Generator.invoke [as _invoke] (/Users/brookeyalof/Development/MongoDB/leafygreen-ui/node_modules/regenerator-runtime/runtime.js:274:22)
    at Generator.prototype.&lt;computed&gt; [as next] (/Users/brookeyalof/Development/MongoDB/leafygreen-ui/node_modules/regenerator-runtime/runtime.js:97:21)
    at asyncGeneratorStep (/Users/brookeyalof/Development/MongoDB/leafygreen-ui/packages/mongo-nav/src/on-element-click-provider/OnElementClick.spec.tsx:17:103)
    at _next (/Users/brookeyalof/Development/MongoDB/leafygreen-ui/packages/mongo-nav/src/on-element-click-provider/OnElementClick.spec.tsx:19:194)
    at /Users/brookeyalof/Development/MongoDB/leafygreen-ui/packages/mongo-nav/src/on-element-click-provider/OnElementClick.spec.tsx:19:364
    at new Promise (&lt;anonymous&gt;)
    at Object.&lt;anonymous&gt; (/Users/brookeyalof/Development/MongoDB/leafygreen-ui/packages/mongo-nav/src/on-element-click-provider/OnElementClick.spec.tsx:19:97)
    at Object.asyncJestTest (/Users/brookeyalof/Development/MongoDB/leafygreen-ui/node_modules/jest-jasmine2/build/jasmineAsyncInstall.js:100:37)
    at /Users/brookeyalof/Development/MongoDB/leafygreen-ui/node_modules/jest-jasmine2/build/queueRunner.js:47:12
    at new Promise (&lt;anonymous&gt;)
    at mapper (/Users/brookeyalof/Development/MongoDB/leafygreen-ui/node_modules/jest-jasmine2/build/queueRunner.js:30:19)
    at /Users/brookeyalof/Development/MongoDB/leafygreen-ui/node_modules/jest-jasmine2/build/queueRunner.js:77:41</failure>
    </testcase>
    <testcase classname="packages/mongo-nav/on-element-click-provider when the UserMenu is open the onElementClick value is successfully passed to the user-menuitem-cloud-organizations" name="packages/mongo-nav/on-element-click-provider when the UserMenu is open the onElementClick value is successfully passed to the user-menuitem-cloud-organizations" time="0.165">
      <failure>Error: Found multiple elements by: [data-testid=&quot;user-menu-trigger&quot;]

(If this is intentional, then use the `*AllBy*` variant of the query (like `queryAllByText`, `getAllByText`, or `findAllByText`)).

&lt;body&gt;
  &lt;div&gt;
    &lt;section
      class=&quot;leafygreen-ui-ufpynv&quot;
    &gt;
      &lt;nav
        aria-label=&quot;organization navigation&quot;
        class=&quot;leafygreen-ui-8sj84k&quot;
        data-testid=&quot;organization-nav&quot;
      &gt;
        &lt;a
          aria-describedby=&quot;tooltip-4&quot;
          class=&quot;leafygreen-ui-cssveg&quot;
          data-testid=&quot;org-nav-leaf&quot;
          href=&quot;https://cloud.mongodb.com/v2#/org/fakeOrgId1/&quot;
        &gt;
          &lt;svg
            class=&quot;leafygreen-ui-1yq22vy&quot;
            fill=&quot;#21313C&quot;
            viewBox=&quot;0 0 216.56 448.5&quot;
          &gt;
            &lt;title&gt;
              MongoDB LogoMark
            &lt;/title&gt;
            &lt;path
              d=&quot;M202.8,179.68c-23-101.47-71-128.49-83.18-147.59C113,21.7,106.25,5.91,106.25,5.91c-.66,9-1.83,14.7-9.51,21.54C81.36,41.16,16,94.42,10.51,209.72c-5.12,107.5,79,173.8,90.18,180.65,8.54,4.2,19,.08,24-3.77,40.54-27.84,96-102.07,78.06-206.92&quot;
              fill=&quot;#10aa50&quot;
            /&gt;
            &lt;path
              d=&quot;M109.73,333.11c-2.11,26.62-3.63,42.11-9,57.29,0,0,3.54,25.33,6,52.17l8.77,0a488.62,488.62,0,0,1,9.57-56.2C113.71,380.8,110.16,356.46,109.73,333.11Z&quot;
              fill=&quot;#b8c4c2&quot;
            /&gt;
            &lt;path
              d=&quot;M125.06,386.39h0c-11.48-5.3-14.8-30.13-15.31-53.28A1090.8,1090.8,0,0,0,112.2,218.4c-.6-20.07.3-185.92-4.94-210.2,2.12,4.75,7.24,15.91,12.36,23.88,12.23,19.11,60.19,46.13,83.17,147.61C220.7,284.27,165.57,358.37,125.06,386.39Z&quot;
              fill=&quot;#12924f&quot;
            /&gt;
          &lt;/svg&gt;
        &lt;/a&gt;
        &lt;div
          class=&quot;leafygreen-ui-9rcojh&quot;
        &gt;
          &lt;button
            aria-disabled=&quot;false&quot;
            class=&quot;leafygreen-ui-mnwf9p&quot;
            data-leafygreen-ui=&quot;org-trigger&quot;
            data-testid=&quot;org-trigger&quot;
          &gt;
            &lt;svg
              class=&quot;leafygreen-ui-15w0dd1&quot;
              height=&quot;14&quot;
              role=&quot;img&quot;
              title=&quot;Building Icon&quot;
              viewBox=&quot;0 0 16 16&quot;
              width=&quot;14&quot;
            &gt;
              &lt;title&gt;
                Building
              &lt;/title&gt;
              &lt;desc&gt;
                Created with Sketch.
              &lt;/desc&gt;
              &lt;g
                fill=&quot;none&quot;
                fill-rule=&quot;evenodd&quot;
                id=&quot;Building-Copy&quot;
                stroke=&quot;none&quot;
                stroke-width=&quot;1&quot;
              &gt;
                &lt;path
                  d=&quot;M10,4 L14,4 L14,15 L1,15 L1,1 L10,1 L10,4 Z M3,3 L3,13 L8,13 L8,3 L3,3 Z M4,6 L4,4 L5,4 L5,6 L4,6 Z M6,6 L6,4 L7,4 L7,6 L6,6 Z M9,6 L9,13 L12,13 L12,6 L9,6 Z M4,9 L4,7 L5,7 L5,9 L4,9 Z M6,9 L6,7 L7,7 L7,9 L6,9 Z M10,9 L10,7 L11,7 L11,9 L10,9 Z M4,12 L4,10 L5,10 L5,12 L4,12 Z M6,12 L6,10 L7,10 L7,12 L6,12 Z M10,12 L10,10 L11,10 L11,12 L10,12 Z&quot;
                  fill=&quot;currentColor&quot;
                  id=&quot;&quot;
                /&gt;
              &lt;/g&gt;
            &lt;/svg&gt;
            &lt;span
              class=&quot;leafygreen-ui-gzx99w&quot;
              data-testid=&quot;org-select-active-org&quot;
            &gt;
              Demo Organization
            &lt;/span&gt;
            &lt;svg
              class=&quot;leafygreen-ui-1e46tsl&quot;
              height=&quot;14&quot;
              role=&quot;img&quot;
              title=&quot;Caret Down Icon&quot;
              viewBox=&quot;0 0 16 16&quot;
              width=&quot;14&quot;
            &gt;
              &lt;title&gt;
                CaretDown
              &lt;/title&gt;
              &lt;desc&gt;
                Created with Sketch.
              &lt;/desc&gt;
              &lt;g
                fill=&quot;none&quot;
                fill-rule=&quot;evenodd&quot;
                id=&quot;CaretDown-Copy&quot;
                stroke=&quot;none&quot;
                stroke-width=&quot;1&quot;
              &gt;
                &lt;path
                  d=&quot;M4.67285687,6 L11.3271431,6 C11.9254697,6 12.224633,6.775217 11.8024493,7.22717749 L8.47530616,10.7889853 C8.21248981,11.0703382 7.78751019,11.0703382 7.52748976,10.7889853 L4.19755071,7.22717749 C3.77536701,6.775217 4.07453029,6 4.67285687,6 Z&quot;
                  fill=&quot;currentColor&quot;
                  id=&quot;Path&quot;
                /&gt;
              &lt;/g&gt;
            &lt;/svg&gt;
          &lt;/button&gt;
          &lt;div
            class=&quot;leafygreen-ui-1wt0cgk&quot;
          /&gt;
        &lt;/div&gt;
        &lt;a
          aria-disabled=&quot;false&quot;
          aria-label=&quot;settings&quot;
          class=&quot;leafygreen-ui-16ffnxw&quot;
          data-leafygreen-ui=&quot;anchor-data-prop&quot;
          data-testid=&quot;org-trigger-settings&quot;
          href=&quot;https://cloud.mongodb.com/v2#/org/fakeOrgId1/settings/general&quot;
          tabindex=&quot;0&quot;
        &gt;
          &lt;svg
            class=&quot;&quot;
            height=&quot;16&quot;
            role=&quot;img&quot;
            title=&quot;Settings Icon&quot;
            viewBox=&quot;0 0 16 16&quot;
            width=&quot;16&quot;
          &gt;
            &lt;title&gt;
              Settings
            &lt;/title&gt;
            &lt;desc&gt;
              Created with Sketch.
            &lt;/desc&gt;
            &lt;g
              fill=&quot;none&quot;
              fill-rule=&quot;evenodd&quot;
              id=&quot;Settings-Copy&quot;
              stroke=&quot;none&quot;
              stroke-width...
    at getElementError (/Users/brookeyalof/Development/MongoDB/leafygreen-ui/packages/mongo-nav/node_modules/@testing-library/dom/dist/query-helpers.js:46:10)
    at getMultipleElementsFoundError (/Users/brookeyalof/Development/MongoDB/leafygreen-ui/packages/mongo-nav/node_modules/@testing-library/dom/dist/query-helpers.js:50:10)
    at getByTestId (/Users/brookeyalof/Development/MongoDB/leafygreen-ui/packages/mongo-nav/node_modules/@testing-library/dom/dist/query-helpers.js:86:13)
    at _callee2$ (/Users/brookeyalof/Development/MongoDB/leafygreen-ui/packages/mongo-nav/src/on-element-click-provider/OnElementClick.spec.tsx:54:23)
    at tryCatch (/Users/brookeyalof/Development/MongoDB/leafygreen-ui/node_modules/regenerator-runtime/runtime.js:45:40)
    at Generator.invoke [as _invoke] (/Users/brookeyalof/Development/MongoDB/leafygreen-ui/node_modules/regenerator-runtime/runtime.js:274:22)
    at Generator.prototype.&lt;computed&gt; [as next] (/Users/brookeyalof/Development/MongoDB/leafygreen-ui/node_modules/regenerator-runtime/runtime.js:97:21)
    at asyncGeneratorStep (/Users/brookeyalof/Development/MongoDB/leafygreen-ui/packages/mongo-nav/src/on-element-click-provider/OnElementClick.spec.tsx:17:103)
    at _next (/Users/brookeyalof/Development/MongoDB/leafygreen-ui/packages/mongo-nav/src/on-element-click-provider/OnElementClick.spec.tsx:19:194)
    at /Users/brookeyalof/Development/MongoDB/leafygreen-ui/packages/mongo-nav/src/on-element-click-provider/OnElementClick.spec.tsx:19:364
    at new Promise (&lt;anonymous&gt;)
    at Object.&lt;anonymous&gt; (/Users/brookeyalof/Development/MongoDB/leafygreen-ui/packages/mongo-nav/src/on-element-click-provider/OnElementClick.spec.tsx:19:97)
    at Object.asyncJestTest (/Users/brookeyalof/Development/MongoDB/leafygreen-ui/node_modules/jest-jasmine2/build/jasmineAsyncInstall.js:100:37)
    at /Users/brookeyalof/Development/MongoDB/leafygreen-ui/node_modules/jest-jasmine2/build/queueRunner.js:47:12
    at new Promise (&lt;anonymous&gt;)
    at mapper (/Users/brookeyalof/Development/MongoDB/leafygreen-ui/node_modules/jest-jasmine2/build/queueRunner.js:30:19)
    at /Users/brookeyalof/Development/MongoDB/leafygreen-ui/node_modules/jest-jasmine2/build/queueRunner.js:77:41</failure>
    </testcase>
    <testcase classname="packages/mongo-nav/on-element-click-provider when the UserMenu is open the onElementClick value is successfully passed to the user-menuitem-cloud-user-preferences" name="packages/mongo-nav/on-element-click-provider when the UserMenu is open the onElementClick value is successfully passed to the user-menuitem-cloud-user-preferences" time="0.163">
      <failure>Error: Found multiple elements by: [data-testid=&quot;user-menu-trigger&quot;]

(If this is intentional, then use the `*AllBy*` variant of the query (like `queryAllByText`, `getAllByText`, or `findAllByText`)).

&lt;body&gt;
  &lt;div&gt;
    &lt;section
      class=&quot;leafygreen-ui-ufpynv&quot;
    &gt;
      &lt;nav
        aria-label=&quot;organization navigation&quot;
        class=&quot;leafygreen-ui-8sj84k&quot;
        data-testid=&quot;organization-nav&quot;
      &gt;
        &lt;a
          aria-describedby=&quot;tooltip-4&quot;
          class=&quot;leafygreen-ui-cssveg&quot;
          data-testid=&quot;org-nav-leaf&quot;
          href=&quot;https://cloud.mongodb.com/v2#/org/fakeOrgId1/&quot;
        &gt;
          &lt;svg
            class=&quot;leafygreen-ui-1yq22vy&quot;
            fill=&quot;#21313C&quot;
            viewBox=&quot;0 0 216.56 448.5&quot;
          &gt;
            &lt;title&gt;
              MongoDB LogoMark
            &lt;/title&gt;
            &lt;path
              d=&quot;M202.8,179.68c-23-101.47-71-128.49-83.18-147.59C113,21.7,106.25,5.91,106.25,5.91c-.66,9-1.83,14.7-9.51,21.54C81.36,41.16,16,94.42,10.51,209.72c-5.12,107.5,79,173.8,90.18,180.65,8.54,4.2,19,.08,24-3.77,40.54-27.84,96-102.07,78.06-206.92&quot;
              fill=&quot;#10aa50&quot;
            /&gt;
            &lt;path
              d=&quot;M109.73,333.11c-2.11,26.62-3.63,42.11-9,57.29,0,0,3.54,25.33,6,52.17l8.77,0a488.62,488.62,0,0,1,9.57-56.2C113.71,380.8,110.16,356.46,109.73,333.11Z&quot;
              fill=&quot;#b8c4c2&quot;
            /&gt;
            &lt;path
              d=&quot;M125.06,386.39h0c-11.48-5.3-14.8-30.13-15.31-53.28A1090.8,1090.8,0,0,0,112.2,218.4c-.6-20.07.3-185.92-4.94-210.2,2.12,4.75,7.24,15.91,12.36,23.88,12.23,19.11,60.19,46.13,83.17,147.61C220.7,284.27,165.57,358.37,125.06,386.39Z&quot;
              fill=&quot;#12924f&quot;
            /&gt;
          &lt;/svg&gt;
        &lt;/a&gt;
        &lt;div
          class=&quot;leafygreen-ui-9rcojh&quot;
        &gt;
          &lt;button
            aria-disabled=&quot;false&quot;
            class=&quot;leafygreen-ui-mnwf9p&quot;
            data-leafygreen-ui=&quot;org-trigger&quot;
            data-testid=&quot;org-trigger&quot;
          &gt;
            &lt;svg
              class=&quot;leafygreen-ui-15w0dd1&quot;
              height=&quot;14&quot;
              role=&quot;img&quot;
              title=&quot;Building Icon&quot;
              viewBox=&quot;0 0 16 16&quot;
              width=&quot;14&quot;
            &gt;
              &lt;title&gt;
                Building
              &lt;/title&gt;
              &lt;desc&gt;
                Created with Sketch.
              &lt;/desc&gt;
              &lt;g
                fill=&quot;none&quot;
                fill-rule=&quot;evenodd&quot;
                id=&quot;Building-Copy&quot;
                stroke=&quot;none&quot;
                stroke-width=&quot;1&quot;
              &gt;
                &lt;path
                  d=&quot;M10,4 L14,4 L14,15 L1,15 L1,1 L10,1 L10,4 Z M3,3 L3,13 L8,13 L8,3 L3,3 Z M4,6 L4,4 L5,4 L5,6 L4,6 Z M6,6 L6,4 L7,4 L7,6 L6,6 Z M9,6 L9,13 L12,13 L12,6 L9,6 Z M4,9 L4,7 L5,7 L5,9 L4,9 Z M6,9 L6,7 L7,7 L7,9 L6,9 Z M10,9 L10,7 L11,7 L11,9 L10,9 Z M4,12 L4,10 L5,10 L5,12 L4,12 Z M6,12 L6,10 L7,10 L7,12 L6,12 Z M10,12 L10,10 L11,10 L11,12 L10,12 Z&quot;
                  fill=&quot;currentColor&quot;
                  id=&quot;&quot;
                /&gt;
              &lt;/g&gt;
            &lt;/svg&gt;
            &lt;span
              class=&quot;leafygreen-ui-gzx99w&quot;
              data-testid=&quot;org-select-active-org&quot;
            &gt;
              Demo Organization
            &lt;/span&gt;
            &lt;svg
              class=&quot;leafygreen-ui-1e46tsl&quot;
              height=&quot;14&quot;
              role=&quot;img&quot;
              title=&quot;Caret Down Icon&quot;
              viewBox=&quot;0 0 16 16&quot;
              width=&quot;14&quot;
            &gt;
              &lt;title&gt;
                CaretDown
              &lt;/title&gt;
              &lt;desc&gt;
                Created with Sketch.
              &lt;/desc&gt;
              &lt;g
                fill=&quot;none&quot;
                fill-rule=&quot;evenodd&quot;
                id=&quot;CaretDown-Copy&quot;
                stroke=&quot;none&quot;
                stroke-width=&quot;1&quot;
              &gt;
                &lt;path
                  d=&quot;M4.67285687,6 L11.3271431,6 C11.9254697,6 12.224633,6.775217 11.8024493,7.22717749 L8.47530616,10.7889853 C8.21248981,11.0703382 7.78751019,11.0703382 7.52748976,10.7889853 L4.19755071,7.22717749 C3.77536701,6.775217 4.07453029,6 4.67285687,6 Z&quot;
                  fill=&quot;currentColor&quot;
                  id=&quot;Path&quot;
                /&gt;
              &lt;/g&gt;
            &lt;/svg&gt;
          &lt;/button&gt;
          &lt;div
            class=&quot;leafygreen-ui-1wt0cgk&quot;
          /&gt;
        &lt;/div&gt;
        &lt;a
          aria-disabled=&quot;false&quot;
          aria-label=&quot;settings&quot;
          class=&quot;leafygreen-ui-16ffnxw&quot;
          data-leafygreen-ui=&quot;anchor-data-prop&quot;
          data-testid=&quot;org-trigger-settings&quot;
          href=&quot;https://cloud.mongodb.com/v2#/org/fakeOrgId1/settings/general&quot;
          tabindex=&quot;0&quot;
        &gt;
          &lt;svg
            class=&quot;&quot;
            height=&quot;16&quot;
            role=&quot;img&quot;
            title=&quot;Settings Icon&quot;
            viewBox=&quot;0 0 16 16&quot;
            width=&quot;16&quot;
          &gt;
            &lt;title&gt;
              Settings
            &lt;/title&gt;
            &lt;desc&gt;
              Created with Sketch.
            &lt;/desc&gt;
            &lt;g
              fill=&quot;none&quot;
              fill-rule=&quot;evenodd&quot;
              id=&quot;Settings-Copy&quot;
              stroke=&quot;none&quot;
              stroke-width...
    at getElementError (/Users/brookeyalof/Development/MongoDB/leafygreen-ui/packages/mongo-nav/node_modules/@testing-library/dom/dist/query-helpers.js:46:10)
    at getMultipleElementsFoundError (/Users/brookeyalof/Development/MongoDB/leafygreen-ui/packages/mongo-nav/node_modules/@testing-library/dom/dist/query-helpers.js:50:10)
    at getByTestId (/Users/brookeyalof/Development/MongoDB/leafygreen-ui/packages/mongo-nav/node_modules/@testing-library/dom/dist/query-helpers.js:86:13)
    at _callee2$ (/Users/brookeyalof/Development/MongoDB/leafygreen-ui/packages/mongo-nav/src/on-element-click-provider/OnElementClick.spec.tsx:54:23)
    at tryCatch (/Users/brookeyalof/Development/MongoDB/leafygreen-ui/node_modules/regenerator-runtime/runtime.js:45:40)
    at Generator.invoke [as _invoke] (/Users/brookeyalof/Development/MongoDB/leafygreen-ui/node_modules/regenerator-runtime/runtime.js:274:22)
    at Generator.prototype.&lt;computed&gt; [as next] (/Users/brookeyalof/Development/MongoDB/leafygreen-ui/node_modules/regenerator-runtime/runtime.js:97:21)
    at asyncGeneratorStep (/Users/brookeyalof/Development/MongoDB/leafygreen-ui/packages/mongo-nav/src/on-element-click-provider/OnElementClick.spec.tsx:17:103)
    at _next (/Users/brookeyalof/Development/MongoDB/leafygreen-ui/packages/mongo-nav/src/on-element-click-provider/OnElementClick.spec.tsx:19:194)
    at /Users/brookeyalof/Development/MongoDB/leafygreen-ui/packages/mongo-nav/src/on-element-click-provider/OnElementClick.spec.tsx:19:364
    at new Promise (&lt;anonymous&gt;)
    at Object.&lt;anonymous&gt; (/Users/brookeyalof/Development/MongoDB/leafygreen-ui/packages/mongo-nav/src/on-element-click-provider/OnElementClick.spec.tsx:19:97)
    at Object.asyncJestTest (/Users/brookeyalof/Development/MongoDB/leafygreen-ui/node_modules/jest-jasmine2/build/jasmineAsyncInstall.js:100:37)
    at /Users/brookeyalof/Development/MongoDB/leafygreen-ui/node_modules/jest-jasmine2/build/queueRunner.js:47:12
    at new Promise (&lt;anonymous&gt;)
    at mapper (/Users/brookeyalof/Development/MongoDB/leafygreen-ui/node_modules/jest-jasmine2/build/queueRunner.js:30:19)
    at /Users/brookeyalof/Development/MongoDB/leafygreen-ui/node_modules/jest-jasmine2/build/queueRunner.js:77:41</failure>
    </testcase>
    <testcase classname="packages/mongo-nav/on-element-click-provider when the UserMenu is open the onElementClick value is successfully passed to the user-menuitem-logout" name="packages/mongo-nav/on-element-click-provider when the UserMenu is open the onElementClick value is successfully passed to the user-menuitem-logout" time="0.166">
      <failure>Error: Found multiple elements by: [data-testid=&quot;user-menu-trigger&quot;]

(If this is intentional, then use the `*AllBy*` variant of the query (like `queryAllByText`, `getAllByText`, or `findAllByText`)).

&lt;body&gt;
  &lt;div&gt;
    &lt;section
      class=&quot;leafygreen-ui-ufpynv&quot;
    &gt;
      &lt;nav
        aria-label=&quot;organization navigation&quot;
        class=&quot;leafygreen-ui-8sj84k&quot;
        data-testid=&quot;organization-nav&quot;
      &gt;
        &lt;a
          aria-describedby=&quot;tooltip-4&quot;
          class=&quot;leafygreen-ui-cssveg&quot;
          data-testid=&quot;org-nav-leaf&quot;
          href=&quot;https://cloud.mongodb.com/v2#/org/fakeOrgId1/&quot;
        &gt;
          &lt;svg
            class=&quot;leafygreen-ui-1yq22vy&quot;
            fill=&quot;#21313C&quot;
            viewBox=&quot;0 0 216.56 448.5&quot;
          &gt;
            &lt;title&gt;
              MongoDB LogoMark
            &lt;/title&gt;
            &lt;path
              d=&quot;M202.8,179.68c-23-101.47-71-128.49-83.18-147.59C113,21.7,106.25,5.91,106.25,5.91c-.66,9-1.83,14.7-9.51,21.54C81.36,41.16,16,94.42,10.51,209.72c-5.12,107.5,79,173.8,90.18,180.65,8.54,4.2,19,.08,24-3.77,40.54-27.84,96-102.07,78.06-206.92&quot;
              fill=&quot;#10aa50&quot;
            /&gt;
            &lt;path
              d=&quot;M109.73,333.11c-2.11,26.62-3.63,42.11-9,57.29,0,0,3.54,25.33,6,52.17l8.77,0a488.62,488.62,0,0,1,9.57-56.2C113.71,380.8,110.16,356.46,109.73,333.11Z&quot;
              fill=&quot;#b8c4c2&quot;
            /&gt;
            &lt;path
              d=&quot;M125.06,386.39h0c-11.48-5.3-14.8-30.13-15.31-53.28A1090.8,1090.8,0,0,0,112.2,218.4c-.6-20.07.3-185.92-4.94-210.2,2.12,4.75,7.24,15.91,12.36,23.88,12.23,19.11,60.19,46.13,83.17,147.61C220.7,284.27,165.57,358.37,125.06,386.39Z&quot;
              fill=&quot;#12924f&quot;
            /&gt;
          &lt;/svg&gt;
        &lt;/a&gt;
        &lt;div
          class=&quot;leafygreen-ui-9rcojh&quot;
        &gt;
          &lt;button
            aria-disabled=&quot;false&quot;
            class=&quot;leafygreen-ui-mnwf9p&quot;
            data-leafygreen-ui=&quot;org-trigger&quot;
            data-testid=&quot;org-trigger&quot;
          &gt;
            &lt;svg
              class=&quot;leafygreen-ui-15w0dd1&quot;
              height=&quot;14&quot;
              role=&quot;img&quot;
              title=&quot;Building Icon&quot;
              viewBox=&quot;0 0 16 16&quot;
              width=&quot;14&quot;
            &gt;
              &lt;title&gt;
                Building
              &lt;/title&gt;
              &lt;desc&gt;
                Created with Sketch.
              &lt;/desc&gt;
              &lt;g
                fill=&quot;none&quot;
                fill-rule=&quot;evenodd&quot;
                id=&quot;Building-Copy&quot;
                stroke=&quot;none&quot;
                stroke-width=&quot;1&quot;
              &gt;
                &lt;path
                  d=&quot;M10,4 L14,4 L14,15 L1,15 L1,1 L10,1 L10,4 Z M3,3 L3,13 L8,13 L8,3 L3,3 Z M4,6 L4,4 L5,4 L5,6 L4,6 Z M6,6 L6,4 L7,4 L7,6 L6,6 Z M9,6 L9,13 L12,13 L12,6 L9,6 Z M4,9 L4,7 L5,7 L5,9 L4,9 Z M6,9 L6,7 L7,7 L7,9 L6,9 Z M10,9 L10,7 L11,7 L11,9 L10,9 Z M4,12 L4,10 L5,10 L5,12 L4,12 Z M6,12 L6,10 L7,10 L7,12 L6,12 Z M10,12 L10,10 L11,10 L11,12 L10,12 Z&quot;
                  fill=&quot;currentColor&quot;
                  id=&quot;&quot;
                /&gt;
              &lt;/g&gt;
            &lt;/svg&gt;
            &lt;span
              class=&quot;leafygreen-ui-gzx99w&quot;
              data-testid=&quot;org-select-active-org&quot;
            &gt;
              Demo Organization
            &lt;/span&gt;
            &lt;svg
              class=&quot;leafygreen-ui-1e46tsl&quot;
              height=&quot;14&quot;
              role=&quot;img&quot;
              title=&quot;Caret Down Icon&quot;
              viewBox=&quot;0 0 16 16&quot;
              width=&quot;14&quot;
            &gt;
              &lt;title&gt;
                CaretDown
              &lt;/title&gt;
              &lt;desc&gt;
                Created with Sketch.
              &lt;/desc&gt;
              &lt;g
                fill=&quot;none&quot;
                fill-rule=&quot;evenodd&quot;
                id=&quot;CaretDown-Copy&quot;
                stroke=&quot;none&quot;
                stroke-width=&quot;1&quot;
              &gt;
                &lt;path
                  d=&quot;M4.67285687,6 L11.3271431,6 C11.9254697,6 12.224633,6.775217 11.8024493,7.22717749 L8.47530616,10.7889853 C8.21248981,11.0703382 7.78751019,11.0703382 7.52748976,10.7889853 L4.19755071,7.22717749 C3.77536701,6.775217 4.07453029,6 4.67285687,6 Z&quot;
                  fill=&quot;currentColor&quot;
                  id=&quot;Path&quot;
                /&gt;
              &lt;/g&gt;
            &lt;/svg&gt;
          &lt;/button&gt;
          &lt;div
            class=&quot;leafygreen-ui-1wt0cgk&quot;
          /&gt;
        &lt;/div&gt;
        &lt;a
          aria-disabled=&quot;false&quot;
          aria-label=&quot;settings&quot;
          class=&quot;leafygreen-ui-16ffnxw&quot;
          data-leafygreen-ui=&quot;anchor-data-prop&quot;
          data-testid=&quot;org-trigger-settings&quot;
          href=&quot;https://cloud.mongodb.com/v2#/org/fakeOrgId1/settings/general&quot;
          tabindex=&quot;0&quot;
        &gt;
          &lt;svg
            class=&quot;&quot;
            height=&quot;16&quot;
            role=&quot;img&quot;
            title=&quot;Settings Icon&quot;
            viewBox=&quot;0 0 16 16&quot;
            width=&quot;16&quot;
          &gt;
            &lt;title&gt;
              Settings
            &lt;/title&gt;
            &lt;desc&gt;
              Created with Sketch.
            &lt;/desc&gt;
            &lt;g
              fill=&quot;none&quot;
              fill-rule=&quot;evenodd&quot;
              id=&quot;Settings-Copy&quot;
              stroke=&quot;none&quot;
              stroke-width...
    at getElementError (/Users/brookeyalof/Development/MongoDB/leafygreen-ui/packages/mongo-nav/node_modules/@testing-library/dom/dist/query-helpers.js:46:10)
    at getMultipleElementsFoundError (/Users/brookeyalof/Development/MongoDB/leafygreen-ui/packages/mongo-nav/node_modules/@testing-library/dom/dist/query-helpers.js:50:10)
    at getByTestId (/Users/brookeyalof/Development/MongoDB/leafygreen-ui/packages/mongo-nav/node_modules/@testing-library/dom/dist/query-helpers.js:86:13)
    at _callee2$ (/Users/brookeyalof/Development/MongoDB/leafygreen-ui/packages/mongo-nav/src/on-element-click-provider/OnElementClick.spec.tsx:54:23)
    at tryCatch (/Users/brookeyalof/Development/MongoDB/leafygreen-ui/node_modules/regenerator-runtime/runtime.js:45:40)
    at Generator.invoke [as _invoke] (/Users/brookeyalof/Development/MongoDB/leafygreen-ui/node_modules/regenerator-runtime/runtime.js:274:22)
    at Generator.prototype.&lt;computed&gt; [as next] (/Users/brookeyalof/Development/MongoDB/leafygreen-ui/node_modules/regenerator-runtime/runtime.js:97:21)
    at asyncGeneratorStep (/Users/brookeyalof/Development/MongoDB/leafygreen-ui/packages/mongo-nav/src/on-element-click-provider/OnElementClick.spec.tsx:17:103)
    at _next (/Users/brookeyalof/Development/MongoDB/leafygreen-ui/packages/mongo-nav/src/on-element-click-provider/OnElementClick.spec.tsx:19:194)
    at /Users/brookeyalof/Development/MongoDB/leafygreen-ui/packages/mongo-nav/src/on-element-click-provider/OnElementClick.spec.tsx:19:364
    at new Promise (&lt;anonymous&gt;)
    at Object.&lt;anonymous&gt; (/Users/brookeyalof/Development/MongoDB/leafygreen-ui/packages/mongo-nav/src/on-element-click-provider/OnElementClick.spec.tsx:19:97)
    at Object.asyncJestTest (/Users/brookeyalof/Development/MongoDB/leafygreen-ui/node_modules/jest-jasmine2/build/jasmineAsyncInstall.js:100:37)
    at /Users/brookeyalof/Development/MongoDB/leafygreen-ui/node_modules/jest-jasmine2/build/queueRunner.js:47:12
    at new Promise (&lt;anonymous&gt;)
    at mapper (/Users/brookeyalof/Development/MongoDB/leafygreen-ui/node_modules/jest-jasmine2/build/queueRunner.js:30:19)
    at /Users/brookeyalof/Development/MongoDB/leafygreen-ui/node_modules/jest-jasmine2/build/queueRunner.js:77:41</failure>
    </testcase>
    <testcase classname="NavElement NavElement const only contains unique values" name="NavElement NavElement const only contains unique values" time="0.002">
    </testcase>
  </testsuite>
  <testsuite name="packages/typography" errors="0" failures="10" skipped="0" timestamp="2020-07-29T17:06:33" time="0.62" tests="10">
    <testcase classname="packages/typography Link when the current host is different from the destination URL host and the &quot;arrowAppearance&quot; prop is set to hover" name="packages/typography Link when the current host is different from the destination URL host and the &quot;arrowAppearance&quot; prop is set to hover" time="0.018">
      <failure>TypeError: Cannot read property &apos;getByTitle&apos; of undefined
    at Object.&lt;anonymous&gt; (/Users/brookeyalof/Development/MongoDB/leafygreen-ui/packages/typography/src/Typography.spec.tsx:17:37)
    at Object.asyncJestTest (/Users/brookeyalof/Development/MongoDB/leafygreen-ui/node_modules/jest-jasmine2/build/jasmineAsyncInstall.js:100:37)
    at /Users/brookeyalof/Development/MongoDB/leafygreen-ui/node_modules/jest-jasmine2/build/queueRunner.js:47:12
    at new Promise (&lt;anonymous&gt;)
    at mapper (/Users/brookeyalof/Development/MongoDB/leafygreen-ui/node_modules/jest-jasmine2/build/queueRunner.js:30:19)
    at /Users/brookeyalof/Development/MongoDB/leafygreen-ui/node_modules/jest-jasmine2/build/queueRunner.js:77:41</failure>
    </testcase>
    <testcase classname="packages/typography Link when the current host is different from the destination URL host and the &quot;arrowAppearance&quot; prop is not set" name="packages/typography Link when the current host is different from the destination URL host and the &quot;arrowAppearance&quot; prop is not set" time="0.003">
      <failure>TypeError: Cannot read property &apos;getByTitle&apos; of undefined
    at Object.&lt;anonymous&gt; (/Users/brookeyalof/Development/MongoDB/leafygreen-ui/packages/typography/src/Typography.spec.tsx:27:37)
    at Object.asyncJestTest (/Users/brookeyalof/Development/MongoDB/leafygreen-ui/node_modules/jest-jasmine2/build/jasmineAsyncInstall.js:100:37)
    at /Users/brookeyalof/Development/MongoDB/leafygreen-ui/node_modules/jest-jasmine2/build/queueRunner.js:47:12
    at new Promise (&lt;anonymous&gt;)
    at mapper (/Users/brookeyalof/Development/MongoDB/leafygreen-ui/node_modules/jest-jasmine2/build/queueRunner.js:30:19)
    at /Users/brookeyalof/Development/MongoDB/leafygreen-ui/node_modules/jest-jasmine2/build/queueRunner.js:77:41</failure>
    </testcase>
    <testcase classname="packages/typography Link when the current host is different from the destination URL host and the &quot;hideExternalIcon&quot; prop is set" name="packages/typography Link when the current host is different from the destination URL host and the &quot;hideExternalIcon&quot; prop is set" time="0.002">
      <failure>TypeError: Cannot read property &apos;queryByTitle&apos; of undefined
    at Object.&lt;anonymous&gt; (/Users/brookeyalof/Development/MongoDB/leafygreen-ui/packages/typography/src/Typography.spec.tsx:38:37)
    at Object.asyncJestTest (/Users/brookeyalof/Development/MongoDB/leafygreen-ui/node_modules/jest-jasmine2/build/jasmineAsyncInstall.js:100:37)
    at /Users/brookeyalof/Development/MongoDB/leafygreen-ui/node_modules/jest-jasmine2/build/queueRunner.js:47:12
    at new Promise (&lt;anonymous&gt;)
    at mapper (/Users/brookeyalof/Development/MongoDB/leafygreen-ui/node_modules/jest-jasmine2/build/queueRunner.js:30:19)
    at /Users/brookeyalof/Development/MongoDB/leafygreen-ui/node_modules/jest-jasmine2/build/queueRunner.js:77:41</failure>
    </testcase>
    <testcase classname="packages/typography Link when the current host is the same as the destination URL host by default it renders the correct tag to the DOM" name="packages/typography Link when the current host is the same as the destination URL host by default it renders the correct tag to the DOM" time="0.002">
      <failure>TypeError: Cannot read property &apos;getByText&apos; of undefined
    at Object.&lt;anonymous&gt; (/Users/brookeyalof/Development/MongoDB/leafygreen-ui/packages/typography/src/Typography.spec.tsx:49:33)
    at Object.asyncJestTest (/Users/brookeyalof/Development/MongoDB/leafygreen-ui/node_modules/jest-jasmine2/build/jasmineAsyncInstall.js:100:37)
    at /Users/brookeyalof/Development/MongoDB/leafygreen-ui/node_modules/jest-jasmine2/build/queueRunner.js:47:12
    at new Promise (&lt;anonymous&gt;)
    at mapper (/Users/brookeyalof/Development/MongoDB/leafygreen-ui/node_modules/jest-jasmine2/build/queueRunner.js:30:19)
    at /Users/brookeyalof/Development/MongoDB/leafygreen-ui/node_modules/jest-jasmine2/build/queueRunner.js:77:41</failure>
    </testcase>
    <testcase classname="packages/typography Link when the current host is the same as the destination URL host and the &quot;arrowAppearance&quot; prop is set to &quot;hover&quot;" name="packages/typography Link when the current host is the same as the destination URL host and the &quot;arrowAppearance&quot; prop is set to &quot;hover&quot;" time="0.003">
      <failure>TypeError: Cannot read property &apos;getByText&apos; of undefined
    at Object.&lt;anonymous&gt; (/Users/brookeyalof/Development/MongoDB/leafygreen-ui/packages/typography/src/Typography.spec.tsx:59:31)
    at Object.asyncJestTest (/Users/brookeyalof/Development/MongoDB/leafygreen-ui/node_modules/jest-jasmine2/build/jasmineAsyncInstall.js:100:37)
    at /Users/brookeyalof/Development/MongoDB/leafygreen-ui/node_modules/jest-jasmine2/build/queueRunner.js:47:12
    at new Promise (&lt;anonymous&gt;)
    at mapper (/Users/brookeyalof/Development/MongoDB/leafygreen-ui/node_modules/jest-jasmine2/build/queueRunner.js:30:19)
    at /Users/brookeyalof/Development/MongoDB/leafygreen-ui/node_modules/jest-jasmine2/build/queueRunner.js:77:41</failure>
    </testcase>
    <testcase classname="packages/typography Link when the current host is the same as the destination URL host and the &quot;arrowAppearance&quot; prop is set to &quot;persist&quot;" name="packages/typography Link when the current host is the same as the destination URL host and the &quot;arrowAppearance&quot; prop is set to &quot;persist&quot;" time="0.002">
      <failure>TypeError: Cannot read property &apos;queryByTitle&apos; of undefined
    at Object.&lt;anonymous&gt; (/Users/brookeyalof/Development/MongoDB/leafygreen-ui/packages/typography/src/Typography.spec.tsx:75:37)
    at Object.asyncJestTest (/Users/brookeyalof/Development/MongoDB/leafygreen-ui/node_modules/jest-jasmine2/build/jasmineAsyncInstall.js:100:37)
    at /Users/brookeyalof/Development/MongoDB/leafygreen-ui/node_modules/jest-jasmine2/build/queueRunner.js:47:12
    at new Promise (&lt;anonymous&gt;)
    at mapper (/Users/brookeyalof/Development/MongoDB/leafygreen-ui/node_modules/jest-jasmine2/build/queueRunner.js:30:19)
    at /Users/brookeyalof/Development/MongoDB/leafygreen-ui/node_modules/jest-jasmine2/build/queueRunner.js:77:41</failure>
    </testcase>
    <testcase classname="packages/typography Link when the current host is the same as the destination URL host and the &quot;arrowAppearance&quot; prop is not specified" name="packages/typography Link when the current host is the same as the destination URL host and the &quot;arrowAppearance&quot; prop is not specified" time="0.002">
      <failure>TypeError: Cannot read property &apos;getByText&apos; of undefined
    at Object.&lt;anonymous&gt; (/Users/brookeyalof/Development/MongoDB/leafygreen-ui/packages/typography/src/Typography.spec.tsx:85:31)
    at Object.asyncJestTest (/Users/brookeyalof/Development/MongoDB/leafygreen-ui/node_modules/jest-jasmine2/build/jasmineAsyncInstall.js:100:37)
    at /Users/brookeyalof/Development/MongoDB/leafygreen-ui/node_modules/jest-jasmine2/build/queueRunner.js:47:12
    at new Promise (&lt;anonymous&gt;)
    at mapper (/Users/brookeyalof/Development/MongoDB/leafygreen-ui/node_modules/jest-jasmine2/build/queueRunner.js:30:19)
    at /Users/brookeyalof/Development/MongoDB/leafygreen-ui/node_modules/jest-jasmine2/build/queueRunner.js:77:41</failure>
    </testcase>
    <testcase classname="packages/typography Link when the current host is the same as the destination URL host and the &quot;target&quot; prop is set to &quot;_blank&quot;" name="packages/typography Link when the current host is the same as the destination URL host and the &quot;target&quot; prop is set to &quot;_blank&quot;" time="0.002">
      <failure>TypeError: Cannot read property &apos;getByTitle&apos; of undefined
    at Object.&lt;anonymous&gt; (/Users/brookeyalof/Development/MongoDB/leafygreen-ui/packages/typography/src/Typography.spec.tsx:99:37)
    at Object.asyncJestTest (/Users/brookeyalof/Development/MongoDB/leafygreen-ui/node_modules/jest-jasmine2/build/jasmineAsyncInstall.js:100:37)
    at /Users/brookeyalof/Development/MongoDB/leafygreen-ui/node_modules/jest-jasmine2/build/queueRunner.js:47:12
    at new Promise (&lt;anonymous&gt;)
    at mapper (/Users/brookeyalof/Development/MongoDB/leafygreen-ui/node_modules/jest-jasmine2/build/queueRunner.js:30:19)
    at /Users/brookeyalof/Development/MongoDB/leafygreen-ui/node_modules/jest-jasmine2/build/queueRunner.js:77:41</failure>
    </testcase>
    <testcase classname="packages/typography when no &quot;href&quot; prop is passed and the &quot;as&quot; prop is not supplied it renders the Link inside of &quot;span&quot; tags" name="packages/typography when no &quot;href&quot; prop is passed and the &quot;as&quot; prop is not supplied it renders the Link inside of &quot;span&quot; tags" time="0.002">
      <failure>TypeError: Cannot read property &apos;getByText&apos; of undefined
    at Object.&lt;anonymous&gt; (/Users/brookeyalof/Development/MongoDB/leafygreen-ui/packages/typography/src/Typography.spec.tsx:108:27)
    at Object.asyncJestTest (/Users/brookeyalof/Development/MongoDB/leafygreen-ui/node_modules/jest-jasmine2/build/jasmineAsyncInstall.js:100:37)
    at /Users/brookeyalof/Development/MongoDB/leafygreen-ui/node_modules/jest-jasmine2/build/queueRunner.js:47:12
    at new Promise (&lt;anonymous&gt;)
    at mapper (/Users/brookeyalof/Development/MongoDB/leafygreen-ui/node_modules/jest-jasmine2/build/queueRunner.js:30:19)
    at /Users/brookeyalof/Development/MongoDB/leafygreen-ui/node_modules/jest-jasmine2/build/queueRunner.js:77:41</failure>
    </testcase>
    <testcase classname="packages/typography when the &quot;as&quot; prop is supplied it renders the correct tag to the DOM" name="packages/typography when the &quot;as&quot; prop is supplied it renders the correct tag to the DOM" time="0.002">
      <failure>TypeError: Cannot read property &apos;getByText&apos; of undefined
    at Object.&lt;anonymous&gt; (/Users/brookeyalof/Development/MongoDB/leafygreen-ui/packages/typography/src/Typography.spec.tsx:119:26)
    at Object.asyncJestTest (/Users/brookeyalof/Development/MongoDB/leafygreen-ui/node_modules/jest-jasmine2/build/jasmineAsyncInstall.js:100:37)
    at /Users/brookeyalof/Development/MongoDB/leafygreen-ui/node_modules/jest-jasmine2/build/queueRunner.js:47:12
    at new Promise (&lt;anonymous&gt;)
    at mapper (/Users/brookeyalof/Development/MongoDB/leafygreen-ui/node_modules/jest-jasmine2/build/queueRunner.js:30:19)
    at /Users/brookeyalof/Development/MongoDB/leafygreen-ui/node_modules/jest-jasmine2/build/queueRunner.js:77:41</failure>
    </testcase>
  </testsuite>
  <testsuite name="packages/leafygreen-provider/UsingKeyboardProvider" errors="0" failures="11" skipped="0" timestamp="2020-07-29T17:06:33" time="0.522" tests="12">
    <testcase classname="packages/leafygreen-provider/UsingKeyboardProvider only renders children in the DOM" name="packages/leafygreen-provider/UsingKeyboardProvider only renders children in the DOM" time="0.019">
    </testcase>
    <testcase classname="packages/leafygreen-provider/UsingKeyboardProvider usingKeyboard is initialized as false" name="packages/leafygreen-provider/UsingKeyboardProvider usingKeyboard is initialized as false" time="0.005">
      <failure>Error: Found multiple elements by: [data-testid=&quot;using-keyboard-provider&quot;]

(If this is intentional, then use the `*AllBy*` variant of the query (like `queryAllByText`, `getAllByText`, or `findAllByText`)).

&lt;body&gt;
  &lt;div&gt;
    &lt;div
      data-testid=&quot;using-keyboard-provider&quot;
    &gt;
      false
    &lt;/div&gt;
    &lt;button
      data-testid=&quot;test-button&quot;
    /&gt;
  &lt;/div&gt;
  &lt;div&gt;
    &lt;div
      data-testid=&quot;using-keyboard-provider&quot;
    &gt;
      false
    &lt;/div&gt;
    &lt;button
      data-testid=&quot;test-button&quot;
    /&gt;
  &lt;/div&gt;
&lt;/body&gt;
    at getElementError (/Users/brookeyalof/Development/MongoDB/leafygreen-ui/packages/leafygreen-provider/node_modules/@testing-library/dom/dist/query-helpers.js:46:10)
    at getMultipleElementsFoundError (/Users/brookeyalof/Development/MongoDB/leafygreen-ui/packages/leafygreen-provider/node_modules/@testing-library/dom/dist/query-helpers.js:50:10)
    at getByTestId (/Users/brookeyalof/Development/MongoDB/leafygreen-ui/packages/leafygreen-provider/node_modules/@testing-library/dom/dist/query-helpers.js:86:13)
    at renderProvider (/Users/brookeyalof/Development/MongoDB/leafygreen-ui/packages/leafygreen-provider/src/UsingKeyboardContext.spec.tsx:36:27)
    at Object.&lt;anonymous&gt; (/Users/brookeyalof/Development/MongoDB/leafygreen-ui/packages/leafygreen-provider/src/UsingKeyboardContext.spec.tsx:47:27)
    at Object.asyncJestTest (/Users/brookeyalof/Development/MongoDB/leafygreen-ui/node_modules/jest-jasmine2/build/jasmineAsyncInstall.js:100:37)
    at /Users/brookeyalof/Development/MongoDB/leafygreen-ui/node_modules/jest-jasmine2/build/queueRunner.js:47:12
    at new Promise (&lt;anonymous&gt;)
    at mapper (/Users/brookeyalof/Development/MongoDB/leafygreen-ui/node_modules/jest-jasmine2/build/queueRunner.js:30:19)
    at /Users/brookeyalof/Development/MongoDB/leafygreen-ui/node_modules/jest-jasmine2/build/queueRunner.js:77:41</failure>
    </testcase>
    <testcase classname="packages/leafygreen-provider/UsingKeyboardProvider usingKeyboard is true after keydown event with keyCode: &quot;9&quot; fires" name="packages/leafygreen-provider/UsingKeyboardProvider usingKeyboard is true after keydown event with keyCode: &quot;9&quot; fires" time="0.002">
      <failure>Error: Found multiple elements by: [data-testid=&quot;using-keyboard-provider&quot;]

(If this is intentional, then use the `*AllBy*` variant of the query (like `queryAllByText`, `getAllByText`, or `findAllByText`)).

&lt;body&gt;
  &lt;div&gt;
    &lt;div
      data-testid=&quot;using-keyboard-provider&quot;
    &gt;
      false
    &lt;/div&gt;
    &lt;button
      data-testid=&quot;test-button&quot;
    /&gt;
  &lt;/div&gt;
  &lt;div&gt;
    &lt;div
      data-testid=&quot;using-keyboard-provider&quot;
    &gt;
      false
    &lt;/div&gt;
    &lt;button
      data-testid=&quot;test-button&quot;
    /&gt;
  &lt;/div&gt;
  &lt;div&gt;
    &lt;div
      data-testid=&quot;using-keyboard-provider&quot;
    &gt;
      false
    &lt;/div&gt;
    &lt;button
      data-testid=&quot;test-button&quot;
    /&gt;
  &lt;/div&gt;
&lt;/body&gt;
    at getElementError (/Users/brookeyalof/Development/MongoDB/leafygreen-ui/packages/leafygreen-provider/node_modules/@testing-library/dom/dist/query-helpers.js:46:10)
    at getMultipleElementsFoundError (/Users/brookeyalof/Development/MongoDB/leafygreen-ui/packages/leafygreen-provider/node_modules/@testing-library/dom/dist/query-helpers.js:50:10)
    at getByTestId (/Users/brookeyalof/Development/MongoDB/leafygreen-ui/packages/leafygreen-provider/node_modules/@testing-library/dom/dist/query-helpers.js:86:13)
    at renderProvider (/Users/brookeyalof/Development/MongoDB/leafygreen-ui/packages/leafygreen-provider/src/UsingKeyboardContext.spec.tsx:36:27)
    at Object.&lt;anonymous&gt; (/Users/brookeyalof/Development/MongoDB/leafygreen-ui/packages/leafygreen-provider/src/UsingKeyboardContext.spec.tsx:53:29)
    at Object.asyncJestTest (/Users/brookeyalof/Development/MongoDB/leafygreen-ui/node_modules/jest-jasmine2/build/jasmineAsyncInstall.js:100:37)
    at /Users/brookeyalof/Development/MongoDB/leafygreen-ui/node_modules/jest-jasmine2/build/queueRunner.js:47:12
    at new Promise (&lt;anonymous&gt;)
    at mapper (/Users/brookeyalof/Development/MongoDB/leafygreen-ui/node_modules/jest-jasmine2/build/queueRunner.js:30:19)
    at /Users/brookeyalof/Development/MongoDB/leafygreen-ui/node_modules/jest-jasmine2/build/queueRunner.js:77:41</failure>
    </testcase>
    <testcase classname="packages/leafygreen-provider/UsingKeyboardProvider usingKeyboard is true after keydown event with keyCode: &quot;37&quot; fires" name="packages/leafygreen-provider/UsingKeyboardProvider usingKeyboard is true after keydown event with keyCode: &quot;37&quot; fires" time="0.002">
      <failure>Error: Found multiple elements by: [data-testid=&quot;using-keyboard-provider&quot;]

(If this is intentional, then use the `*AllBy*` variant of the query (like `queryAllByText`, `getAllByText`, or `findAllByText`)).

&lt;body&gt;
  &lt;div&gt;
    &lt;div
      data-testid=&quot;using-keyboard-provider&quot;
    &gt;
      false
    &lt;/div&gt;
    &lt;button
      data-testid=&quot;test-button&quot;
    /&gt;
  &lt;/div&gt;
  &lt;div&gt;
    &lt;div
      data-testid=&quot;using-keyboard-provider&quot;
    &gt;
      false
    &lt;/div&gt;
    &lt;button
      data-testid=&quot;test-button&quot;
    /&gt;
  &lt;/div&gt;
  &lt;div&gt;
    &lt;div
      data-testid=&quot;using-keyboard-provider&quot;
    &gt;
      false
    &lt;/div&gt;
    &lt;button
      data-testid=&quot;test-button&quot;
    /&gt;
  &lt;/div&gt;
  &lt;div&gt;
    &lt;div
      data-testid=&quot;using-keyboard-provider&quot;
    &gt;
      false
    &lt;/div&gt;
    &lt;button
      data-testid=&quot;test-button&quot;
    /&gt;
  &lt;/div&gt;
&lt;/body&gt;
    at getElementError (/Users/brookeyalof/Development/MongoDB/leafygreen-ui/packages/leafygreen-provider/node_modules/@testing-library/dom/dist/query-helpers.js:46:10)
    at getMultipleElementsFoundError (/Users/brookeyalof/Development/MongoDB/leafygreen-ui/packages/leafygreen-provider/node_modules/@testing-library/dom/dist/query-helpers.js:50:10)
    at getByTestId (/Users/brookeyalof/Development/MongoDB/leafygreen-ui/packages/leafygreen-provider/node_modules/@testing-library/dom/dist/query-helpers.js:86:13)
    at renderProvider (/Users/brookeyalof/Development/MongoDB/leafygreen-ui/packages/leafygreen-provider/src/UsingKeyboardContext.spec.tsx:36:27)
    at Object.&lt;anonymous&gt; (/Users/brookeyalof/Development/MongoDB/leafygreen-ui/packages/leafygreen-provider/src/UsingKeyboardContext.spec.tsx:53:29)
    at Object.asyncJestTest (/Users/brookeyalof/Development/MongoDB/leafygreen-ui/node_modules/jest-jasmine2/build/jasmineAsyncInstall.js:100:37)
    at /Users/brookeyalof/Development/MongoDB/leafygreen-ui/node_modules/jest-jasmine2/build/queueRunner.js:47:12
    at new Promise (&lt;anonymous&gt;)
    at mapper (/Users/brookeyalof/Development/MongoDB/leafygreen-ui/node_modules/jest-jasmine2/build/queueRunner.js:30:19)
    at /Users/brookeyalof/Development/MongoDB/leafygreen-ui/node_modules/jest-jasmine2/build/queueRunner.js:77:41</failure>
    </testcase>
    <testcase classname="packages/leafygreen-provider/UsingKeyboardProvider usingKeyboard is true after keydown event with keyCode: &quot;38&quot; fires" name="packages/leafygreen-provider/UsingKeyboardProvider usingKeyboard is true after keydown event with keyCode: &quot;38&quot; fires" time="0.006">
      <failure>Error: Found multiple elements by: [data-testid=&quot;using-keyboard-provider&quot;]

(If this is intentional, then use the `*AllBy*` variant of the query (like `queryAllByText`, `getAllByText`, or `findAllByText`)).

&lt;body&gt;
  &lt;div&gt;
    &lt;div
      data-testid=&quot;using-keyboard-provider&quot;
    &gt;
      false
    &lt;/div&gt;
    &lt;button
      data-testid=&quot;test-button&quot;
    /&gt;
  &lt;/div&gt;
  &lt;div&gt;
    &lt;div
      data-testid=&quot;using-keyboard-provider&quot;
    &gt;
      false
    &lt;/div&gt;
    &lt;button
      data-testid=&quot;test-button&quot;
    /&gt;
  &lt;/div&gt;
  &lt;div&gt;
    &lt;div
      data-testid=&quot;using-keyboard-provider&quot;
    &gt;
      false
    &lt;/div&gt;
    &lt;button
      data-testid=&quot;test-button&quot;
    /&gt;
  &lt;/div&gt;
  &lt;div&gt;
    &lt;div
      data-testid=&quot;using-keyboard-provider&quot;
    &gt;
      false
    &lt;/div&gt;
    &lt;button
      data-testid=&quot;test-button&quot;
    /&gt;
  &lt;/div&gt;
  &lt;div&gt;
    &lt;div
      data-testid=&quot;using-keyboard-provider&quot;
    &gt;
      false
    &lt;/div&gt;
    &lt;button
      data-testid=&quot;test-button&quot;
    /&gt;
  &lt;/div&gt;
&lt;/body&gt;
    at getElementError (/Users/brookeyalof/Development/MongoDB/leafygreen-ui/packages/leafygreen-provider/node_modules/@testing-library/dom/dist/query-helpers.js:46:10)
    at getMultipleElementsFoundError (/Users/brookeyalof/Development/MongoDB/leafygreen-ui/packages/leafygreen-provider/node_modules/@testing-library/dom/dist/query-helpers.js:50:10)
    at getByTestId (/Users/brookeyalof/Development/MongoDB/leafygreen-ui/packages/leafygreen-provider/node_modules/@testing-library/dom/dist/query-helpers.js:86:13)
    at renderProvider (/Users/brookeyalof/Development/MongoDB/leafygreen-ui/packages/leafygreen-provider/src/UsingKeyboardContext.spec.tsx:36:27)
    at Object.&lt;anonymous&gt; (/Users/brookeyalof/Development/MongoDB/leafygreen-ui/packages/leafygreen-provider/src/UsingKeyboardContext.spec.tsx:53:29)
    at Object.asyncJestTest (/Users/brookeyalof/Development/MongoDB/leafygreen-ui/node_modules/jest-jasmine2/build/jasmineAsyncInstall.js:100:37)
    at /Users/brookeyalof/Development/MongoDB/leafygreen-ui/node_modules/jest-jasmine2/build/queueRunner.js:47:12
    at new Promise (&lt;anonymous&gt;)
    at mapper (/Users/brookeyalof/Development/MongoDB/leafygreen-ui/node_modules/jest-jasmine2/build/queueRunner.js:30:19)
    at /Users/brookeyalof/Development/MongoDB/leafygreen-ui/node_modules/jest-jasmine2/build/queueRunner.js:77:41</failure>
    </testcase>
    <testcase classname="packages/leafygreen-provider/UsingKeyboardProvider usingKeyboard is true after keydown event with keyCode: &quot;39&quot; fires" name="packages/leafygreen-provider/UsingKeyboardProvider usingKeyboard is true after keydown event with keyCode: &quot;39&quot; fires" time="0.002">
      <failure>Error: Found multiple elements by: [data-testid=&quot;using-keyboard-provider&quot;]

(If this is intentional, then use the `*AllBy*` variant of the query (like `queryAllByText`, `getAllByText`, or `findAllByText`)).

&lt;body&gt;
  &lt;div&gt;
    &lt;div
      data-testid=&quot;using-keyboard-provider&quot;
    &gt;
      false
    &lt;/div&gt;
    &lt;button
      data-testid=&quot;test-button&quot;
    /&gt;
  &lt;/div&gt;
  &lt;div&gt;
    &lt;div
      data-testid=&quot;using-keyboard-provider&quot;
    &gt;
      false
    &lt;/div&gt;
    &lt;button
      data-testid=&quot;test-button&quot;
    /&gt;
  &lt;/div&gt;
  &lt;div&gt;
    &lt;div
      data-testid=&quot;using-keyboard-provider&quot;
    &gt;
      false
    &lt;/div&gt;
    &lt;button
      data-testid=&quot;test-button&quot;
    /&gt;
  &lt;/div&gt;
  &lt;div&gt;
    &lt;div
      data-testid=&quot;using-keyboard-provider&quot;
    &gt;
      false
    &lt;/div&gt;
    &lt;button
      data-testid=&quot;test-button&quot;
    /&gt;
  &lt;/div&gt;
  &lt;div&gt;
    &lt;div
      data-testid=&quot;using-keyboard-provider&quot;
    &gt;
      false
    &lt;/div&gt;
    &lt;button
      data-testid=&quot;test-button&quot;
    /&gt;
  &lt;/div&gt;
  &lt;div&gt;
    &lt;div
      data-testid=&quot;using-keyboard-provider&quot;
    &gt;
      false
    &lt;/div&gt;
    &lt;button
      data-testid=&quot;test-button&quot;
    /&gt;
  &lt;/div&gt;
&lt;/body&gt;
    at getElementError (/Users/brookeyalof/Development/MongoDB/leafygreen-ui/packages/leafygreen-provider/node_modules/@testing-library/dom/dist/query-helpers.js:46:10)
    at getMultipleElementsFoundError (/Users/brookeyalof/Development/MongoDB/leafygreen-ui/packages/leafygreen-provider/node_modules/@testing-library/dom/dist/query-helpers.js:50:10)
    at getByTestId (/Users/brookeyalof/Development/MongoDB/leafygreen-ui/packages/leafygreen-provider/node_modules/@testing-library/dom/dist/query-helpers.js:86:13)
    at renderProvider (/Users/brookeyalof/Development/MongoDB/leafygreen-ui/packages/leafygreen-provider/src/UsingKeyboardContext.spec.tsx:36:27)
    at Object.&lt;anonymous&gt; (/Users/brookeyalof/Development/MongoDB/leafygreen-ui/packages/leafygreen-provider/src/UsingKeyboardContext.spec.tsx:53:29)
    at Object.asyncJestTest (/Users/brookeyalof/Development/MongoDB/leafygreen-ui/node_modules/jest-jasmine2/build/jasmineAsyncInstall.js:100:37)
    at /Users/brookeyalof/Development/MongoDB/leafygreen-ui/node_modules/jest-jasmine2/build/queueRunner.js:47:12
    at new Promise (&lt;anonymous&gt;)
    at mapper (/Users/brookeyalof/Development/MongoDB/leafygreen-ui/node_modules/jest-jasmine2/build/queueRunner.js:30:19)
    at /Users/brookeyalof/Development/MongoDB/leafygreen-ui/node_modules/jest-jasmine2/build/queueRunner.js:77:41</failure>
    </testcase>
    <testcase classname="packages/leafygreen-provider/UsingKeyboardProvider usingKeyboard is true after keydown event with keyCode: &quot;40&quot; fires" name="packages/leafygreen-provider/UsingKeyboardProvider usingKeyboard is true after keydown event with keyCode: &quot;40&quot; fires" time="0.002">
      <failure>Error: Found multiple elements by: [data-testid=&quot;using-keyboard-provider&quot;]

(If this is intentional, then use the `*AllBy*` variant of the query (like `queryAllByText`, `getAllByText`, or `findAllByText`)).

&lt;body&gt;
  &lt;div&gt;
    &lt;div
      data-testid=&quot;using-keyboard-provider&quot;
    &gt;
      false
    &lt;/div&gt;
    &lt;button
      data-testid=&quot;test-button&quot;
    /&gt;
  &lt;/div&gt;
  &lt;div&gt;
    &lt;div
      data-testid=&quot;using-keyboard-provider&quot;
    &gt;
      false
    &lt;/div&gt;
    &lt;button
      data-testid=&quot;test-button&quot;
    /&gt;
  &lt;/div&gt;
  &lt;div&gt;
    &lt;div
      data-testid=&quot;using-keyboard-provider&quot;
    &gt;
      false
    &lt;/div&gt;
    &lt;button
      data-testid=&quot;test-button&quot;
    /&gt;
  &lt;/div&gt;
  &lt;div&gt;
    &lt;div
      data-testid=&quot;using-keyboard-provider&quot;
    &gt;
      false
    &lt;/div&gt;
    &lt;button
      data-testid=&quot;test-button&quot;
    /&gt;
  &lt;/div&gt;
  &lt;div&gt;
    &lt;div
      data-testid=&quot;using-keyboard-provider&quot;
    &gt;
      false
    &lt;/div&gt;
    &lt;button
      data-testid=&quot;test-button&quot;
    /&gt;
  &lt;/div&gt;
  &lt;div&gt;
    &lt;div
      data-testid=&quot;using-keyboard-provider&quot;
    &gt;
      false
    &lt;/div&gt;
    &lt;button
      data-testid=&quot;test-button&quot;
    /&gt;
  &lt;/div&gt;
  &lt;div&gt;
    &lt;div
      data-testid=&quot;using-keyboard-provider&quot;
    &gt;
      false
    &lt;/div&gt;
    &lt;button
      data-testid=&quot;test-button&quot;
    /&gt;
  &lt;/div&gt;
&lt;/body&gt;
    at getElementError (/Users/brookeyalof/Development/MongoDB/leafygreen-ui/packages/leafygreen-provider/node_modules/@testing-library/dom/dist/query-helpers.js:46:10)
    at getMultipleElementsFoundError (/Users/brookeyalof/Development/MongoDB/leafygreen-ui/packages/leafygreen-provider/node_modules/@testing-library/dom/dist/query-helpers.js:50:10)
    at getByTestId (/Users/brookeyalof/Development/MongoDB/leafygreen-ui/packages/leafygreen-provider/node_modules/@testing-library/dom/dist/query-helpers.js:86:13)
    at renderProvider (/Users/brookeyalof/Development/MongoDB/leafygreen-ui/packages/leafygreen-provider/src/UsingKeyboardContext.spec.tsx:36:27)
    at Object.&lt;anonymous&gt; (/Users/brookeyalof/Development/MongoDB/leafygreen-ui/packages/leafygreen-provider/src/UsingKeyboardContext.spec.tsx:53:29)
    at Object.asyncJestTest (/Users/brookeyalof/Development/MongoDB/leafygreen-ui/node_modules/jest-jasmine2/build/jasmineAsyncInstall.js:100:37)
    at /Users/brookeyalof/Development/MongoDB/leafygreen-ui/node_modules/jest-jasmine2/build/queueRunner.js:47:12
    at new Promise (&lt;anonymous&gt;)
    at mapper (/Users/brookeyalof/Development/MongoDB/leafygreen-ui/node_modules/jest-jasmine2/build/queueRunner.js:30:19)
    at /Users/brookeyalof/Development/MongoDB/leafygreen-ui/node_modules/jest-jasmine2/build/queueRunner.js:77:41</failure>
    </testcase>
    <testcase classname="packages/leafygreen-provider/UsingKeyboardProvider usingKeyboard is false after mousedown event fires" name="packages/leafygreen-provider/UsingKeyboardProvider usingKeyboard is false after mousedown event fires" time="0.003">
      <failure>Error: Found multiple elements by: [data-testid=&quot;using-keyboard-provider&quot;]

(If this is intentional, then use the `*AllBy*` variant of the query (like `queryAllByText`, `getAllByText`, or `findAllByText`)).

&lt;body&gt;
  &lt;div&gt;
    &lt;div
      data-testid=&quot;using-keyboard-provider&quot;
    &gt;
      false
    &lt;/div&gt;
    &lt;button
      data-testid=&quot;test-button&quot;
    /&gt;
  &lt;/div&gt;
  &lt;div&gt;
    &lt;div
      data-testid=&quot;using-keyboard-provider&quot;
    &gt;
      false
    &lt;/div&gt;
    &lt;button
      data-testid=&quot;test-button&quot;
    /&gt;
  &lt;/div&gt;
  &lt;div&gt;
    &lt;div
      data-testid=&quot;using-keyboard-provider&quot;
    &gt;
      false
    &lt;/div&gt;
    &lt;button
      data-testid=&quot;test-button&quot;
    /&gt;
  &lt;/div&gt;
  &lt;div&gt;
    &lt;div
      data-testid=&quot;using-keyboard-provider&quot;
    &gt;
      false
    &lt;/div&gt;
    &lt;button
      data-testid=&quot;test-button&quot;
    /&gt;
  &lt;/div&gt;
  &lt;div&gt;
    &lt;div
      data-testid=&quot;using-keyboard-provider&quot;
    &gt;
      false
    &lt;/div&gt;
    &lt;button
      data-testid=&quot;test-button&quot;
    /&gt;
  &lt;/div&gt;
  &lt;div&gt;
    &lt;div
      data-testid=&quot;using-keyboard-provider&quot;
    &gt;
      false
    &lt;/div&gt;
    &lt;button
      data-testid=&quot;test-button&quot;
    /&gt;
  &lt;/div&gt;
  &lt;div&gt;
    &lt;div
      data-testid=&quot;using-keyboard-provider&quot;
    &gt;
      false
    &lt;/div&gt;
    &lt;button
      data-testid=&quot;test-button&quot;
    /&gt;
  &lt;/div&gt;
  &lt;div&gt;
    &lt;div
      data-testid=&quot;using-keyboard-provider&quot;
    &gt;
      false
    &lt;/div&gt;
    &lt;button
      data-testid=&quot;test-button&quot;
    /&gt;
  &lt;/div&gt;
&lt;/body&gt;
    at getElementError (/Users/brookeyalof/Development/MongoDB/leafygreen-ui/packages/leafygreen-provider/node_modules/@testing-library/dom/dist/query-helpers.js:46:10)
    at getMultipleElementsFoundError (/Users/brookeyalof/Development/MongoDB/leafygreen-ui/packages/leafygreen-provider/node_modules/@testing-library/dom/dist/query-helpers.js:50:10)
    at getByTestId (/Users/brookeyalof/Development/MongoDB/leafygreen-ui/packages/leafygreen-provider/node_modules/@testing-library/dom/dist/query-helpers.js:86:13)
    at renderProvider (/Users/brookeyalof/Development/MongoDB/leafygreen-ui/packages/leafygreen-provider/src/UsingKeyboardContext.spec.tsx:36:27)
    at Object.&lt;anonymous&gt; (/Users/brookeyalof/Development/MongoDB/leafygreen-ui/packages/leafygreen-provider/src/UsingKeyboardContext.spec.tsx:64:27)
    at Object.asyncJestTest (/Users/brookeyalof/Development/MongoDB/leafygreen-ui/node_modules/jest-jasmine2/build/jasmineAsyncInstall.js:100:37)
    at /Users/brookeyalof/Development/MongoDB/leafygreen-ui/node_modules/jest-jasmine2/build/queueRunner.js:47:12
    at new Promise (&lt;anonymous&gt;)
    at mapper (/Users/brookeyalof/Development/MongoDB/leafygreen-ui/node_modules/jest-jasmine2/build/queueRunner.js:30:19)
    at /Users/brookeyalof/Development/MongoDB/leafygreen-ui/node_modules/jest-jasmine2/build/queueRunner.js:77:41</failure>
    </testcase>
    <testcase classname="packages/leafygreen-provider/UsingKeyboardProvider when passed true, setUsingKeyboard sets usingKeyboard to true" name="packages/leafygreen-provider/UsingKeyboardProvider when passed true, setUsingKeyboard sets usingKeyboard to true" time="0.002">
      <failure>Error: Found multiple elements by: [data-testid=&quot;using-keyboard-provider&quot;]

(If this is intentional, then use the `*AllBy*` variant of the query (like `queryAllByText`, `getAllByText`, or `findAllByText`)).

&lt;body&gt;
  &lt;div&gt;
    &lt;div
      data-testid=&quot;using-keyboard-provider&quot;
    &gt;
      false
    &lt;/div&gt;
    &lt;button
      data-testid=&quot;test-button&quot;
    /&gt;
  &lt;/div&gt;
  &lt;div&gt;
    &lt;div
      data-testid=&quot;using-keyboard-provider&quot;
    &gt;
      false
    &lt;/div&gt;
    &lt;button
      data-testid=&quot;test-button&quot;
    /&gt;
  &lt;/div&gt;
  &lt;div&gt;
    &lt;div
      data-testid=&quot;using-keyboard-provider&quot;
    &gt;
      false
    &lt;/div&gt;
    &lt;button
      data-testid=&quot;test-button&quot;
    /&gt;
  &lt;/div&gt;
  &lt;div&gt;
    &lt;div
      data-testid=&quot;using-keyboard-provider&quot;
    &gt;
      false
    &lt;/div&gt;
    &lt;button
      data-testid=&quot;test-button&quot;
    /&gt;
  &lt;/div&gt;
  &lt;div&gt;
    &lt;div
      data-testid=&quot;using-keyboard-provider&quot;
    &gt;
      false
    &lt;/div&gt;
    &lt;button
      data-testid=&quot;test-button&quot;
    /&gt;
  &lt;/div&gt;
  &lt;div&gt;
    &lt;div
      data-testid=&quot;using-keyboard-provider&quot;
    &gt;
      false
    &lt;/div&gt;
    &lt;button
      data-testid=&quot;test-button&quot;
    /&gt;
  &lt;/div&gt;
  &lt;div&gt;
    &lt;div
      data-testid=&quot;using-keyboard-provider&quot;
    &gt;
      false
    &lt;/div&gt;
    &lt;button
      data-testid=&quot;test-button&quot;
    /&gt;
  &lt;/div&gt;
  &lt;div&gt;
    &lt;div
      data-testid=&quot;using-keyboard-provider&quot;
    &gt;
      false
    &lt;/div&gt;
    &lt;button
      data-testid=&quot;test-button&quot;
    /&gt;
  &lt;/div&gt;
  &lt;div&gt;
    &lt;div
      data-testid=&quot;using-keyboard-provider&quot;
    &gt;
      false
    &lt;/div&gt;
    &lt;button
      data-testid=&quot;test-button&quot;
    /&gt;
  &lt;/div&gt;
&lt;/body&gt;
    at getElementError (/Users/brookeyalof/Development/MongoDB/leafygreen-ui/packages/leafygreen-provider/node_modules/@testing-library/dom/dist/query-helpers.js:46:10)
    at getMultipleElementsFoundError (/Users/brookeyalof/Development/MongoDB/leafygreen-ui/packages/leafygreen-provider/node_modules/@testing-library/dom/dist/query-helpers.js:50:10)
    at getByTestId (/Users/brookeyalof/Development/MongoDB/leafygreen-ui/packages/leafygreen-provider/node_modules/@testing-library/dom/dist/query-helpers.js:86:13)
    at renderProvider (/Users/brookeyalof/Development/MongoDB/leafygreen-ui/packages/leafygreen-provider/src/UsingKeyboardContext.spec.tsx:36:27)
    at Object.&lt;anonymous&gt; (/Users/brookeyalof/Development/MongoDB/leafygreen-ui/packages/leafygreen-provider/src/UsingKeyboardContext.spec.tsx:74:40)
    at Object.asyncJestTest (/Users/brookeyalof/Development/MongoDB/leafygreen-ui/node_modules/jest-jasmine2/build/jasmineAsyncInstall.js:100:37)
    at /Users/brookeyalof/Development/MongoDB/leafygreen-ui/node_modules/jest-jasmine2/build/queueRunner.js:47:12
    at new Promise (&lt;anonymous&gt;)
    at mapper (/Users/brookeyalof/Development/MongoDB/leafygreen-ui/node_modules/jest-jasmine2/build/queueRunner.js:30:19)
    at /Users/brookeyalof/Development/MongoDB/leafygreen-ui/node_modules/jest-jasmine2/build/queueRunner.js:77:41</failure>
    </testcase>
    <testcase classname="useUsingKeyboardContext when child is not a descendent of UsingKeyboardProvider, usingKeyboard is true" name="useUsingKeyboardContext when child is not a descendent of UsingKeyboardProvider, usingKeyboard is true" time="0.002">
      <failure>Error: Found multiple elements by: [data-testid=&quot;using-keyboard-provider&quot;]

(If this is intentional, then use the `*AllBy*` variant of the query (like `queryAllByText`, `getAllByText`, or `findAllByText`)).

&lt;body&gt;
  &lt;div&gt;
    &lt;div
      data-testid=&quot;using-keyboard-provider&quot;
    &gt;
      false
    &lt;/div&gt;
    &lt;button
      data-testid=&quot;test-button&quot;
    /&gt;
  &lt;/div&gt;
  &lt;div&gt;
    &lt;div
      data-testid=&quot;using-keyboard-provider&quot;
    &gt;
      false
    &lt;/div&gt;
    &lt;button
      data-testid=&quot;test-button&quot;
    /&gt;
  &lt;/div&gt;
  &lt;div&gt;
    &lt;div
      data-testid=&quot;using-keyboard-provider&quot;
    &gt;
      false
    &lt;/div&gt;
    &lt;button
      data-testid=&quot;test-button&quot;
    /&gt;
  &lt;/div&gt;
  &lt;div&gt;
    &lt;div
      data-testid=&quot;using-keyboard-provider&quot;
    &gt;
      false
    &lt;/div&gt;
    &lt;button
      data-testid=&quot;test-button&quot;
    /&gt;
  &lt;/div&gt;
  &lt;div&gt;
    &lt;div
      data-testid=&quot;using-keyboard-provider&quot;
    &gt;
      false
    &lt;/div&gt;
    &lt;button
      data-testid=&quot;test-button&quot;
    /&gt;
  &lt;/div&gt;
  &lt;div&gt;
    &lt;div
      data-testid=&quot;using-keyboard-provider&quot;
    &gt;
      false
    &lt;/div&gt;
    &lt;button
      data-testid=&quot;test-button&quot;
    /&gt;
  &lt;/div&gt;
  &lt;div&gt;
    &lt;div
      data-testid=&quot;using-keyboard-provider&quot;
    &gt;
      false
    &lt;/div&gt;
    &lt;button
      data-testid=&quot;test-button&quot;
    /&gt;
  &lt;/div&gt;
  &lt;div&gt;
    &lt;div
      data-testid=&quot;using-keyboard-provider&quot;
    &gt;
      false
    &lt;/div&gt;
    &lt;button
      data-testid=&quot;test-button&quot;
    /&gt;
  &lt;/div&gt;
  &lt;div&gt;
    &lt;div
      data-testid=&quot;using-keyboard-provider&quot;
    &gt;
      false
    &lt;/div&gt;
    &lt;button
      data-testid=&quot;test-button&quot;
    /&gt;
  &lt;/div&gt;
  &lt;div&gt;
    &lt;div
      data-testid=&quot;using-keyboard-provider&quot;
    &gt;
      true
    &lt;/div&gt;
    &lt;button
      data-testid=&quot;&quot;
    /&gt;
  &lt;/div&gt;
&lt;/body&gt;
    at getElementError (/Users/brookeyalof/Development/MongoDB/leafygreen-ui/packages/leafygreen-provider/node_modules/@testing-library/dom/dist/query-helpers.js:46:10)
    at getMultipleElementsFoundError (/Users/brookeyalof/Development/MongoDB/leafygreen-ui/packages/leafygreen-provider/node_modules/@testing-library/dom/dist/query-helpers.js:50:10)
    at getByTestId (/Users/brookeyalof/Development/MongoDB/leafygreen-ui/packages/leafygreen-provider/node_modules/@testing-library/dom/dist/query-helpers.js:86:13)
    at renderUsingKeyboardComponent (/Users/brookeyalof/Development/MongoDB/leafygreen-ui/packages/leafygreen-provider/src/UsingKeyboardContext.spec.tsx:107:23)
    at Object.&lt;anonymous&gt; (/Users/brookeyalof/Development/MongoDB/leafygreen-ui/packages/leafygreen-provider/src/UsingKeyboardContext.spec.tsx:113:23)
    at Object.asyncJestTest (/Users/brookeyalof/Development/MongoDB/leafygreen-ui/node_modules/jest-jasmine2/build/jasmineAsyncInstall.js:100:37)
    at /Users/brookeyalof/Development/MongoDB/leafygreen-ui/node_modules/jest-jasmine2/build/queueRunner.js:47:12
    at new Promise (&lt;anonymous&gt;)
    at mapper (/Users/brookeyalof/Development/MongoDB/leafygreen-ui/node_modules/jest-jasmine2/build/queueRunner.js:30:19)
    at /Users/brookeyalof/Development/MongoDB/leafygreen-ui/node_modules/jest-jasmine2/build/queueRunner.js:77:41</failure>
    </testcase>
    <testcase classname="useUsingKeyboardContext when child is a descendent of UsingKeyboardProvider before interaction, usingKeyboard is false" name="useUsingKeyboardContext when child is a descendent of UsingKeyboardProvider before interaction, usingKeyboard is false" time="0.004">
      <failure>Error: Found multiple elements by: [data-testid=&quot;using-keyboard-provider&quot;]

(If this is intentional, then use the `*AllBy*` variant of the query (like `queryAllByText`, `getAllByText`, or `findAllByText`)).

&lt;body&gt;
  &lt;div&gt;
    &lt;div
      data-testid=&quot;using-keyboard-provider&quot;
    &gt;
      false
    &lt;/div&gt;
    &lt;button
      data-testid=&quot;test-button&quot;
    /&gt;
  &lt;/div&gt;
  &lt;div&gt;
    &lt;div
      data-testid=&quot;using-keyboard-provider&quot;
    &gt;
      false
    &lt;/div&gt;
    &lt;button
      data-testid=&quot;test-button&quot;
    /&gt;
  &lt;/div&gt;
  &lt;div&gt;
    &lt;div
      data-testid=&quot;using-keyboard-provider&quot;
    &gt;
      false
    &lt;/div&gt;
    &lt;button
      data-testid=&quot;test-button&quot;
    /&gt;
  &lt;/div&gt;
  &lt;div&gt;
    &lt;div
      data-testid=&quot;using-keyboard-provider&quot;
    &gt;
      false
    &lt;/div&gt;
    &lt;button
      data-testid=&quot;test-button&quot;
    /&gt;
  &lt;/div&gt;
  &lt;div&gt;
    &lt;div
      data-testid=&quot;using-keyboard-provider&quot;
    &gt;
      false
    &lt;/div&gt;
    &lt;button
      data-testid=&quot;test-button&quot;
    /&gt;
  &lt;/div&gt;
  &lt;div&gt;
    &lt;div
      data-testid=&quot;using-keyboard-provider&quot;
    &gt;
      false
    &lt;/div&gt;
    &lt;button
      data-testid=&quot;test-button&quot;
    /&gt;
  &lt;/div&gt;
  &lt;div&gt;
    &lt;div
      data-testid=&quot;using-keyboard-provider&quot;
    &gt;
      false
    &lt;/div&gt;
    &lt;button
      data-testid=&quot;test-button&quot;
    /&gt;
  &lt;/div&gt;
  &lt;div&gt;
    &lt;div
      data-testid=&quot;using-keyboard-provider&quot;
    &gt;
      false
    &lt;/div&gt;
    &lt;button
      data-testid=&quot;test-button&quot;
    /&gt;
  &lt;/div&gt;
  &lt;div&gt;
    &lt;div
      data-testid=&quot;using-keyboard-provider&quot;
    &gt;
      false
    &lt;/div&gt;
    &lt;button
      data-testid=&quot;test-button&quot;
    /&gt;
  &lt;/div&gt;
  &lt;div&gt;
    &lt;div
      data-testid=&quot;using-keyboard-provider&quot;
    &gt;
      true
    &lt;/div&gt;
    &lt;button
      data-testid=&quot;&quot;
    /&gt;
  &lt;/div&gt;
  &lt;div&gt;
    &lt;div
      data-testid=&quot;using-keyboard-provider&quot;
    &gt;
      false
    &lt;/div&gt;
    &lt;button
      data-testid=&quot;test-button&quot;
    /&gt;
  &lt;/div&gt;
&lt;/body&gt;
    at getElementError (/Users/brookeyalof/Development/MongoDB/leafygreen-ui/packages/leafygreen-provider/node_modules/@testing-library/dom/dist/query-helpers.js:46:10)
    at getMultipleElementsFoundError (/Users/brookeyalof/Development/MongoDB/leafygreen-ui/packages/leafygreen-provider/node_modules/@testing-library/dom/dist/query-helpers.js:50:10)
    at getByTestId (/Users/brookeyalof/Development/MongoDB/leafygreen-ui/packages/leafygreen-provider/node_modules/@testing-library/dom/dist/query-helpers.js:86:13)
    at renderTestComponent (/Users/brookeyalof/Development/MongoDB/leafygreen-ui/packages/leafygreen-provider/src/UsingKeyboardContext.spec.tsx:131:45)
    at Object.&lt;anonymous&gt; (/Users/brookeyalof/Development/MongoDB/leafygreen-ui/packages/leafygreen-provider/src/UsingKeyboardContext.spec.tsx:137:36)
    at Object.asyncJestTest (/Users/brookeyalof/Development/MongoDB/leafygreen-ui/node_modules/jest-jasmine2/build/jasmineAsyncInstall.js:100:37)
    at /Users/brookeyalof/Development/MongoDB/leafygreen-ui/node_modules/jest-jasmine2/build/queueRunner.js:47:12
    at new Promise (&lt;anonymous&gt;)
    at mapper (/Users/brookeyalof/Development/MongoDB/leafygreen-ui/node_modules/jest-jasmine2/build/queueRunner.js:30:19)
    at /Users/brookeyalof/Development/MongoDB/leafygreen-ui/node_modules/jest-jasmine2/build/queueRunner.js:77:41</failure>
    </testcase>
    <testcase classname="useUsingKeyboardContext when child is a descendent of UsingKeyboardProvider after calling setUsingKeyboard passing true, usingKeyboard is true" name="useUsingKeyboardContext when child is a descendent of UsingKeyboardProvider after calling setUsingKeyboard passing true, usingKeyboard is true" time="0.003">
      <failure>Error: Found multiple elements by: [data-testid=&quot;using-keyboard-provider&quot;]

(If this is intentional, then use the `*AllBy*` variant of the query (like `queryAllByText`, `getAllByText`, or `findAllByText`)).

&lt;body&gt;
  &lt;div&gt;
    &lt;div
      data-testid=&quot;using-keyboard-provider&quot;
    &gt;
      false
    &lt;/div&gt;
    &lt;button
      data-testid=&quot;test-button&quot;
    /&gt;
  &lt;/div&gt;
  &lt;div&gt;
    &lt;div
      data-testid=&quot;using-keyboard-provider&quot;
    &gt;
      false
    &lt;/div&gt;
    &lt;button
      data-testid=&quot;test-button&quot;
    /&gt;
  &lt;/div&gt;
  &lt;div&gt;
    &lt;div
      data-testid=&quot;using-keyboard-provider&quot;
    &gt;
      false
    &lt;/div&gt;
    &lt;button
      data-testid=&quot;test-button&quot;
    /&gt;
  &lt;/div&gt;
  &lt;div&gt;
    &lt;div
      data-testid=&quot;using-keyboard-provider&quot;
    &gt;
      false
    &lt;/div&gt;
    &lt;button
      data-testid=&quot;test-button&quot;
    /&gt;
  &lt;/div&gt;
  &lt;div&gt;
    &lt;div
      data-testid=&quot;using-keyboard-provider&quot;
    &gt;
      false
    &lt;/div&gt;
    &lt;button
      data-testid=&quot;test-button&quot;
    /&gt;
  &lt;/div&gt;
  &lt;div&gt;
    &lt;div
      data-testid=&quot;using-keyboard-provider&quot;
    &gt;
      false
    &lt;/div&gt;
    &lt;button
      data-testid=&quot;test-button&quot;
    /&gt;
  &lt;/div&gt;
  &lt;div&gt;
    &lt;div
      data-testid=&quot;using-keyboard-provider&quot;
    &gt;
      false
    &lt;/div&gt;
    &lt;button
      data-testid=&quot;test-button&quot;
    /&gt;
  &lt;/div&gt;
  &lt;div&gt;
    &lt;div
      data-testid=&quot;using-keyboard-provider&quot;
    &gt;
      false
    &lt;/div&gt;
    &lt;button
      data-testid=&quot;test-button&quot;
    /&gt;
  &lt;/div&gt;
  &lt;div&gt;
    &lt;div
      data-testid=&quot;using-keyboard-provider&quot;
    &gt;
      false
    &lt;/div&gt;
    &lt;button
      data-testid=&quot;test-button&quot;
    /&gt;
  &lt;/div&gt;
  &lt;div&gt;
    &lt;div
      data-testid=&quot;using-keyboard-provider&quot;
    &gt;
      true
    &lt;/div&gt;
    &lt;button
      data-testid=&quot;&quot;
    /&gt;
  &lt;/div&gt;
  &lt;div&gt;
    &lt;div
      data-testid=&quot;using-keyboard-provider&quot;
    &gt;
      false
    &lt;/div&gt;
    &lt;button
      data-testid=&quot;test-button&quot;
    /&gt;
  &lt;/div&gt;
  &lt;div&gt;
    &lt;div
      data-testid=&quot;using-keyboard-provider&quot;
    &gt;
      false
    &lt;/div&gt;
    &lt;button
      data-testid=&quot;test-button&quot;
    /&gt;
  &lt;/div&gt;
&lt;/body&gt;
    at getElementError (/Users/brookeyalof/Development/MongoDB/leafygreen-ui/packages/leafygreen-provider/node_modules/@testing-library/dom/dist/query-helpers.js:46:10)
    at getMultipleElementsFoundError (/Users/brookeyalof/Development/MongoDB/leafygreen-ui/packages/leafygreen-provider/node_modules/@testing-library/dom/dist/query-helpers.js:50:10)
    at getByTestId (/Users/brookeyalof/Development/MongoDB/leafygreen-ui/packages/leafygreen-provider/node_modules/@testing-library/dom/dist/query-helpers.js:86:13)
    at renderTestComponent (/Users/brookeyalof/Development/MongoDB/leafygreen-ui/packages/leafygreen-provider/src/UsingKeyboardContext.spec.tsx:131:45)
    at Object.&lt;anonymous&gt; (/Users/brookeyalof/Development/MongoDB/leafygreen-ui/packages/leafygreen-provider/src/UsingKeyboardContext.spec.tsx:143:51)
    at Object.asyncJestTest (/Users/brookeyalof/Development/MongoDB/leafygreen-ui/node_modules/jest-jasmine2/build/jasmineAsyncInstall.js:100:37)
    at /Users/brookeyalof/Development/MongoDB/leafygreen-ui/node_modules/jest-jasmine2/build/queueRunner.js:47:12
    at new Promise (&lt;anonymous&gt;)
    at mapper (/Users/brookeyalof/Development/MongoDB/leafygreen-ui/node_modules/jest-jasmine2/build/queueRunner.js:30:19)
    at /Users/brookeyalof/Development/MongoDB/leafygreen-ui/node_modules/jest-jasmine2/build/queueRunner.js:77:41</failure>
    </testcase>
  </testsuite>
  <testsuite name="packages/RadioGroup" errors="0" failures="0" skipped="0" timestamp="2020-07-29T17:06:34" time="0.642" tests="7">
    <testcase classname="packages/RadioGroup renders &quot;test-radiogroup-class&quot; in the container labels classList" name="packages/RadioGroup renders &quot;test-radiogroup-class&quot; in the container labels classList" time="0.002">
    </testcase>
    <testcase classname="when controlled initial value set by radio group when prop provided" name="when controlled initial value set by radio group when prop provided" time="0">
    </testcase>
    <testcase classname="when controlled onChange fires once when the label is clicked" name="when controlled onChange fires once when the label is clicked" time="0.001">
    </testcase>
    <testcase classname="when controlled radio button does not become checked when clicked" name="when controlled radio button does not become checked when clicked" time="0">
    </testcase>
    <testcase classname="when uncontrolled onChange fires once when the label is clicked" name="when uncontrolled onChange fires once when the label is clicked" time="0">
    </testcase>
    <testcase classname="when uncontrolled radio button becomes checked when clicked" name="when uncontrolled radio button becomes checked when clicked" time="0">
    </testcase>
    <testcase classname="when uncontrolled and the default prop is set radio button is checked when default prop is set" name="when uncontrolled and the default prop is set radio button is checked when default prop is set" time="0.001">
    </testcase>
  </testsuite>
  <testsuite name="packages/logo" errors="0" failures="4" skipped="0" timestamp="2020-07-29T17:06:34" time="0.686" tests="11">
    <testcase classname="packages/logo logomark component renders full-color logomark by default" name="packages/logo logomark component renders full-color logomark by default" time="0.016">
    </testcase>
    <testcase classname="packages/logo logomark component renders dark knockout logomark, when variant is set to dark" name="packages/logo logomark component renders dark knockout logomark, when variant is set to dark" time="0.002">
    </testcase>
    <testcase classname="packages/logo logomark component renders light knockout logomark, when variant is set to light" name="packages/logo logomark component renders light knockout logomark, when variant is set to light" time="0.001">
    </testcase>
    <testcase classname="packages/logo logo component renders full-color logomark with dark text by default" name="packages/logo logo component renders full-color logomark with dark text by default" time="0.003">
    </testcase>
    <testcase classname="packages/logo logo component renders full-color logomark with light text when variant is set to light" name="packages/logo logo component renders full-color logomark with light text when variant is set to light" time="0.002">
    </testcase>
    <testcase classname="packages/logo logo component renders dark knockout, when variant and knockout props are set" name="packages/logo logo component renders dark knockout, when variant and knockout props are set" time="0.003">
    </testcase>
    <testcase classname="packages/logo logo component renders light knockout, when variant and knockout props are set" name="packages/logo logo component renders light knockout, when variant and knockout props are set" time="0.002">
    </testcase>
    <testcase classname="packages/logo product logos by default renders monochrome product logo with a height of 18 for the cloudManager logo" name="packages/logo product logos by default renders monochrome product logo with a height of 18 for the cloudManager logo" time="0.007">
      <failure>TypeError: Cannot read property &apos;getByTestId&apos; of undefined
    at Object.&lt;anonymous&gt; (/Users/brookeyalof/Development/MongoDB/leafygreen-ui/packages/logo/src/Logo.spec.tsx:106:31)
    at Object.asyncJestTest (/Users/brookeyalof/Development/MongoDB/leafygreen-ui/node_modules/jest-jasmine2/build/jasmineAsyncInstall.js:100:37)
    at /Users/brookeyalof/Development/MongoDB/leafygreen-ui/node_modules/jest-jasmine2/build/queueRunner.js:47:12
    at new Promise (&lt;anonymous&gt;)
    at mapper (/Users/brookeyalof/Development/MongoDB/leafygreen-ui/node_modules/jest-jasmine2/build/queueRunner.js:30:19)
    at /Users/brookeyalof/Development/MongoDB/leafygreen-ui/node_modules/jest-jasmine2/build/queueRunner.js:77:41</failure>
    </testcase>
    <testcase classname="packages/logo product logos by default renders monochrome product logo with a height of 18 for the atlas logo" name="packages/logo product logos by default renders monochrome product logo with a height of 18 for the atlas logo" time="0.006">
      <failure>TypeError: Cannot read property &apos;getByTestId&apos; of undefined
    at Object.&lt;anonymous&gt; (/Users/brookeyalof/Development/MongoDB/leafygreen-ui/packages/logo/src/Logo.spec.tsx:106:31)
    at Object.asyncJestTest (/Users/brookeyalof/Development/MongoDB/leafygreen-ui/node_modules/jest-jasmine2/build/jasmineAsyncInstall.js:100:37)
    at /Users/brookeyalof/Development/MongoDB/leafygreen-ui/node_modules/jest-jasmine2/build/queueRunner.js:47:12
    at new Promise (&lt;anonymous&gt;)
    at mapper (/Users/brookeyalof/Development/MongoDB/leafygreen-ui/node_modules/jest-jasmine2/build/queueRunner.js:30:19)
    at /Users/brookeyalof/Development/MongoDB/leafygreen-ui/node_modules/jest-jasmine2/build/queueRunner.js:77:41</failure>
    </testcase>
    <testcase classname="packages/logo product logos by default renders monochrome product logo with a height of 18 for the realm logo" name="packages/logo product logos by default renders monochrome product logo with a height of 18 for the realm logo" time="0.005">
      <failure>TypeError: Cannot read property &apos;getByTestId&apos; of undefined
    at Object.&lt;anonymous&gt; (/Users/brookeyalof/Development/MongoDB/leafygreen-ui/packages/logo/src/Logo.spec.tsx:106:31)
    at Object.asyncJestTest (/Users/brookeyalof/Development/MongoDB/leafygreen-ui/node_modules/jest-jasmine2/build/jasmineAsyncInstall.js:100:37)
    at /Users/brookeyalof/Development/MongoDB/leafygreen-ui/node_modules/jest-jasmine2/build/queueRunner.js:47:12
    at new Promise (&lt;anonymous&gt;)
    at mapper (/Users/brookeyalof/Development/MongoDB/leafygreen-ui/node_modules/jest-jasmine2/build/queueRunner.js:30:19)
    at /Users/brookeyalof/Development/MongoDB/leafygreen-ui/node_modules/jest-jasmine2/build/queueRunner.js:77:41</failure>
    </testcase>
    <testcase classname="packages/logo product logos by default renders monochrome product logo with a height of 18 for the charts logo" name="packages/logo product logos by default renders monochrome product logo with a height of 18 for the charts logo" time="0.003">
      <failure>TypeError: Cannot read property &apos;getByTestId&apos; of undefined
    at Object.&lt;anonymous&gt; (/Users/brookeyalof/Development/MongoDB/leafygreen-ui/packages/logo/src/Logo.spec.tsx:106:31)
    at Object.asyncJestTest (/Users/brookeyalof/Development/MongoDB/leafygreen-ui/node_modules/jest-jasmine2/build/jasmineAsyncInstall.js:100:37)
    at /Users/brookeyalof/Development/MongoDB/leafygreen-ui/node_modules/jest-jasmine2/build/queueRunner.js:47:12
    at new Promise (&lt;anonymous&gt;)
    at mapper (/Users/brookeyalof/Development/MongoDB/leafygreen-ui/node_modules/jest-jasmine2/build/queueRunner.js:30:19)
    at /Users/brookeyalof/Development/MongoDB/leafygreen-ui/node_modules/jest-jasmine2/build/queueRunner.js:77:41</failure>
    </testcase>
  </testsuite>
  <testsuite name="packages/button" errors="0" failures="12" skipped="0" timestamp="2020-07-29T17:06:35" time="0.496" tests="13">
    <testcase classname="packages/button renders &quot;test-button-class&quot; in the button&apos;s classList" name="packages/button renders &quot;test-button-class&quot; in the button&apos;s classList" time="0.019">
    </testcase>
    <testcase classname="packages/button renders &quot;Button child&quot; as the button&apos;s textContent" name="packages/button renders &quot;Button child&quot; as the button&apos;s textContent" time="0.005">
      <failure>Error: Found multiple elements by: [data-testid=&quot;button-id&quot;]

(If this is intentional, then use the `*AllBy*` variant of the query (like `queryAllByText`, `getAllByText`, or `findAllByText`)).

&lt;body&gt;
  &lt;div&gt;
    &lt;button
      aria-disabled=&quot;false&quot;
      class=&quot;test-button-class leafygreen-ui-moke9e&quot;
      data-testid=&quot;button-id&quot;
      type=&quot;button&quot;
    &gt;
      &lt;span
        class=&quot;leafygreen-ui-1cpk24m&quot;
      /&gt;
    &lt;/button&gt;
  &lt;/div&gt;
  &lt;div&gt;
    &lt;button
      aria-disabled=&quot;false&quot;
      class=&quot;leafygreen-ui-moke9e&quot;
      data-testid=&quot;button-id&quot;
      type=&quot;button&quot;
    &gt;
      &lt;span
        class=&quot;leafygreen-ui-1cpk24m&quot;
      &gt;
        Button child
      &lt;/span&gt;
    &lt;/button&gt;
  &lt;/div&gt;
&lt;/body&gt;
    at getElementError (/Users/brookeyalof/Development/MongoDB/leafygreen-ui/packages/button/node_modules/@testing-library/dom/dist/query-helpers.js:46:10)
    at getMultipleElementsFoundError (/Users/brookeyalof/Development/MongoDB/leafygreen-ui/packages/button/node_modules/@testing-library/dom/dist/query-helpers.js:50:10)
    at getByTestId (/Users/brookeyalof/Development/MongoDB/leafygreen-ui/packages/button/node_modules/@testing-library/dom/dist/query-helpers.js:86:13)
    at renderButton (/Users/brookeyalof/Development/MongoDB/leafygreen-ui/packages/button/src/Button.spec.tsx:12:24)
    at Object.&lt;anonymous&gt; (/Users/brookeyalof/Development/MongoDB/leafygreen-ui/packages/button/src/Button.spec.tsx:23:24)
    at Object.asyncJestTest (/Users/brookeyalof/Development/MongoDB/leafygreen-ui/node_modules/jest-jasmine2/build/jasmineAsyncInstall.js:100:37)
    at /Users/brookeyalof/Development/MongoDB/leafygreen-ui/node_modules/jest-jasmine2/build/queueRunner.js:47:12
    at new Promise (&lt;anonymous&gt;)
    at mapper (/Users/brookeyalof/Development/MongoDB/leafygreen-ui/node_modules/jest-jasmine2/build/queueRunner.js:30:19)
    at /Users/brookeyalof/Development/MongoDB/leafygreen-ui/node_modules/jest-jasmine2/build/queueRunner.js:77:41</failure>
    </testcase>
    <testcase classname="packages/button renders &quot;Test button title&quot; as the button title" name="packages/button renders &quot;Test button title&quot; as the button title" time="0.002">
      <failure>Error: Found multiple elements by: [data-testid=&quot;button-id&quot;]

(If this is intentional, then use the `*AllBy*` variant of the query (like `queryAllByText`, `getAllByText`, or `findAllByText`)).

&lt;body&gt;
  &lt;div&gt;
    &lt;button
      aria-disabled=&quot;false&quot;
      class=&quot;test-button-class leafygreen-ui-moke9e&quot;
      data-testid=&quot;button-id&quot;
      type=&quot;button&quot;
    &gt;
      &lt;span
        class=&quot;leafygreen-ui-1cpk24m&quot;
      /&gt;
    &lt;/button&gt;
  &lt;/div&gt;
  &lt;div&gt;
    &lt;button
      aria-disabled=&quot;false&quot;
      class=&quot;leafygreen-ui-moke9e&quot;
      data-testid=&quot;button-id&quot;
      type=&quot;button&quot;
    &gt;
      &lt;span
        class=&quot;leafygreen-ui-1cpk24m&quot;
      &gt;
        Button child
      &lt;/span&gt;
    &lt;/button&gt;
  &lt;/div&gt;
  &lt;div&gt;
    &lt;button
      aria-disabled=&quot;false&quot;
      class=&quot;leafygreen-ui-moke9e&quot;
      data-testid=&quot;button-id&quot;
      title=&quot;Test button title&quot;
      type=&quot;button&quot;
    &gt;
      &lt;span
        class=&quot;leafygreen-ui-1cpk24m&quot;
      /&gt;
    &lt;/button&gt;
  &lt;/div&gt;
&lt;/body&gt;
    at getElementError (/Users/brookeyalof/Development/MongoDB/leafygreen-ui/packages/button/node_modules/@testing-library/dom/dist/query-helpers.js:46:10)
    at getMultipleElementsFoundError (/Users/brookeyalof/Development/MongoDB/leafygreen-ui/packages/button/node_modules/@testing-library/dom/dist/query-helpers.js:50:10)
    at getByTestId (/Users/brookeyalof/Development/MongoDB/leafygreen-ui/packages/button/node_modules/@testing-library/dom/dist/query-helpers.js:86:13)
    at renderButton (/Users/brookeyalof/Development/MongoDB/leafygreen-ui/packages/button/src/Button.spec.tsx:12:24)
    at Object.&lt;anonymous&gt; (/Users/brookeyalof/Development/MongoDB/leafygreen-ui/packages/button/src/Button.spec.tsx:28:24)
    at Object.asyncJestTest (/Users/brookeyalof/Development/MongoDB/leafygreen-ui/node_modules/jest-jasmine2/build/jasmineAsyncInstall.js:100:37)
    at /Users/brookeyalof/Development/MongoDB/leafygreen-ui/node_modules/jest-jasmine2/build/queueRunner.js:47:12
    at new Promise (&lt;anonymous&gt;)
    at mapper (/Users/brookeyalof/Development/MongoDB/leafygreen-ui/node_modules/jest-jasmine2/build/queueRunner.js:30:19)
    at /Users/brookeyalof/Development/MongoDB/leafygreen-ui/node_modules/jest-jasmine2/build/queueRunner.js:77:41</failure>
    </testcase>
    <testcase classname="packages/button fires the onClick handler once when clicked" name="packages/button fires the onClick handler once when clicked" time="0.003">
      <failure>Error: Found multiple elements by: [data-testid=&quot;button-id&quot;]

(If this is intentional, then use the `*AllBy*` variant of the query (like `queryAllByText`, `getAllByText`, or `findAllByText`)).

&lt;body&gt;
  &lt;div&gt;
    &lt;button
      aria-disabled=&quot;false&quot;
      class=&quot;test-button-class leafygreen-ui-moke9e&quot;
      data-testid=&quot;button-id&quot;
      type=&quot;button&quot;
    &gt;
      &lt;span
        class=&quot;leafygreen-ui-1cpk24m&quot;
      /&gt;
    &lt;/button&gt;
  &lt;/div&gt;
  &lt;div&gt;
    &lt;button
      aria-disabled=&quot;false&quot;
      class=&quot;leafygreen-ui-moke9e&quot;
      data-testid=&quot;button-id&quot;
      type=&quot;button&quot;
    &gt;
      &lt;span
        class=&quot;leafygreen-ui-1cpk24m&quot;
      &gt;
        Button child
      &lt;/span&gt;
    &lt;/button&gt;
  &lt;/div&gt;
  &lt;div&gt;
    &lt;button
      aria-disabled=&quot;false&quot;
      class=&quot;leafygreen-ui-moke9e&quot;
      data-testid=&quot;button-id&quot;
      title=&quot;Test button title&quot;
      type=&quot;button&quot;
    &gt;
      &lt;span
        class=&quot;leafygreen-ui-1cpk24m&quot;
      /&gt;
    &lt;/button&gt;
  &lt;/div&gt;
  &lt;div&gt;
    &lt;button
      aria-disabled=&quot;false&quot;
      class=&quot;leafygreen-ui-moke9e&quot;
      data-testid=&quot;button-id&quot;
      type=&quot;button&quot;
    &gt;
      &lt;span
        class=&quot;leafygreen-ui-1cpk24m&quot;
      /&gt;
    &lt;/button&gt;
  &lt;/div&gt;
&lt;/body&gt;
    at getElementError (/Users/brookeyalof/Development/MongoDB/leafygreen-ui/packages/button/node_modules/@testing-library/dom/dist/query-helpers.js:46:10)
    at getMultipleElementsFoundError (/Users/brookeyalof/Development/MongoDB/leafygreen-ui/packages/button/node_modules/@testing-library/dom/dist/query-helpers.js:50:10)
    at getByTestId (/Users/brookeyalof/Development/MongoDB/leafygreen-ui/packages/button/node_modules/@testing-library/dom/dist/query-helpers.js:86:13)
    at renderButton (/Users/brookeyalof/Development/MongoDB/leafygreen-ui/packages/button/src/Button.spec.tsx:12:24)
    at Object.&lt;anonymous&gt; (/Users/brookeyalof/Development/MongoDB/leafygreen-ui/packages/button/src/Button.spec.tsx:33:24)
    at Object.asyncJestTest (/Users/brookeyalof/Development/MongoDB/leafygreen-ui/node_modules/jest-jasmine2/build/jasmineAsyncInstall.js:100:37)
    at /Users/brookeyalof/Development/MongoDB/leafygreen-ui/node_modules/jest-jasmine2/build/queueRunner.js:47:12
    at new Promise (&lt;anonymous&gt;)
    at mapper (/Users/brookeyalof/Development/MongoDB/leafygreen-ui/node_modules/jest-jasmine2/build/queueRunner.js:30:19)
    at /Users/brookeyalof/Development/MongoDB/leafygreen-ui/node_modules/jest-jasmine2/build/queueRunner.js:77:41</failure>
    </testcase>
    <testcase classname="packages/button renders the disabled and aria-disabled attributes when disabled is set" name="packages/button renders the disabled and aria-disabled attributes when disabled is set" time="0.005">
      <failure>Error: Found multiple elements by: [data-testid=&quot;button-id&quot;]

(If this is intentional, then use the `*AllBy*` variant of the query (like `queryAllByText`, `getAllByText`, or `findAllByText`)).

&lt;body&gt;
  &lt;div&gt;
    &lt;button
      aria-disabled=&quot;false&quot;
      class=&quot;test-button-class leafygreen-ui-moke9e&quot;
      data-testid=&quot;button-id&quot;
      type=&quot;button&quot;
    &gt;
      &lt;span
        class=&quot;leafygreen-ui-1cpk24m&quot;
      /&gt;
    &lt;/button&gt;
  &lt;/div&gt;
  &lt;div&gt;
    &lt;button
      aria-disabled=&quot;false&quot;
      class=&quot;leafygreen-ui-moke9e&quot;
      data-testid=&quot;button-id&quot;
      type=&quot;button&quot;
    &gt;
      &lt;span
        class=&quot;leafygreen-ui-1cpk24m&quot;
      &gt;
        Button child
      &lt;/span&gt;
    &lt;/button&gt;
  &lt;/div&gt;
  &lt;div&gt;
    &lt;button
      aria-disabled=&quot;false&quot;
      class=&quot;leafygreen-ui-moke9e&quot;
      data-testid=&quot;button-id&quot;
      title=&quot;Test button title&quot;
      type=&quot;button&quot;
    &gt;
      &lt;span
        class=&quot;leafygreen-ui-1cpk24m&quot;
      /&gt;
    &lt;/button&gt;
  &lt;/div&gt;
  &lt;div&gt;
    &lt;button
      aria-disabled=&quot;false&quot;
      class=&quot;leafygreen-ui-moke9e&quot;
      data-testid=&quot;button-id&quot;
      type=&quot;button&quot;
    &gt;
      &lt;span
        class=&quot;leafygreen-ui-1cpk24m&quot;
      /&gt;
    &lt;/button&gt;
  &lt;/div&gt;
  &lt;div&gt;
    &lt;button
      aria-disabled=&quot;true&quot;
      class=&quot;leafygreen-ui-s7bpt7&quot;
      data-testid=&quot;button-id&quot;
      disabled=&quot;&quot;
      type=&quot;button&quot;
    &gt;
      &lt;span
        class=&quot;leafygreen-ui-1cpk24m&quot;
      /&gt;
    &lt;/button&gt;
  &lt;/div&gt;
&lt;/body&gt;
    at getElementError (/Users/brookeyalof/Development/MongoDB/leafygreen-ui/packages/button/node_modules/@testing-library/dom/dist/query-helpers.js:46:10)
    at getMultipleElementsFoundError (/Users/brookeyalof/Development/MongoDB/leafygreen-ui/packages/button/node_modules/@testing-library/dom/dist/query-helpers.js:50:10)
    at getByTestId (/Users/brookeyalof/Development/MongoDB/leafygreen-ui/packages/button/node_modules/@testing-library/dom/dist/query-helpers.js:86:13)
    at renderButton (/Users/brookeyalof/Development/MongoDB/leafygreen-ui/packages/button/src/Button.spec.tsx:12:24)
    at Object.&lt;anonymous&gt; (/Users/brookeyalof/Development/MongoDB/leafygreen-ui/packages/button/src/Button.spec.tsx:39:24)
    at Object.asyncJestTest (/Users/brookeyalof/Development/MongoDB/leafygreen-ui/node_modules/jest-jasmine2/build/jasmineAsyncInstall.js:100:37)
    at /Users/brookeyalof/Development/MongoDB/leafygreen-ui/node_modules/jest-jasmine2/build/queueRunner.js:47:12
    at new Promise (&lt;anonymous&gt;)
    at mapper (/Users/brookeyalof/Development/MongoDB/leafygreen-ui/node_modules/jest-jasmine2/build/queueRunner.js:30:19)
    at /Users/brookeyalof/Development/MongoDB/leafygreen-ui/node_modules/jest-jasmine2/build/queueRunner.js:77:41</failure>
    </testcase>
    <testcase classname="packages/button renders inside of a button tag by default" name="packages/button renders inside of a button tag by default" time="0.002">
      <failure>Error: Found multiple elements by: [data-testid=&quot;button-id&quot;]

(If this is intentional, then use the `*AllBy*` variant of the query (like `queryAllByText`, `getAllByText`, or `findAllByText`)).

&lt;body&gt;
  &lt;div&gt;
    &lt;button
      aria-disabled=&quot;false&quot;
      class=&quot;test-button-class leafygreen-ui-moke9e&quot;
      data-testid=&quot;button-id&quot;
      type=&quot;button&quot;
    &gt;
      &lt;span
        class=&quot;leafygreen-ui-1cpk24m&quot;
      /&gt;
    &lt;/button&gt;
  &lt;/div&gt;
  &lt;div&gt;
    &lt;button
      aria-disabled=&quot;false&quot;
      class=&quot;leafygreen-ui-moke9e&quot;
      data-testid=&quot;button-id&quot;
      type=&quot;button&quot;
    &gt;
      &lt;span
        class=&quot;leafygreen-ui-1cpk24m&quot;
      &gt;
        Button child
      &lt;/span&gt;
    &lt;/button&gt;
  &lt;/div&gt;
  &lt;div&gt;
    &lt;button
      aria-disabled=&quot;false&quot;
      class=&quot;leafygreen-ui-moke9e&quot;
      data-testid=&quot;button-id&quot;
      title=&quot;Test button title&quot;
      type=&quot;button&quot;
    &gt;
      &lt;span
        class=&quot;leafygreen-ui-1cpk24m&quot;
      /&gt;
    &lt;/button&gt;
  &lt;/div&gt;
  &lt;div&gt;
    &lt;button
      aria-disabled=&quot;false&quot;
      class=&quot;leafygreen-ui-moke9e&quot;
      data-testid=&quot;button-id&quot;
      type=&quot;button&quot;
    &gt;
      &lt;span
        class=&quot;leafygreen-ui-1cpk24m&quot;
      /&gt;
    &lt;/button&gt;
  &lt;/div&gt;
  &lt;div&gt;
    &lt;button
      aria-disabled=&quot;true&quot;
      class=&quot;leafygreen-ui-s7bpt7&quot;
      data-testid=&quot;button-id&quot;
      disabled=&quot;&quot;
      type=&quot;button&quot;
    &gt;
      &lt;span
        class=&quot;leafygreen-ui-1cpk24m&quot;
      /&gt;
    &lt;/button&gt;
  &lt;/div&gt;
  &lt;div&gt;
    &lt;button
      aria-disabled=&quot;false&quot;
      class=&quot;leafygreen-ui-moke9e&quot;
      data-testid=&quot;button-id&quot;
      type=&quot;button&quot;
    &gt;
      &lt;span
        class=&quot;leafygreen-ui-1cpk24m&quot;
      /&gt;
    &lt;/button&gt;
  &lt;/div&gt;
&lt;/body&gt;
    at getElementError (/Users/brookeyalof/Development/MongoDB/leafygreen-ui/packages/button/node_modules/@testing-library/dom/dist/query-helpers.js:46:10)
    at getMultipleElementsFoundError (/Users/brookeyalof/Development/MongoDB/leafygreen-ui/packages/button/node_modules/@testing-library/dom/dist/query-helpers.js:50:10)
    at getByTestId (/Users/brookeyalof/Development/MongoDB/leafygreen-ui/packages/button/node_modules/@testing-library/dom/dist/query-helpers.js:86:13)
    at renderButton (/Users/brookeyalof/Development/MongoDB/leafygreen-ui/packages/button/src/Button.spec.tsx:12:24)
    at Object.&lt;anonymous&gt; (/Users/brookeyalof/Development/MongoDB/leafygreen-ui/packages/button/src/Button.spec.tsx:45:24)
    at Object.asyncJestTest (/Users/brookeyalof/Development/MongoDB/leafygreen-ui/node_modules/jest-jasmine2/build/jasmineAsyncInstall.js:100:37)
    at /Users/brookeyalof/Development/MongoDB/leafygreen-ui/node_modules/jest-jasmine2/build/queueRunner.js:47:12
    at new Promise (&lt;anonymous&gt;)
    at mapper (/Users/brookeyalof/Development/MongoDB/leafygreen-ui/node_modules/jest-jasmine2/build/queueRunner.js:30:19)
    at /Users/brookeyalof/Development/MongoDB/leafygreen-ui/node_modules/jest-jasmine2/build/queueRunner.js:77:41</failure>
    </testcase>
    <testcase classname="packages/button renders a button with the &quot;button&quot; type by default" name="packages/button renders a button with the &quot;button&quot; type by default" time="0.002">
      <failure>Error: Found multiple elements by: [data-testid=&quot;button-id&quot;]

(If this is intentional, then use the `*AllBy*` variant of the query (like `queryAllByText`, `getAllByText`, or `findAllByText`)).

&lt;body&gt;
  &lt;div&gt;
    &lt;button
      aria-disabled=&quot;false&quot;
      class=&quot;test-button-class leafygreen-ui-moke9e&quot;
      data-testid=&quot;button-id&quot;
      type=&quot;button&quot;
    &gt;
      &lt;span
        class=&quot;leafygreen-ui-1cpk24m&quot;
      /&gt;
    &lt;/button&gt;
  &lt;/div&gt;
  &lt;div&gt;
    &lt;button
      aria-disabled=&quot;false&quot;
      class=&quot;leafygreen-ui-moke9e&quot;
      data-testid=&quot;button-id&quot;
      type=&quot;button&quot;
    &gt;
      &lt;span
        class=&quot;leafygreen-ui-1cpk24m&quot;
      &gt;
        Button child
      &lt;/span&gt;
    &lt;/button&gt;
  &lt;/div&gt;
  &lt;div&gt;
    &lt;button
      aria-disabled=&quot;false&quot;
      class=&quot;leafygreen-ui-moke9e&quot;
      data-testid=&quot;button-id&quot;
      title=&quot;Test button title&quot;
      type=&quot;button&quot;
    &gt;
      &lt;span
        class=&quot;leafygreen-ui-1cpk24m&quot;
      /&gt;
    &lt;/button&gt;
  &lt;/div&gt;
  &lt;div&gt;
    &lt;button
      aria-disabled=&quot;false&quot;
      class=&quot;leafygreen-ui-moke9e&quot;
      data-testid=&quot;button-id&quot;
      type=&quot;button&quot;
    &gt;
      &lt;span
        class=&quot;leafygreen-ui-1cpk24m&quot;
      /&gt;
    &lt;/button&gt;
  &lt;/div&gt;
  &lt;div&gt;
    &lt;button
      aria-disabled=&quot;true&quot;
      class=&quot;leafygreen-ui-s7bpt7&quot;
      data-testid=&quot;button-id&quot;
      disabled=&quot;&quot;
      type=&quot;button&quot;
    &gt;
      &lt;span
        class=&quot;leafygreen-ui-1cpk24m&quot;
      /&gt;
    &lt;/button&gt;
  &lt;/div&gt;
  &lt;div&gt;
    &lt;button
      aria-disabled=&quot;false&quot;
      class=&quot;leafygreen-ui-moke9e&quot;
      data-testid=&quot;button-id&quot;
      type=&quot;button&quot;
    &gt;
      &lt;span
        class=&quot;leafygreen-ui-1cpk24m&quot;
      /&gt;
    &lt;/button&gt;
  &lt;/div&gt;
  &lt;div&gt;
    &lt;button
      aria-disabled=&quot;false&quot;
      class=&quot;leafygreen-ui-moke9e&quot;
      data-testid=&quot;button-id&quot;
      type=&quot;button&quot;
    &gt;
      &lt;span
        class=&quot;leafygreen-ui-1cpk24m&quot;
      /&gt;
    &lt;/button&gt;
  &lt;/div&gt;
&lt;/body&gt;
    at getElementError (/Users/brookeyalof/Development/MongoDB/leafygreen-ui/packages/button/node_modules/@testing-library/dom/dist/query-helpers.js:46:10)
    at getMultipleElementsFoundError (/Users/brookeyalof/Development/MongoDB/leafygreen-ui/packages/button/node_modules/@testing-library/dom/dist/query-helpers.js:50:10)
    at getByTestId (/Users/brookeyalof/Development/MongoDB/leafygreen-ui/packages/button/node_modules/@testing-library/dom/dist/query-helpers.js:86:13)
    at renderButton (/Users/brookeyalof/Development/MongoDB/leafygreen-ui/packages/button/src/Button.spec.tsx:12:24)
    at Object.&lt;anonymous&gt; (/Users/brookeyalof/Development/MongoDB/leafygreen-ui/packages/button/src/Button.spec.tsx:50:24)
    at Object.asyncJestTest (/Users/brookeyalof/Development/MongoDB/leafygreen-ui/node_modules/jest-jasmine2/build/jasmineAsyncInstall.js:100:37)
    at /Users/brookeyalof/Development/MongoDB/leafygreen-ui/node_modules/jest-jasmine2/build/queueRunner.js:47:12
    at new Promise (&lt;anonymous&gt;)
    at mapper (/Users/brookeyalof/Development/MongoDB/leafygreen-ui/node_modules/jest-jasmine2/build/queueRunner.js:30:19)
    at /Users/brookeyalof/Development/MongoDB/leafygreen-ui/node_modules/jest-jasmine2/build/queueRunner.js:77:41</failure>
    </testcase>
    <testcase classname="packages/button renders a button with the given type when one is set" name="packages/button renders a button with the given type when one is set" time="0.003">
      <failure>Error: Found multiple elements by: [data-testid=&quot;button-id&quot;]

(If this is intentional, then use the `*AllBy*` variant of the query (like `queryAllByText`, `getAllByText`, or `findAllByText`)).

&lt;body&gt;
  &lt;div&gt;
    &lt;button
      aria-disabled=&quot;false&quot;
      class=&quot;test-button-class leafygreen-ui-moke9e&quot;
      data-testid=&quot;button-id&quot;
      type=&quot;button&quot;
    &gt;
      &lt;span
        class=&quot;leafygreen-ui-1cpk24m&quot;
      /&gt;
    &lt;/button&gt;
  &lt;/div&gt;
  &lt;div&gt;
    &lt;button
      aria-disabled=&quot;false&quot;
      class=&quot;leafygreen-ui-moke9e&quot;
      data-testid=&quot;button-id&quot;
      type=&quot;button&quot;
    &gt;
      &lt;span
        class=&quot;leafygreen-ui-1cpk24m&quot;
      &gt;
        Button child
      &lt;/span&gt;
    &lt;/button&gt;
  &lt;/div&gt;
  &lt;div&gt;
    &lt;button
      aria-disabled=&quot;false&quot;
      class=&quot;leafygreen-ui-moke9e&quot;
      data-testid=&quot;button-id&quot;
      title=&quot;Test button title&quot;
      type=&quot;button&quot;
    &gt;
      &lt;span
        class=&quot;leafygreen-ui-1cpk24m&quot;
      /&gt;
    &lt;/button&gt;
  &lt;/div&gt;
  &lt;div&gt;
    &lt;button
      aria-disabled=&quot;false&quot;
      class=&quot;leafygreen-ui-moke9e&quot;
      data-testid=&quot;button-id&quot;
      type=&quot;button&quot;
    &gt;
      &lt;span
        class=&quot;leafygreen-ui-1cpk24m&quot;
      /&gt;
    &lt;/button&gt;
  &lt;/div&gt;
  &lt;div&gt;
    &lt;button
      aria-disabled=&quot;true&quot;
      class=&quot;leafygreen-ui-s7bpt7&quot;
      data-testid=&quot;button-id&quot;
      disabled=&quot;&quot;
      type=&quot;button&quot;
    &gt;
      &lt;span
        class=&quot;leafygreen-ui-1cpk24m&quot;
      /&gt;
    &lt;/button&gt;
  &lt;/div&gt;
  &lt;div&gt;
    &lt;button
      aria-disabled=&quot;false&quot;
      class=&quot;leafygreen-ui-moke9e&quot;
      data-testid=&quot;button-id&quot;
      type=&quot;button&quot;
    &gt;
      &lt;span
        class=&quot;leafygreen-ui-1cpk24m&quot;
      /&gt;
    &lt;/button&gt;
  &lt;/div&gt;
  &lt;div&gt;
    &lt;button
      aria-disabled=&quot;false&quot;
      class=&quot;leafygreen-ui-moke9e&quot;
      data-testid=&quot;button-id&quot;
      type=&quot;button&quot;
    &gt;
      &lt;span
        class=&quot;leafygreen-ui-1cpk24m&quot;
      /&gt;
    &lt;/button&gt;
  &lt;/div&gt;
  &lt;div&gt;
    &lt;button
      aria-disabled=&quot;false&quot;
      class=&quot;leafygreen-ui-moke9e&quot;
      data-testid=&quot;button-id&quot;
      type=&quot;submit&quot;
    &gt;
      &lt;span
        class=&quot;leafygreen-ui-1cpk24m&quot;
      /&gt;
    &lt;/button&gt;
  &lt;/div&gt;
&lt;/body&gt;
    at getElementError (/Users/brookeyalof/Development/MongoDB/leafygreen-ui/packages/button/node_modules/@testing-library/dom/dist/query-helpers.js:46:10)
    at getMultipleElementsFoundError (/Users/brookeyalof/Development/MongoDB/leafygreen-ui/packages/button/node_modules/@testing-library/dom/dist/query-helpers.js:50:10)
    at getByTestId (/Users/brookeyalof/Development/MongoDB/leafygreen-ui/packages/button/node_modules/@testing-library/dom/dist/query-helpers.js:86:13)
    at renderButton (/Users/brookeyalof/Development/MongoDB/leafygreen-ui/packages/button/src/Button.spec.tsx:12:24)
    at Object.&lt;anonymous&gt; (/Users/brookeyalof/Development/MongoDB/leafygreen-ui/packages/button/src/Button.spec.tsx:55:24)
    at Object.asyncJestTest (/Users/brookeyalof/Development/MongoDB/leafygreen-ui/node_modules/jest-jasmine2/build/jasmineAsyncInstall.js:100:37)
    at /Users/brookeyalof/Development/MongoDB/leafygreen-ui/node_modules/jest-jasmine2/build/queueRunner.js:47:12
    at new Promise (&lt;anonymous&gt;)
    at mapper (/Users/brookeyalof/Development/MongoDB/leafygreen-ui/node_modules/jest-jasmine2/build/queueRunner.js:30:19)
    at /Users/brookeyalof/Development/MongoDB/leafygreen-ui/node_modules/jest-jasmine2/build/queueRunner.js:77:41</failure>
    </testcase>
    <testcase classname="packages/button renders component inside of a tag when &quot;href&quot; prop is set" name="packages/button renders component inside of a tag when &quot;href&quot; prop is set" time="0.003">
      <failure>Error: Found multiple elements by: [data-testid=&quot;button-id&quot;]

(If this is intentional, then use the `*AllBy*` variant of the query (like `queryAllByText`, `getAllByText`, or `findAllByText`)).

&lt;body&gt;
  &lt;div&gt;
    &lt;button
      aria-disabled=&quot;false&quot;
      class=&quot;test-button-class leafygreen-ui-moke9e&quot;
      data-testid=&quot;button-id&quot;
      type=&quot;button&quot;
    &gt;
      &lt;span
        class=&quot;leafygreen-ui-1cpk24m&quot;
      /&gt;
    &lt;/button&gt;
  &lt;/div&gt;
  &lt;div&gt;
    &lt;button
      aria-disabled=&quot;false&quot;
      class=&quot;leafygreen-ui-moke9e&quot;
      data-testid=&quot;button-id&quot;
      type=&quot;button&quot;
    &gt;
      &lt;span
        class=&quot;leafygreen-ui-1cpk24m&quot;
      &gt;
        Button child
      &lt;/span&gt;
    &lt;/button&gt;
  &lt;/div&gt;
  &lt;div&gt;
    &lt;button
      aria-disabled=&quot;false&quot;
      class=&quot;leafygreen-ui-moke9e&quot;
      data-testid=&quot;button-id&quot;
      title=&quot;Test button title&quot;
      type=&quot;button&quot;
    &gt;
      &lt;span
        class=&quot;leafygreen-ui-1cpk24m&quot;
      /&gt;
    &lt;/button&gt;
  &lt;/div&gt;
  &lt;div&gt;
    &lt;button
      aria-disabled=&quot;false&quot;
      class=&quot;leafygreen-ui-moke9e&quot;
      data-testid=&quot;button-id&quot;
      type=&quot;button&quot;
    &gt;
      &lt;span
        class=&quot;leafygreen-ui-1cpk24m&quot;
      /&gt;
    &lt;/button&gt;
  &lt;/div&gt;
  &lt;div&gt;
    &lt;button
      aria-disabled=&quot;true&quot;
      class=&quot;leafygreen-ui-s7bpt7&quot;
      data-testid=&quot;button-id&quot;
      disabled=&quot;&quot;
      type=&quot;button&quot;
    &gt;
      &lt;span
        class=&quot;leafygreen-ui-1cpk24m&quot;
      /&gt;
    &lt;/button&gt;
  &lt;/div&gt;
  &lt;div&gt;
    &lt;button
      aria-disabled=&quot;false&quot;
      class=&quot;leafygreen-ui-moke9e&quot;
      data-testid=&quot;button-id&quot;
      type=&quot;button&quot;
    &gt;
      &lt;span
        class=&quot;leafygreen-ui-1cpk24m&quot;
      /&gt;
    &lt;/button&gt;
  &lt;/div&gt;
  &lt;div&gt;
    &lt;button
      aria-disabled=&quot;false&quot;
      class=&quot;leafygreen-ui-moke9e&quot;
      data-testid=&quot;button-id&quot;
      type=&quot;button&quot;
    &gt;
      &lt;span
        class=&quot;leafygreen-ui-1cpk24m&quot;
      /&gt;
    &lt;/button&gt;
  &lt;/div&gt;
  &lt;div&gt;
    &lt;button
      aria-disabled=&quot;false&quot;
      class=&quot;leafygreen-ui-moke9e&quot;
      data-testid=&quot;button-id&quot;
      type=&quot;submit&quot;
    &gt;
      &lt;span
        class=&quot;leafygreen-ui-1cpk24m&quot;
      /&gt;
    &lt;/button&gt;
  &lt;/div&gt;
  &lt;div&gt;
    &lt;a
      aria-disabled=&quot;false&quot;
      class=&quot;leafygreen-ui-moke9e&quot;
      data-testid=&quot;button-id&quot;
      href=&quot;http://mongodb.design&quot;
    &gt;
      &lt;span
        class=&quot;leafygreen-ui-1cpk24m&quot;
      /&gt;
    &lt;/a&gt;
  &lt;/div&gt;
&lt;/body&gt;
    at getElementError (/Users/brookeyalof/Development/MongoDB/leafygreen-ui/packages/button/node_modules/@testing-library/dom/dist/query-helpers.js:46:10)
    at getMultipleElementsFoundError (/Users/brookeyalof/Development/MongoDB/leafygreen-ui/packages/button/node_modules/@testing-library/dom/dist/query-helpers.js:50:10)
    at getByTestId (/Users/brookeyalof/Development/MongoDB/leafygreen-ui/packages/button/node_modules/@testing-library/dom/dist/query-helpers.js:86:13)
    at renderButton (/Users/brookeyalof/Development/MongoDB/leafygreen-ui/packages/button/src/Button.spec.tsx:12:24)
    at Object.&lt;anonymous&gt; (/Users/brookeyalof/Development/MongoDB/leafygreen-ui/packages/button/src/Button.spec.tsx:60:24)
    at Object.asyncJestTest (/Users/brookeyalof/Development/MongoDB/leafygreen-ui/node_modules/jest-jasmine2/build/jasmineAsyncInstall.js:100:37)
    at /Users/brookeyalof/Development/MongoDB/leafygreen-ui/node_modules/jest-jasmine2/build/queueRunner.js:47:12
    at new Promise (&lt;anonymous&gt;)
    at mapper (/Users/brookeyalof/Development/MongoDB/leafygreen-ui/node_modules/jest-jasmine2/build/queueRunner.js:30:19)
    at /Users/brookeyalof/Development/MongoDB/leafygreen-ui/node_modules/jest-jasmine2/build/queueRunner.js:77:41</failure>
    </testcase>
    <testcase classname="packages/button renders component inside of button tag when &quot;href&quot; prop is set to null" name="packages/button renders component inside of button tag when &quot;href&quot; prop is set to null" time="0.003">
      <failure>Error: Found multiple elements by: [data-testid=&quot;button-id&quot;]

(If this is intentional, then use the `*AllBy*` variant of the query (like `queryAllByText`, `getAllByText`, or `findAllByText`)).

&lt;body&gt;
  &lt;div&gt;
    &lt;button
      aria-disabled=&quot;false&quot;
      class=&quot;test-button-class leafygreen-ui-moke9e&quot;
      data-testid=&quot;button-id&quot;
      type=&quot;button&quot;
    &gt;
      &lt;span
        class=&quot;leafygreen-ui-1cpk24m&quot;
      /&gt;
    &lt;/button&gt;
  &lt;/div&gt;
  &lt;div&gt;
    &lt;button
      aria-disabled=&quot;false&quot;
      class=&quot;leafygreen-ui-moke9e&quot;
      data-testid=&quot;button-id&quot;
      type=&quot;button&quot;
    &gt;
      &lt;span
        class=&quot;leafygreen-ui-1cpk24m&quot;
      &gt;
        Button child
      &lt;/span&gt;
    &lt;/button&gt;
  &lt;/div&gt;
  &lt;div&gt;
    &lt;button
      aria-disabled=&quot;false&quot;
      class=&quot;leafygreen-ui-moke9e&quot;
      data-testid=&quot;button-id&quot;
      title=&quot;Test button title&quot;
      type=&quot;button&quot;
    &gt;
      &lt;span
        class=&quot;leafygreen-ui-1cpk24m&quot;
      /&gt;
    &lt;/button&gt;
  &lt;/div&gt;
  &lt;div&gt;
    &lt;button
      aria-disabled=&quot;false&quot;
      class=&quot;leafygreen-ui-moke9e&quot;
      data-testid=&quot;button-id&quot;
      type=&quot;button&quot;
    &gt;
      &lt;span
        class=&quot;leafygreen-ui-1cpk24m&quot;
      /&gt;
    &lt;/button&gt;
  &lt;/div&gt;
  &lt;div&gt;
    &lt;button
      aria-disabled=&quot;true&quot;
      class=&quot;leafygreen-ui-s7bpt7&quot;
      data-testid=&quot;button-id&quot;
      disabled=&quot;&quot;
      type=&quot;button&quot;
    &gt;
      &lt;span
        class=&quot;leafygreen-ui-1cpk24m&quot;
      /&gt;
    &lt;/button&gt;
  &lt;/div&gt;
  &lt;div&gt;
    &lt;button
      aria-disabled=&quot;false&quot;
      class=&quot;leafygreen-ui-moke9e&quot;
      data-testid=&quot;button-id&quot;
      type=&quot;button&quot;
    &gt;
      &lt;span
        class=&quot;leafygreen-ui-1cpk24m&quot;
      /&gt;
    &lt;/button&gt;
  &lt;/div&gt;
  &lt;div&gt;
    &lt;button
      aria-disabled=&quot;false&quot;
      class=&quot;leafygreen-ui-moke9e&quot;
      data-testid=&quot;button-id&quot;
      type=&quot;button&quot;
    &gt;
      &lt;span
        class=&quot;leafygreen-ui-1cpk24m&quot;
      /&gt;
    &lt;/button&gt;
  &lt;/div&gt;
  &lt;div&gt;
    &lt;button
      aria-disabled=&quot;false&quot;
      class=&quot;leafygreen-ui-moke9e&quot;
      data-testid=&quot;button-id&quot;
      type=&quot;submit&quot;
    &gt;
      &lt;span
        class=&quot;leafygreen-ui-1cpk24m&quot;
      /&gt;
    &lt;/button&gt;
  &lt;/div&gt;
  &lt;div&gt;
    &lt;a
      aria-disabled=&quot;false&quot;
      class=&quot;leafygreen-ui-moke9e&quot;
      data-testid=&quot;button-id&quot;
      href=&quot;http://mongodb.design&quot;
    &gt;
      &lt;span
        class=&quot;leafygreen-ui-1cpk24m&quot;
      /&gt;
    &lt;/a&gt;
  &lt;/div&gt;
  &lt;div&gt;
    &lt;button
      aria-disabled=&quot;false&quot;
      class=&quot;leafygreen-ui-moke9e&quot;
      data-testid=&quot;button-id&quot;
      type=&quot;button&quot;
    &gt;
      &lt;span
        class=&quot;leafygreen-ui-1cpk24m&quot;
      /&gt;
    &lt;/button&gt;
  &lt;/div&gt;
&lt;/body&gt;
    at getElementError (/Users/brookeyalof/Development/MongoDB/leafygreen-ui/packages/button/node_modules/@testing-library/dom/dist/query-helpers.js:46:10)
    at getMultipleElementsFoundError (/Users/brookeyalof/Development/MongoDB/leafygreen-ui/packages/button/node_modules/@testing-library/dom/dist/query-helpers.js:50:10)
    at getByTestId (/Users/brookeyalof/Development/MongoDB/leafygreen-ui/packages/button/node_modules/@testing-library/dom/dist/query-helpers.js:86:13)
    at renderButton (/Users/brookeyalof/Development/MongoDB/leafygreen-ui/packages/button/src/Button.spec.tsx:12:24)
    at Object.&lt;anonymous&gt; (/Users/brookeyalof/Development/MongoDB/leafygreen-ui/packages/button/src/Button.spec.tsx:65:24)
    at Object.asyncJestTest (/Users/brookeyalof/Development/MongoDB/leafygreen-ui/node_modules/jest-jasmine2/build/jasmineAsyncInstall.js:100:37)
    at /Users/brookeyalof/Development/MongoDB/leafygreen-ui/node_modules/jest-jasmine2/build/queueRunner.js:47:12
    at new Promise (&lt;anonymous&gt;)
    at mapper (/Users/brookeyalof/Development/MongoDB/leafygreen-ui/node_modules/jest-jasmine2/build/queueRunner.js:30:19)
    at /Users/brookeyalof/Development/MongoDB/leafygreen-ui/node_modules/jest-jasmine2/build/queueRunner.js:77:41</failure>
    </testcase>
    <testcase classname="packages/button does not renders the disabled attributes when disabled is set and it&apos;s an anchor" name="packages/button does not renders the disabled attributes when disabled is set and it&apos;s an anchor" time="0.002">
      <failure>Error: Found multiple elements by: [data-testid=&quot;button-id&quot;]

(If this is intentional, then use the `*AllBy*` variant of the query (like `queryAllByText`, `getAllByText`, or `findAllByText`)).

&lt;body&gt;
  &lt;div&gt;
    &lt;button
      aria-disabled=&quot;false&quot;
      class=&quot;test-button-class leafygreen-ui-moke9e&quot;
      data-testid=&quot;button-id&quot;
      type=&quot;button&quot;
    &gt;
      &lt;span
        class=&quot;leafygreen-ui-1cpk24m&quot;
      /&gt;
    &lt;/button&gt;
  &lt;/div&gt;
  &lt;div&gt;
    &lt;button
      aria-disabled=&quot;false&quot;
      class=&quot;leafygreen-ui-moke9e&quot;
      data-testid=&quot;button-id&quot;
      type=&quot;button&quot;
    &gt;
      &lt;span
        class=&quot;leafygreen-ui-1cpk24m&quot;
      &gt;
        Button child
      &lt;/span&gt;
    &lt;/button&gt;
  &lt;/div&gt;
  &lt;div&gt;
    &lt;button
      aria-disabled=&quot;false&quot;
      class=&quot;leafygreen-ui-moke9e&quot;
      data-testid=&quot;button-id&quot;
      title=&quot;Test button title&quot;
      type=&quot;button&quot;
    &gt;
      &lt;span
        class=&quot;leafygreen-ui-1cpk24m&quot;
      /&gt;
    &lt;/button&gt;
  &lt;/div&gt;
  &lt;div&gt;
    &lt;button
      aria-disabled=&quot;false&quot;
      class=&quot;leafygreen-ui-moke9e&quot;
      data-testid=&quot;button-id&quot;
      type=&quot;button&quot;
    &gt;
      &lt;span
        class=&quot;leafygreen-ui-1cpk24m&quot;
      /&gt;
    &lt;/button&gt;
  &lt;/div&gt;
  &lt;div&gt;
    &lt;button
      aria-disabled=&quot;true&quot;
      class=&quot;leafygreen-ui-s7bpt7&quot;
      data-testid=&quot;button-id&quot;
      disabled=&quot;&quot;
      type=&quot;button&quot;
    &gt;
      &lt;span
        class=&quot;leafygreen-ui-1cpk24m&quot;
      /&gt;
    &lt;/button&gt;
  &lt;/div&gt;
  &lt;div&gt;
    &lt;button
      aria-disabled=&quot;false&quot;
      class=&quot;leafygreen-ui-moke9e&quot;
      data-testid=&quot;button-id&quot;
      type=&quot;button&quot;
    &gt;
      &lt;span
        class=&quot;leafygreen-ui-1cpk24m&quot;
      /&gt;
    &lt;/button&gt;
  &lt;/div&gt;
  &lt;div&gt;
    &lt;button
      aria-disabled=&quot;false&quot;
      class=&quot;leafygreen-ui-moke9e&quot;
      data-testid=&quot;button-id&quot;
      type=&quot;button&quot;
    &gt;
      &lt;span
        class=&quot;leafygreen-ui-1cpk24m&quot;
      /&gt;
    &lt;/button&gt;
  &lt;/div&gt;
  &lt;div&gt;
    &lt;button
      aria-disabled=&quot;false&quot;
      class=&quot;leafygreen-ui-moke9e&quot;
      data-testid=&quot;button-id&quot;
      type=&quot;submit&quot;
    &gt;
      &lt;span
        class=&quot;leafygreen-ui-1cpk24m&quot;
      /&gt;
    &lt;/button&gt;
  &lt;/div&gt;
  &lt;div&gt;
    &lt;a
      aria-disabled=&quot;false&quot;
      class=&quot;leafygreen-ui-moke9e&quot;
      data-testid=&quot;button-id&quot;
      href=&quot;http://mongodb.design&quot;
    &gt;
      &lt;span
        class=&quot;leafygreen-ui-1cpk24m&quot;
      /&gt;
    &lt;/a&gt;
  &lt;/div&gt;
  &lt;div&gt;
    &lt;button
      aria-disabled=&quot;false&quot;
      class=&quot;leafygreen-ui-moke9e&quot;
      data-testid=&quot;button-id&quot;
      type=&quot;button&quot;
    &gt;
      &lt;span
        class=&quot;leafygreen-ui-1cpk24m&quot;
      /&gt;
    &lt;/button&gt;
  &lt;/div&gt;
  &lt;div&gt;
    &lt;a
      aria-disabled=&quot;true&quot;
      class=&quot;leafygreen-ui-s7bpt7&quot;
      data-testid=&quot;button-id&quot;
      href=&quot;http://mongodb.design&quot;
    &gt;
      &lt;span
        class=&quot;leafygreen-ui-1cpk24m&quot;
      /&gt;
    &lt;/a&gt;
  &lt;/div&gt;
&lt;/body&gt;
    at getElementError (/Users/brookeyalof/Development/MongoDB/leafygreen-ui/packages/button/node_modules/@testing-library/dom/dist/query-helpers.js:46:10)
    at getMultipleElementsFoundError (/Users/brookeyalof/Development/MongoDB/leafygreen-ui/packages/button/node_modules/@testing-library/dom/dist/query-helpers.js:50:10)
    at getByTestId (/Users/brookeyalof/Development/MongoDB/leafygreen-ui/packages/button/node_modules/@testing-library/dom/dist/query-helpers.js:86:13)
    at renderButton (/Users/brookeyalof/Development/MongoDB/leafygreen-ui/packages/button/src/Button.spec.tsx:12:24)
    at Object.&lt;anonymous&gt; (/Users/brookeyalof/Development/MongoDB/leafygreen-ui/packages/button/src/Button.spec.tsx:70:24)
    at Object.asyncJestTest (/Users/brookeyalof/Development/MongoDB/leafygreen-ui/node_modules/jest-jasmine2/build/jasmineAsyncInstall.js:100:37)
    at /Users/brookeyalof/Development/MongoDB/leafygreen-ui/node_modules/jest-jasmine2/build/queueRunner.js:47:12
    at new Promise (&lt;anonymous&gt;)
    at mapper (/Users/brookeyalof/Development/MongoDB/leafygreen-ui/node_modules/jest-jasmine2/build/queueRunner.js:30:19)
    at /Users/brookeyalof/Development/MongoDB/leafygreen-ui/node_modules/jest-jasmine2/build/queueRunner.js:77:41</failure>
    </testcase>
    <testcase classname="packages/button renders component inside of a React Element/HTML tag based on as prop" name="packages/button renders component inside of a React Element/HTML tag based on as prop" time="0.003">
      <failure>Error: Found multiple elements by: [data-testid=&quot;button-id&quot;]

(If this is intentional, then use the `*AllBy*` variant of the query (like `queryAllByText`, `getAllByText`, or `findAllByText`)).

&lt;body&gt;
  &lt;div&gt;
    &lt;button
      aria-disabled=&quot;false&quot;
      class=&quot;test-button-class leafygreen-ui-moke9e&quot;
      data-testid=&quot;button-id&quot;
      type=&quot;button&quot;
    &gt;
      &lt;span
        class=&quot;leafygreen-ui-1cpk24m&quot;
      /&gt;
    &lt;/button&gt;
  &lt;/div&gt;
  &lt;div&gt;
    &lt;button
      aria-disabled=&quot;false&quot;
      class=&quot;leafygreen-ui-moke9e&quot;
      data-testid=&quot;button-id&quot;
      type=&quot;button&quot;
    &gt;
      &lt;span
        class=&quot;leafygreen-ui-1cpk24m&quot;
      &gt;
        Button child
      &lt;/span&gt;
    &lt;/button&gt;
  &lt;/div&gt;
  &lt;div&gt;
    &lt;button
      aria-disabled=&quot;false&quot;
      class=&quot;leafygreen-ui-moke9e&quot;
      data-testid=&quot;button-id&quot;
      title=&quot;Test button title&quot;
      type=&quot;button&quot;
    &gt;
      &lt;span
        class=&quot;leafygreen-ui-1cpk24m&quot;
      /&gt;
    &lt;/button&gt;
  &lt;/div&gt;
  &lt;div&gt;
    &lt;button
      aria-disabled=&quot;false&quot;
      class=&quot;leafygreen-ui-moke9e&quot;
      data-testid=&quot;button-id&quot;
      type=&quot;button&quot;
    &gt;
      &lt;span
        class=&quot;leafygreen-ui-1cpk24m&quot;
      /&gt;
    &lt;/button&gt;
  &lt;/div&gt;
  &lt;div&gt;
    &lt;button
      aria-disabled=&quot;true&quot;
      class=&quot;leafygreen-ui-s7bpt7&quot;
      data-testid=&quot;button-id&quot;
      disabled=&quot;&quot;
      type=&quot;button&quot;
    &gt;
      &lt;span
        class=&quot;leafygreen-ui-1cpk24m&quot;
      /&gt;
    &lt;/button&gt;
  &lt;/div&gt;
  &lt;div&gt;
    &lt;button
      aria-disabled=&quot;false&quot;
      class=&quot;leafygreen-ui-moke9e&quot;
      data-testid=&quot;button-id&quot;
      type=&quot;button&quot;
    &gt;
      &lt;span
        class=&quot;leafygreen-ui-1cpk24m&quot;
      /&gt;
    &lt;/button&gt;
  &lt;/div&gt;
  &lt;div&gt;
    &lt;button
      aria-disabled=&quot;false&quot;
      class=&quot;leafygreen-ui-moke9e&quot;
      data-testid=&quot;button-id&quot;
      type=&quot;button&quot;
    &gt;
      &lt;span
        class=&quot;leafygreen-ui-1cpk24m&quot;
      /&gt;
    &lt;/button&gt;
  &lt;/div&gt;
  &lt;div&gt;
    &lt;button
      aria-disabled=&quot;false&quot;
      class=&quot;leafygreen-ui-moke9e&quot;
      data-testid=&quot;button-id&quot;
      type=&quot;submit&quot;
    &gt;
      &lt;span
        class=&quot;leafygreen-ui-1cpk24m&quot;
      /&gt;
    &lt;/button&gt;
  &lt;/div&gt;
  &lt;div&gt;
    &lt;a
      aria-disabled=&quot;false&quot;
      class=&quot;leafygreen-ui-moke9e&quot;
      data-testid=&quot;button-id&quot;
      href=&quot;http://mongodb.design&quot;
    &gt;
      &lt;span
        class=&quot;leafygreen-ui-1cpk24m&quot;
      /&gt;
    &lt;/a&gt;
  &lt;/div&gt;
  &lt;div&gt;
    &lt;button
      aria-disabled=&quot;false&quot;
      class=&quot;leafygreen-ui-moke9e&quot;
      data-testid=&quot;button-id&quot;
      type=&quot;button&quot;
    &gt;
      &lt;span
        class=&quot;leafygreen-ui-1cpk24m&quot;
      /&gt;
    &lt;/button&gt;
  &lt;/div&gt;
  &lt;div&gt;
    &lt;a
      aria-disabled=&quot;true&quot;
      class=&quot;leafygreen-ui-s7bpt7&quot;
      data-testid=&quot;button-id&quot;
      href=&quot;http://mongodb.design&quot;
    &gt;
      &lt;span
        class=&quot;leafygreen-ui-1cpk24m&quot;
      /&gt;
    &lt;/a&gt;
  &lt;/div&gt;
  &lt;div&gt;
    &lt;div
      aria-disabled=&quot;false&quot;
      class=&quot;leafygreen-ui-moke9e&quot;
      data-testid=&quot;button-id&quot;
      type=&quot;button&quot;
    &gt;
      &lt;span
        class=&quot;leafygreen-ui-1cpk24m&quot;
      /&gt;
    &lt;/div&gt;
  &lt;/div&gt;
&lt;/body&gt;
    at getElementError (/Users/brookeyalof/Development/MongoDB/leafygreen-ui/packages/button/node_modules/@testing-library/dom/dist/query-helpers.js:46:10)
    at getMultipleElementsFoundError (/Users/brookeyalof/Development/MongoDB/leafygreen-ui/packages/button/node_modules/@testing-library/dom/dist/query-helpers.js:50:10)
    at getByTestId (/Users/brookeyalof/Development/MongoDB/leafygreen-ui/packages/button/node_modules/@testing-library/dom/dist/query-helpers.js:86:13)
    at renderButton (/Users/brookeyalof/Development/MongoDB/leafygreen-ui/packages/button/src/Button.spec.tsx:12:24)
    at Object.&lt;anonymous&gt; (/Users/brookeyalof/Development/MongoDB/leafygreen-ui/packages/button/src/Button.spec.tsx:79:24)
    at Object.asyncJestTest (/Users/brookeyalof/Development/MongoDB/leafygreen-ui/node_modules/jest-jasmine2/build/jasmineAsyncInstall.js:100:37)
    at /Users/brookeyalof/Development/MongoDB/leafygreen-ui/node_modules/jest-jasmine2/build/queueRunner.js:47:12
    at new Promise (&lt;anonymous&gt;)
    at mapper (/Users/brookeyalof/Development/MongoDB/leafygreen-ui/node_modules/jest-jasmine2/build/queueRunner.js:30:19)
    at /Users/brookeyalof/Development/MongoDB/leafygreen-ui/node_modules/jest-jasmine2/build/queueRunner.js:77:41</failure>
    </testcase>
    <testcase classname="packages/button renders a button with an arbitrary element passed in glyph prop" name="packages/button renders a button with an arbitrary element passed in glyph prop" time="0.002">
      <failure>Error: Found multiple elements by: [data-testid=&quot;button-id&quot;]

(If this is intentional, then use the `*AllBy*` variant of the query (like `queryAllByText`, `getAllByText`, or `findAllByText`)).

&lt;body&gt;
  &lt;div&gt;
    &lt;button
      aria-disabled=&quot;false&quot;
      class=&quot;test-button-class leafygreen-ui-moke9e&quot;
      data-testid=&quot;button-id&quot;
      type=&quot;button&quot;
    &gt;
      &lt;span
        class=&quot;leafygreen-ui-1cpk24m&quot;
      /&gt;
    &lt;/button&gt;
  &lt;/div&gt;
  &lt;div&gt;
    &lt;button
      aria-disabled=&quot;false&quot;
      class=&quot;leafygreen-ui-moke9e&quot;
      data-testid=&quot;button-id&quot;
      type=&quot;button&quot;
    &gt;
      &lt;span
        class=&quot;leafygreen-ui-1cpk24m&quot;
      &gt;
        Button child
      &lt;/span&gt;
    &lt;/button&gt;
  &lt;/div&gt;
  &lt;div&gt;
    &lt;button
      aria-disabled=&quot;false&quot;
      class=&quot;leafygreen-ui-moke9e&quot;
      data-testid=&quot;button-id&quot;
      title=&quot;Test button title&quot;
      type=&quot;button&quot;
    &gt;
      &lt;span
        class=&quot;leafygreen-ui-1cpk24m&quot;
      /&gt;
    &lt;/button&gt;
  &lt;/div&gt;
  &lt;div&gt;
    &lt;button
      aria-disabled=&quot;false&quot;
      class=&quot;leafygreen-ui-moke9e&quot;
      data-testid=&quot;button-id&quot;
      type=&quot;button&quot;
    &gt;
      &lt;span
        class=&quot;leafygreen-ui-1cpk24m&quot;
      /&gt;
    &lt;/button&gt;
  &lt;/div&gt;
  &lt;div&gt;
    &lt;button
      aria-disabled=&quot;true&quot;
      class=&quot;leafygreen-ui-s7bpt7&quot;
      data-testid=&quot;button-id&quot;
      disabled=&quot;&quot;
      type=&quot;button&quot;
    &gt;
      &lt;span
        class=&quot;leafygreen-ui-1cpk24m&quot;
      /&gt;
    &lt;/button&gt;
  &lt;/div&gt;
  &lt;div&gt;
    &lt;button
      aria-disabled=&quot;false&quot;
      class=&quot;leafygreen-ui-moke9e&quot;
      data-testid=&quot;button-id&quot;
      type=&quot;button&quot;
    &gt;
      &lt;span
        class=&quot;leafygreen-ui-1cpk24m&quot;
      /&gt;
    &lt;/button&gt;
  &lt;/div&gt;
  &lt;div&gt;
    &lt;button
      aria-disabled=&quot;false&quot;
      class=&quot;leafygreen-ui-moke9e&quot;
      data-testid=&quot;button-id&quot;
      type=&quot;button&quot;
    &gt;
      &lt;span
        class=&quot;leafygreen-ui-1cpk24m&quot;
      /&gt;
    &lt;/button&gt;
  &lt;/div&gt;
  &lt;div&gt;
    &lt;button
      aria-disabled=&quot;false&quot;
      class=&quot;leafygreen-ui-moke9e&quot;
      data-testid=&quot;button-id&quot;
      type=&quot;submit&quot;
    &gt;
      &lt;span
        class=&quot;leafygreen-ui-1cpk24m&quot;
      /&gt;
    &lt;/button&gt;
  &lt;/div&gt;
  &lt;div&gt;
    &lt;a
      aria-disabled=&quot;false&quot;
      class=&quot;leafygreen-ui-moke9e&quot;
      data-testid=&quot;button-id&quot;
      href=&quot;http://mongodb.design&quot;
    &gt;
      &lt;span
        class=&quot;leafygreen-ui-1cpk24m&quot;
      /&gt;
    &lt;/a&gt;
  &lt;/div&gt;
  &lt;div&gt;
    &lt;button
      aria-disabled=&quot;false&quot;
      class=&quot;leafygreen-ui-moke9e&quot;
      data-testid=&quot;button-id&quot;
      type=&quot;button&quot;
    &gt;
      &lt;span
        class=&quot;leafygreen-ui-1cpk24m&quot;
      /&gt;
    &lt;/button&gt;
  &lt;/div&gt;
  &lt;div&gt;
    &lt;a
      aria-disabled=&quot;true&quot;
      class=&quot;leafygreen-ui-s7bpt7&quot;
      data-testid=&quot;button-id&quot;
      href=&quot;http://mongodb.design&quot;
    &gt;
      &lt;span
        class=&quot;leafygreen-ui-1cpk24m&quot;
      /&gt;
    &lt;/a&gt;
  &lt;/div&gt;
  &lt;div&gt;
    &lt;div
      aria-disabled=&quot;false&quot;
      class=&quot;leafygreen-ui-moke9e&quot;
      data-testid=&quot;button-id&quot;
      type=&quot;button&quot;
    &gt;
      &lt;span
        class=&quot;leafygreen-ui-1cpk24m&quot;
      /&gt;
    &lt;/div&gt;
  &lt;/div&gt;
  &lt;div&gt;
    &lt;button
      aria-disabled=&quot;false&quot;
      class=&quot;leafygreen-ui-moke9e&quot;
      data-testid=&quot;button-id&quot;
      type=&quot;button&quot;
    &gt;
      &lt;span
        class=&quot;leafygreen-ui-1cpk24m&quot;
      &gt;
        &lt;svg /&gt;
      &lt;/span&gt;
    &lt;/button&gt;
  &lt;/div&gt;
&lt;/body&gt;
    at getElementError (/Users/brookeyalof/Development/MongoDB/leafygreen-ui/packages/button/node_modules/@testing-library/dom/dist/query-helpers.js:46:10)
    at getMultipleElementsFoundError (/Users/brookeyalof/Development/MongoDB/leafygreen-ui/packages/button/node_modules/@testing-library/dom/dist/query-helpers.js:50:10)
    at getByTestId (/Users/brookeyalof/Development/MongoDB/leafygreen-ui/packages/button/node_modules/@testing-library/dom/dist/query-helpers.js:86:13)
    at renderButton (/Users/brookeyalof/Development/MongoDB/leafygreen-ui/packages/button/src/Button.spec.tsx:12:24)
    at Object.&lt;anonymous&gt; (/Users/brookeyalof/Development/MongoDB/leafygreen-ui/packages/button/src/Button.spec.tsx:84:24)
    at Object.asyncJestTest (/Users/brookeyalof/Development/MongoDB/leafygreen-ui/node_modules/jest-jasmine2/build/jasmineAsyncInstall.js:100:37)
    at /Users/brookeyalof/Development/MongoDB/leafygreen-ui/node_modules/jest-jasmine2/build/queueRunner.js:47:12
    at new Promise (&lt;anonymous&gt;)
    at mapper (/Users/brookeyalof/Development/MongoDB/leafygreen-ui/node_modules/jest-jasmine2/build/queueRunner.js:30:19)
    at /Users/brookeyalof/Development/MongoDB/leafygreen-ui/node_modules/jest-jasmine2/build/queueRunner.js:77:41</failure>
    </testcase>
  </testsuite>
  <testsuite name="packages/Toggle" errors="0" failures="9" skipped="0" timestamp="2020-07-29T17:06:36" time="0.549" tests="10">
    <testcase classname="packages/Toggle renders &quot;test-toggle-class&quot; in the container label&apos;s classList" name="packages/Toggle renders &quot;test-toggle-class&quot; in the container label&apos;s classList" time="0.029">
    </testcase>
    <testcase classname="packages/Toggle toggle is not checked by default" name="packages/Toggle toggle is not checked by default" time="0.007">
      <failure>Error: Found multiple elements by: [data-testid=&quot;toggle-test-id&quot;]

(If this is intentional, then use the `*AllBy*` variant of the query (like `queryAllByText`, `getAllByText`, or `findAllByText`)).

&lt;body&gt;
  &lt;div&gt;
    &lt;label
      class=&quot;leafygreen-ui-2cev7 test-toggle-class&quot;
      for=&quot;toggle-5818575&quot;
    &gt;
      &lt;input
        aria-checked=&quot;false&quot;
        aria-disabled=&quot;false&quot;
        class=&quot;leafygreen-ui-1vdoo3t&quot;
        data-leafygreen-ui=&quot;toggle-input&quot;
        data-testid=&quot;toggle-test-id&quot;
        id=&quot;toggle-5818575&quot;
        name=&quot;toggle-5818575&quot;
        type=&quot;checkbox&quot;
      /&gt;
      &lt;div
        class=&quot;leafygreen-ui-gfakuo&quot;
      /&gt;
      &lt;div
        class=&quot;leafygreen-ui-xcmqcf&quot;
        data-leafygreen-ui=&quot;toggle-groove&quot;
      &gt;
        &lt;div
          class=&quot;leafygreen-ui-10jv9ad&quot;
        &gt;
          On
        &lt;/div&gt;
        &lt;div
          class=&quot;leafygreen-ui-peohrj&quot;
        &gt;
          Off
        &lt;/div&gt;
        &lt;div
          class=&quot;leafygreen-ui-8hck48&quot;
        /&gt;
      &lt;/div&gt;
    &lt;/label&gt;
  &lt;/div&gt;
  &lt;div&gt;
    &lt;label
      class=&quot;leafygreen-ui-2cev7&quot;
      for=&quot;toggle-1098462&quot;
    &gt;
      &lt;input
        aria-checked=&quot;false&quot;
        aria-disabled=&quot;false&quot;
        class=&quot;leafygreen-ui-1vdoo3t&quot;
        data-leafygreen-ui=&quot;toggle-input&quot;
        data-testid=&quot;toggle-test-id&quot;
        id=&quot;toggle-1098462&quot;
        name=&quot;toggle-1098462&quot;
        type=&quot;checkbox&quot;
      /&gt;
      &lt;div
        class=&quot;leafygreen-ui-gfakuo&quot;
      /&gt;
      &lt;div
        class=&quot;leafygreen-ui-xcmqcf&quot;
        data-leafygreen-ui=&quot;toggle-groove&quot;
      &gt;
        &lt;div
          class=&quot;leafygreen-ui-10jv9ad&quot;
        &gt;
          On
        &lt;/div&gt;
        &lt;div
          class=&quot;leafygreen-ui-peohrj&quot;
        &gt;
          Off
        &lt;/div&gt;
        &lt;div
          class=&quot;leafygreen-ui-8hck48&quot;
        /&gt;
      &lt;/div&gt;
    &lt;/label&gt;
  &lt;/div&gt;
&lt;/body&gt;
    at getElementError (/Users/brookeyalof/Development/MongoDB/leafygreen-ui/packages/toggle/node_modules/@testing-library/dom/dist/query-helpers.js:46:10)
    at getMultipleElementsFoundError (/Users/brookeyalof/Development/MongoDB/leafygreen-ui/packages/toggle/node_modules/@testing-library/dom/dist/query-helpers.js:50:10)
    at getByTestId (/Users/brookeyalof/Development/MongoDB/leafygreen-ui/packages/toggle/node_modules/@testing-library/dom/dist/query-helpers.js:86:13)
    at renderToggle (/Users/brookeyalof/Development/MongoDB/leafygreen-ui/packages/toggle/src/Toggle.spec.tsx:9:24)
    at Object.&lt;anonymous&gt; (/Users/brookeyalof/Development/MongoDB/leafygreen-ui/packages/toggle/src/Toggle.spec.tsx:21:24)
    at Object.asyncJestTest (/Users/brookeyalof/Development/MongoDB/leafygreen-ui/node_modules/jest-jasmine2/build/jasmineAsyncInstall.js:100:37)
    at /Users/brookeyalof/Development/MongoDB/leafygreen-ui/node_modules/jest-jasmine2/build/queueRunner.js:47:12
    at new Promise (&lt;anonymous&gt;)
    at mapper (/Users/brookeyalof/Development/MongoDB/leafygreen-ui/node_modules/jest-jasmine2/build/queueRunner.js:30:19)
    at /Users/brookeyalof/Development/MongoDB/leafygreen-ui/node_modules/jest-jasmine2/build/queueRunner.js:77:41</failure>
    </testcase>
    <testcase classname="packages/Toggle toggle is checked when checked prop is set" name="packages/Toggle toggle is checked when checked prop is set" time="0.01">
      <failure>Error: Found multiple elements by: [data-testid=&quot;toggle-test-id&quot;]

(If this is intentional, then use the `*AllBy*` variant of the query (like `queryAllByText`, `getAllByText`, or `findAllByText`)).

&lt;body&gt;
  &lt;div&gt;
    &lt;label
      class=&quot;leafygreen-ui-2cev7 test-toggle-class&quot;
      for=&quot;toggle-5818575&quot;
    &gt;
      &lt;input
        aria-checked=&quot;false&quot;
        aria-disabled=&quot;false&quot;
        class=&quot;leafygreen-ui-1vdoo3t&quot;
        data-leafygreen-ui=&quot;toggle-input&quot;
        data-testid=&quot;toggle-test-id&quot;
        id=&quot;toggle-5818575&quot;
        name=&quot;toggle-5818575&quot;
        type=&quot;checkbox&quot;
      /&gt;
      &lt;div
        class=&quot;leafygreen-ui-gfakuo&quot;
      /&gt;
      &lt;div
        class=&quot;leafygreen-ui-xcmqcf&quot;
        data-leafygreen-ui=&quot;toggle-groove&quot;
      &gt;
        &lt;div
          class=&quot;leafygreen-ui-10jv9ad&quot;
        &gt;
          On
        &lt;/div&gt;
        &lt;div
          class=&quot;leafygreen-ui-peohrj&quot;
        &gt;
          Off
        &lt;/div&gt;
        &lt;div
          class=&quot;leafygreen-ui-8hck48&quot;
        /&gt;
      &lt;/div&gt;
    &lt;/label&gt;
  &lt;/div&gt;
  &lt;div&gt;
    &lt;label
      class=&quot;leafygreen-ui-2cev7&quot;
      for=&quot;toggle-1098462&quot;
    &gt;
      &lt;input
        aria-checked=&quot;false&quot;
        aria-disabled=&quot;false&quot;
        class=&quot;leafygreen-ui-1vdoo3t&quot;
        data-leafygreen-ui=&quot;toggle-input&quot;
        data-testid=&quot;toggle-test-id&quot;
        id=&quot;toggle-1098462&quot;
        name=&quot;toggle-1098462&quot;
        type=&quot;checkbox&quot;
      /&gt;
      &lt;div
        class=&quot;leafygreen-ui-gfakuo&quot;
      /&gt;
      &lt;div
        class=&quot;leafygreen-ui-xcmqcf&quot;
        data-leafygreen-ui=&quot;toggle-groove&quot;
      &gt;
        &lt;div
          class=&quot;leafygreen-ui-10jv9ad&quot;
        &gt;
          On
        &lt;/div&gt;
        &lt;div
          class=&quot;leafygreen-ui-peohrj&quot;
        &gt;
          Off
        &lt;/div&gt;
        &lt;div
          class=&quot;leafygreen-ui-8hck48&quot;
        /&gt;
      &lt;/div&gt;
    &lt;/label&gt;
  &lt;/div&gt;
  &lt;div&gt;
    &lt;label
      class=&quot;leafygreen-ui-2cev7&quot;
      for=&quot;toggle-3411081&quot;
    &gt;
      &lt;input
        aria-checked=&quot;true&quot;
        aria-disabled=&quot;false&quot;
        checked=&quot;&quot;
        class=&quot;leafygreen-ui-1vdoo3t&quot;
        data-leafygreen-ui=&quot;toggle-input&quot;
        data-testid=&quot;toggle-test-id&quot;
        id=&quot;toggle-3411081&quot;
        name=&quot;toggle-3411081&quot;
        type=&quot;checkbox&quot;
      /&gt;
      &lt;div
        class=&quot;leafygreen-ui-gfakuo&quot;
      /&gt;
      &lt;div
        class=&quot;leafygreen-ui-1drpa8h&quot;
        data-leafygreen-ui=&quot;toggle-groove&quot;
      &gt;
        &lt;div
          class=&quot;leafygreen-ui-10jv9ad&quot;
        &gt;
          On
        &lt;/div&gt;
        &lt;div
          class=&quot;leafygreen-ui-peohrj&quot;
        &gt;
          Off
        &lt;/div&gt;
        &lt;div
          class=&quot;leafygreen-ui-yv39hf&quot;
        /&gt;
      &lt;/div&gt;
    &lt;/label&gt;
  &lt;/div&gt;
&lt;/body&gt;
    at getElementError (/Users/brookeyalof/Development/MongoDB/leafygreen-ui/packages/toggle/node_modules/@testing-library/dom/dist/query-helpers.js:46:10)
    at getMultipleElementsFoundError (/Users/brookeyalof/Development/MongoDB/leafygreen-ui/packages/toggle/node_modules/@testing-library/dom/dist/query-helpers.js:50:10)
    at getByTestId (/Users/brookeyalof/Development/MongoDB/leafygreen-ui/packages/toggle/node_modules/@testing-library/dom/dist/query-helpers.js:86:13)
    at renderToggle (/Users/brookeyalof/Development/MongoDB/leafygreen-ui/packages/toggle/src/Toggle.spec.tsx:9:24)
    at Object.&lt;anonymous&gt; (/Users/brookeyalof/Development/MongoDB/leafygreen-ui/packages/toggle/src/Toggle.spec.tsx:27:24)
    at Object.asyncJestTest (/Users/brookeyalof/Development/MongoDB/leafygreen-ui/node_modules/jest-jasmine2/build/jasmineAsyncInstall.js:100:37)
    at /Users/brookeyalof/Development/MongoDB/leafygreen-ui/node_modules/jest-jasmine2/build/queueRunner.js:47:12
    at new Promise (&lt;anonymous&gt;)
    at mapper (/Users/brookeyalof/Development/MongoDB/leafygreen-ui/node_modules/jest-jasmine2/build/queueRunner.js:30:19)
    at /Users/brookeyalof/Development/MongoDB/leafygreen-ui/node_modules/jest-jasmine2/build/queueRunner.js:77:41</failure>
    </testcase>
    <testcase classname="packages/Toggle toggle is disabled when disabled prop is set" name="packages/Toggle toggle is disabled when disabled prop is set" time="0.012">
      <failure>Error: Found multiple elements by: [data-testid=&quot;toggle-test-id&quot;]

(If this is intentional, then use the `*AllBy*` variant of the query (like `queryAllByText`, `getAllByText`, or `findAllByText`)).

&lt;body&gt;
  &lt;div&gt;
    &lt;label
      class=&quot;leafygreen-ui-2cev7 test-toggle-class&quot;
      for=&quot;toggle-5818575&quot;
    &gt;
      &lt;input
        aria-checked=&quot;false&quot;
        aria-disabled=&quot;false&quot;
        class=&quot;leafygreen-ui-1vdoo3t&quot;
        data-leafygreen-ui=&quot;toggle-input&quot;
        data-testid=&quot;toggle-test-id&quot;
        id=&quot;toggle-5818575&quot;
        name=&quot;toggle-5818575&quot;
        type=&quot;checkbox&quot;
      /&gt;
      &lt;div
        class=&quot;leafygreen-ui-gfakuo&quot;
      /&gt;
      &lt;div
        class=&quot;leafygreen-ui-xcmqcf&quot;
        data-leafygreen-ui=&quot;toggle-groove&quot;
      &gt;
        &lt;div
          class=&quot;leafygreen-ui-10jv9ad&quot;
        &gt;
          On
        &lt;/div&gt;
        &lt;div
          class=&quot;leafygreen-ui-peohrj&quot;
        &gt;
          Off
        &lt;/div&gt;
        &lt;div
          class=&quot;leafygreen-ui-8hck48&quot;
        /&gt;
      &lt;/div&gt;
    &lt;/label&gt;
  &lt;/div&gt;
  &lt;div&gt;
    &lt;label
      class=&quot;leafygreen-ui-2cev7&quot;
      for=&quot;toggle-1098462&quot;
    &gt;
      &lt;input
        aria-checked=&quot;false&quot;
        aria-disabled=&quot;false&quot;
        class=&quot;leafygreen-ui-1vdoo3t&quot;
        data-leafygreen-ui=&quot;toggle-input&quot;
        data-testid=&quot;toggle-test-id&quot;
        id=&quot;toggle-1098462&quot;
        name=&quot;toggle-1098462&quot;
        type=&quot;checkbox&quot;
      /&gt;
      &lt;div
        class=&quot;leafygreen-ui-gfakuo&quot;
      /&gt;
      &lt;div
        class=&quot;leafygreen-ui-xcmqcf&quot;
        data-leafygreen-ui=&quot;toggle-groove&quot;
      &gt;
        &lt;div
          class=&quot;leafygreen-ui-10jv9ad&quot;
        &gt;
          On
        &lt;/div&gt;
        &lt;div
          class=&quot;leafygreen-ui-peohrj&quot;
        &gt;
          Off
        &lt;/div&gt;
        &lt;div
          class=&quot;leafygreen-ui-8hck48&quot;
        /&gt;
      &lt;/div&gt;
    &lt;/label&gt;
  &lt;/div&gt;
  &lt;div&gt;
    &lt;label
      class=&quot;leafygreen-ui-2cev7&quot;
      for=&quot;toggle-3411081&quot;
    &gt;
      &lt;input
        aria-checked=&quot;true&quot;
        aria-disabled=&quot;false&quot;
        checked=&quot;&quot;
        class=&quot;leafygreen-ui-1vdoo3t&quot;
        data-leafygreen-ui=&quot;toggle-input&quot;
        data-testid=&quot;toggle-test-id&quot;
        id=&quot;toggle-3411081&quot;
        name=&quot;toggle-3411081&quot;
        type=&quot;checkbox&quot;
      /&gt;
      &lt;div
        class=&quot;leafygreen-ui-gfakuo&quot;
      /&gt;
      &lt;div
        class=&quot;leafygreen-ui-1drpa8h&quot;
        data-leafygreen-ui=&quot;toggle-groove&quot;
      &gt;
        &lt;div
          class=&quot;leafygreen-ui-10jv9ad&quot;
        &gt;
          On
        &lt;/div&gt;
        &lt;div
          class=&quot;leafygreen-ui-peohrj&quot;
        &gt;
          Off
        &lt;/div&gt;
        &lt;div
          class=&quot;leafygreen-ui-yv39hf&quot;
        /&gt;
      &lt;/div&gt;
    &lt;/label&gt;
  &lt;/div&gt;
  &lt;div&gt;
    &lt;label
      class=&quot;leafygreen-ui-qw21vv&quot;
      for=&quot;toggle-5888670&quot;
    &gt;
      &lt;input
        aria-checked=&quot;false&quot;
        aria-disabled=&quot;true&quot;
        class=&quot;leafygreen-ui-1vdoo3t&quot;
        data-leafygreen-ui=&quot;toggle-input&quot;
        data-testid=&quot;toggle-test-id&quot;
        disabled=&quot;&quot;
        id=&quot;toggle-5888670&quot;
        name=&quot;toggle-5888670&quot;
        type=&quot;checkbox&quot;
      /&gt;
      &lt;div
        class=&quot;leafygreen-ui-gfakuo&quot;
      /&gt;
      &lt;div
        class=&quot;leafygreen-ui-alk15j&quot;
        data-leafygreen-ui=&quot;toggle-groove&quot;
      &gt;
        &lt;div
          class=&quot;leafygreen-ui-1u6q1fo&quot;
        /&gt;
      &lt;/div&gt;
    &lt;/label&gt;
  &lt;/div&gt;
&lt;/body&gt;
    at getElementError (/Users/brookeyalof/Development/MongoDB/leafygreen-ui/packages/toggle/node_modules/@testing-library/dom/dist/query-helpers.js:46:10)
    at getMultipleElementsFoundError (/Users/brookeyalof/Development/MongoDB/leafygreen-ui/packages/toggle/node_modules/@testing-library/dom/dist/query-helpers.js:50:10)
    at getByTestId (/Users/brookeyalof/Development/MongoDB/leafygreen-ui/packages/toggle/node_modules/@testing-library/dom/dist/query-helpers.js:86:13)
    at renderToggle (/Users/brookeyalof/Development/MongoDB/leafygreen-ui/packages/toggle/src/Toggle.spec.tsx:9:24)
    at Object.&lt;anonymous&gt; (/Users/brookeyalof/Development/MongoDB/leafygreen-ui/packages/toggle/src/Toggle.spec.tsx:33:24)
    at Object.asyncJestTest (/Users/brookeyalof/Development/MongoDB/leafygreen-ui/node_modules/jest-jasmine2/build/jasmineAsyncInstall.js:100:37)
    at /Users/brookeyalof/Development/MongoDB/leafygreen-ui/node_modules/jest-jasmine2/build/queueRunner.js:47:12
    at new Promise (&lt;anonymous&gt;)
    at mapper (/Users/brookeyalof/Development/MongoDB/leafygreen-ui/node_modules/jest-jasmine2/build/queueRunner.js:30:19)
    at /Users/brookeyalof/Development/MongoDB/leafygreen-ui/node_modules/jest-jasmine2/build/queueRunner.js:77:41</failure>
    </testcase>
    <testcase classname="packages/Toggle when controlled onClick fires once when the label is clicked" name="packages/Toggle when controlled onClick fires once when the label is clicked" time="0.009">
      <failure>Error: Found multiple elements by: [data-testid=&quot;toggle-test-id&quot;]

(If this is intentional, then use the `*AllBy*` variant of the query (like `queryAllByText`, `getAllByText`, or `findAllByText`)).

&lt;body&gt;
  &lt;div&gt;
    &lt;label
      class=&quot;leafygreen-ui-2cev7 test-toggle-class&quot;
      for=&quot;toggle-5818575&quot;
    &gt;
      &lt;input
        aria-checked=&quot;false&quot;
        aria-disabled=&quot;false&quot;
        class=&quot;leafygreen-ui-1vdoo3t&quot;
        data-leafygreen-ui=&quot;toggle-input&quot;
        data-testid=&quot;toggle-test-id&quot;
        id=&quot;toggle-5818575&quot;
        name=&quot;toggle-5818575&quot;
        type=&quot;checkbox&quot;
      /&gt;
      &lt;div
        class=&quot;leafygreen-ui-gfakuo&quot;
      /&gt;
      &lt;div
        class=&quot;leafygreen-ui-xcmqcf&quot;
        data-leafygreen-ui=&quot;toggle-groove&quot;
      &gt;
        &lt;div
          class=&quot;leafygreen-ui-10jv9ad&quot;
        &gt;
          On
        &lt;/div&gt;
        &lt;div
          class=&quot;leafygreen-ui-peohrj&quot;
        &gt;
          Off
        &lt;/div&gt;
        &lt;div
          class=&quot;leafygreen-ui-8hck48&quot;
        /&gt;
      &lt;/div&gt;
    &lt;/label&gt;
  &lt;/div&gt;
  &lt;div&gt;
    &lt;label
      class=&quot;leafygreen-ui-2cev7&quot;
      for=&quot;toggle-1098462&quot;
    &gt;
      &lt;input
        aria-checked=&quot;false&quot;
        aria-disabled=&quot;false&quot;
        class=&quot;leafygreen-ui-1vdoo3t&quot;
        data-leafygreen-ui=&quot;toggle-input&quot;
        data-testid=&quot;toggle-test-id&quot;
        id=&quot;toggle-1098462&quot;
        name=&quot;toggle-1098462&quot;
        type=&quot;checkbox&quot;
      /&gt;
      &lt;div
        class=&quot;leafygreen-ui-gfakuo&quot;
      /&gt;
      &lt;div
        class=&quot;leafygreen-ui-xcmqcf&quot;
        data-leafygreen-ui=&quot;toggle-groove&quot;
      &gt;
        &lt;div
          class=&quot;leafygreen-ui-10jv9ad&quot;
        &gt;
          On
        &lt;/div&gt;
        &lt;div
          class=&quot;leafygreen-ui-peohrj&quot;
        &gt;
          Off
        &lt;/div&gt;
        &lt;div
          class=&quot;leafygreen-ui-8hck48&quot;
        /&gt;
      &lt;/div&gt;
    &lt;/label&gt;
  &lt;/div&gt;
  &lt;div&gt;
    &lt;label
      class=&quot;leafygreen-ui-2cev7&quot;
      for=&quot;toggle-3411081&quot;
    &gt;
      &lt;input
        aria-checked=&quot;true&quot;
        aria-disabled=&quot;false&quot;
        checked=&quot;&quot;
        class=&quot;leafygreen-ui-1vdoo3t&quot;
        data-leafygreen-ui=&quot;toggle-input&quot;
        data-testid=&quot;toggle-test-id&quot;
        id=&quot;toggle-3411081&quot;
        name=&quot;toggle-3411081&quot;
        type=&quot;checkbox&quot;
      /&gt;
      &lt;div
        class=&quot;leafygreen-ui-gfakuo&quot;
      /&gt;
      &lt;div
        class=&quot;leafygreen-ui-1drpa8h&quot;
        data-leafygreen-ui=&quot;toggle-groove&quot;
      &gt;
        &lt;div
          class=&quot;leafygreen-ui-10jv9ad&quot;
        &gt;
          On
        &lt;/div&gt;
        &lt;div
          class=&quot;leafygreen-ui-peohrj&quot;
        &gt;
          Off
        &lt;/div&gt;
        &lt;div
          class=&quot;leafygreen-ui-yv39hf&quot;
        /&gt;
      &lt;/div&gt;
    &lt;/label&gt;
  &lt;/div&gt;
  &lt;div&gt;
    &lt;label
      class=&quot;leafygreen-ui-qw21vv&quot;
      for=&quot;toggle-5888670&quot;
    &gt;
      &lt;input
        aria-checked=&quot;false&quot;
        aria-disabled=&quot;true&quot;
        class=&quot;leafygreen-ui-1vdoo3t&quot;
        data-leafygreen-ui=&quot;toggle-input&quot;
        data-testid=&quot;toggle-test-id&quot;
        disabled=&quot;&quot;
        id=&quot;toggle-5888670&quot;
        name=&quot;toggle-5888670&quot;
        type=&quot;checkbox&quot;
      /&gt;
      &lt;div
        class=&quot;leafygreen-ui-gfakuo&quot;
      /&gt;
      &lt;div
        class=&quot;leafygreen-ui-alk15j&quot;
        data-leafygreen-ui=&quot;toggle-groove&quot;
      &gt;
        &lt;div
          class=&quot;leafygreen-ui-1u6q1fo&quot;
        /&gt;
      &lt;/div&gt;
    &lt;/label&gt;
  &lt;/div&gt;
  &lt;div&gt;
    &lt;label
      class=&quot;leafygreen-ui-2cev7&quot;
      for=&quot;toggle-6202283&quot;
    &gt;
      &lt;input
        aria-checked=&quot;false&quot;
        aria-disabled=&quot;false&quot;
        class=&quot;leafygreen-ui-1vdoo3t&quot;
        data-leafygreen-ui=&quot;toggle-input&quot;
        data-testid=&quot;toggle-test-id&quot;
        id=&quot;toggle-6202283&quot;
        name=&quot;toggle-6202283&quot;
        type=&quot;checkbox&quot;
      /&gt;
      &lt;div
        class=&quot;leafygreen-ui-gfakuo&quot;
      /&gt;
      &lt;div
        class=&quot;leafygreen-ui-xcmqcf&quot;
        data-leafygreen-ui=&quot;toggle-groove&quot;
      &gt;
        &lt;div
          class=&quot;leafygreen-ui-10jv9ad&quot;
        &gt;
          On
        &lt;/div&gt;
        &lt;div
          class=&quot;leafygreen-ui-peohrj&quot;
        &gt;
          Off
        &lt;/div&gt;
        &lt;div
          class=&quot;leafygreen-ui-8hck48&quot;
        /&gt;
      &lt;/div&gt;
    &lt;/label&gt;
  &lt;/div&gt;
&lt;/body&gt;
    at getElementError (/Users/brookeyalof/Development/MongoDB/leafygreen-ui/packages/toggle/node_modules/@testing-library/dom/dist/query-helpers.js:46:10)
    at getMultipleElementsFoundError (/Users/brookeyalof/Development/MongoDB/leafygreen-ui/packages/toggle/node_modules/@testing-library/dom/dist/query-helpers.js:50:10)
    at getByTestId (/Users/brookeyalof/Development/MongoDB/leafygreen-ui/packages/toggle/node_modules/@testing-library/dom/dist/query-helpers.js:86:13)
    at renderToggle (/Users/brookeyalof/Development/MongoDB/leafygreen-ui/packages/toggle/src/Toggle.spec.tsx:9:24)
    at Object.&lt;anonymous&gt; (/Users/brookeyalof/Development/MongoDB/leafygreen-ui/packages/toggle/src/Toggle.spec.tsx:43:25)
    at Object.asyncJestTest (/Users/brookeyalof/Development/MongoDB/leafygreen-ui/node_modules/jest-jasmine2/build/jasmineAsyncInstall.js:100:37)
    at /Users/brookeyalof/Development/MongoDB/leafygreen-ui/node_modules/jest-jasmine2/build/queueRunner.js:47:12
    at new Promise (&lt;anonymous&gt;)
    at mapper (/Users/brookeyalof/Development/MongoDB/leafygreen-ui/node_modules/jest-jasmine2/build/queueRunner.js:30:19)
    at /Users/brookeyalof/Development/MongoDB/leafygreen-ui/node_modules/jest-jasmine2/build/queueRunner.js:77:41</failure>
    </testcase>
    <testcase classname="packages/Toggle when controlled onChange fires once when the label is clicked" name="packages/Toggle when controlled onChange fires once when the label is clicked" time="0.004">
      <failure>Error: Found multiple elements by: [data-testid=&quot;toggle-test-id&quot;]

(If this is intentional, then use the `*AllBy*` variant of the query (like `queryAllByText`, `getAllByText`, or `findAllByText`)).

&lt;body&gt;
  &lt;div&gt;
    &lt;label
      class=&quot;leafygreen-ui-2cev7 test-toggle-class&quot;
      for=&quot;toggle-5818575&quot;
    &gt;
      &lt;input
        aria-checked=&quot;false&quot;
        aria-disabled=&quot;false&quot;
        class=&quot;leafygreen-ui-1vdoo3t&quot;
        data-leafygreen-ui=&quot;toggle-input&quot;
        data-testid=&quot;toggle-test-id&quot;
        id=&quot;toggle-5818575&quot;
        name=&quot;toggle-5818575&quot;
        type=&quot;checkbox&quot;
      /&gt;
      &lt;div
        class=&quot;leafygreen-ui-gfakuo&quot;
      /&gt;
      &lt;div
        class=&quot;leafygreen-ui-xcmqcf&quot;
        data-leafygreen-ui=&quot;toggle-groove&quot;
      &gt;
        &lt;div
          class=&quot;leafygreen-ui-10jv9ad&quot;
        &gt;
          On
        &lt;/div&gt;
        &lt;div
          class=&quot;leafygreen-ui-peohrj&quot;
        &gt;
          Off
        &lt;/div&gt;
        &lt;div
          class=&quot;leafygreen-ui-8hck48&quot;
        /&gt;
      &lt;/div&gt;
    &lt;/label&gt;
  &lt;/div&gt;
  &lt;div&gt;
    &lt;label
      class=&quot;leafygreen-ui-2cev7&quot;
      for=&quot;toggle-1098462&quot;
    &gt;
      &lt;input
        aria-checked=&quot;false&quot;
        aria-disabled=&quot;false&quot;
        class=&quot;leafygreen-ui-1vdoo3t&quot;
        data-leafygreen-ui=&quot;toggle-input&quot;
        data-testid=&quot;toggle-test-id&quot;
        id=&quot;toggle-1098462&quot;
        name=&quot;toggle-1098462&quot;
        type=&quot;checkbox&quot;
      /&gt;
      &lt;div
        class=&quot;leafygreen-ui-gfakuo&quot;
      /&gt;
      &lt;div
        class=&quot;leafygreen-ui-xcmqcf&quot;
        data-leafygreen-ui=&quot;toggle-groove&quot;
      &gt;
        &lt;div
          class=&quot;leafygreen-ui-10jv9ad&quot;
        &gt;
          On
        &lt;/div&gt;
        &lt;div
          class=&quot;leafygreen-ui-peohrj&quot;
        &gt;
          Off
        &lt;/div&gt;
        &lt;div
          class=&quot;leafygreen-ui-8hck48&quot;
        /&gt;
      &lt;/div&gt;
    &lt;/label&gt;
  &lt;/div&gt;
  &lt;div&gt;
    &lt;label
      class=&quot;leafygreen-ui-2cev7&quot;
      for=&quot;toggle-3411081&quot;
    &gt;
      &lt;input
        aria-checked=&quot;true&quot;
        aria-disabled=&quot;false&quot;
        checked=&quot;&quot;
        class=&quot;leafygreen-ui-1vdoo3t&quot;
        data-leafygreen-ui=&quot;toggle-input&quot;
        data-testid=&quot;toggle-test-id&quot;
        id=&quot;toggle-3411081&quot;
        name=&quot;toggle-3411081&quot;
        type=&quot;checkbox&quot;
      /&gt;
      &lt;div
        class=&quot;leafygreen-ui-gfakuo&quot;
      /&gt;
      &lt;div
        class=&quot;leafygreen-ui-1drpa8h&quot;
        data-leafygreen-ui=&quot;toggle-groove&quot;
      &gt;
        &lt;div
          class=&quot;leafygreen-ui-10jv9ad&quot;
        &gt;
          On
        &lt;/div&gt;
        &lt;div
          class=&quot;leafygreen-ui-peohrj&quot;
        &gt;
          Off
        &lt;/div&gt;
        &lt;div
          class=&quot;leafygreen-ui-yv39hf&quot;
        /&gt;
      &lt;/div&gt;
    &lt;/label&gt;
  &lt;/div&gt;
  &lt;div&gt;
    &lt;label
      class=&quot;leafygreen-ui-qw21vv&quot;
      for=&quot;toggle-5888670&quot;
    &gt;
      &lt;input
        aria-checked=&quot;false&quot;
        aria-disabled=&quot;true&quot;
        class=&quot;leafygreen-ui-1vdoo3t&quot;
        data-leafygreen-ui=&quot;toggle-input&quot;
        data-testid=&quot;toggle-test-id&quot;
        disabled=&quot;&quot;
        id=&quot;toggle-5888670&quot;
        name=&quot;toggle-5888670&quot;
        type=&quot;checkbox&quot;
      /&gt;
      &lt;div
        class=&quot;leafygreen-ui-gfakuo&quot;
      /&gt;
      &lt;div
        class=&quot;leafygreen-ui-alk15j&quot;
        data-leafygreen-ui=&quot;toggle-groove&quot;
      &gt;
        &lt;div
          class=&quot;leafygreen-ui-1u6q1fo&quot;
        /&gt;
      &lt;/div&gt;
    &lt;/label&gt;
  &lt;/div&gt;
  &lt;div&gt;
    &lt;label
      class=&quot;leafygreen-ui-2cev7&quot;
      for=&quot;toggle-6202283&quot;
    &gt;
      &lt;input
        aria-checked=&quot;false&quot;
        aria-disabled=&quot;false&quot;
        class=&quot;leafygreen-ui-1vdoo3t&quot;
        data-leafygreen-ui=&quot;toggle-input&quot;
        data-testid=&quot;toggle-test-id&quot;
        id=&quot;toggle-6202283&quot;
        name=&quot;toggle-6202283&quot;
        type=&quot;checkbox&quot;
      /&gt;
      &lt;div
        class=&quot;leafygreen-ui-gfakuo&quot;
      /&gt;
      &lt;div
        class=&quot;leafygreen-ui-xcmqcf&quot;
        data-leafygreen-ui=&quot;toggle-groove&quot;
      &gt;
        &lt;div
          class=&quot;leafygreen-ui-10jv9ad&quot;
        &gt;
          On
        &lt;/div&gt;
        &lt;div
          class=&quot;leafygreen-ui-peohrj&quot;
        &gt;
          Off
        &lt;/div&gt;
        &lt;div
          class=&quot;leafygreen-ui-8hck48&quot;
        /&gt;
      &lt;/div&gt;
    &lt;/label&gt;
  &lt;/div&gt;
  &lt;div&gt;
    &lt;label
      class=&quot;leafygreen-ui-2cev7&quot;
      for=&quot;toggle-8160179&quot;
    &gt;
      &lt;input
        aria-checked=&quot;false&quot;
        aria-disabled=&quot;false&quot;
        class=&quot;leafygreen-ui-1vdoo3t&quot;
        data-leafygreen-ui=&quot;toggle-input&quot;
        data-testid=&quot;toggle-test-id&quot;
        id=&quot;toggle-8160179&quot;
        name=&quot;toggle-8160179&quot;
        type=&quot;checkbox&quot;
      /&gt;
      &lt;div
        class=&quot;leafygreen-ui-gfakuo&quot;
      /&gt;
      &lt;div
        class=&quot;leafygreen-ui-xcmqcf&quot;
        data-leafygreen-ui=&quot;toggle-groove&quot;
      &gt;
        &lt;div
          class=&quot;leafygreen-ui-10jv9ad&quot;
        &gt;
          On
        &lt;/div&gt;
        &lt;div
          class=&quot;leafygreen-ui-peohrj&quot;
        &gt;
          Off
        &lt;/div&gt;
        &lt;div
          class=&quot;leafygreen-ui-8hck48&quot;
        /&gt;
      &lt;/div&gt;
    &lt;/label&gt;
  &lt;/div&gt;
&lt;/body&gt;
    at getElementError (/Users/brookeyalof/Development/MongoDB/leafygreen-ui/packages/toggle/node_modules/@testing-library/dom/dist/query-helpers.js:46:10)
    at getMultipleElementsFoundError (/Users/brookeyalof/Development/MongoDB/leafygreen-ui/packages/toggle/node_modules/@testing-library/dom/dist/query-helpers.js:50:10)
    at getByTestId (/Users/brookeyalof/Development/MongoDB/leafygreen-ui/packages/toggle/node_modules/@testing-library/dom/dist/query-helpers.js:86:13)
    at renderToggle (/Users/brookeyalof/Development/MongoDB/leafygreen-ui/packages/toggle/src/Toggle.spec.tsx:9:24)
    at Object.&lt;anonymous&gt; (/Users/brookeyalof/Development/MongoDB/leafygreen-ui/packages/toggle/src/Toggle.spec.tsx:52:25)
    at Object.asyncJestTest (/Users/brookeyalof/Development/MongoDB/leafygreen-ui/node_modules/jest-jasmine2/build/jasmineAsyncInstall.js:100:37)
    at /Users/brookeyalof/Development/MongoDB/leafygreen-ui/node_modules/jest-jasmine2/build/queueRunner.js:47:12
    at new Promise (&lt;anonymous&gt;)
    at mapper (/Users/brookeyalof/Development/MongoDB/leafygreen-ui/node_modules/jest-jasmine2/build/queueRunner.js:30:19)
    at /Users/brookeyalof/Development/MongoDB/leafygreen-ui/node_modules/jest-jasmine2/build/queueRunner.js:77:41</failure>
    </testcase>
    <testcase classname="packages/Toggle when controlled checkbox does not become checked when clicked" name="packages/Toggle when controlled checkbox does not become checked when clicked" time="0.005">
      <failure>Error: Found multiple elements by: [data-testid=&quot;toggle-test-id&quot;]

(If this is intentional, then use the `*AllBy*` variant of the query (like `queryAllByText`, `getAllByText`, or `findAllByText`)).

&lt;body&gt;
  &lt;div&gt;
    &lt;label
      class=&quot;leafygreen-ui-2cev7 test-toggle-class&quot;
      for=&quot;toggle-5818575&quot;
    &gt;
      &lt;input
        aria-checked=&quot;false&quot;
        aria-disabled=&quot;false&quot;
        class=&quot;leafygreen-ui-1vdoo3t&quot;
        data-leafygreen-ui=&quot;toggle-input&quot;
        data-testid=&quot;toggle-test-id&quot;
        id=&quot;toggle-5818575&quot;
        name=&quot;toggle-5818575&quot;
        type=&quot;checkbox&quot;
      /&gt;
      &lt;div
        class=&quot;leafygreen-ui-gfakuo&quot;
      /&gt;
      &lt;div
        class=&quot;leafygreen-ui-xcmqcf&quot;
        data-leafygreen-ui=&quot;toggle-groove&quot;
      &gt;
        &lt;div
          class=&quot;leafygreen-ui-10jv9ad&quot;
        &gt;
          On
        &lt;/div&gt;
        &lt;div
          class=&quot;leafygreen-ui-peohrj&quot;
        &gt;
          Off
        &lt;/div&gt;
        &lt;div
          class=&quot;leafygreen-ui-8hck48&quot;
        /&gt;
      &lt;/div&gt;
    &lt;/label&gt;
  &lt;/div&gt;
  &lt;div&gt;
    &lt;label
      class=&quot;leafygreen-ui-2cev7&quot;
      for=&quot;toggle-1098462&quot;
    &gt;
      &lt;input
        aria-checked=&quot;false&quot;
        aria-disabled=&quot;false&quot;
        class=&quot;leafygreen-ui-1vdoo3t&quot;
        data-leafygreen-ui=&quot;toggle-input&quot;
        data-testid=&quot;toggle-test-id&quot;
        id=&quot;toggle-1098462&quot;
        name=&quot;toggle-1098462&quot;
        type=&quot;checkbox&quot;
      /&gt;
      &lt;div
        class=&quot;leafygreen-ui-gfakuo&quot;
      /&gt;
      &lt;div
        class=&quot;leafygreen-ui-xcmqcf&quot;
        data-leafygreen-ui=&quot;toggle-groove&quot;
      &gt;
        &lt;div
          class=&quot;leafygreen-ui-10jv9ad&quot;
        &gt;
          On
        &lt;/div&gt;
        &lt;div
          class=&quot;leafygreen-ui-peohrj&quot;
        &gt;
          Off
        &lt;/div&gt;
        &lt;div
          class=&quot;leafygreen-ui-8hck48&quot;
        /&gt;
      &lt;/div&gt;
    &lt;/label&gt;
  &lt;/div&gt;
  &lt;div&gt;
    &lt;label
      class=&quot;leafygreen-ui-2cev7&quot;
      for=&quot;toggle-3411081&quot;
    &gt;
      &lt;input
        aria-checked=&quot;true&quot;
        aria-disabled=&quot;false&quot;
        checked=&quot;&quot;
        class=&quot;leafygreen-ui-1vdoo3t&quot;
        data-leafygreen-ui=&quot;toggle-input&quot;
        data-testid=&quot;toggle-test-id&quot;
        id=&quot;toggle-3411081&quot;
        name=&quot;toggle-3411081&quot;
        type=&quot;checkbox&quot;
      /&gt;
      &lt;div
        class=&quot;leafygreen-ui-gfakuo&quot;
      /&gt;
      &lt;div
        class=&quot;leafygreen-ui-1drpa8h&quot;
        data-leafygreen-ui=&quot;toggle-groove&quot;
      &gt;
        &lt;div
          class=&quot;leafygreen-ui-10jv9ad&quot;
        &gt;
          On
        &lt;/div&gt;
        &lt;div
          class=&quot;leafygreen-ui-peohrj&quot;
        &gt;
          Off
        &lt;/div&gt;
        &lt;div
          class=&quot;leafygreen-ui-yv39hf&quot;
        /&gt;
      &lt;/div&gt;
    &lt;/label&gt;
  &lt;/div&gt;
  &lt;div&gt;
    &lt;label
      class=&quot;leafygreen-ui-qw21vv&quot;
      for=&quot;toggle-5888670&quot;
    &gt;
      &lt;input
        aria-checked=&quot;false&quot;
        aria-disabled=&quot;true&quot;
        class=&quot;leafygreen-ui-1vdoo3t&quot;
        data-leafygreen-ui=&quot;toggle-input&quot;
        data-testid=&quot;toggle-test-id&quot;
        disabled=&quot;&quot;
        id=&quot;toggle-5888670&quot;
        name=&quot;toggle-5888670&quot;
        type=&quot;checkbox&quot;
      /&gt;
      &lt;div
        class=&quot;leafygreen-ui-gfakuo&quot;
      /&gt;
      &lt;div
        class=&quot;leafygreen-ui-alk15j&quot;
        data-leafygreen-ui=&quot;toggle-groove&quot;
      &gt;
        &lt;div
          class=&quot;leafygreen-ui-1u6q1fo&quot;
        /&gt;
      &lt;/div&gt;
    &lt;/label&gt;
  &lt;/div&gt;
  &lt;div&gt;
    &lt;label
      class=&quot;leafygreen-ui-2cev7&quot;
      for=&quot;toggle-6202283&quot;
    &gt;
      &lt;input
        aria-checked=&quot;false&quot;
        aria-disabled=&quot;false&quot;
        class=&quot;leafygreen-ui-1vdoo3t&quot;
        data-leafygreen-ui=&quot;toggle-input&quot;
        data-testid=&quot;toggle-test-id&quot;
        id=&quot;toggle-6202283&quot;
        name=&quot;toggle-6202283&quot;
        type=&quot;checkbox&quot;
      /&gt;
      &lt;div
        class=&quot;leafygreen-ui-gfakuo&quot;
      /&gt;
      &lt;div
        class=&quot;leafygreen-ui-xcmqcf&quot;
        data-leafygreen-ui=&quot;toggle-groove&quot;
      &gt;
        &lt;div
          class=&quot;leafygreen-ui-10jv9ad&quot;
        &gt;
          On
        &lt;/div&gt;
        &lt;div
          class=&quot;leafygreen-ui-peohrj&quot;
        &gt;
          Off
        &lt;/div&gt;
        &lt;div
          class=&quot;leafygreen-ui-8hck48&quot;
        /&gt;
      &lt;/div&gt;
    &lt;/label&gt;
  &lt;/div&gt;
  &lt;div&gt;
    &lt;label
      class=&quot;leafygreen-ui-2cev7&quot;
      for=&quot;toggle-8160179&quot;
    &gt;
      &lt;input
        aria-checked=&quot;false&quot;
        aria-disabled=&quot;false&quot;
        class=&quot;leafygreen-ui-1vdoo3t&quot;
        data-leafygreen-ui=&quot;toggle-input&quot;
        data-testid=&quot;toggle-test-id&quot;
        id=&quot;toggle-8160179&quot;
        name=&quot;toggle-8160179&quot;
        type=&quot;checkbox&quot;
      /&gt;
      &lt;div
        class=&quot;leafygreen-ui-gfakuo&quot;
      /&gt;
      &lt;div
        class=&quot;leafygreen-ui-xcmqcf&quot;
        data-leafygreen-ui=&quot;toggle-groove&quot;
      &gt;
        &lt;div
          class=&quot;leafygreen-ui-10jv9ad&quot;
        &gt;
          On
        &lt;/div&gt;
        &lt;div
          class=&quot;leafygreen-ui-peohrj&quot;
        &gt;
          Off
        &lt;/div&gt;
        &lt;div
          class=&quot;leafygreen-ui-8hck48&quot;
        /&gt;
      &lt;/div&gt;
    &lt;/label&gt;
  &lt;/div&gt;
  &lt;div&gt;
    &lt;label
      class=&quot;leafygreen-ui-2cev7&quot;
      for=&quot;toggle-5165259&quot;
    &gt;
      &lt;input
        aria-checked=&quot;false&quot;
        aria-disabled=&quot;false&quot;
        class=&quot;leafygreen-ui-1vdoo3t&quot;
        data-leafygreen-ui=&quot;toggle-input&quot;
        data-testid=&quot;toggle-test-id&quot;
        id=&quot;toggle-5165259&quot;
        name=&quot;toggle-5165259&quot;
        type=&quot;checkbox&quot;
      /&gt;
      &lt;div
        class=&quot;leafygreen-ui-gfakuo&quot;
      /&gt;
      &lt;div
        class=&quot;leafygreen-ui-xcmqcf&quot;
        data-leafygreen-ui=&quot;toggle-groove&quot;
      &gt;
        &lt;div
          class=&quot;leafygreen-ui-10jv9ad&quot;
        &gt;
          On
        &lt;/div&gt;
        &lt;div
          class=&quot;leafygreen-ui-peohrj&quot;
        &gt;
          Off
        &lt;/div&gt;
        &lt;div
          class=&quot;leafygreen-ui-8hck48&quot;
        /&gt;
      &lt;/div&gt;
    &lt;/label&gt;
  &lt;/div&gt;
&lt;/body&gt;
    at getElementError (/Users/brookeyalof/Development/MongoDB/leafygreen-ui/packages/toggle/node_modules/@testing-library/dom/dist/query-helpers.js:46:10)
    at getMultipleElementsFoundError (/Users/brookeyalof/Development/MongoDB/leafygreen-ui/packages/toggle/node_modules/@testing-library/dom/dist/query-helpers.js:50:10)
    at getByTestId (/Users/brookeyalof/Development/MongoDB/leafygreen-ui/packages/toggle/node_modules/@testing-library/dom/dist/query-helpers.js:86:13)
    at renderToggle (/Users/brookeyalof/Development/MongoDB/leafygreen-ui/packages/toggle/src/Toggle.spec.tsx:9:24)
    at Object.&lt;anonymous&gt; (/Users/brookeyalof/Development/MongoDB/leafygreen-ui/packages/toggle/src/Toggle.spec.tsx:61:33)
    at Object.asyncJestTest (/Users/brookeyalof/Development/MongoDB/leafygreen-ui/node_modules/jest-jasmine2/build/jasmineAsyncInstall.js:100:37)
    at /Users/brookeyalof/Development/MongoDB/leafygreen-ui/node_modules/jest-jasmine2/build/queueRunner.js:47:12
    at new Promise (&lt;anonymous&gt;)
    at mapper (/Users/brookeyalof/Development/MongoDB/leafygreen-ui/node_modules/jest-jasmine2/build/queueRunner.js:30:19)
    at /Users/brookeyalof/Development/MongoDB/leafygreen-ui/node_modules/jest-jasmine2/build/queueRunner.js:77:41</failure>
    </testcase>
    <testcase classname="packages/Toggle when uncontrolled onClick fires once when the label is clicked" name="packages/Toggle when uncontrolled onClick fires once when the label is clicked" time="0.005">
      <failure>Error: Found multiple elements by: [data-testid=&quot;toggle-test-id&quot;]

(If this is intentional, then use the `*AllBy*` variant of the query (like `queryAllByText`, `getAllByText`, or `findAllByText`)).

&lt;body&gt;
  &lt;div&gt;
    &lt;label
      class=&quot;leafygreen-ui-2cev7 test-toggle-class&quot;
      for=&quot;toggle-5818575&quot;
    &gt;
      &lt;input
        aria-checked=&quot;false&quot;
        aria-disabled=&quot;false&quot;
        class=&quot;leafygreen-ui-1vdoo3t&quot;
        data-leafygreen-ui=&quot;toggle-input&quot;
        data-testid=&quot;toggle-test-id&quot;
        id=&quot;toggle-5818575&quot;
        name=&quot;toggle-5818575&quot;
        type=&quot;checkbox&quot;
      /&gt;
      &lt;div
        class=&quot;leafygreen-ui-gfakuo&quot;
      /&gt;
      &lt;div
        class=&quot;leafygreen-ui-xcmqcf&quot;
        data-leafygreen-ui=&quot;toggle-groove&quot;
      &gt;
        &lt;div
          class=&quot;leafygreen-ui-10jv9ad&quot;
        &gt;
          On
        &lt;/div&gt;
        &lt;div
          class=&quot;leafygreen-ui-peohrj&quot;
        &gt;
          Off
        &lt;/div&gt;
        &lt;div
          class=&quot;leafygreen-ui-8hck48&quot;
        /&gt;
      &lt;/div&gt;
    &lt;/label&gt;
  &lt;/div&gt;
  &lt;div&gt;
    &lt;label
      class=&quot;leafygreen-ui-2cev7&quot;
      for=&quot;toggle-1098462&quot;
    &gt;
      &lt;input
        aria-checked=&quot;false&quot;
        aria-disabled=&quot;false&quot;
        class=&quot;leafygreen-ui-1vdoo3t&quot;
        data-leafygreen-ui=&quot;toggle-input&quot;
        data-testid=&quot;toggle-test-id&quot;
        id=&quot;toggle-1098462&quot;
        name=&quot;toggle-1098462&quot;
        type=&quot;checkbox&quot;
      /&gt;
      &lt;div
        class=&quot;leafygreen-ui-gfakuo&quot;
      /&gt;
      &lt;div
        class=&quot;leafygreen-ui-xcmqcf&quot;
        data-leafygreen-ui=&quot;toggle-groove&quot;
      &gt;
        &lt;div
          class=&quot;leafygreen-ui-10jv9ad&quot;
        &gt;
          On
        &lt;/div&gt;
        &lt;div
          class=&quot;leafygreen-ui-peohrj&quot;
        &gt;
          Off
        &lt;/div&gt;
        &lt;div
          class=&quot;leafygreen-ui-8hck48&quot;
        /&gt;
      &lt;/div&gt;
    &lt;/label&gt;
  &lt;/div&gt;
  &lt;div&gt;
    &lt;label
      class=&quot;leafygreen-ui-2cev7&quot;
      for=&quot;toggle-3411081&quot;
    &gt;
      &lt;input
        aria-checked=&quot;true&quot;
        aria-disabled=&quot;false&quot;
        checked=&quot;&quot;
        class=&quot;leafygreen-ui-1vdoo3t&quot;
        data-leafygreen-ui=&quot;toggle-input&quot;
        data-testid=&quot;toggle-test-id&quot;
        id=&quot;toggle-3411081&quot;
        name=&quot;toggle-3411081&quot;
        type=&quot;checkbox&quot;
      /&gt;
      &lt;div
        class=&quot;leafygreen-ui-gfakuo&quot;
      /&gt;
      &lt;div
        class=&quot;leafygreen-ui-1drpa8h&quot;
        data-leafygreen-ui=&quot;toggle-groove&quot;
      &gt;
        &lt;div
          class=&quot;leafygreen-ui-10jv9ad&quot;
        &gt;
          On
        &lt;/div&gt;
        &lt;div
          class=&quot;leafygreen-ui-peohrj&quot;
        &gt;
          Off
        &lt;/div&gt;
        &lt;div
          class=&quot;leafygreen-ui-yv39hf&quot;
        /&gt;
      &lt;/div&gt;
    &lt;/label&gt;
  &lt;/div&gt;
  &lt;div&gt;
    &lt;label
      class=&quot;leafygreen-ui-qw21vv&quot;
      for=&quot;toggle-5888670&quot;
    &gt;
      &lt;input
        aria-checked=&quot;false&quot;
        aria-disabled=&quot;true&quot;
        class=&quot;leafygreen-ui-1vdoo3t&quot;
        data-leafygreen-ui=&quot;toggle-input&quot;
        data-testid=&quot;toggle-test-id&quot;
        disabled=&quot;&quot;
        id=&quot;toggle-5888670&quot;
        name=&quot;toggle-5888670&quot;
        type=&quot;checkbox&quot;
      /&gt;
      &lt;div
        class=&quot;leafygreen-ui-gfakuo&quot;
      /&gt;
      &lt;div
        class=&quot;leafygreen-ui-alk15j&quot;
        data-leafygreen-ui=&quot;toggle-groove&quot;
      &gt;
        &lt;div
          class=&quot;leafygreen-ui-1u6q1fo&quot;
        /&gt;
      &lt;/div&gt;
    &lt;/label&gt;
  &lt;/div&gt;
  &lt;div&gt;
    &lt;label
      class=&quot;leafygreen-ui-2cev7&quot;
      for=&quot;toggle-6202283&quot;
    &gt;
      &lt;input
        aria-checked=&quot;false&quot;
        aria-disabled=&quot;false&quot;
        class=&quot;leafygreen-ui-1vdoo3t&quot;
        data-leafygreen-ui=&quot;toggle-input&quot;
        data-testid=&quot;toggle-test-id&quot;
        id=&quot;toggle-6202283&quot;
        name=&quot;toggle-6202283&quot;
        type=&quot;checkbox&quot;
      /&gt;
      &lt;div
        class=&quot;leafygreen-ui-gfakuo&quot;
      /&gt;
      &lt;div
        class=&quot;leafygreen-ui-xcmqcf&quot;
        data-leafygreen-ui=&quot;toggle-groove&quot;
      &gt;
        &lt;div
          class=&quot;leafygreen-ui-10jv9ad&quot;
        &gt;
          On
        &lt;/div&gt;
        &lt;div
          class=&quot;leafygreen-ui-peohrj&quot;
        &gt;
          Off
        &lt;/div&gt;
        &lt;div
          class=&quot;leafygreen-ui-8hck48&quot;
        /&gt;
      &lt;/div&gt;
    &lt;/label&gt;
  &lt;/div&gt;
  &lt;div&gt;
    &lt;label
      class=&quot;leafygreen-ui-2cev7&quot;
      for=&quot;toggle-8160179&quot;
    &gt;
      &lt;input
        aria-checked=&quot;false&quot;
        aria-disabled=&quot;false&quot;
        class=&quot;leafygreen-ui-1vdoo3t&quot;
        data-leafygreen-ui=&quot;toggle-input&quot;
        data-testid=&quot;toggle-test-id&quot;
        id=&quot;toggle-8160179&quot;
        name=&quot;toggle-8160179&quot;
        type=&quot;checkbox&quot;
      /&gt;
      &lt;div
        class=&quot;leafygreen-ui-gfakuo&quot;
      /&gt;
      &lt;div
        class=&quot;leafygreen-ui-xcmqcf&quot;
        data-leafygreen-ui=&quot;toggle-groove&quot;
      &gt;
        &lt;div
          class=&quot;leafygreen-ui-10jv9ad&quot;
        &gt;
          On
        &lt;/div&gt;
        &lt;div
          class=&quot;leafygreen-ui-peohrj&quot;
        &gt;
          Off
        &lt;/div&gt;
        &lt;div
          class=&quot;leafygreen-ui-8hck48&quot;
        /&gt;
      &lt;/div&gt;
    &lt;/label&gt;
  &lt;/div&gt;
  &lt;div&gt;
    &lt;label
      class=&quot;leafygreen-ui-2cev7&quot;
      for=&quot;toggle-5165259&quot;
    &gt;
      &lt;input
        aria-checked=&quot;false&quot;
        aria-disabled=&quot;false&quot;
        class=&quot;leafygreen-ui-1vdoo3t&quot;
        data-leafygreen-ui=&quot;toggle-input&quot;
        data-testid=&quot;toggle-test-id&quot;
        id=&quot;toggle-5165259&quot;
        name=&quot;toggle-5165259&quot;
        type=&quot;checkbox&quot;
      /&gt;
      &lt;div
        class=&quot;leafygreen-ui-gfakuo&quot;
      /&gt;
      &lt;div
        class=&quot;leafygreen-ui-xcmqcf&quot;
        data-leafygreen-ui=&quot;toggle-groove&quot;
      &gt;
        &lt;div
          class=&quot;leafygreen-ui-10jv9ad&quot;
        &gt;
          On
        &lt;/div&gt;
        &lt;div
          class=&quot;leafygreen-ui-peohrj&quot;
        &gt;
          Off
        &lt;/div&gt;
        &lt;div
          class=&quot;leafygreen-ui-8hck48&quot;
        /&gt;
      &lt;/div&gt;
    &lt;/label&gt;
  &lt;/div&gt;
  &lt;div&gt;
    &lt;label
      class=&quot;leafygreen-ui-2cev7&quot;
      for=&quot;toggle-4190665&quot;
    &gt;
      &lt;input
        aria-checked=&quot;false&quot;
        aria-disabled=&quot;false&quot;
        class=&quot;leafygreen-ui-1vdoo3t&quot;
        data-leafygreen-ui=&quot;toggle-input&quot;
        data-testid=&quot;toggle-test-id&quot;
        id=&quot;toggle-4190665&quot;
        name=&quot;toggle-4190665&quot;
        type=&quot;checkbox&quot;
      /&gt;
      &lt;div
        class=&quot;leafygreen-ui-gfakuo&quot;
      /&gt;
      &lt;div
        class=&quot;leafygreen-ui-xcmqcf&quot;
        data-leafygreen-ui=&quot;toggle-groove&quot;
      &gt;
        &lt;div
          class=&quot;leafygreen-ui-10jv9ad&quot;
        &gt;
          On
        &lt;/div&gt;
        &lt;div
          class=&quot;leafygreen-ui-peohrj&quot;
        &gt;
          Off
        &lt;/div&gt;
        &lt;div
          class=&quot;leafygreen-ui-8hck48&quot;
        /&gt;
      &lt;/div&gt;
    &lt;/label&gt;
  &lt;/div&gt;
&lt;/body&gt;
    at getElementError (/Users/brookeyalof/Development/MongoDB/leafygreen-ui/packages/toggle/node_modules/@testing-library/dom/dist/query-helpers.js:46:10)
    at getMultipleElementsFoundError (/Users/brookeyalof/Development/MongoDB/leafygreen-ui/packages/toggle/node_modules/@testing-library/dom/dist/query-helpers.js:50:10)
    at getByTestId (/Users/brookeyalof/Development/MongoDB/leafygreen-ui/packages/toggle/node_modules/@testing-library/dom/dist/query-helpers.js:86:13)
    at renderToggle (/Users/brookeyalof/Development/MongoDB/leafygreen-ui/packages/toggle/src/Toggle.spec.tsx:9:24)
    at Object.&lt;anonymous&gt; (/Users/brookeyalof/Development/MongoDB/leafygreen-ui/packages/toggle/src/Toggle.spec.tsx:72:25)
    at Object.asyncJestTest (/Users/brookeyalof/Development/MongoDB/leafygreen-ui/node_modules/jest-jasmine2/build/jasmineAsyncInstall.js:100:37)
    at /Users/brookeyalof/Development/MongoDB/leafygreen-ui/node_modules/jest-jasmine2/build/queueRunner.js:47:12
    at new Promise (&lt;anonymous&gt;)
    at mapper (/Users/brookeyalof/Development/MongoDB/leafygreen-ui/node_modules/jest-jasmine2/build/queueRunner.js:30:19)
    at /Users/brookeyalof/Development/MongoDB/leafygreen-ui/node_modules/jest-jasmine2/build/queueRunner.js:77:41</failure>
    </testcase>
    <testcase classname="packages/Toggle when uncontrolled onChange fires once when the label is clicked" name="packages/Toggle when uncontrolled onChange fires once when the label is clicked" time="0.005">
      <failure>Error: Found multiple elements by: [data-testid=&quot;toggle-test-id&quot;]

(If this is intentional, then use the `*AllBy*` variant of the query (like `queryAllByText`, `getAllByText`, or `findAllByText`)).

&lt;body&gt;
  &lt;div&gt;
    &lt;label
      class=&quot;leafygreen-ui-2cev7 test-toggle-class&quot;
      for=&quot;toggle-5818575&quot;
    &gt;
      &lt;input
        aria-checked=&quot;false&quot;
        aria-disabled=&quot;false&quot;
        class=&quot;leafygreen-ui-1vdoo3t&quot;
        data-leafygreen-ui=&quot;toggle-input&quot;
        data-testid=&quot;toggle-test-id&quot;
        id=&quot;toggle-5818575&quot;
        name=&quot;toggle-5818575&quot;
        type=&quot;checkbox&quot;
      /&gt;
      &lt;div
        class=&quot;leafygreen-ui-gfakuo&quot;
      /&gt;
      &lt;div
        class=&quot;leafygreen-ui-xcmqcf&quot;
        data-leafygreen-ui=&quot;toggle-groove&quot;
      &gt;
        &lt;div
          class=&quot;leafygreen-ui-10jv9ad&quot;
        &gt;
          On
        &lt;/div&gt;
        &lt;div
          class=&quot;leafygreen-ui-peohrj&quot;
        &gt;
          Off
        &lt;/div&gt;
        &lt;div
          class=&quot;leafygreen-ui-8hck48&quot;
        /&gt;
      &lt;/div&gt;
    &lt;/label&gt;
  &lt;/div&gt;
  &lt;div&gt;
    &lt;label
      class=&quot;leafygreen-ui-2cev7&quot;
      for=&quot;toggle-1098462&quot;
    &gt;
      &lt;input
        aria-checked=&quot;false&quot;
        aria-disabled=&quot;false&quot;
        class=&quot;leafygreen-ui-1vdoo3t&quot;
        data-leafygreen-ui=&quot;toggle-input&quot;
        data-testid=&quot;toggle-test-id&quot;
        id=&quot;toggle-1098462&quot;
        name=&quot;toggle-1098462&quot;
        type=&quot;checkbox&quot;
      /&gt;
      &lt;div
        class=&quot;leafygreen-ui-gfakuo&quot;
      /&gt;
      &lt;div
        class=&quot;leafygreen-ui-xcmqcf&quot;
        data-leafygreen-ui=&quot;toggle-groove&quot;
      &gt;
        &lt;div
          class=&quot;leafygreen-ui-10jv9ad&quot;
        &gt;
          On
        &lt;/div&gt;
        &lt;div
          class=&quot;leafygreen-ui-peohrj&quot;
        &gt;
          Off
        &lt;/div&gt;
        &lt;div
          class=&quot;leafygreen-ui-8hck48&quot;
        /&gt;
      &lt;/div&gt;
    &lt;/label&gt;
  &lt;/div&gt;
  &lt;div&gt;
    &lt;label
      class=&quot;leafygreen-ui-2cev7&quot;
      for=&quot;toggle-3411081&quot;
    &gt;
      &lt;input
        aria-checked=&quot;true&quot;
        aria-disabled=&quot;false&quot;
        checked=&quot;&quot;
        class=&quot;leafygreen-ui-1vdoo3t&quot;
        data-leafygreen-ui=&quot;toggle-input&quot;
        data-testid=&quot;toggle-test-id&quot;
        id=&quot;toggle-3411081&quot;
        name=&quot;toggle-3411081&quot;
        type=&quot;checkbox&quot;
      /&gt;
      &lt;div
        class=&quot;leafygreen-ui-gfakuo&quot;
      /&gt;
      &lt;div
        class=&quot;leafygreen-ui-1drpa8h&quot;
        data-leafygreen-ui=&quot;toggle-groove&quot;
      &gt;
        &lt;div
          class=&quot;leafygreen-ui-10jv9ad&quot;
        &gt;
          On
        &lt;/div&gt;
        &lt;div
          class=&quot;leafygreen-ui-peohrj&quot;
        &gt;
          Off
        &lt;/div&gt;
        &lt;div
          class=&quot;leafygreen-ui-yv39hf&quot;
        /&gt;
      &lt;/div&gt;
    &lt;/label&gt;
  &lt;/div&gt;
  &lt;div&gt;
    &lt;label
      class=&quot;leafygreen-ui-qw21vv&quot;
      for=&quot;toggle-5888670&quot;
    &gt;
      &lt;input
        aria-checked=&quot;false&quot;
        aria-disabled=&quot;true&quot;
        class=&quot;leafygreen-ui-1vdoo3t&quot;
        data-leafygreen-ui=&quot;toggle-input&quot;
        data-testid=&quot;toggle-test-id&quot;
        disabled=&quot;&quot;
        id=&quot;toggle-5888670&quot;
        name=&quot;toggle-5888670&quot;
        type=&quot;checkbox&quot;
      /&gt;
      &lt;div
        class=&quot;leafygreen-ui-gfakuo&quot;
      /&gt;
      &lt;div
        class=&quot;leafygreen-ui-alk15j&quot;
        data-leafygreen-ui=&quot;toggle-groove&quot;
      &gt;
        &lt;div
          class=&quot;leafygreen-ui-1u6q1fo&quot;
        /&gt;
      &lt;/div&gt;
    &lt;/label&gt;
  &lt;/div&gt;
  &lt;div&gt;
    &lt;label
      class=&quot;leafygreen-ui-2cev7&quot;
      for=&quot;toggle-6202283&quot;
    &gt;
      &lt;input
        aria-checked=&quot;false&quot;
        aria-disabled=&quot;false&quot;
        class=&quot;leafygreen-ui-1vdoo3t&quot;
        data-leafygreen-ui=&quot;toggle-input&quot;
        data-testid=&quot;toggle-test-id&quot;
        id=&quot;toggle-6202283&quot;
        name=&quot;toggle-6202283&quot;
        type=&quot;checkbox&quot;
      /&gt;
      &lt;div
        class=&quot;leafygreen-ui-gfakuo&quot;
      /&gt;
      &lt;div
        class=&quot;leafygreen-ui-xcmqcf&quot;
        data-leafygreen-ui=&quot;toggle-groove&quot;
      &gt;
        &lt;div
          class=&quot;leafygreen-ui-10jv9ad&quot;
        &gt;
          On
        &lt;/div&gt;
        &lt;div
          class=&quot;leafygreen-ui-peohrj&quot;
        &gt;
          Off
        &lt;/div&gt;
        &lt;div
          class=&quot;leafygreen-ui-8hck48&quot;
        /&gt;
      &lt;/div&gt;
    &lt;/label&gt;
  &lt;/div&gt;
  &lt;div&gt;
    &lt;label
      class=&quot;leafygreen-ui-2cev7&quot;
      for=&quot;toggle-8160179&quot;
    &gt;
      &lt;input
        aria-checked=&quot;false&quot;
        aria-disabled=&quot;false&quot;
        class=&quot;leafygreen-ui-1vdoo3t&quot;
        data-leafygreen-ui=&quot;toggle-input&quot;
        data-testid=&quot;toggle-test-id&quot;
        id=&quot;toggle-8160179&quot;
        name=&quot;toggle-8160179&quot;
        type=&quot;checkbox&quot;
      /&gt;
      &lt;div
        class=&quot;leafygreen-ui-gfakuo&quot;
      /&gt;
      &lt;div
        class=&quot;leafygreen-ui-xcmqcf&quot;
        data-leafygreen-ui=&quot;toggle-groove&quot;
      &gt;
        &lt;div
          class=&quot;leafygreen-ui-10jv9ad&quot;
        &gt;
          On
        &lt;/div&gt;
        &lt;div
          class=&quot;leafygreen-ui-peohrj&quot;
        &gt;
          Off
        &lt;/div&gt;
        &lt;div
          class=&quot;leafygreen-ui-8hck48&quot;
        /&gt;
      &lt;/div&gt;
    &lt;/label&gt;
  &lt;/div&gt;
  &lt;div&gt;
    &lt;label
      class=&quot;leafygreen-ui-2cev7&quot;
      for=&quot;toggle-5165259&quot;
    &gt;
      &lt;input
        aria-checked=&quot;false&quot;
        aria-disabled=&quot;false&quot;
        class=&quot;leafygreen-ui-1vdoo3t&quot;
        data-leafygreen-ui=&quot;toggle-input&quot;
        data-testid=&quot;toggle-test-id&quot;
        id=&quot;toggle-5165259&quot;
        name=&quot;toggle-5165259&quot;
        type=&quot;checkbox&quot;
      /&gt;
      &lt;div
        class=&quot;leafygreen-ui-gfakuo&quot;
      /&gt;
      &lt;div
        class=&quot;leafygreen-ui-xcmqcf&quot;
        data-leafygreen-ui=&quot;toggle-groove&quot;
      &gt;
        &lt;div
          class=&quot;leafygreen-ui-10jv9ad&quot;
        &gt;
          On
        &lt;/div&gt;
        &lt;div
          class=&quot;leafygreen-ui-peohrj&quot;
        &gt;
          Off
        &lt;/div&gt;
        &lt;div
          class=&quot;leafygreen-ui-8hck48&quot;
        /&gt;
      &lt;/div&gt;
    &lt;/label&gt;
  &lt;/div&gt;
  &lt;div&gt;
    &lt;label
      class=&quot;leafygreen-ui-2cev7&quot;
      for=&quot;toggle-4190665&quot;
    &gt;
      &lt;input
        aria-checked=&quot;false&quot;
        aria-disabled=&quot;false&quot;
        class=&quot;leafygreen-ui-1vdoo3t&quot;
        data-leafygreen-ui=&quot;toggle-input&quot;
        data-testid=&quot;toggle-test-id&quot;
        id=&quot;toggle-4190665&quot;
        name=&quot;toggle-4190665&quot;
        type=&quot;checkbox&quot;
      /&gt;
      &lt;div
        class=&quot;leafygreen-ui-gfakuo&quot;
      /&gt;
      &lt;div
        class=&quot;leafygreen-ui-xcmqcf&quot;
        data-leafygreen-ui=&quot;toggle-groove&quot;
      &gt;
        &lt;div
          class=&quot;leafygreen-ui-10jv9ad&quot;
        &gt;
          On
        &lt;/div&gt;
        &lt;div
          class=&quot;leafygreen-ui-peohrj&quot;
        &gt;
          Off
        &lt;/div&gt;
        &lt;div
          class=&quot;leafygreen-ui-8hck48&quot;
        /&gt;
      &lt;/div&gt;
    &lt;/label&gt;
  &lt;/div&gt;
  &lt;div&gt;
    &lt;label
      class=&quot;leafygreen-ui-2cev7&quot;
      for=&quot;toggle-8285838&quot;
    &gt;
      &lt;input
        aria-checked=&quot;false&quot;
        aria-disabled=&quot;false&quot;
        class=&quot;leafygreen-ui-1vdoo3t&quot;
        data-leafygreen-ui=&quot;toggle-input&quot;
        data-testid=&quot;toggle-test-id&quot;
        id=&quot;toggle-8285838&quot;
        name=&quot;toggle-8285838&quot;
        type=&quot;checkbox&quot;
      /&gt;
      &lt;div
        class=&quot;leafygreen-ui-gfakuo&quot;
      /&gt;
      &lt;div
        class=&quot;leafygreen-ui-xcmqcf&quot;
        data-leafygreen-ui=&quot;toggle-groove&quot;
      &gt;
        &lt;div
          class=&quot;leafygreen-ui-10jv9ad&quot;
        &gt;
          On
        &lt;/div&gt;
        &lt;div
          class=&quot;leafygreen-ui-peohrj&quot;
        &gt;
          Off
        &lt;/div&gt;
        &lt;div
          class=&quot;leafygreen-ui-8hck48&quot;
        /&gt;
      &lt;/div&gt;
    &lt;/label&gt;
  &lt;/div&gt;
&lt;/body&gt;
    at getElementError (/Users/brookeyalof/Development/MongoDB/leafygreen-ui/packages/toggle/node_modules/@testing-library/dom/dist/query-helpers.js:46:10)
    at getMultipleElementsFoundError (/Users/brookeyalof/Development/MongoDB/leafygreen-ui/packages/toggle/node_modules/@testing-library/dom/dist/query-helpers.js:50:10)
    at getByTestId (/Users/brookeyalof/Development/MongoDB/leafygreen-ui/packages/toggle/node_modules/@testing-library/dom/dist/query-helpers.js:86:13)
    at renderToggle (/Users/brookeyalof/Development/MongoDB/leafygreen-ui/packages/toggle/src/Toggle.spec.tsx:9:24)
    at Object.&lt;anonymous&gt; (/Users/brookeyalof/Development/MongoDB/leafygreen-ui/packages/toggle/src/Toggle.spec.tsx:78:25)
    at Object.asyncJestTest (/Users/brookeyalof/Development/MongoDB/leafygreen-ui/node_modules/jest-jasmine2/build/jasmineAsyncInstall.js:100:37)
    at /Users/brookeyalof/Development/MongoDB/leafygreen-ui/node_modules/jest-jasmine2/build/queueRunner.js:47:12
    at new Promise (&lt;anonymous&gt;)
    at mapper (/Users/brookeyalof/Development/MongoDB/leafygreen-ui/node_modules/jest-jasmine2/build/queueRunner.js:30:19)
    at /Users/brookeyalof/Development/MongoDB/leafygreen-ui/node_modules/jest-jasmine2/build/queueRunner.js:77:41</failure>
    </testcase>
    <testcase classname="packages/Toggle when uncontrolled checkbox becomes checked when clicked" name="packages/Toggle when uncontrolled checkbox becomes checked when clicked" time="0.006">
      <failure>Error: Found multiple elements by: [data-testid=&quot;toggle-test-id&quot;]

(If this is intentional, then use the `*AllBy*` variant of the query (like `queryAllByText`, `getAllByText`, or `findAllByText`)).

&lt;body&gt;
  &lt;div&gt;
    &lt;label
      class=&quot;leafygreen-ui-2cev7 test-toggle-class&quot;
      for=&quot;toggle-5818575&quot;
    &gt;
      &lt;input
        aria-checked=&quot;false&quot;
        aria-disabled=&quot;false&quot;
        class=&quot;leafygreen-ui-1vdoo3t&quot;
        data-leafygreen-ui=&quot;toggle-input&quot;
        data-testid=&quot;toggle-test-id&quot;
        id=&quot;toggle-5818575&quot;
        name=&quot;toggle-5818575&quot;
        type=&quot;checkbox&quot;
      /&gt;
      &lt;div
        class=&quot;leafygreen-ui-gfakuo&quot;
      /&gt;
      &lt;div
        class=&quot;leafygreen-ui-xcmqcf&quot;
        data-leafygreen-ui=&quot;toggle-groove&quot;
      &gt;
        &lt;div
          class=&quot;leafygreen-ui-10jv9ad&quot;
        &gt;
          On
        &lt;/div&gt;
        &lt;div
          class=&quot;leafygreen-ui-peohrj&quot;
        &gt;
          Off
        &lt;/div&gt;
        &lt;div
          class=&quot;leafygreen-ui-8hck48&quot;
        /&gt;
      &lt;/div&gt;
    &lt;/label&gt;
  &lt;/div&gt;
  &lt;div&gt;
    &lt;label
      class=&quot;leafygreen-ui-2cev7&quot;
      for=&quot;toggle-1098462&quot;
    &gt;
      &lt;input
        aria-checked=&quot;false&quot;
        aria-disabled=&quot;false&quot;
        class=&quot;leafygreen-ui-1vdoo3t&quot;
        data-leafygreen-ui=&quot;toggle-input&quot;
        data-testid=&quot;toggle-test-id&quot;
        id=&quot;toggle-1098462&quot;
        name=&quot;toggle-1098462&quot;
        type=&quot;checkbox&quot;
      /&gt;
      &lt;div
        class=&quot;leafygreen-ui-gfakuo&quot;
      /&gt;
      &lt;div
        class=&quot;leafygreen-ui-xcmqcf&quot;
        data-leafygreen-ui=&quot;toggle-groove&quot;
      &gt;
        &lt;div
          class=&quot;leafygreen-ui-10jv9ad&quot;
        &gt;
          On
        &lt;/div&gt;
        &lt;div
          class=&quot;leafygreen-ui-peohrj&quot;
        &gt;
          Off
        &lt;/div&gt;
        &lt;div
          class=&quot;leafygreen-ui-8hck48&quot;
        /&gt;
      &lt;/div&gt;
    &lt;/label&gt;
  &lt;/div&gt;
  &lt;div&gt;
    &lt;label
      class=&quot;leafygreen-ui-2cev7&quot;
      for=&quot;toggle-3411081&quot;
    &gt;
      &lt;input
        aria-checked=&quot;true&quot;
        aria-disabled=&quot;false&quot;
        checked=&quot;&quot;
        class=&quot;leafygreen-ui-1vdoo3t&quot;
        data-leafygreen-ui=&quot;toggle-input&quot;
        data-testid=&quot;toggle-test-id&quot;
        id=&quot;toggle-3411081&quot;
        name=&quot;toggle-3411081&quot;
        type=&quot;checkbox&quot;
      /&gt;
      &lt;div
        class=&quot;leafygreen-ui-gfakuo&quot;
      /&gt;
      &lt;div
        class=&quot;leafygreen-ui-1drpa8h&quot;
        data-leafygreen-ui=&quot;toggle-groove&quot;
      &gt;
        &lt;div
          class=&quot;leafygreen-ui-10jv9ad&quot;
        &gt;
          On
        &lt;/div&gt;
        &lt;div
          class=&quot;leafygreen-ui-peohrj&quot;
        &gt;
          Off
        &lt;/div&gt;
        &lt;div
          class=&quot;leafygreen-ui-yv39hf&quot;
        /&gt;
      &lt;/div&gt;
    &lt;/label&gt;
  &lt;/div&gt;
  &lt;div&gt;
    &lt;label
      class=&quot;leafygreen-ui-qw21vv&quot;
      for=&quot;toggle-5888670&quot;
    &gt;
      &lt;input
        aria-checked=&quot;false&quot;
        aria-disabled=&quot;true&quot;
        class=&quot;leafygreen-ui-1vdoo3t&quot;
        data-leafygreen-ui=&quot;toggle-input&quot;
        data-testid=&quot;toggle-test-id&quot;
        disabled=&quot;&quot;
        id=&quot;toggle-5888670&quot;
        name=&quot;toggle-5888670&quot;
        type=&quot;checkbox&quot;
      /&gt;
      &lt;div
        class=&quot;leafygreen-ui-gfakuo&quot;
      /&gt;
      &lt;div
        class=&quot;leafygreen-ui-alk15j&quot;
        data-leafygreen-ui=&quot;toggle-groove&quot;
      &gt;
        &lt;div
          class=&quot;leafygreen-ui-1u6q1fo&quot;
        /&gt;
      &lt;/div&gt;
    &lt;/label&gt;
  &lt;/div&gt;
  &lt;div&gt;
    &lt;label
      class=&quot;leafygreen-ui-2cev7&quot;
      for=&quot;toggle-6202283&quot;
    &gt;
      &lt;input
        aria-checked=&quot;false&quot;
        aria-disabled=&quot;false&quot;
        class=&quot;leafygreen-ui-1vdoo3t&quot;
        data-leafygreen-ui=&quot;toggle-input&quot;
        data-testid=&quot;toggle-test-id&quot;
        id=&quot;toggle-6202283&quot;
        name=&quot;toggle-6202283&quot;
        type=&quot;checkbox&quot;
      /&gt;
      &lt;div
        class=&quot;leafygreen-ui-gfakuo&quot;
      /&gt;
      &lt;div
        class=&quot;leafygreen-ui-xcmqcf&quot;
        data-leafygreen-ui=&quot;toggle-groove&quot;
      &gt;
        &lt;div
          class=&quot;leafygreen-ui-10jv9ad&quot;
        &gt;
          On
        &lt;/div&gt;
        &lt;div
          class=&quot;leafygreen-ui-peohrj&quot;
        &gt;
          Off
        &lt;/div&gt;
        &lt;div
          class=&quot;leafygreen-ui-8hck48&quot;
        /&gt;
      &lt;/div&gt;
    &lt;/label&gt;
  &lt;/div&gt;
  &lt;div&gt;
    &lt;label
      class=&quot;leafygreen-ui-2cev7&quot;
      for=&quot;toggle-8160179&quot;
    &gt;
      &lt;input
        aria-checked=&quot;false&quot;
        aria-disabled=&quot;false&quot;
        class=&quot;leafygreen-ui-1vdoo3t&quot;
        data-leafygreen-ui=&quot;toggle-input&quot;
        data-testid=&quot;toggle-test-id&quot;
        id=&quot;toggle-8160179&quot;
        name=&quot;toggle-8160179&quot;
        type=&quot;checkbox&quot;
      /&gt;
      &lt;div
        class=&quot;leafygreen-ui-gfakuo&quot;
      /&gt;
      &lt;div
        class=&quot;leafygreen-ui-xcmqcf&quot;
        data-leafygreen-ui=&quot;toggle-groove&quot;
      &gt;
        &lt;div
          class=&quot;leafygreen-ui-10jv9ad&quot;
        &gt;
          On
        &lt;/div&gt;
        &lt;div
          class=&quot;leafygreen-ui-peohrj&quot;
        &gt;
          Off
        &lt;/div&gt;
        &lt;div
          class=&quot;leafygreen-ui-8hck48&quot;
        /&gt;
      &lt;/div&gt;
    &lt;/label&gt;
  &lt;/div&gt;
  &lt;div&gt;
    &lt;label
      class=&quot;leafygreen-ui-2cev7&quot;
      for=&quot;toggle-5165259&quot;
    &gt;
      &lt;input
        aria-checked=&quot;false&quot;
        aria-disabled=&quot;false&quot;
        class=&quot;leafygreen-ui-1vdoo3t&quot;
        data-leafygreen-ui=&quot;toggle-input&quot;
        data-testid=&quot;toggle-test-id&quot;
        id=&quot;toggle-5165259&quot;
        name=&quot;toggle-5165259&quot;
        type=&quot;checkbox&quot;
      /&gt;
      &lt;div
        class=&quot;leafygreen-ui-gfakuo&quot;
      /&gt;
      &lt;div
        class=&quot;leafygreen-ui-xcmqcf&quot;
        data-leafygreen-ui=&quot;toggle-groove&quot;
      &gt;
        &lt;div
          class=&quot;leafygreen-ui-10jv9ad&quot;
        &gt;
          On
        &lt;/div&gt;
        &lt;div
          class=&quot;leafygreen-ui-peohrj&quot;
        &gt;
          Off
        &lt;/div&gt;
        &lt;div
          class=&quot;leafygreen-ui-8hck48&quot;
        /&gt;
      &lt;/div&gt;
    &lt;/label&gt;
  &lt;/div&gt;
  &lt;div&gt;
    &lt;label
      class=&quot;leafygreen-ui-2cev7&quot;
      for=&quot;toggle-4190665&quot;
    &gt;
      &lt;input
        aria-checked=&quot;false&quot;
        aria-disabled=&quot;false&quot;
        class=&quot;leafygreen-ui-1vdoo3t&quot;
        data-leafygreen-ui=&quot;toggle-input&quot;
        data-testid=&quot;toggle-test-id&quot;
        id=&quot;toggle-4190665&quot;
        name=&quot;toggle-4190665&quot;
        type=&quot;checkbox&quot;
      /&gt;
      &lt;div
        class=&quot;leafygreen-ui-gfakuo&quot;
      /&gt;
      &lt;div
        class=&quot;leafygreen-ui-xcmqcf&quot;
        data-leafygreen-ui=&quot;toggle-groove&quot;
      &gt;
        &lt;div
          class=&quot;leafygreen-ui-10jv9ad&quot;
        &gt;
          On
        &lt;/div&gt;
        &lt;div
          class=&quot;leafygreen-ui-peohrj&quot;
        &gt;
          Off
        &lt;/div&gt;
        &lt;div
          class=&quot;leafygreen-ui-8hck48&quot;
        /&gt;
      &lt;/div&gt;
    &lt;/label&gt;
  &lt;/div&gt;
  &lt;div&gt;
    &lt;label
      class=&quot;leafygreen-ui-2cev7&quot;
      for=&quot;toggle-8285838&quot;
    &gt;
      &lt;input
        aria-checked=&quot;false&quot;
        aria-disabled=&quot;false&quot;
        class=&quot;leafygreen-ui-1vdoo3t&quot;
        data-leafygreen-ui=&quot;toggle-input&quot;
        data-testid=&quot;toggle-test-id&quot;
        id=&quot;toggle-8285838&quot;
        name=&quot;toggle-8285838&quot;
        type=&quot;checkbox&quot;
      /&gt;
      &lt;div
        class=&quot;leafygreen-ui-gfakuo&quot;
      /&gt;
      &lt;div
        class=&quot;leafygreen-ui-xcmqcf&quot;
        data-leafygreen-ui=&quot;toggle-groove&quot;
      &gt;
        &lt;div
          class=&quot;leafygreen-ui-10jv9ad&quot;
        &gt;
          On
        &lt;/div&gt;
        &lt;div
          class=&quot;leafygreen-ui-peohrj&quot;
        &gt;
          Off
        &lt;/div&gt;
        &lt;div
          class=&quot;leafygreen-ui-8hck48&quot;
        /&gt;
      &lt;/div&gt;
    &lt;/label&gt;
  &lt;/div&gt;
  &lt;div&gt;
    &lt;label
      class=&quot;leafygreen-ui-2cev7&quot;
      for=&quot;toggle-613879&quot;
    &gt;
      &lt;input
        aria-checked=&quot;false&quot;
        aria-disabled=&quot;false&quot;
        class=&quot;leafygreen-ui-1vdoo3t&quot;
        data-leafygreen-ui=&quot;toggle-input&quot;
        data-testid=&quot;toggle-test-id&quot;
        id=&quot;toggle-613879&quot;
        name=&quot;toggle-613879&quot;
        type=&quot;checkbox&quot;
      /&gt;
      &lt;div
        class=&quot;leafygreen-ui-gfakuo&quot;
      /&gt;
      &lt;div
        class=&quot;leafygreen-ui-xcmqcf&quot;
        data-leafygreen-ui=&quot;toggle-groove&quot;
      &gt;
        &lt;div
          class=&quot;leafygreen-ui-10jv9ad&quot;
        &gt;
          On
        &lt;/div&gt;
        &lt;div
          class=&quot;leafygreen-ui-peohrj&quot;
        &gt;
          Off
        &lt;/div&gt;
        &lt;div
          class=&quot;leafygreen-ui-8hck48&quot;
        /&gt;
      &lt;/div&gt;
    &lt;/label&gt;
  &lt;/div&gt;
&lt;/body&gt;
    at getElementError (/Users/brookeyalof/Development/MongoDB/leafygreen-ui/packages/toggle/node_modules/@testing-library/dom/dist/query-helpers.js:46:10)
    at getMultipleElementsFoundError (/Users/brookeyalof/Development/MongoDB/leafygreen-ui/packages/toggle/node_modules/@testing-library/dom/dist/query-helpers.js:50:10)
    at getByTestId (/Users/brookeyalof/Development/MongoDB/leafygreen-ui/packages/toggle/node_modules/@testing-library/dom/dist/query-helpers.js:86:13)
    at renderToggle (/Users/brookeyalof/Development/MongoDB/leafygreen-ui/packages/toggle/src/Toggle.spec.tsx:9:24)
    at Object.&lt;anonymous&gt; (/Users/brookeyalof/Development/MongoDB/leafygreen-ui/packages/toggle/src/Toggle.spec.tsx:84:33)
    at Object.asyncJestTest (/Users/brookeyalof/Development/MongoDB/leafygreen-ui/node_modules/jest-jasmine2/build/jasmineAsyncInstall.js:100:37)
    at /Users/brookeyalof/Development/MongoDB/leafygreen-ui/node_modules/jest-jasmine2/build/queueRunner.js:47:12
    at new Promise (&lt;anonymous&gt;)
    at mapper (/Users/brookeyalof/Development/MongoDB/leafygreen-ui/node_modules/jest-jasmine2/build/queueRunner.js:30:19)
    at /Users/brookeyalof/Development/MongoDB/leafygreen-ui/node_modules/jest-jasmine2/build/queueRunner.js:77:41</failure>
    </testcase>
  </testsuite>
  <testsuite name="packages/pipeline/Stage" errors="0" failures="0" skipped="0" timestamp="2020-07-29T17:06:36" time="0.491" tests="8">
    <testcase classname="packages/pipeline/Stage renders &quot;test-stage-class&quot; in the stage&apos;s classList" name="packages/pipeline/Stage renders &quot;test-stage-class&quot; in the stage&apos;s classList" time="0.025">
    </testcase>
    <testcase classname="packages/pipeline/Stage renders &quot;$match&quot; as the badge&apos;s textContent" name="packages/pipeline/Stage renders &quot;$match&quot; as the badge&apos;s textContent" time="0.005">
    </testcase>
    <testcase classname="packages/pipeline/Stage renders a &quot;chevron&quot;" name="packages/pipeline/Stage renders a &quot;chevron&quot;" time="0.002">
    </testcase>
    <testcase classname="packages/pipeline/Stage observes the intersection of the provided root element" name="packages/pipeline/Stage observes the intersection of the provided root element" time="0.002">
    </testcase>
    <testcase classname="packages/pipeline/Stage sets the default threshold for the intersection" name="packages/pipeline/Stage sets the default threshold for the intersection" time="0.002">
    </testcase>
    <testcase classname="packages/pipeline/Stage sets the provided threshold for the intersection" name="packages/pipeline/Stage sets the provided threshold for the intersection" time="0.002">
    </testcase>
    <testcase classname="packages/pipeline/Stage when it is NOT intersecting its parent should set the &quot;data-stage-visible&quot; attribute to &quot;false&quot;" name="packages/pipeline/Stage when it is NOT intersecting its parent should set the &quot;data-stage-visible&quot; attribute to &quot;false&quot;" time="0.002">
    </testcase>
    <testcase classname="packages/pipeline/Stage when it is intersecting its parent should set the &quot;data-stage-visible&quot; attribute to &quot;true&quot;" name="packages/pipeline/Stage when it is intersecting its parent should set the &quot;data-stage-visible&quot; attribute to &quot;true&quot;" time="0.003">
    </testcase>
  </testsuite>
  <testsuite name="packages/checkbox" errors="0" failures="9" skipped="0" timestamp="2020-07-29T17:06:37" time="0.516" tests="10">
    <testcase classname="packages/checkbox renders test-classname in the Checkbox label&apos;s classlist" name="packages/checkbox renders test-classname in the Checkbox label&apos;s classlist" time="0.017">
    </testcase>
    <testcase classname="packages/checkbox renders as unchecked by default" name="packages/checkbox renders as unchecked by default" time="0.004">
      <failure>Error: Found multiple elements by: [data-testid=&quot;checkbox&quot;]

(If this is intentional, then use the `*AllBy*` variant of the query (like `queryAllByText`, `getAllByText`, or `findAllByText`)).

&lt;body&gt;
  &lt;div&gt;
    &lt;label
      class=&quot;leafygreen-ui-hfnsvs test-classname&quot;
      for=&quot;checkbox-5196066&quot;
    &gt;
      &lt;input
        aria-checked=&quot;false&quot;
        aria-disabled=&quot;false&quot;
        aria-labelledby=&quot;checkbox-5196066-label&quot;
        class=&quot;leafygreen-ui-3bropy&quot;
        data-testid=&quot;checkbox&quot;
        id=&quot;checkbox-5196066&quot;
        name=&quot;checkbox-5196066&quot;
        type=&quot;checkbox&quot;
      /&gt;
      &lt;div
        class=&quot;leafygreen-ui-1nb4oxp&quot;
        data-leafygreen-ui=&quot;checkbox-wrapper&quot;
      &gt;
        &lt;div
          class=&quot;leafygreen-ui-mksujm&quot;
        /&gt;
      &lt;/div&gt;
      
    &lt;/label&gt;
  &lt;/div&gt;
  &lt;div&gt;
    &lt;label
      class=&quot;leafygreen-ui-hfnsvs&quot;
      for=&quot;checkbox-9077671&quot;
    &gt;
      &lt;input
        aria-checked=&quot;false&quot;
        aria-disabled=&quot;false&quot;
        aria-labelledby=&quot;checkbox-9077671-label&quot;
        class=&quot;leafygreen-ui-3bropy&quot;
        data-testid=&quot;checkbox&quot;
        id=&quot;checkbox-9077671&quot;
        name=&quot;checkbox-9077671&quot;
        type=&quot;checkbox&quot;
      /&gt;
      &lt;div
        class=&quot;leafygreen-ui-1nb4oxp&quot;
        data-leafygreen-ui=&quot;checkbox-wrapper&quot;
      &gt;
        &lt;div
          class=&quot;leafygreen-ui-mksujm&quot;
        /&gt;
      &lt;/div&gt;
      
    &lt;/label&gt;
  &lt;/div&gt;
&lt;/body&gt;
    at getElementError (/Users/brookeyalof/Development/MongoDB/leafygreen-ui/packages/checkbox/node_modules/@testing-library/dom/dist/query-helpers.js:46:10)
    at getMultipleElementsFoundError (/Users/brookeyalof/Development/MongoDB/leafygreen-ui/packages/checkbox/node_modules/@testing-library/dom/dist/query-helpers.js:50:10)
    at getByTestId (/Users/brookeyalof/Development/MongoDB/leafygreen-ui/packages/checkbox/node_modules/@testing-library/dom/dist/query-helpers.js:86:13)
    at renderCheckbox (/Users/brookeyalof/Development/MongoDB/leafygreen-ui/packages/checkbox/src/Checkbox.spec.tsx:13:26)
    at Object.&lt;anonymous&gt; (/Users/brookeyalof/Development/MongoDB/leafygreen-ui/packages/checkbox/src/Checkbox.spec.tsx:25:26)
    at Object.asyncJestTest (/Users/brookeyalof/Development/MongoDB/leafygreen-ui/node_modules/jest-jasmine2/build/jasmineAsyncInstall.js:100:37)
    at /Users/brookeyalof/Development/MongoDB/leafygreen-ui/node_modules/jest-jasmine2/build/queueRunner.js:47:12
    at new Promise (&lt;anonymous&gt;)
    at mapper (/Users/brookeyalof/Development/MongoDB/leafygreen-ui/node_modules/jest-jasmine2/build/queueRunner.js:30:19)
    at /Users/brookeyalof/Development/MongoDB/leafygreen-ui/node_modules/jest-jasmine2/build/queueRunner.js:77:41</failure>
    </testcase>
    <testcase classname="packages/checkbox renders as checked when the prop is set" name="packages/checkbox renders as checked when the prop is set" time="0.003">
      <failure>Error: Found multiple elements by: [data-testid=&quot;checkbox&quot;]

(If this is intentional, then use the `*AllBy*` variant of the query (like `queryAllByText`, `getAllByText`, or `findAllByText`)).

&lt;body&gt;
  &lt;div&gt;
    &lt;label
      class=&quot;leafygreen-ui-hfnsvs test-classname&quot;
      for=&quot;checkbox-5196066&quot;
    &gt;
      &lt;input
        aria-checked=&quot;false&quot;
        aria-disabled=&quot;false&quot;
        aria-labelledby=&quot;checkbox-5196066-label&quot;
        class=&quot;leafygreen-ui-3bropy&quot;
        data-testid=&quot;checkbox&quot;
        id=&quot;checkbox-5196066&quot;
        name=&quot;checkbox-5196066&quot;
        type=&quot;checkbox&quot;
      /&gt;
      &lt;div
        class=&quot;leafygreen-ui-1nb4oxp&quot;
        data-leafygreen-ui=&quot;checkbox-wrapper&quot;
      &gt;
        &lt;div
          class=&quot;leafygreen-ui-mksujm&quot;
        /&gt;
      &lt;/div&gt;
      
    &lt;/label&gt;
  &lt;/div&gt;
  &lt;div&gt;
    &lt;label
      class=&quot;leafygreen-ui-hfnsvs&quot;
      for=&quot;checkbox-9077671&quot;
    &gt;
      &lt;input
        aria-checked=&quot;false&quot;
        aria-disabled=&quot;false&quot;
        aria-labelledby=&quot;checkbox-9077671-label&quot;
        class=&quot;leafygreen-ui-3bropy&quot;
        data-testid=&quot;checkbox&quot;
        id=&quot;checkbox-9077671&quot;
        name=&quot;checkbox-9077671&quot;
        type=&quot;checkbox&quot;
      /&gt;
      &lt;div
        class=&quot;leafygreen-ui-1nb4oxp&quot;
        data-leafygreen-ui=&quot;checkbox-wrapper&quot;
      &gt;
        &lt;div
          class=&quot;leafygreen-ui-mksujm&quot;
        /&gt;
      &lt;/div&gt;
      
    &lt;/label&gt;
  &lt;/div&gt;
  &lt;div&gt;
    &lt;label
      class=&quot;leafygreen-ui-hfnsvs&quot;
      for=&quot;checkbox-1166714&quot;
    &gt;
      &lt;input
        aria-checked=&quot;true&quot;
        aria-disabled=&quot;false&quot;
        aria-labelledby=&quot;checkbox-1166714-label&quot;
        checked=&quot;&quot;
        class=&quot;leafygreen-ui-3bropy&quot;
        data-testid=&quot;checkbox&quot;
        id=&quot;checkbox-1166714&quot;
        name=&quot;checkbox-1166714&quot;
        type=&quot;checkbox&quot;
      /&gt;
      &lt;div
        class=&quot;leafygreen-ui-ukft5n&quot;
        data-leafygreen-ui=&quot;checkbox-wrapper&quot;
      &gt;
        &lt;div
          class=&quot;leafygreen-ui-kswu3v&quot;
        /&gt;
      &lt;/div&gt;
      
    &lt;/label&gt;
  &lt;/div&gt;
&lt;/body&gt;
    at getElementError (/Users/brookeyalof/Development/MongoDB/leafygreen-ui/packages/checkbox/node_modules/@testing-library/dom/dist/query-helpers.js:46:10)
    at getMultipleElementsFoundError (/Users/brookeyalof/Development/MongoDB/leafygreen-ui/packages/checkbox/node_modules/@testing-library/dom/dist/query-helpers.js:50:10)
    at getByTestId (/Users/brookeyalof/Development/MongoDB/leafygreen-ui/packages/checkbox/node_modules/@testing-library/dom/dist/query-helpers.js:86:13)
    at renderCheckbox (/Users/brookeyalof/Development/MongoDB/leafygreen-ui/packages/checkbox/src/Checkbox.spec.tsx:13:26)
    at Object.&lt;anonymous&gt; (/Users/brookeyalof/Development/MongoDB/leafygreen-ui/packages/checkbox/src/Checkbox.spec.tsx:31:26)
    at Object.asyncJestTest (/Users/brookeyalof/Development/MongoDB/leafygreen-ui/node_modules/jest-jasmine2/build/jasmineAsyncInstall.js:100:37)
    at /Users/brookeyalof/Development/MongoDB/leafygreen-ui/node_modules/jest-jasmine2/build/queueRunner.js:47:12
    at new Promise (&lt;anonymous&gt;)
    at mapper (/Users/brookeyalof/Development/MongoDB/leafygreen-ui/node_modules/jest-jasmine2/build/queueRunner.js:30:19)
    at /Users/brookeyalof/Development/MongoDB/leafygreen-ui/node_modules/jest-jasmine2/build/queueRunner.js:77:41</failure>
    </testcase>
    <testcase classname="packages/checkbox renders as disabled when the prop is set" name="packages/checkbox renders as disabled when the prop is set" time="0.004">
      <failure>Error: Found multiple elements by: [data-testid=&quot;checkbox&quot;]

(If this is intentional, then use the `*AllBy*` variant of the query (like `queryAllByText`, `getAllByText`, or `findAllByText`)).

&lt;body&gt;
  &lt;div&gt;
    &lt;label
      class=&quot;leafygreen-ui-hfnsvs test-classname&quot;
      for=&quot;checkbox-5196066&quot;
    &gt;
      &lt;input
        aria-checked=&quot;false&quot;
        aria-disabled=&quot;false&quot;
        aria-labelledby=&quot;checkbox-5196066-label&quot;
        class=&quot;leafygreen-ui-3bropy&quot;
        data-testid=&quot;checkbox&quot;
        id=&quot;checkbox-5196066&quot;
        name=&quot;checkbox-5196066&quot;
        type=&quot;checkbox&quot;
      /&gt;
      &lt;div
        class=&quot;leafygreen-ui-1nb4oxp&quot;
        data-leafygreen-ui=&quot;checkbox-wrapper&quot;
      &gt;
        &lt;div
          class=&quot;leafygreen-ui-mksujm&quot;
        /&gt;
      &lt;/div&gt;
      
    &lt;/label&gt;
  &lt;/div&gt;
  &lt;div&gt;
    &lt;label
      class=&quot;leafygreen-ui-hfnsvs&quot;
      for=&quot;checkbox-9077671&quot;
    &gt;
      &lt;input
        aria-checked=&quot;false&quot;
        aria-disabled=&quot;false&quot;
        aria-labelledby=&quot;checkbox-9077671-label&quot;
        class=&quot;leafygreen-ui-3bropy&quot;
        data-testid=&quot;checkbox&quot;
        id=&quot;checkbox-9077671&quot;
        name=&quot;checkbox-9077671&quot;
        type=&quot;checkbox&quot;
      /&gt;
      &lt;div
        class=&quot;leafygreen-ui-1nb4oxp&quot;
        data-leafygreen-ui=&quot;checkbox-wrapper&quot;
      &gt;
        &lt;div
          class=&quot;leafygreen-ui-mksujm&quot;
        /&gt;
      &lt;/div&gt;
      
    &lt;/label&gt;
  &lt;/div&gt;
  &lt;div&gt;
    &lt;label
      class=&quot;leafygreen-ui-hfnsvs&quot;
      for=&quot;checkbox-1166714&quot;
    &gt;
      &lt;input
        aria-checked=&quot;true&quot;
        aria-disabled=&quot;false&quot;
        aria-labelledby=&quot;checkbox-1166714-label&quot;
        checked=&quot;&quot;
        class=&quot;leafygreen-ui-3bropy&quot;
        data-testid=&quot;checkbox&quot;
        id=&quot;checkbox-1166714&quot;
        name=&quot;checkbox-1166714&quot;
        type=&quot;checkbox&quot;
      /&gt;
      &lt;div
        class=&quot;leafygreen-ui-ukft5n&quot;
        data-leafygreen-ui=&quot;checkbox-wrapper&quot;
      &gt;
        &lt;div
          class=&quot;leafygreen-ui-kswu3v&quot;
        /&gt;
      &lt;/div&gt;
      
    &lt;/label&gt;
  &lt;/div&gt;
  &lt;div&gt;
    &lt;label
      class=&quot;leafygreen-ui-1k0mbb2&quot;
      for=&quot;checkbox-6131612&quot;
    &gt;
      &lt;input
        aria-checked=&quot;false&quot;
        aria-disabled=&quot;true&quot;
        aria-labelledby=&quot;checkbox-6131612-label&quot;
        class=&quot;leafygreen-ui-3bropy&quot;
        data-testid=&quot;checkbox&quot;
        disabled=&quot;&quot;
        id=&quot;checkbox-6131612&quot;
        name=&quot;checkbox-6131612&quot;
        type=&quot;checkbox&quot;
      /&gt;
      &lt;div
        class=&quot;leafygreen-ui-1nb4oxp&quot;
        data-leafygreen-ui=&quot;checkbox-wrapper&quot;
      &gt;
        &lt;div
          class=&quot;leafygreen-ui-azilzm&quot;
        /&gt;
      &lt;/div&gt;
      
    &lt;/label&gt;
  &lt;/div&gt;
&lt;/body&gt;
    at getElementError (/Users/brookeyalof/Development/MongoDB/leafygreen-ui/packages/checkbox/node_modules/@testing-library/dom/dist/query-helpers.js:46:10)
    at getMultipleElementsFoundError (/Users/brookeyalof/Development/MongoDB/leafygreen-ui/packages/checkbox/node_modules/@testing-library/dom/dist/query-helpers.js:50:10)
    at getByTestId (/Users/brookeyalof/Development/MongoDB/leafygreen-ui/packages/checkbox/node_modules/@testing-library/dom/dist/query-helpers.js:86:13)
    at renderCheckbox (/Users/brookeyalof/Development/MongoDB/leafygreen-ui/packages/checkbox/src/Checkbox.spec.tsx:13:26)
    at Object.&lt;anonymous&gt; (/Users/brookeyalof/Development/MongoDB/leafygreen-ui/packages/checkbox/src/Checkbox.spec.tsx:37:26)
    at Object.asyncJestTest (/Users/brookeyalof/Development/MongoDB/leafygreen-ui/node_modules/jest-jasmine2/build/jasmineAsyncInstall.js:100:37)
    at /Users/brookeyalof/Development/MongoDB/leafygreen-ui/node_modules/jest-jasmine2/build/queueRunner.js:47:12
    at new Promise (&lt;anonymous&gt;)
    at mapper (/Users/brookeyalof/Development/MongoDB/leafygreen-ui/node_modules/jest-jasmine2/build/queueRunner.js:30:19)
    at /Users/brookeyalof/Development/MongoDB/leafygreen-ui/node_modules/jest-jasmine2/build/queueRunner.js:77:41</failure>
    </testcase>
    <testcase classname="packages/checkbox when controlled onClick fires once when the label is clicked" name="packages/checkbox when controlled onClick fires once when the label is clicked" time="0.004">
      <failure>Error: Found multiple elements by: [data-testid=&quot;checkbox&quot;]

(If this is intentional, then use the `*AllBy*` variant of the query (like `queryAllByText`, `getAllByText`, or `findAllByText`)).

&lt;body&gt;
  &lt;div&gt;
    &lt;label
      class=&quot;leafygreen-ui-hfnsvs test-classname&quot;
      for=&quot;checkbox-5196066&quot;
    &gt;
      &lt;input
        aria-checked=&quot;false&quot;
        aria-disabled=&quot;false&quot;
        aria-labelledby=&quot;checkbox-5196066-label&quot;
        class=&quot;leafygreen-ui-3bropy&quot;
        data-testid=&quot;checkbox&quot;
        id=&quot;checkbox-5196066&quot;
        name=&quot;checkbox-5196066&quot;
        type=&quot;checkbox&quot;
      /&gt;
      &lt;div
        class=&quot;leafygreen-ui-1nb4oxp&quot;
        data-leafygreen-ui=&quot;checkbox-wrapper&quot;
      &gt;
        &lt;div
          class=&quot;leafygreen-ui-mksujm&quot;
        /&gt;
      &lt;/div&gt;
      
    &lt;/label&gt;
  &lt;/div&gt;
  &lt;div&gt;
    &lt;label
      class=&quot;leafygreen-ui-hfnsvs&quot;
      for=&quot;checkbox-9077671&quot;
    &gt;
      &lt;input
        aria-checked=&quot;false&quot;
        aria-disabled=&quot;false&quot;
        aria-labelledby=&quot;checkbox-9077671-label&quot;
        class=&quot;leafygreen-ui-3bropy&quot;
        data-testid=&quot;checkbox&quot;
        id=&quot;checkbox-9077671&quot;
        name=&quot;checkbox-9077671&quot;
        type=&quot;checkbox&quot;
      /&gt;
      &lt;div
        class=&quot;leafygreen-ui-1nb4oxp&quot;
        data-leafygreen-ui=&quot;checkbox-wrapper&quot;
      &gt;
        &lt;div
          class=&quot;leafygreen-ui-mksujm&quot;
        /&gt;
      &lt;/div&gt;
      
    &lt;/label&gt;
  &lt;/div&gt;
  &lt;div&gt;
    &lt;label
      class=&quot;leafygreen-ui-hfnsvs&quot;
      for=&quot;checkbox-1166714&quot;
    &gt;
      &lt;input
        aria-checked=&quot;true&quot;
        aria-disabled=&quot;false&quot;
        aria-labelledby=&quot;checkbox-1166714-label&quot;
        checked=&quot;&quot;
        class=&quot;leafygreen-ui-3bropy&quot;
        data-testid=&quot;checkbox&quot;
        id=&quot;checkbox-1166714&quot;
        name=&quot;checkbox-1166714&quot;
        type=&quot;checkbox&quot;
      /&gt;
      &lt;div
        class=&quot;leafygreen-ui-ukft5n&quot;
        data-leafygreen-ui=&quot;checkbox-wrapper&quot;
      &gt;
        &lt;div
          class=&quot;leafygreen-ui-kswu3v&quot;
        /&gt;
      &lt;/div&gt;
      
    &lt;/label&gt;
  &lt;/div&gt;
  &lt;div&gt;
    &lt;label
      class=&quot;leafygreen-ui-1k0mbb2&quot;
      for=&quot;checkbox-6131612&quot;
    &gt;
      &lt;input
        aria-checked=&quot;false&quot;
        aria-disabled=&quot;true&quot;
        aria-labelledby=&quot;checkbox-6131612-label&quot;
        class=&quot;leafygreen-ui-3bropy&quot;
        data-testid=&quot;checkbox&quot;
        disabled=&quot;&quot;
        id=&quot;checkbox-6131612&quot;
        name=&quot;checkbox-6131612&quot;
        type=&quot;checkbox&quot;
      /&gt;
      &lt;div
        class=&quot;leafygreen-ui-1nb4oxp&quot;
        data-leafygreen-ui=&quot;checkbox-wrapper&quot;
      &gt;
        &lt;div
          class=&quot;leafygreen-ui-azilzm&quot;
        /&gt;
      &lt;/div&gt;
      
    &lt;/label&gt;
  &lt;/div&gt;
  &lt;div&gt;
    &lt;label
      class=&quot;leafygreen-ui-hfnsvs&quot;
      for=&quot;checkbox-7842574&quot;
    &gt;
      &lt;input
        aria-checked=&quot;false&quot;
        aria-disabled=&quot;false&quot;
        aria-labelledby=&quot;checkbox-7842574-label&quot;
        class=&quot;leafygreen-ui-3bropy&quot;
        data-testid=&quot;checkbox&quot;
        id=&quot;checkbox-7842574&quot;
        name=&quot;checkbox-7842574&quot;
        type=&quot;checkbox&quot;
      /&gt;
      &lt;div
        class=&quot;leafygreen-ui-1nb4oxp&quot;
        data-leafygreen-ui=&quot;checkbox-wrapper&quot;
      &gt;
        &lt;div
          class=&quot;leafygreen-ui-mksujm&quot;
        /&gt;
      &lt;/div&gt;
      
    &lt;/label&gt;
  &lt;/div&gt;
&lt;/body&gt;
    at getElementError (/Users/brookeyalof/Development/MongoDB/leafygreen-ui/packages/checkbox/node_modules/@testing-library/dom/dist/query-helpers.js:46:10)
    at getMultipleElementsFoundError (/Users/brookeyalof/Development/MongoDB/leafygreen-ui/packages/checkbox/node_modules/@testing-library/dom/dist/query-helpers.js:50:10)
    at getByTestId (/Users/brookeyalof/Development/MongoDB/leafygreen-ui/packages/checkbox/node_modules/@testing-library/dom/dist/query-helpers.js:86:13)
    at renderCheckbox (/Users/brookeyalof/Development/MongoDB/leafygreen-ui/packages/checkbox/src/Checkbox.spec.tsx:13:26)
    at Object.&lt;anonymous&gt; (/Users/brookeyalof/Development/MongoDB/leafygreen-ui/packages/checkbox/src/Checkbox.spec.tsx:44:25)
    at Object.asyncJestTest (/Users/brookeyalof/Development/MongoDB/leafygreen-ui/node_modules/jest-jasmine2/build/jasmineAsyncInstall.js:100:37)
    at /Users/brookeyalof/Development/MongoDB/leafygreen-ui/node_modules/jest-jasmine2/build/queueRunner.js:47:12
    at new Promise (&lt;anonymous&gt;)
    at mapper (/Users/brookeyalof/Development/MongoDB/leafygreen-ui/node_modules/jest-jasmine2/build/queueRunner.js:30:19)
    at /Users/brookeyalof/Development/MongoDB/leafygreen-ui/node_modules/jest-jasmine2/build/queueRunner.js:77:41</failure>
    </testcase>
    <testcase classname="packages/checkbox when controlled onChange fires once when the label is clicked" name="packages/checkbox when controlled onChange fires once when the label is clicked" time="0.004">
      <failure>Error: Found multiple elements by: [data-testid=&quot;checkbox&quot;]

(If this is intentional, then use the `*AllBy*` variant of the query (like `queryAllByText`, `getAllByText`, or `findAllByText`)).

&lt;body&gt;
  &lt;div&gt;
    &lt;label
      class=&quot;leafygreen-ui-hfnsvs test-classname&quot;
      for=&quot;checkbox-5196066&quot;
    &gt;
      &lt;input
        aria-checked=&quot;false&quot;
        aria-disabled=&quot;false&quot;
        aria-labelledby=&quot;checkbox-5196066-label&quot;
        class=&quot;leafygreen-ui-3bropy&quot;
        data-testid=&quot;checkbox&quot;
        id=&quot;checkbox-5196066&quot;
        name=&quot;checkbox-5196066&quot;
        type=&quot;checkbox&quot;
      /&gt;
      &lt;div
        class=&quot;leafygreen-ui-1nb4oxp&quot;
        data-leafygreen-ui=&quot;checkbox-wrapper&quot;
      &gt;
        &lt;div
          class=&quot;leafygreen-ui-mksujm&quot;
        /&gt;
      &lt;/div&gt;
      
    &lt;/label&gt;
  &lt;/div&gt;
  &lt;div&gt;
    &lt;label
      class=&quot;leafygreen-ui-hfnsvs&quot;
      for=&quot;checkbox-9077671&quot;
    &gt;
      &lt;input
        aria-checked=&quot;false&quot;
        aria-disabled=&quot;false&quot;
        aria-labelledby=&quot;checkbox-9077671-label&quot;
        class=&quot;leafygreen-ui-3bropy&quot;
        data-testid=&quot;checkbox&quot;
        id=&quot;checkbox-9077671&quot;
        name=&quot;checkbox-9077671&quot;
        type=&quot;checkbox&quot;
      /&gt;
      &lt;div
        class=&quot;leafygreen-ui-1nb4oxp&quot;
        data-leafygreen-ui=&quot;checkbox-wrapper&quot;
      &gt;
        &lt;div
          class=&quot;leafygreen-ui-mksujm&quot;
        /&gt;
      &lt;/div&gt;
      
    &lt;/label&gt;
  &lt;/div&gt;
  &lt;div&gt;
    &lt;label
      class=&quot;leafygreen-ui-hfnsvs&quot;
      for=&quot;checkbox-1166714&quot;
    &gt;
      &lt;input
        aria-checked=&quot;true&quot;
        aria-disabled=&quot;false&quot;
        aria-labelledby=&quot;checkbox-1166714-label&quot;
        checked=&quot;&quot;
        class=&quot;leafygreen-ui-3bropy&quot;
        data-testid=&quot;checkbox&quot;
        id=&quot;checkbox-1166714&quot;
        name=&quot;checkbox-1166714&quot;
        type=&quot;checkbox&quot;
      /&gt;
      &lt;div
        class=&quot;leafygreen-ui-ukft5n&quot;
        data-leafygreen-ui=&quot;checkbox-wrapper&quot;
      &gt;
        &lt;div
          class=&quot;leafygreen-ui-kswu3v&quot;
        /&gt;
      &lt;/div&gt;
      
    &lt;/label&gt;
  &lt;/div&gt;
  &lt;div&gt;
    &lt;label
      class=&quot;leafygreen-ui-1k0mbb2&quot;
      for=&quot;checkbox-6131612&quot;
    &gt;
      &lt;input
        aria-checked=&quot;false&quot;
        aria-disabled=&quot;true&quot;
        aria-labelledby=&quot;checkbox-6131612-label&quot;
        class=&quot;leafygreen-ui-3bropy&quot;
        data-testid=&quot;checkbox&quot;
        disabled=&quot;&quot;
        id=&quot;checkbox-6131612&quot;
        name=&quot;checkbox-6131612&quot;
        type=&quot;checkbox&quot;
      /&gt;
      &lt;div
        class=&quot;leafygreen-ui-1nb4oxp&quot;
        data-leafygreen-ui=&quot;checkbox-wrapper&quot;
      &gt;
        &lt;div
          class=&quot;leafygreen-ui-azilzm&quot;
        /&gt;
      &lt;/div&gt;
      
    &lt;/label&gt;
  &lt;/div&gt;
  &lt;div&gt;
    &lt;label
      class=&quot;leafygreen-ui-hfnsvs&quot;
      for=&quot;checkbox-7842574&quot;
    &gt;
      &lt;input
        aria-checked=&quot;false&quot;
        aria-disabled=&quot;false&quot;
        aria-labelledby=&quot;checkbox-7842574-label&quot;
        class=&quot;leafygreen-ui-3bropy&quot;
        data-testid=&quot;checkbox&quot;
        id=&quot;checkbox-7842574&quot;
        name=&quot;checkbox-7842574&quot;
        type=&quot;checkbox&quot;
      /&gt;
      &lt;div
        class=&quot;leafygreen-ui-1nb4oxp&quot;
        data-leafygreen-ui=&quot;checkbox-wrapper&quot;
      &gt;
        &lt;div
          class=&quot;leafygreen-ui-mksujm&quot;
        /&gt;
      &lt;/div&gt;
      
    &lt;/label&gt;
  &lt;/div&gt;
  &lt;div&gt;
    &lt;label
      class=&quot;leafygreen-ui-hfnsvs&quot;
      for=&quot;checkbox-5860229&quot;
    &gt;
      &lt;input
        aria-checked=&quot;false&quot;
        aria-disabled=&quot;false&quot;
        aria-labelledby=&quot;checkbox-5860229-label&quot;
        class=&quot;leafygreen-ui-3bropy&quot;
        data-testid=&quot;checkbox&quot;
        id=&quot;checkbox-5860229&quot;
        name=&quot;checkbox-5860229&quot;
        type=&quot;checkbox&quot;
      /&gt;
      &lt;div
        class=&quot;leafygreen-ui-1nb4oxp&quot;
        data-leafygreen-ui=&quot;checkbox-wrapper&quot;
      &gt;
        &lt;div
          class=&quot;leafygreen-ui-mksujm&quot;
        /&gt;
      &lt;/div&gt;
      
    &lt;/label&gt;
  &lt;/div&gt;
&lt;/body&gt;
    at getElementError (/Users/brookeyalof/Development/MongoDB/leafygreen-ui/packages/checkbox/node_modules/@testing-library/dom/dist/query-helpers.js:46:10)
    at getMultipleElementsFoundError (/Users/brookeyalof/Development/MongoDB/leafygreen-ui/packages/checkbox/node_modules/@testing-library/dom/dist/query-helpers.js:50:10)
    at getByTestId (/Users/brookeyalof/Development/MongoDB/leafygreen-ui/packages/checkbox/node_modules/@testing-library/dom/dist/query-helpers.js:86:13)
    at renderCheckbox (/Users/brookeyalof/Development/MongoDB/leafygreen-ui/packages/checkbox/src/Checkbox.spec.tsx:13:26)
    at Object.&lt;anonymous&gt; (/Users/brookeyalof/Development/MongoDB/leafygreen-ui/packages/checkbox/src/Checkbox.spec.tsx:50:25)
    at Object.asyncJestTest (/Users/brookeyalof/Development/MongoDB/leafygreen-ui/node_modules/jest-jasmine2/build/jasmineAsyncInstall.js:100:37)
    at /Users/brookeyalof/Development/MongoDB/leafygreen-ui/node_modules/jest-jasmine2/build/queueRunner.js:47:12
    at new Promise (&lt;anonymous&gt;)
    at mapper (/Users/brookeyalof/Development/MongoDB/leafygreen-ui/node_modules/jest-jasmine2/build/queueRunner.js:30:19)
    at /Users/brookeyalof/Development/MongoDB/leafygreen-ui/node_modules/jest-jasmine2/build/queueRunner.js:77:41</failure>
    </testcase>
    <testcase classname="packages/checkbox when controlled checkbox does not become checked when clicked" name="packages/checkbox when controlled checkbox does not become checked when clicked" time="0.003">
      <failure>Error: Found multiple elements by: [data-testid=&quot;checkbox&quot;]

(If this is intentional, then use the `*AllBy*` variant of the query (like `queryAllByText`, `getAllByText`, or `findAllByText`)).

&lt;body&gt;
  &lt;div&gt;
    &lt;label
      class=&quot;leafygreen-ui-hfnsvs test-classname&quot;
      for=&quot;checkbox-5196066&quot;
    &gt;
      &lt;input
        aria-checked=&quot;false&quot;
        aria-disabled=&quot;false&quot;
        aria-labelledby=&quot;checkbox-5196066-label&quot;
        class=&quot;leafygreen-ui-3bropy&quot;
        data-testid=&quot;checkbox&quot;
        id=&quot;checkbox-5196066&quot;
        name=&quot;checkbox-5196066&quot;
        type=&quot;checkbox&quot;
      /&gt;
      &lt;div
        class=&quot;leafygreen-ui-1nb4oxp&quot;
        data-leafygreen-ui=&quot;checkbox-wrapper&quot;
      &gt;
        &lt;div
          class=&quot;leafygreen-ui-mksujm&quot;
        /&gt;
      &lt;/div&gt;
      
    &lt;/label&gt;
  &lt;/div&gt;
  &lt;div&gt;
    &lt;label
      class=&quot;leafygreen-ui-hfnsvs&quot;
      for=&quot;checkbox-9077671&quot;
    &gt;
      &lt;input
        aria-checked=&quot;false&quot;
        aria-disabled=&quot;false&quot;
        aria-labelledby=&quot;checkbox-9077671-label&quot;
        class=&quot;leafygreen-ui-3bropy&quot;
        data-testid=&quot;checkbox&quot;
        id=&quot;checkbox-9077671&quot;
        name=&quot;checkbox-9077671&quot;
        type=&quot;checkbox&quot;
      /&gt;
      &lt;div
        class=&quot;leafygreen-ui-1nb4oxp&quot;
        data-leafygreen-ui=&quot;checkbox-wrapper&quot;
      &gt;
        &lt;div
          class=&quot;leafygreen-ui-mksujm&quot;
        /&gt;
      &lt;/div&gt;
      
    &lt;/label&gt;
  &lt;/div&gt;
  &lt;div&gt;
    &lt;label
      class=&quot;leafygreen-ui-hfnsvs&quot;
      for=&quot;checkbox-1166714&quot;
    &gt;
      &lt;input
        aria-checked=&quot;true&quot;
        aria-disabled=&quot;false&quot;
        aria-labelledby=&quot;checkbox-1166714-label&quot;
        checked=&quot;&quot;
        class=&quot;leafygreen-ui-3bropy&quot;
        data-testid=&quot;checkbox&quot;
        id=&quot;checkbox-1166714&quot;
        name=&quot;checkbox-1166714&quot;
        type=&quot;checkbox&quot;
      /&gt;
      &lt;div
        class=&quot;leafygreen-ui-ukft5n&quot;
        data-leafygreen-ui=&quot;checkbox-wrapper&quot;
      &gt;
        &lt;div
          class=&quot;leafygreen-ui-kswu3v&quot;
        /&gt;
      &lt;/div&gt;
      
    &lt;/label&gt;
  &lt;/div&gt;
  &lt;div&gt;
    &lt;label
      class=&quot;leafygreen-ui-1k0mbb2&quot;
      for=&quot;checkbox-6131612&quot;
    &gt;
      &lt;input
        aria-checked=&quot;false&quot;
        aria-disabled=&quot;true&quot;
        aria-labelledby=&quot;checkbox-6131612-label&quot;
        class=&quot;leafygreen-ui-3bropy&quot;
        data-testid=&quot;checkbox&quot;
        disabled=&quot;&quot;
        id=&quot;checkbox-6131612&quot;
        name=&quot;checkbox-6131612&quot;
        type=&quot;checkbox&quot;
      /&gt;
      &lt;div
        class=&quot;leafygreen-ui-1nb4oxp&quot;
        data-leafygreen-ui=&quot;checkbox-wrapper&quot;
      &gt;
        &lt;div
          class=&quot;leafygreen-ui-azilzm&quot;
        /&gt;
      &lt;/div&gt;
      
    &lt;/label&gt;
  &lt;/div&gt;
  &lt;div&gt;
    &lt;label
      class=&quot;leafygreen-ui-hfnsvs&quot;
      for=&quot;checkbox-7842574&quot;
    &gt;
      &lt;input
        aria-checked=&quot;false&quot;
        aria-disabled=&quot;false&quot;
        aria-labelledby=&quot;checkbox-7842574-label&quot;
        class=&quot;leafygreen-ui-3bropy&quot;
        data-testid=&quot;checkbox&quot;
        id=&quot;checkbox-7842574&quot;
        name=&quot;checkbox-7842574&quot;
        type=&quot;checkbox&quot;
      /&gt;
      &lt;div
        class=&quot;leafygreen-ui-1nb4oxp&quot;
        data-leafygreen-ui=&quot;checkbox-wrapper&quot;
      &gt;
        &lt;div
          class=&quot;leafygreen-ui-mksujm&quot;
        /&gt;
      &lt;/div&gt;
      
    &lt;/label&gt;
  &lt;/div&gt;
  &lt;div&gt;
    &lt;label
      class=&quot;leafygreen-ui-hfnsvs&quot;
      for=&quot;checkbox-5860229&quot;
    &gt;
      &lt;input
        aria-checked=&quot;false&quot;
        aria-disabled=&quot;false&quot;
        aria-labelledby=&quot;checkbox-5860229-label&quot;
        class=&quot;leafygreen-ui-3bropy&quot;
        data-testid=&quot;checkbox&quot;
        id=&quot;checkbox-5860229&quot;
        name=&quot;checkbox-5860229&quot;
        type=&quot;checkbox&quot;
      /&gt;
      &lt;div
        class=&quot;leafygreen-ui-1nb4oxp&quot;
        data-leafygreen-ui=&quot;checkbox-wrapper&quot;
      &gt;
        &lt;div
          class=&quot;leafygreen-ui-mksujm&quot;
        /&gt;
      &lt;/div&gt;
      
    &lt;/label&gt;
  &lt;/div&gt;
  &lt;div&gt;
    &lt;label
      class=&quot;leafygreen-ui-hfnsvs&quot;
      for=&quot;checkbox-2184783&quot;
    &gt;
      &lt;input
        aria-checked=&quot;false&quot;
        aria-disabled=&quot;false&quot;
        aria-labelledby=&quot;checkbox-2184783-label&quot;
        class=&quot;leafygreen-ui-3bropy&quot;
        data-testid=&quot;checkbox&quot;
        id=&quot;checkbox-2184783&quot;
        name=&quot;checkbox-2184783&quot;
        type=&quot;checkbox&quot;
      /&gt;
      &lt;div
        class=&quot;leafygreen-ui-1nb4oxp&quot;
        data-leafygreen-ui=&quot;checkbox-wrapper&quot;
      &gt;
        &lt;div
          class=&quot;leafygreen-ui-mksujm&quot;
        /&gt;
      &lt;/div&gt;
      
    &lt;/label&gt;
  &lt;/div&gt;
&lt;/body&gt;
    at getElementError (/Users/brookeyalof/Development/MongoDB/leafygreen-ui/packages/checkbox/node_modules/@testing-library/dom/dist/query-helpers.js:46:10)
    at getMultipleElementsFoundError (/Users/brookeyalof/Development/MongoDB/leafygreen-ui/packages/checkbox/node_modules/@testing-library/dom/dist/query-helpers.js:50:10)
    at getByTestId (/Users/brookeyalof/Development/MongoDB/leafygreen-ui/packages/checkbox/node_modules/@testing-library/dom/dist/query-helpers.js:86:13)
    at renderCheckbox (/Users/brookeyalof/Development/MongoDB/leafygreen-ui/packages/checkbox/src/Checkbox.spec.tsx:13:26)
    at Object.&lt;anonymous&gt; (/Users/brookeyalof/Development/MongoDB/leafygreen-ui/packages/checkbox/src/Checkbox.spec.tsx:56:28)
    at Object.asyncJestTest (/Users/brookeyalof/Development/MongoDB/leafygreen-ui/node_modules/jest-jasmine2/build/jasmineAsyncInstall.js:100:37)
    at /Users/brookeyalof/Development/MongoDB/leafygreen-ui/node_modules/jest-jasmine2/build/queueRunner.js:47:12
    at new Promise (&lt;anonymous&gt;)
    at mapper (/Users/brookeyalof/Development/MongoDB/leafygreen-ui/node_modules/jest-jasmine2/build/queueRunner.js:30:19)
    at /Users/brookeyalof/Development/MongoDB/leafygreen-ui/node_modules/jest-jasmine2/build/queueRunner.js:77:41</failure>
    </testcase>
    <testcase classname="packages/checkbox when uncontrolled onClick fires once when the label is clicked" name="packages/checkbox when uncontrolled onClick fires once when the label is clicked" time="0.004">
      <failure>Error: Found multiple elements by: [data-testid=&quot;checkbox&quot;]

(If this is intentional, then use the `*AllBy*` variant of the query (like `queryAllByText`, `getAllByText`, or `findAllByText`)).

&lt;body&gt;
  &lt;div&gt;
    &lt;label
      class=&quot;leafygreen-ui-hfnsvs test-classname&quot;
      for=&quot;checkbox-5196066&quot;
    &gt;
      &lt;input
        aria-checked=&quot;false&quot;
        aria-disabled=&quot;false&quot;
        aria-labelledby=&quot;checkbox-5196066-label&quot;
        class=&quot;leafygreen-ui-3bropy&quot;
        data-testid=&quot;checkbox&quot;
        id=&quot;checkbox-5196066&quot;
        name=&quot;checkbox-5196066&quot;
        type=&quot;checkbox&quot;
      /&gt;
      &lt;div
        class=&quot;leafygreen-ui-1nb4oxp&quot;
        data-leafygreen-ui=&quot;checkbox-wrapper&quot;
      &gt;
        &lt;div
          class=&quot;leafygreen-ui-mksujm&quot;
        /&gt;
      &lt;/div&gt;
      
    &lt;/label&gt;
  &lt;/div&gt;
  &lt;div&gt;
    &lt;label
      class=&quot;leafygreen-ui-hfnsvs&quot;
      for=&quot;checkbox-9077671&quot;
    &gt;
      &lt;input
        aria-checked=&quot;false&quot;
        aria-disabled=&quot;false&quot;
        aria-labelledby=&quot;checkbox-9077671-label&quot;
        class=&quot;leafygreen-ui-3bropy&quot;
        data-testid=&quot;checkbox&quot;
        id=&quot;checkbox-9077671&quot;
        name=&quot;checkbox-9077671&quot;
        type=&quot;checkbox&quot;
      /&gt;
      &lt;div
        class=&quot;leafygreen-ui-1nb4oxp&quot;
        data-leafygreen-ui=&quot;checkbox-wrapper&quot;
      &gt;
        &lt;div
          class=&quot;leafygreen-ui-mksujm&quot;
        /&gt;
      &lt;/div&gt;
      
    &lt;/label&gt;
  &lt;/div&gt;
  &lt;div&gt;
    &lt;label
      class=&quot;leafygreen-ui-hfnsvs&quot;
      for=&quot;checkbox-1166714&quot;
    &gt;
      &lt;input
        aria-checked=&quot;true&quot;
        aria-disabled=&quot;false&quot;
        aria-labelledby=&quot;checkbox-1166714-label&quot;
        checked=&quot;&quot;
        class=&quot;leafygreen-ui-3bropy&quot;
        data-testid=&quot;checkbox&quot;
        id=&quot;checkbox-1166714&quot;
        name=&quot;checkbox-1166714&quot;
        type=&quot;checkbox&quot;
      /&gt;
      &lt;div
        class=&quot;leafygreen-ui-ukft5n&quot;
        data-leafygreen-ui=&quot;checkbox-wrapper&quot;
      &gt;
        &lt;div
          class=&quot;leafygreen-ui-kswu3v&quot;
        /&gt;
      &lt;/div&gt;
      
    &lt;/label&gt;
  &lt;/div&gt;
  &lt;div&gt;
    &lt;label
      class=&quot;leafygreen-ui-1k0mbb2&quot;
      for=&quot;checkbox-6131612&quot;
    &gt;
      &lt;input
        aria-checked=&quot;false&quot;
        aria-disabled=&quot;true&quot;
        aria-labelledby=&quot;checkbox-6131612-label&quot;
        class=&quot;leafygreen-ui-3bropy&quot;
        data-testid=&quot;checkbox&quot;
        disabled=&quot;&quot;
        id=&quot;checkbox-6131612&quot;
        name=&quot;checkbox-6131612&quot;
        type=&quot;checkbox&quot;
      /&gt;
      &lt;div
        class=&quot;leafygreen-ui-1nb4oxp&quot;
        data-leafygreen-ui=&quot;checkbox-wrapper&quot;
      &gt;
        &lt;div
          class=&quot;leafygreen-ui-azilzm&quot;
        /&gt;
      &lt;/div&gt;
      
    &lt;/label&gt;
  &lt;/div&gt;
  &lt;div&gt;
    &lt;label
      class=&quot;leafygreen-ui-hfnsvs&quot;
      for=&quot;checkbox-7842574&quot;
    &gt;
      &lt;input
        aria-checked=&quot;false&quot;
        aria-disabled=&quot;false&quot;
        aria-labelledby=&quot;checkbox-7842574-label&quot;
        class=&quot;leafygreen-ui-3bropy&quot;
        data-testid=&quot;checkbox&quot;
        id=&quot;checkbox-7842574&quot;
        name=&quot;checkbox-7842574&quot;
        type=&quot;checkbox&quot;
      /&gt;
      &lt;div
        class=&quot;leafygreen-ui-1nb4oxp&quot;
        data-leafygreen-ui=&quot;checkbox-wrapper&quot;
      &gt;
        &lt;div
          class=&quot;leafygreen-ui-mksujm&quot;
        /&gt;
      &lt;/div&gt;
      
    &lt;/label&gt;
  &lt;/div&gt;
  &lt;div&gt;
    &lt;label
      class=&quot;leafygreen-ui-hfnsvs&quot;
      for=&quot;checkbox-5860229&quot;
    &gt;
      &lt;input
        aria-checked=&quot;false&quot;
        aria-disabled=&quot;false&quot;
        aria-labelledby=&quot;checkbox-5860229-label&quot;
        class=&quot;leafygreen-ui-3bropy&quot;
        data-testid=&quot;checkbox&quot;
        id=&quot;checkbox-5860229&quot;
        name=&quot;checkbox-5860229&quot;
        type=&quot;checkbox&quot;
      /&gt;
      &lt;div
        class=&quot;leafygreen-ui-1nb4oxp&quot;
        data-leafygreen-ui=&quot;checkbox-wrapper&quot;
      &gt;
        &lt;div
          class=&quot;leafygreen-ui-mksujm&quot;
        /&gt;
      &lt;/div&gt;
      
    &lt;/label&gt;
  &lt;/div&gt;
  &lt;div&gt;
    &lt;label
      class=&quot;leafygreen-ui-hfnsvs&quot;
      for=&quot;checkbox-2184783&quot;
    &gt;
      &lt;input
        aria-checked=&quot;false&quot;
        aria-disabled=&quot;false&quot;
        aria-labelledby=&quot;checkbox-2184783-label&quot;
        class=&quot;leafygreen-ui-3bropy&quot;
        data-testid=&quot;checkbox&quot;
        id=&quot;checkbox-2184783&quot;
        name=&quot;checkbox-2184783&quot;
        type=&quot;checkbox&quot;
      /&gt;
      &lt;div
        class=&quot;leafygreen-ui-1nb4oxp&quot;
        data-leafygreen-ui=&quot;checkbox-wrapper&quot;
      &gt;
        &lt;div
          class=&quot;leafygreen-ui-mksujm&quot;
        /&gt;
      &lt;/div&gt;
      
    &lt;/label&gt;
  &lt;/div&gt;
  &lt;div&gt;
    &lt;label
      class=&quot;leafygreen-ui-hfnsvs&quot;
      for=&quot;checkbox-343894&quot;
    &gt;
      &lt;input
        aria-checked=&quot;false&quot;
        aria-disabled=&quot;false&quot;
        aria-labelledby=&quot;checkbox-343894-label&quot;
        class=&quot;leafygreen-ui-3bropy&quot;
        data-testid=&quot;checkbox&quot;
        id=&quot;checkbox-343894&quot;
        name=&quot;checkbox-343894&quot;
        type=&quot;checkbox&quot;
      /&gt;
      &lt;div
        class=&quot;leafygreen-ui-1nb4oxp&quot;
        data-leafygreen-ui=&quot;checkbox-wrapper&quot;
      &gt;
        &lt;div
          class=&quot;leafygreen-ui-mksujm&quot;
        /&gt;
      &lt;/div&gt;
      
    &lt;/label&gt;
  &lt;/div&gt;
&lt;/body&gt;
    at getElementError (/Users/brookeyalof/Development/MongoDB/leafygreen-ui/packages/checkbox/node_modules/@testing-library/dom/dist/query-helpers.js:46:10)
    at getMultipleElementsFoundError (/Users/brookeyalof/Development/MongoDB/leafygreen-ui/packages/checkbox/node_modules/@testing-library/dom/dist/query-helpers.js:50:10)
    at getByTestId (/Users/brookeyalof/Development/MongoDB/leafygreen-ui/packages/checkbox/node_modules/@testing-library/dom/dist/query-helpers.js:86:13)
    at renderCheckbox (/Users/brookeyalof/Development/MongoDB/leafygreen-ui/packages/checkbox/src/Checkbox.spec.tsx:13:26)
    at Object.&lt;anonymous&gt; (/Users/brookeyalof/Development/MongoDB/leafygreen-ui/packages/checkbox/src/Checkbox.spec.tsx:67:25)
    at Object.asyncJestTest (/Users/brookeyalof/Development/MongoDB/leafygreen-ui/node_modules/jest-jasmine2/build/jasmineAsyncInstall.js:100:37)
    at /Users/brookeyalof/Development/MongoDB/leafygreen-ui/node_modules/jest-jasmine2/build/queueRunner.js:47:12
    at new Promise (&lt;anonymous&gt;)
    at mapper (/Users/brookeyalof/Development/MongoDB/leafygreen-ui/node_modules/jest-jasmine2/build/queueRunner.js:30:19)
    at /Users/brookeyalof/Development/MongoDB/leafygreen-ui/node_modules/jest-jasmine2/build/queueRunner.js:77:41</failure>
    </testcase>
    <testcase classname="packages/checkbox when uncontrolled onChange fires once when the label is clicked" name="packages/checkbox when uncontrolled onChange fires once when the label is clicked" time="0.004">
      <failure>Error: Found multiple elements by: [data-testid=&quot;checkbox&quot;]

(If this is intentional, then use the `*AllBy*` variant of the query (like `queryAllByText`, `getAllByText`, or `findAllByText`)).

&lt;body&gt;
  &lt;div&gt;
    &lt;label
      class=&quot;leafygreen-ui-hfnsvs test-classname&quot;
      for=&quot;checkbox-5196066&quot;
    &gt;
      &lt;input
        aria-checked=&quot;false&quot;
        aria-disabled=&quot;false&quot;
        aria-labelledby=&quot;checkbox-5196066-label&quot;
        class=&quot;leafygreen-ui-3bropy&quot;
        data-testid=&quot;checkbox&quot;
        id=&quot;checkbox-5196066&quot;
        name=&quot;checkbox-5196066&quot;
        type=&quot;checkbox&quot;
      /&gt;
      &lt;div
        class=&quot;leafygreen-ui-1nb4oxp&quot;
        data-leafygreen-ui=&quot;checkbox-wrapper&quot;
      &gt;
        &lt;div
          class=&quot;leafygreen-ui-mksujm&quot;
        /&gt;
      &lt;/div&gt;
      
    &lt;/label&gt;
  &lt;/div&gt;
  &lt;div&gt;
    &lt;label
      class=&quot;leafygreen-ui-hfnsvs&quot;
      for=&quot;checkbox-9077671&quot;
    &gt;
      &lt;input
        aria-checked=&quot;false&quot;
        aria-disabled=&quot;false&quot;
        aria-labelledby=&quot;checkbox-9077671-label&quot;
        class=&quot;leafygreen-ui-3bropy&quot;
        data-testid=&quot;checkbox&quot;
        id=&quot;checkbox-9077671&quot;
        name=&quot;checkbox-9077671&quot;
        type=&quot;checkbox&quot;
      /&gt;
      &lt;div
        class=&quot;leafygreen-ui-1nb4oxp&quot;
        data-leafygreen-ui=&quot;checkbox-wrapper&quot;
      &gt;
        &lt;div
          class=&quot;leafygreen-ui-mksujm&quot;
        /&gt;
      &lt;/div&gt;
      
    &lt;/label&gt;
  &lt;/div&gt;
  &lt;div&gt;
    &lt;label
      class=&quot;leafygreen-ui-hfnsvs&quot;
      for=&quot;checkbox-1166714&quot;
    &gt;
      &lt;input
        aria-checked=&quot;true&quot;
        aria-disabled=&quot;false&quot;
        aria-labelledby=&quot;checkbox-1166714-label&quot;
        checked=&quot;&quot;
        class=&quot;leafygreen-ui-3bropy&quot;
        data-testid=&quot;checkbox&quot;
        id=&quot;checkbox-1166714&quot;
        name=&quot;checkbox-1166714&quot;
        type=&quot;checkbox&quot;
      /&gt;
      &lt;div
        class=&quot;leafygreen-ui-ukft5n&quot;
        data-leafygreen-ui=&quot;checkbox-wrapper&quot;
      &gt;
        &lt;div
          class=&quot;leafygreen-ui-kswu3v&quot;
        /&gt;
      &lt;/div&gt;
      
    &lt;/label&gt;
  &lt;/div&gt;
  &lt;div&gt;
    &lt;label
      class=&quot;leafygreen-ui-1k0mbb2&quot;
      for=&quot;checkbox-6131612&quot;
    &gt;
      &lt;input
        aria-checked=&quot;false&quot;
        aria-disabled=&quot;true&quot;
        aria-labelledby=&quot;checkbox-6131612-label&quot;
        class=&quot;leafygreen-ui-3bropy&quot;
        data-testid=&quot;checkbox&quot;
        disabled=&quot;&quot;
        id=&quot;checkbox-6131612&quot;
        name=&quot;checkbox-6131612&quot;
        type=&quot;checkbox&quot;
      /&gt;
      &lt;div
        class=&quot;leafygreen-ui-1nb4oxp&quot;
        data-leafygreen-ui=&quot;checkbox-wrapper&quot;
      &gt;
        &lt;div
          class=&quot;leafygreen-ui-azilzm&quot;
        /&gt;
      &lt;/div&gt;
      
    &lt;/label&gt;
  &lt;/div&gt;
  &lt;div&gt;
    &lt;label
      class=&quot;leafygreen-ui-hfnsvs&quot;
      for=&quot;checkbox-7842574&quot;
    &gt;
      &lt;input
        aria-checked=&quot;false&quot;
        aria-disabled=&quot;false&quot;
        aria-labelledby=&quot;checkbox-7842574-label&quot;
        class=&quot;leafygreen-ui-3bropy&quot;
        data-testid=&quot;checkbox&quot;
        id=&quot;checkbox-7842574&quot;
        name=&quot;checkbox-7842574&quot;
        type=&quot;checkbox&quot;
      /&gt;
      &lt;div
        class=&quot;leafygreen-ui-1nb4oxp&quot;
        data-leafygreen-ui=&quot;checkbox-wrapper&quot;
      &gt;
        &lt;div
          class=&quot;leafygreen-ui-mksujm&quot;
        /&gt;
      &lt;/div&gt;
      
    &lt;/label&gt;
  &lt;/div&gt;
  &lt;div&gt;
    &lt;label
      class=&quot;leafygreen-ui-hfnsvs&quot;
      for=&quot;checkbox-5860229&quot;
    &gt;
      &lt;input
        aria-checked=&quot;false&quot;
        aria-disabled=&quot;false&quot;
        aria-labelledby=&quot;checkbox-5860229-label&quot;
        class=&quot;leafygreen-ui-3bropy&quot;
        data-testid=&quot;checkbox&quot;
        id=&quot;checkbox-5860229&quot;
        name=&quot;checkbox-5860229&quot;
        type=&quot;checkbox&quot;
      /&gt;
      &lt;div
        class=&quot;leafygreen-ui-1nb4oxp&quot;
        data-leafygreen-ui=&quot;checkbox-wrapper&quot;
      &gt;
        &lt;div
          class=&quot;leafygreen-ui-mksujm&quot;
        /&gt;
      &lt;/div&gt;
      
    &lt;/label&gt;
  &lt;/div&gt;
  &lt;div&gt;
    &lt;label
      class=&quot;leafygreen-ui-hfnsvs&quot;
      for=&quot;checkbox-2184783&quot;
    &gt;
      &lt;input
        aria-checked=&quot;false&quot;
        aria-disabled=&quot;false&quot;
        aria-labelledby=&quot;checkbox-2184783-label&quot;
        class=&quot;leafygreen-ui-3bropy&quot;
        data-testid=&quot;checkbox&quot;
        id=&quot;checkbox-2184783&quot;
        name=&quot;checkbox-2184783&quot;
        type=&quot;checkbox&quot;
      /&gt;
      &lt;div
        class=&quot;leafygreen-ui-1nb4oxp&quot;
        data-leafygreen-ui=&quot;checkbox-wrapper&quot;
      &gt;
        &lt;div
          class=&quot;leafygreen-ui-mksujm&quot;
        /&gt;
      &lt;/div&gt;
      
    &lt;/label&gt;
  &lt;/div&gt;
  &lt;div&gt;
    &lt;label
      class=&quot;leafygreen-ui-hfnsvs&quot;
      for=&quot;checkbox-343894&quot;
    &gt;
      &lt;input
        aria-checked=&quot;false&quot;
        aria-disabled=&quot;false&quot;
        aria-labelledby=&quot;checkbox-343894-label&quot;
        class=&quot;leafygreen-ui-3bropy&quot;
        data-testid=&quot;checkbox&quot;
        id=&quot;checkbox-343894&quot;
        name=&quot;checkbox-343894&quot;
        type=&quot;checkbox&quot;
      /&gt;
      &lt;div
        class=&quot;leafygreen-ui-1nb4oxp&quot;
        data-leafygreen-ui=&quot;checkbox-wrapper&quot;
      &gt;
        &lt;div
          class=&quot;leafygreen-ui-mksujm&quot;
        /&gt;
      &lt;/div&gt;
      
    &lt;/label&gt;
  &lt;/div&gt;
  &lt;div&gt;
    &lt;label
      class=&quot;leafygreen-ui-hfnsvs&quot;
      for=&quot;checkbox-3251620&quot;
    &gt;
      &lt;input
        aria-checked=&quot;false&quot;
        aria-disabled=&quot;false&quot;
        aria-labelledby=&quot;checkbox-3251620-label&quot;
        class=&quot;leafygreen-ui-3bropy&quot;
        data-testid=&quot;checkbox&quot;
        id=&quot;checkbox-3251620&quot;
        name=&quot;checkbox-3251620&quot;
        type=&quot;checkbox&quot;
      /&gt;
      &lt;div
        class=&quot;leafygreen-ui-1nb4oxp&quot;
        data-leafygreen-ui=&quot;checkbox-wrapper&quot;
      &gt;
        &lt;div
          class=&quot;leafygreen-ui-mksujm&quot;
        /&gt;
      &lt;/div&gt;
      
    &lt;/label&gt;
  &lt;/div&gt;
&lt;/body&gt;
    at getElementError (/Users/brookeyalof/Development/MongoDB/leafygreen-ui/packages/checkbox/node_modules/@testing-library/dom/dist/query-helpers.js:46:10)
    at getMultipleElementsFoundError (/Users/brookeyalof/Development/MongoDB/leafygreen-ui/packages/checkbox/node_modules/@testing-library/dom/dist/query-helpers.js:50:10)
    at getByTestId (/Users/brookeyalof/Development/MongoDB/leafygreen-ui/packages/checkbox/node_modules/@testing-library/dom/dist/query-helpers.js:86:13)
    at renderCheckbox (/Users/brookeyalof/Development/MongoDB/leafygreen-ui/packages/checkbox/src/Checkbox.spec.tsx:13:26)
    at Object.&lt;anonymous&gt; (/Users/brookeyalof/Development/MongoDB/leafygreen-ui/packages/checkbox/src/Checkbox.spec.tsx:73:25)
    at Object.asyncJestTest (/Users/brookeyalof/Development/MongoDB/leafygreen-ui/node_modules/jest-jasmine2/build/jasmineAsyncInstall.js:100:37)
    at /Users/brookeyalof/Development/MongoDB/leafygreen-ui/node_modules/jest-jasmine2/build/queueRunner.js:47:12
    at new Promise (&lt;anonymous&gt;)
    at mapper (/Users/brookeyalof/Development/MongoDB/leafygreen-ui/node_modules/jest-jasmine2/build/queueRunner.js:30:19)
    at /Users/brookeyalof/Development/MongoDB/leafygreen-ui/node_modules/jest-jasmine2/build/queueRunner.js:77:41</failure>
    </testcase>
    <testcase classname="packages/checkbox when uncontrolled checkbox becomes checked when clicked" name="packages/checkbox when uncontrolled checkbox becomes checked when clicked" time="0.004">
      <failure>Error: Found multiple elements by: [data-testid=&quot;checkbox&quot;]

(If this is intentional, then use the `*AllBy*` variant of the query (like `queryAllByText`, `getAllByText`, or `findAllByText`)).

&lt;body&gt;
  &lt;div&gt;
    &lt;label
      class=&quot;leafygreen-ui-hfnsvs test-classname&quot;
      for=&quot;checkbox-5196066&quot;
    &gt;
      &lt;input
        aria-checked=&quot;false&quot;
        aria-disabled=&quot;false&quot;
        aria-labelledby=&quot;checkbox-5196066-label&quot;
        class=&quot;leafygreen-ui-3bropy&quot;
        data-testid=&quot;checkbox&quot;
        id=&quot;checkbox-5196066&quot;
        name=&quot;checkbox-5196066&quot;
        type=&quot;checkbox&quot;
      /&gt;
      &lt;div
        class=&quot;leafygreen-ui-1nb4oxp&quot;
        data-leafygreen-ui=&quot;checkbox-wrapper&quot;
      &gt;
        &lt;div
          class=&quot;leafygreen-ui-mksujm&quot;
        /&gt;
      &lt;/div&gt;
      
    &lt;/label&gt;
  &lt;/div&gt;
  &lt;div&gt;
    &lt;label
      class=&quot;leafygreen-ui-hfnsvs&quot;
      for=&quot;checkbox-9077671&quot;
    &gt;
      &lt;input
        aria-checked=&quot;false&quot;
        aria-disabled=&quot;false&quot;
        aria-labelledby=&quot;checkbox-9077671-label&quot;
        class=&quot;leafygreen-ui-3bropy&quot;
        data-testid=&quot;checkbox&quot;
        id=&quot;checkbox-9077671&quot;
        name=&quot;checkbox-9077671&quot;
        type=&quot;checkbox&quot;
      /&gt;
      &lt;div
        class=&quot;leafygreen-ui-1nb4oxp&quot;
        data-leafygreen-ui=&quot;checkbox-wrapper&quot;
      &gt;
        &lt;div
          class=&quot;leafygreen-ui-mksujm&quot;
        /&gt;
      &lt;/div&gt;
      
    &lt;/label&gt;
  &lt;/div&gt;
  &lt;div&gt;
    &lt;label
      class=&quot;leafygreen-ui-hfnsvs&quot;
      for=&quot;checkbox-1166714&quot;
    &gt;
      &lt;input
        aria-checked=&quot;true&quot;
        aria-disabled=&quot;false&quot;
        aria-labelledby=&quot;checkbox-1166714-label&quot;
        checked=&quot;&quot;
        class=&quot;leafygreen-ui-3bropy&quot;
        data-testid=&quot;checkbox&quot;
        id=&quot;checkbox-1166714&quot;
        name=&quot;checkbox-1166714&quot;
        type=&quot;checkbox&quot;
      /&gt;
      &lt;div
        class=&quot;leafygreen-ui-ukft5n&quot;
        data-leafygreen-ui=&quot;checkbox-wrapper&quot;
      &gt;
        &lt;div
          class=&quot;leafygreen-ui-kswu3v&quot;
        /&gt;
      &lt;/div&gt;
      
    &lt;/label&gt;
  &lt;/div&gt;
  &lt;div&gt;
    &lt;label
      class=&quot;leafygreen-ui-1k0mbb2&quot;
      for=&quot;checkbox-6131612&quot;
    &gt;
      &lt;input
        aria-checked=&quot;false&quot;
        aria-disabled=&quot;true&quot;
        aria-labelledby=&quot;checkbox-6131612-label&quot;
        class=&quot;leafygreen-ui-3bropy&quot;
        data-testid=&quot;checkbox&quot;
        disabled=&quot;&quot;
        id=&quot;checkbox-6131612&quot;
        name=&quot;checkbox-6131612&quot;
        type=&quot;checkbox&quot;
      /&gt;
      &lt;div
        class=&quot;leafygreen-ui-1nb4oxp&quot;
        data-leafygreen-ui=&quot;checkbox-wrapper&quot;
      &gt;
        &lt;div
          class=&quot;leafygreen-ui-azilzm&quot;
        /&gt;
      &lt;/div&gt;
      
    &lt;/label&gt;
  &lt;/div&gt;
  &lt;div&gt;
    &lt;label
      class=&quot;leafygreen-ui-hfnsvs&quot;
      for=&quot;checkbox-7842574&quot;
    &gt;
      &lt;input
        aria-checked=&quot;false&quot;
        aria-disabled=&quot;false&quot;
        aria-labelledby=&quot;checkbox-7842574-label&quot;
        class=&quot;leafygreen-ui-3bropy&quot;
        data-testid=&quot;checkbox&quot;
        id=&quot;checkbox-7842574&quot;
        name=&quot;checkbox-7842574&quot;
        type=&quot;checkbox&quot;
      /&gt;
      &lt;div
        class=&quot;leafygreen-ui-1nb4oxp&quot;
        data-leafygreen-ui=&quot;checkbox-wrapper&quot;
      &gt;
        &lt;div
          class=&quot;leafygreen-ui-mksujm&quot;
        /&gt;
      &lt;/div&gt;
      
    &lt;/label&gt;
  &lt;/div&gt;
  &lt;div&gt;
    &lt;label
      class=&quot;leafygreen-ui-hfnsvs&quot;
      for=&quot;checkbox-5860229&quot;
    &gt;
      &lt;input
        aria-checked=&quot;false&quot;
        aria-disabled=&quot;false&quot;
        aria-labelledby=&quot;checkbox-5860229-label&quot;
        class=&quot;leafygreen-ui-3bropy&quot;
        data-testid=&quot;checkbox&quot;
        id=&quot;checkbox-5860229&quot;
        name=&quot;checkbox-5860229&quot;
        type=&quot;checkbox&quot;
      /&gt;
      &lt;div
        class=&quot;leafygreen-ui-1nb4oxp&quot;
        data-leafygreen-ui=&quot;checkbox-wrapper&quot;
      &gt;
        &lt;div
          class=&quot;leafygreen-ui-mksujm&quot;
        /&gt;
      &lt;/div&gt;
      
    &lt;/label&gt;
  &lt;/div&gt;
  &lt;div&gt;
    &lt;label
      class=&quot;leafygreen-ui-hfnsvs&quot;
      for=&quot;checkbox-2184783&quot;
    &gt;
      &lt;input
        aria-checked=&quot;false&quot;
        aria-disabled=&quot;false&quot;
        aria-labelledby=&quot;checkbox-2184783-label&quot;
        class=&quot;leafygreen-ui-3bropy&quot;
        data-testid=&quot;checkbox&quot;
        id=&quot;checkbox-2184783&quot;
        name=&quot;checkbox-2184783&quot;
        type=&quot;checkbox&quot;
      /&gt;
      &lt;div
        class=&quot;leafygreen-ui-1nb4oxp&quot;
        data-leafygreen-ui=&quot;checkbox-wrapper&quot;
      &gt;
        &lt;div
          class=&quot;leafygreen-ui-mksujm&quot;
        /&gt;
      &lt;/div&gt;
      
    &lt;/label&gt;
  &lt;/div&gt;
  &lt;div&gt;
    &lt;label
      class=&quot;leafygreen-ui-hfnsvs&quot;
      for=&quot;checkbox-343894&quot;
    &gt;
      &lt;input
        aria-checked=&quot;false&quot;
        aria-disabled=&quot;false&quot;
        aria-labelledby=&quot;checkbox-343894-label&quot;
        class=&quot;leafygreen-ui-3bropy&quot;
        data-testid=&quot;checkbox&quot;
        id=&quot;checkbox-343894&quot;
        name=&quot;checkbox-343894&quot;
        type=&quot;checkbox&quot;
      /&gt;
      &lt;div
        class=&quot;leafygreen-ui-1nb4oxp&quot;
        data-leafygreen-ui=&quot;checkbox-wrapper&quot;
      &gt;
        &lt;div
          class=&quot;leafygreen-ui-mksujm&quot;
        /&gt;
      &lt;/div&gt;
      
    &lt;/label&gt;
  &lt;/div&gt;
  &lt;div&gt;
    &lt;label
      class=&quot;leafygreen-ui-hfnsvs&quot;
      for=&quot;checkbox-3251620&quot;
    &gt;
      &lt;input
        aria-checked=&quot;false&quot;
        aria-disabled=&quot;false&quot;
        aria-labelledby=&quot;checkbox-3251620-label&quot;
        class=&quot;leafygreen-ui-3bropy&quot;
        data-testid=&quot;checkbox&quot;
        id=&quot;checkbox-3251620&quot;
        name=&quot;checkbox-3251620&quot;
        type=&quot;checkbox&quot;
      /&gt;
      &lt;div
        class=&quot;leafygreen-ui-1nb4oxp&quot;
        data-leafygreen-ui=&quot;checkbox-wrapper&quot;
      &gt;
        &lt;div
          class=&quot;leafygreen-ui-mksujm&quot;
        /&gt;
      &lt;/div&gt;
      
    &lt;/label&gt;
  &lt;/div&gt;
  &lt;div&gt;
    &lt;label
      class=&quot;leafygreen-ui-hfnsvs&quot;
      for=&quot;checkbox-7680828&quot;
    &gt;
      &lt;input
        aria-checked=&quot;false&quot;
        aria-disabled=&quot;false&quot;
        aria-labelledby=&quot;checkbox-7680828-label&quot;
        class=&quot;leafygreen-ui-3bropy&quot;
        data-testid=&quot;checkbox&quot;
        id=&quot;checkbox-7680828&quot;
        name=&quot;checkbox-7680828&quot;
        type=&quot;checkbox&quot;
      /&gt;
      &lt;div
        class=&quot;leafygreen-ui-1nb4oxp&quot;
        data-leafygreen-ui=&quot;checkbox-wrapper&quot;
      &gt;
        &lt;div
          class=&quot;leafygreen-ui-mksujm&quot;
        /&gt;
      &lt;/div&gt;
      
    &lt;/label&gt;
  &lt;/div&gt;
&lt;/body&gt;
    at getElementError (/Users/brookeyalof/Development/MongoDB/leafygreen-ui/packages/checkbox/node_modules/@testing-library/dom/dist/query-helpers.js:46:10)
    at getMultipleElementsFoundError (/Users/brookeyalof/Development/MongoDB/leafygreen-ui/packages/checkbox/node_modules/@testing-library/dom/dist/query-helpers.js:50:10)
    at getByTestId (/Users/brookeyalof/Development/MongoDB/leafygreen-ui/packages/checkbox/node_modules/@testing-library/dom/dist/query-helpers.js:86:13)
    at renderCheckbox (/Users/brookeyalof/Development/MongoDB/leafygreen-ui/packages/checkbox/src/Checkbox.spec.tsx:13:26)
    at Object.&lt;anonymous&gt; (/Users/brookeyalof/Development/MongoDB/leafygreen-ui/packages/checkbox/src/Checkbox.spec.tsx:79:28)
    at Object.asyncJestTest (/Users/brookeyalof/Development/MongoDB/leafygreen-ui/node_modules/jest-jasmine2/build/jasmineAsyncInstall.js:100:37)
    at /Users/brookeyalof/Development/MongoDB/leafygreen-ui/node_modules/jest-jasmine2/build/queueRunner.js:47:12
    at new Promise (&lt;anonymous&gt;)
    at mapper (/Users/brookeyalof/Development/MongoDB/leafygreen-ui/node_modules/jest-jasmine2/build/queueRunner.js:30:19)
    at /Users/brookeyalof/Development/MongoDB/leafygreen-ui/node_modules/jest-jasmine2/build/queueRunner.js:77:41</failure>
    </testcase>
  </testsuite>
  <testsuite name="packages/banner" errors="0" failures="10" skipped="0" timestamp="2020-07-29T17:06:37" time="0.649" tests="10">
    <testcase classname="packages/banner by default renders &quot;test-classname&quot; in the badge&apos;s classList" name="packages/banner by default renders &quot;test-classname&quot; in the badge&apos;s classList" time="0.019">
      <failure>TypeError: Cannot read property &apos;getByTestId&apos; of undefined
    at renderBanner (/Users/brookeyalof/Development/MongoDB/leafygreen-ui/packages/banner/src/Banner.spec.tsx:12:25)
    at Object.&lt;anonymous&gt; (/Users/brookeyalof/Development/MongoDB/leafygreen-ui/packages/banner/src/Banner.spec.tsx:19:26)
    at Object.asyncJestTest (/Users/brookeyalof/Development/MongoDB/leafygreen-ui/node_modules/jest-jasmine2/build/jasmineAsyncInstall.js:100:37)
    at /Users/brookeyalof/Development/MongoDB/leafygreen-ui/node_modules/jest-jasmine2/build/queueRunner.js:47:12
    at new Promise (&lt;anonymous&gt;)
    at mapper (/Users/brookeyalof/Development/MongoDB/leafygreen-ui/node_modules/jest-jasmine2/build/queueRunner.js:30:19)
    at /Users/brookeyalof/Development/MongoDB/leafygreen-ui/node_modules/jest-jasmine2/build/queueRunner.js:77:41</failure>
    </testcase>
    <testcase classname="packages/banner by default renders &quot;this is the banner content.&quot; in the badge&apos;s classList" name="packages/banner by default renders &quot;this is the banner content.&quot; in the badge&apos;s classList" time="0.003">
      <failure>TypeError: Cannot read property &apos;getByTestId&apos; of undefined
    at renderBanner (/Users/brookeyalof/Development/MongoDB/leafygreen-ui/packages/banner/src/Banner.spec.tsx:12:25)
    at Object.&lt;anonymous&gt; (/Users/brookeyalof/Development/MongoDB/leafygreen-ui/packages/banner/src/Banner.spec.tsx:26:26)
    at Object.asyncJestTest (/Users/brookeyalof/Development/MongoDB/leafygreen-ui/node_modules/jest-jasmine2/build/jasmineAsyncInstall.js:100:37)
    at /Users/brookeyalof/Development/MongoDB/leafygreen-ui/node_modules/jest-jasmine2/build/queueRunner.js:47:12
    at new Promise (&lt;anonymous&gt;)
    at mapper (/Users/brookeyalof/Development/MongoDB/leafygreen-ui/node_modules/jest-jasmine2/build/queueRunner.js:30:19)
    at /Users/brookeyalof/Development/MongoDB/leafygreen-ui/node_modules/jest-jasmine2/build/queueRunner.js:77:41</failure>
    </testcase>
    <testcase classname="packages/banner by default renders banner with &quot;info&quot; variant by default" name="packages/banner by default renders banner with &quot;info&quot; variant by default" time="0.003">
      <failure>TypeError: Cannot read property &apos;getByTestId&apos; of undefined
    at renderBanner (/Users/brookeyalof/Development/MongoDB/leafygreen-ui/packages/banner/src/Banner.spec.tsx:12:25)
    at Object.&lt;anonymous&gt; (/Users/brookeyalof/Development/MongoDB/leafygreen-ui/packages/banner/src/Banner.spec.tsx:33:7)
    at Object.asyncJestTest (/Users/brookeyalof/Development/MongoDB/leafygreen-ui/node_modules/jest-jasmine2/build/jasmineAsyncInstall.js:100:37)
    at /Users/brookeyalof/Development/MongoDB/leafygreen-ui/node_modules/jest-jasmine2/build/queueRunner.js:47:12
    at new Promise (&lt;anonymous&gt;)
    at mapper (/Users/brookeyalof/Development/MongoDB/leafygreen-ui/node_modules/jest-jasmine2/build/queueRunner.js:30:19)
    at /Users/brookeyalof/Development/MongoDB/leafygreen-ui/node_modules/jest-jasmine2/build/queueRunner.js:77:41</failure>
    </testcase>
    <testcase classname="packages/banner by default does not render the banner as dismissible by default" name="packages/banner by default does not render the banner as dismissible by default" time="0.004">
      <failure>TypeError: Cannot read property &apos;getByTestId&apos; of undefined
    at renderBanner (/Users/brookeyalof/Development/MongoDB/leafygreen-ui/packages/banner/src/Banner.spec.tsx:12:25)
    at Object.&lt;anonymous&gt; (/Users/brookeyalof/Development/MongoDB/leafygreen-ui/packages/banner/src/Banner.spec.tsx:39:26)
    at Object.asyncJestTest (/Users/brookeyalof/Development/MongoDB/leafygreen-ui/node_modules/jest-jasmine2/build/jasmineAsyncInstall.js:100:37)
    at /Users/brookeyalof/Development/MongoDB/leafygreen-ui/node_modules/jest-jasmine2/build/queueRunner.js:47:12
    at new Promise (&lt;anonymous&gt;)
    at mapper (/Users/brookeyalof/Development/MongoDB/leafygreen-ui/node_modules/jest-jasmine2/build/queueRunner.js:30:19)
    at /Users/brookeyalof/Development/MongoDB/leafygreen-ui/node_modules/jest-jasmine2/build/queueRunner.js:77:41</failure>
    </testcase>
    <testcase classname="packages/banner when the &quot;variant&quot; prop is set and the value is &quot;warning&quot;" name="packages/banner when the &quot;variant&quot; prop is set and the value is &quot;warning&quot;" time="0.007">
      <failure>TypeError: Cannot read property &apos;getByTestId&apos; of undefined
    at renderBanner (/Users/brookeyalof/Development/MongoDB/leafygreen-ui/packages/banner/src/Banner.spec.tsx:12:25)
    at Object.&lt;anonymous&gt; (/Users/brookeyalof/Development/MongoDB/leafygreen-ui/packages/banner/src/Banner.spec.tsx:46:7)
    at Object.asyncJestTest (/Users/brookeyalof/Development/MongoDB/leafygreen-ui/node_modules/jest-jasmine2/build/jasmineAsyncInstall.js:100:37)
    at /Users/brookeyalof/Development/MongoDB/leafygreen-ui/node_modules/jest-jasmine2/build/queueRunner.js:47:12
    at new Promise (&lt;anonymous&gt;)
    at mapper (/Users/brookeyalof/Development/MongoDB/leafygreen-ui/node_modules/jest-jasmine2/build/queueRunner.js:30:19)
    at /Users/brookeyalof/Development/MongoDB/leafygreen-ui/node_modules/jest-jasmine2/build/queueRunner.js:77:41</failure>
    </testcase>
    <testcase classname="packages/banner when the &quot;variant&quot; prop is set and the value is &quot;danger&quot;" name="packages/banner when the &quot;variant&quot; prop is set and the value is &quot;danger&quot;" time="0.006">
      <failure>TypeError: Cannot read property &apos;getByTestId&apos; of undefined
    at renderBanner (/Users/brookeyalof/Development/MongoDB/leafygreen-ui/packages/banner/src/Banner.spec.tsx:12:25)
    at Object.&lt;anonymous&gt; (/Users/brookeyalof/Development/MongoDB/leafygreen-ui/packages/banner/src/Banner.spec.tsx:52:7)
    at Object.asyncJestTest (/Users/brookeyalof/Development/MongoDB/leafygreen-ui/node_modules/jest-jasmine2/build/jasmineAsyncInstall.js:100:37)
    at /Users/brookeyalof/Development/MongoDB/leafygreen-ui/node_modules/jest-jasmine2/build/queueRunner.js:47:12
    at new Promise (&lt;anonymous&gt;)
    at mapper (/Users/brookeyalof/Development/MongoDB/leafygreen-ui/node_modules/jest-jasmine2/build/queueRunner.js:30:19)
    at /Users/brookeyalof/Development/MongoDB/leafygreen-ui/node_modules/jest-jasmine2/build/queueRunner.js:77:41</failure>
    </testcase>
    <testcase classname="packages/banner when the &quot;variant&quot; prop is set and the value is &quot;success&quot;" name="packages/banner when the &quot;variant&quot; prop is set and the value is &quot;success&quot;" time="0.005">
      <failure>TypeError: Cannot read property &apos;getByTestId&apos; of undefined
    at renderBanner (/Users/brookeyalof/Development/MongoDB/leafygreen-ui/packages/banner/src/Banner.spec.tsx:12:25)
    at Object.&lt;anonymous&gt; (/Users/brookeyalof/Development/MongoDB/leafygreen-ui/packages/banner/src/Banner.spec.tsx:58:7)
    at Object.asyncJestTest (/Users/brookeyalof/Development/MongoDB/leafygreen-ui/node_modules/jest-jasmine2/build/jasmineAsyncInstall.js:100:37)
    at /Users/brookeyalof/Development/MongoDB/leafygreen-ui/node_modules/jest-jasmine2/build/queueRunner.js:47:12
    at new Promise (&lt;anonymous&gt;)
    at mapper (/Users/brookeyalof/Development/MongoDB/leafygreen-ui/node_modules/jest-jasmine2/build/queueRunner.js:30:19)
    at /Users/brookeyalof/Development/MongoDB/leafygreen-ui/node_modules/jest-jasmine2/build/queueRunner.js:77:41</failure>
    </testcase>
    <testcase classname="packages/banner when the &quot;dismissible&quot; prop is set the X icon is present" name="packages/banner when the &quot;dismissible&quot; prop is set the X icon is present" time="0.006">
      <failure>TypeError: Cannot read property &apos;getByTestId&apos; of undefined
    at renderBanner (/Users/brookeyalof/Development/MongoDB/leafygreen-ui/packages/banner/src/Banner.spec.tsx:12:25)
    at Object.&lt;anonymous&gt; (/Users/brookeyalof/Development/MongoDB/leafygreen-ui/packages/banner/src/Banner.spec.tsx:66:7)
    at Object.asyncJestTest (/Users/brookeyalof/Development/MongoDB/leafygreen-ui/node_modules/jest-jasmine2/build/jasmineAsyncInstall.js:100:37)
    at /Users/brookeyalof/Development/MongoDB/leafygreen-ui/node_modules/jest-jasmine2/build/queueRunner.js:47:12
    at new Promise (&lt;anonymous&gt;)
    at mapper (/Users/brookeyalof/Development/MongoDB/leafygreen-ui/node_modules/jest-jasmine2/build/queueRunner.js:30:19)
    at /Users/brookeyalof/Development/MongoDB/leafygreen-ui/node_modules/jest-jasmine2/build/queueRunner.js:77:41</failure>
    </testcase>
    <testcase classname="packages/banner when the &quot;dismissible&quot; prop is set onClose fires when the dismiss button is clicked" name="packages/banner when the &quot;dismissible&quot; prop is set onClose fires when the dismiss button is clicked" time="0.003">
      <failure>TypeError: Cannot read property &apos;getByTestId&apos; of undefined
    at renderBanner (/Users/brookeyalof/Development/MongoDB/leafygreen-ui/packages/banner/src/Banner.spec.tsx:12:25)
    at Object.&lt;anonymous&gt; (/Users/brookeyalof/Development/MongoDB/leafygreen-ui/packages/banner/src/Banner.spec.tsx:72:7)
    at Object.asyncJestTest (/Users/brookeyalof/Development/MongoDB/leafygreen-ui/node_modules/jest-jasmine2/build/jasmineAsyncInstall.js:100:37)
    at /Users/brookeyalof/Development/MongoDB/leafygreen-ui/node_modules/jest-jasmine2/build/queueRunner.js:47:12
    at new Promise (&lt;anonymous&gt;)
    at mapper (/Users/brookeyalof/Development/MongoDB/leafygreen-ui/node_modules/jest-jasmine2/build/queueRunner.js:30:19)
    at /Users/brookeyalof/Development/MongoDB/leafygreen-ui/node_modules/jest-jasmine2/build/queueRunner.js:77:41</failure>
    </testcase>
    <testcase classname="packages/banner when the &quot;image&quot; prop is set the default icon does not appear" name="packages/banner when the &quot;image&quot; prop is set the default icon does not appear" time="0.003">
      <failure>TypeError: Cannot read property &apos;getByTestId&apos; of undefined
    at renderBanner (/Users/brookeyalof/Development/MongoDB/leafygreen-ui/packages/banner/src/Banner.spec.tsx:12:25)
    at Object.&lt;anonymous&gt; (/Users/brookeyalof/Development/MongoDB/leafygreen-ui/packages/banner/src/Banner.spec.tsx:81:26)
    at Object.asyncJestTest (/Users/brookeyalof/Development/MongoDB/leafygreen-ui/node_modules/jest-jasmine2/build/jasmineAsyncInstall.js:100:37)
    at /Users/brookeyalof/Development/MongoDB/leafygreen-ui/node_modules/jest-jasmine2/build/queueRunner.js:47:12
    at new Promise (&lt;anonymous&gt;)
    at mapper (/Users/brookeyalof/Development/MongoDB/leafygreen-ui/node_modules/jest-jasmine2/build/queueRunner.js:30:19)
    at /Users/brookeyalof/Development/MongoDB/leafygreen-ui/node_modules/jest-jasmine2/build/queueRunner.js:77:41</failure>
    </testcase>
  </testsuite>
  <testsuite name="packages/Syntax" errors="0" failures="1" skipped="0" timestamp="2020-07-29T17:06:38" time="1.21" tests="5">
    <testcase classname="packages/Syntax when multiline is true root element renders as a &lt;pre&gt; tag" name="packages/Syntax when multiline is true root element renders as a &lt;pre&gt; tag" time="0.002">
    </testcase>
    <testcase classname="packages/Syntax when multiline is true renders &quot;test-class&quot; in the root element&apos;s classList" name="packages/Syntax when multiline is true renders &quot;test-class&quot; in the root element&apos;s classList" time="0">
    </testcase>
    <testcase classname="packages/Syntax when multiline is false code wrapper element renders as a &lt;div&gt; tag" name="packages/Syntax when multiline is false code wrapper element renders as a &lt;div&gt; tag" time="0.001">
    </testcase>
    <testcase classname="packages/Syntax when multiline is false renders &quot;test-class&quot; in the root element&apos;s classList" name="packages/Syntax when multiline is false renders &quot;test-class&quot; in the root element&apos;s classList" time="0">
    </testcase>
    <testcase classname="packages/Syntax when copyable is true onCopy callback is fired when code is copied" name="packages/Syntax when copyable is true onCopy callback is fired when code is copied" time="0.005">
      <failure>TypeError: Cannot read property &apos;getByRole&apos; of undefined
    at Object.&lt;anonymous&gt; (/Users/brookeyalof/Development/MongoDB/leafygreen-ui/packages/code/src/Code.spec.tsx:76:31)
    at Object.asyncJestTest (/Users/brookeyalof/Development/MongoDB/leafygreen-ui/node_modules/jest-jasmine2/build/jasmineAsyncInstall.js:100:37)
    at /Users/brookeyalof/Development/MongoDB/leafygreen-ui/node_modules/jest-jasmine2/build/queueRunner.js:47:12
    at new Promise (&lt;anonymous&gt;)
    at mapper (/Users/brookeyalof/Development/MongoDB/leafygreen-ui/node_modules/jest-jasmine2/build/queueRunner.js:30:19)
    at /Users/brookeyalof/Development/MongoDB/leafygreen-ui/node_modules/jest-jasmine2/build/queueRunner.js:77:41</failure>
    </testcase>
  </testsuite>
  <testsuite name="packages/modal" errors="0" failures="3" skipped="0" timestamp="2020-07-29T17:06:39" time="0.523" tests="8">
    <testcase classname="packages/modal when the &quot;open&quot; prop is true renders modal to the DOM" name="packages/modal when the &quot;open&quot; prop is true renders modal to the DOM" time="0.053">
    </testcase>
    <testcase classname="packages/modal when the &quot;open&quot; prop is true renders the content as expected" name="packages/modal when the &quot;open&quot; prop is true renders the content as expected" time="0.009">
      <failure>Error: Found multiple elements with the text: Modal Content

(If this is intentional, then use the `*AllBy*` variant of the query (like `queryAllByText`, `getAllByText`, or `findAllByText`)).

&lt;body&gt;
  &lt;div /&gt;
  &lt;div&gt;
    &lt;div
      class=&quot;leafygreen-ui-18wau6h&quot;
      data-testid=&quot;modal-test-id&quot;
      role=&quot;none&quot;
    &gt;
      &lt;div
        class=&quot;leafygreen-ui-keqfyd&quot;
      &gt;
        &lt;div
          aria-modal=&quot;true&quot;
          class=&quot;leafygreen-ui-1bu0pzg&quot;
          role=&quot;dialog&quot;
          tabindex=&quot;-1&quot;
        &gt;
          &lt;svg
            class=&quot;leafygreen-ui-r1p47o&quot;
            data-dismiss=&quot;modal&quot;
            height=&quot;20&quot;
            role=&quot;img&quot;
            tabindex=&quot;0&quot;
            title=&quot;close modal&quot;
            viewBox=&quot;0 0 16 16&quot;
            width=&quot;20&quot;
          &gt;
            &lt;title&gt;
              close modal
            &lt;/title&gt;
            &lt;desc&gt;
              Created with Sketch.
            &lt;/desc&gt;
            &lt;g
              fill=&quot;none&quot;
              fill-rule=&quot;evenodd&quot;
              id=&quot;X-Copy&quot;
              stroke=&quot;none&quot;
              stroke-width=&quot;1&quot;
            &gt;
              &lt;path
                d=&quot;M9,7 L13.5,7 L13.5,9 L9,9 L9,13.5 L7,13.5 L7,9 L2.5,9 L2.5,7 L7,7 L7,2.5 L9,2.5 L9,7 Z&quot;
                fill=&quot;currentColor&quot;
                id=&quot;Combined-Shape-Copy&quot;
                transform=&quot;translate(8.000000, 8.000000) rotate(45.000000) translate(-8.000000, -8.000000) &quot;
              /&gt;
            &lt;/g&gt;
          &lt;/svg&gt;
          Modal Content
        &lt;/div&gt;
      &lt;/div&gt;
    &lt;/div&gt;
  &lt;/div&gt;
  &lt;div /&gt;
  &lt;div&gt;
    &lt;div
      class=&quot;leafygreen-ui-18wau6h&quot;
      data-testid=&quot;modal-test-id&quot;
      role=&quot;none&quot;
    &gt;
      &lt;div
        class=&quot;leafygreen-ui-keqfyd&quot;
      &gt;
        &lt;div
          aria-modal=&quot;true&quot;
          class=&quot;leafygreen-ui-1bu0pzg&quot;
          role=&quot;dialog&quot;
          tabindex=&quot;-1&quot;
        &gt;
          &lt;svg
            class=&quot;leafygreen-ui-r1p47o&quot;
            data-dismiss=&quot;modal&quot;
            height=&quot;20&quot;
            role=&quot;img&quot;
            tabindex=&quot;0&quot;
            title=&quot;close modal&quot;
            viewBox=&quot;0 0 16 16&quot;
            width=&quot;20&quot;
          &gt;
            &lt;title&gt;
              close modal
            &lt;/title&gt;
            &lt;desc&gt;
              Created with Sketch.
            &lt;/desc&gt;
            &lt;g
              fill=&quot;none&quot;
              fill-rule=&quot;evenodd&quot;
              id=&quot;X-Copy&quot;
              stroke=&quot;none&quot;
              stroke-width=&quot;1&quot;
            &gt;
              &lt;path
                d=&quot;M9,7 L13.5,7 L13.5,9 L9,9 L9,13.5 L7,13.5 L7,9 L2.5,9 L2.5,7 L7,7 L7,2.5 L9,2.5 L9,7 Z&quot;
                fill=&quot;currentColor&quot;
                id=&quot;Combined-Shape-Copy&quot;
                transform=&quot;translate(8.000000, 8.000000) rotate(45.000000) translate(-8.000000, -8.000000) &quot;
              /&gt;
            &lt;/g&gt;
          &lt;/svg&gt;
          Modal Content
        &lt;/div&gt;
      &lt;/div&gt;
    &lt;/div&gt;
  &lt;/div&gt;
&lt;/body&gt;
    at getElementError (/Users/brookeyalof/Development/MongoDB/leafygreen-ui/packages/modal/node_modules/@testing-library/dom/dist/query-helpers.js:46:10)
    at getMultipleElementsFoundError (/Users/brookeyalof/Development/MongoDB/leafygreen-ui/packages/modal/node_modules/@testing-library/dom/dist/query-helpers.js:50:10)
    at getByText (/Users/brookeyalof/Development/MongoDB/leafygreen-ui/packages/modal/node_modules/@testing-library/dom/dist/query-helpers.js:86:13)
    at Object.&lt;anonymous&gt; (/Users/brookeyalof/Development/MongoDB/leafygreen-ui/packages/modal/src/Modal.spec.tsx:28:23)
    at Object.asyncJestTest (/Users/brookeyalof/Development/MongoDB/leafygreen-ui/node_modules/jest-jasmine2/build/jasmineAsyncInstall.js:100:37)
    at /Users/brookeyalof/Development/MongoDB/leafygreen-ui/node_modules/jest-jasmine2/build/queueRunner.js:47:12
    at new Promise (&lt;anonymous&gt;)
    at mapper (/Users/brookeyalof/Development/MongoDB/leafygreen-ui/node_modules/jest-jasmine2/build/queueRunner.js:30:19)
    at /Users/brookeyalof/Development/MongoDB/leafygreen-ui/node_modules/jest-jasmine2/build/queueRunner.js:77:41</failure>
    </testcase>
    <testcase classname="packages/modal when the &quot;open&quot; prop is true closes modal when escape key is pressed" name="packages/modal when the &quot;open&quot; prop is true closes modal when escape key is pressed" time="0.005">
    </testcase>
    <testcase classname="packages/modal when the &quot;open&quot; prop is true when &quot;shouldClose&quot; prop returns false" name="packages/modal when the &quot;open&quot; prop is true when &quot;shouldClose&quot; prop returns false" time="0.006">
      <failure>Error: Found multiple elements by: [data-testid=&quot;modal-test-id&quot;]

(If this is intentional, then use the `*AllBy*` variant of the query (like `queryAllByText`, `getAllByText`, or `findAllByText`)).

&lt;body&gt;
  &lt;div /&gt;
  &lt;div&gt;
    &lt;div
      class=&quot;leafygreen-ui-18wau6h&quot;
      data-testid=&quot;modal-test-id&quot;
      role=&quot;none&quot;
    &gt;
      &lt;div
        class=&quot;leafygreen-ui-keqfyd&quot;
      &gt;
        &lt;div
          aria-modal=&quot;true&quot;
          class=&quot;leafygreen-ui-1bu0pzg&quot;
          role=&quot;dialog&quot;
          tabindex=&quot;-1&quot;
        &gt;
          &lt;svg
            class=&quot;leafygreen-ui-r1p47o&quot;
            data-dismiss=&quot;modal&quot;
            height=&quot;20&quot;
            role=&quot;img&quot;
            tabindex=&quot;0&quot;
            title=&quot;close modal&quot;
            viewBox=&quot;0 0 16 16&quot;
            width=&quot;20&quot;
          &gt;
            &lt;title&gt;
              close modal
            &lt;/title&gt;
            &lt;desc&gt;
              Created with Sketch.
            &lt;/desc&gt;
            &lt;g
              fill=&quot;none&quot;
              fill-rule=&quot;evenodd&quot;
              id=&quot;X-Copy&quot;
              stroke=&quot;none&quot;
              stroke-width=&quot;1&quot;
            &gt;
              &lt;path
                d=&quot;M9,7 L13.5,7 L13.5,9 L9,9 L9,13.5 L7,13.5 L7,9 L2.5,9 L2.5,7 L7,7 L7,2.5 L9,2.5 L9,7 Z&quot;
                fill=&quot;currentColor&quot;
                id=&quot;Combined-Shape-Copy&quot;
                transform=&quot;translate(8.000000, 8.000000) rotate(45.000000) translate(-8.000000, -8.000000) &quot;
              /&gt;
            &lt;/g&gt;
          &lt;/svg&gt;
          Modal Content
        &lt;/div&gt;
      &lt;/div&gt;
    &lt;/div&gt;
  &lt;/div&gt;
  &lt;div /&gt;
  &lt;div&gt;
    &lt;div
      class=&quot;leafygreen-ui-18wau6h&quot;
      data-testid=&quot;modal-test-id&quot;
      role=&quot;none&quot;
    &gt;
      &lt;div
        class=&quot;leafygreen-ui-keqfyd&quot;
      &gt;
        &lt;div
          aria-modal=&quot;true&quot;
          class=&quot;leafygreen-ui-1bu0pzg&quot;
          role=&quot;dialog&quot;
          tabindex=&quot;-1&quot;
        &gt;
          &lt;svg
            class=&quot;leafygreen-ui-r1p47o&quot;
            data-dismiss=&quot;modal&quot;
            height=&quot;20&quot;
            role=&quot;img&quot;
            tabindex=&quot;0&quot;
            title=&quot;close modal&quot;
            viewBox=&quot;0 0 16 16&quot;
            width=&quot;20&quot;
          &gt;
            &lt;title&gt;
              close modal
            &lt;/title&gt;
            &lt;desc&gt;
              Created with Sketch.
            &lt;/desc&gt;
            &lt;g
              fill=&quot;none&quot;
              fill-rule=&quot;evenodd&quot;
              id=&quot;X-Copy&quot;
              stroke=&quot;none&quot;
              stroke-width=&quot;1&quot;
            &gt;
              &lt;path
                d=&quot;M9,7 L13.5,7 L13.5,9 L9,9 L9,13.5 L7,13.5 L7,9 L2.5,9 L2.5,7 L7,7 L7,2.5 L9,2.5 L9,7 Z&quot;
                fill=&quot;currentColor&quot;
                id=&quot;Combined-Shape-Copy&quot;
                transform=&quot;translate(8.000000, 8.000000) rotate(45.000000) translate(-8.000000, -8.000000) &quot;
              /&gt;
            &lt;/g&gt;
          &lt;/svg&gt;
          Modal Content
        &lt;/div&gt;
      &lt;/div&gt;
    &lt;/div&gt;
  &lt;/div&gt;
  &lt;div /&gt;
  &lt;div&gt;
    &lt;div
      class=&quot;leafygreen-ui-18wau6h&quot;
      data-testid=&quot;modal-test-id&quot;
      role=&quot;none&quot;
    &gt;
      &lt;div
        class=&quot;leafygreen-ui-keqfyd&quot;
      &gt;
        &lt;div
          aria-modal=&quot;true&quot;
          class=&quot;leafygreen-ui-1bu0pzg&quot;
          role=&quot;dialog&quot;
          tabindex=&quot;-1&quot;
        &gt;
          &lt;svg
            class=&quot;leafygreen-ui-r1p47o&quot;
            data-dismiss=&quot;modal&quot;
            height=&quot;20&quot;
            role=&quot;img&quot;
            tabindex=&quot;0&quot;
            title=&quot;close modal&quot;
            viewBox=&quot;0 0 16 16&quot;
            width=&quot;20&quot;
          &gt;
            &lt;title&gt;
              close modal
            &lt;/title&gt;
            &lt;desc&gt;
              Created with Sketch.
            &lt;/desc&gt;
            &lt;g
              fill=&quot;none&quot;
              fill-rule=&quot;evenodd&quot;
              id=&quot;X-Copy&quot;
              stroke=&quot;none&quot;
              stroke-width=&quot;1&quot;
            &gt;
              &lt;path
                d=&quot;M9,7 L13.5,7 L13.5,9 L9,9 L9,13.5 L7,13.5 L7,9 L2.5,9 L2.5,7 L7,7 L7,2.5 L9,2.5 L9,7 Z&quot;
                fill=&quot;currentColor&quot;
                id=&quot;Combined-Shape-Copy&quot;
                transform=&quot;translate(8.000000, 8.000000) rotate(45.000000) translate(-8.000000, -8.000000) &quot;
              /&gt;
            &lt;/g&gt;
          &lt;/svg&gt;
          Modal Content
        &lt;/div&gt;
      &lt;/div&gt;
    &lt;/div&gt;
  &lt;/div&gt;
  &lt;div /&gt;
  &lt;div&gt;
    &lt;div
      class=&quot;leafygreen-ui-18wau6h&quot;
      data-testid=&quot;modal-test-id&quot;
      role=&quot;none&quot;
    &gt;
      &lt;div
        class=&quot;leafygreen-ui-keqfyd&quot;
      &gt;
        &lt;div
          aria-modal=&quot;true&quot;
          class=&quot;leafygreen-ui-1bu0pzg&quot;
          role=&quot;dialog&quot;
          tabindex=&quot;-1&quot;
        &gt;
          &lt;svg
            class=&quot;leafygreen-ui-r1p47o&quot;
            data-dismiss=&quot;modal&quot;
            height=&quot;20&quot;
            role=&quot;img&quot;
            tabindex=&quot;0&quot;
            title=&quot;close modal&quot;
            viewBox=&quot;0 0 16 16&quot;
            width=&quot;20&quot;
          &gt;
            &lt;title&gt;
              close modal
            &lt;/title&gt;
            &lt;desc&gt;
              Created with Sketch.
            &lt;/desc&gt;
            &lt;g
              fill=&quot;none&quot;
              fill-rule=&quot;evenodd&quot;
              id=&quot;X-Copy&quot;
              stroke=&quot;none&quot;
              stroke-width=&quot;1&quot;
            &gt;
              &lt;path
                d=&quot;M9,7 L13.5,7 L13.5,9 L9,9 L9,13.5 L7,13.5 L7,9 L2.5,9 L2.5,7 L7,7 L7,2.5 L9,2.5 L9,7 Z&quot;
                fill=&quot;currentColor&quot;
                id=&quot;Combined-Shape-Copy&quot;
                transform=&quot;translate(8.000000, 8.000000) rotate(45.000000) translate(-8.000000, -8.000000) &quot;
              /&gt;
            &lt;/g&gt;
          &lt;/svg&gt;
          Modal Content
        &lt;/div&gt;
      &lt;/div&gt;
    &lt;/div&gt;
  &lt;/div&gt;
&lt;/body&gt;
    at getElementError (/Users/brookeyalof/Development/MongoDB/leafygreen-ui/packages/modal/node_modules/@testing-library/dom/dist/query-helpers.js:46:10)
    at getMultipleElementsFoundError (/Users/brookeyalof/Development/MongoDB/leafygreen-ui/packages/modal/node_modules/@testing-library/dom/dist/query-helpers.js:50:10)
    at getByTestId (/Users/brookeyalof/Development/MongoDB/leafygreen-ui/packages/modal/node_modules/@testing-library/dom/dist/query-helpers.js:86:13)
    at Object.&lt;anonymous&gt; (/Users/brookeyalof/Development/MongoDB/leafygreen-ui/packages/modal/src/Modal.spec.tsx:45:21)
    at Object.asyncJestTest (/Users/brookeyalof/Development/MongoDB/leafygreen-ui/node_modules/jest-jasmine2/build/jasmineAsyncInstall.js:100:37)
    at /Users/brookeyalof/Development/MongoDB/leafygreen-ui/node_modules/jest-jasmine2/build/queueRunner.js:47:12
    at new Promise (&lt;anonymous&gt;)
    at mapper (/Users/brookeyalof/Development/MongoDB/leafygreen-ui/node_modules/jest-jasmine2/build/queueRunner.js:30:19)
    at /Users/brookeyalof/Development/MongoDB/leafygreen-ui/node_modules/jest-jasmine2/build/queueRunner.js:77:41</failure>
    </testcase>
    <testcase classname="packages/modal when the &quot;open&quot; prop is true when &quot;shouldClose&quot; returns true" name="packages/modal when the &quot;open&quot; prop is true when &quot;shouldClose&quot; returns true" time="0.004">
    </testcase>
    <testcase classname="packages/modal when the &quot;open&quot; prop is true when &quot;closeOnBackdropClick&quot; is false" name="packages/modal when the &quot;open&quot; prop is true when &quot;closeOnBackdropClick&quot; is false" time="0.004">
      <failure>TypeError: Cannot read property &apos;getByTestId&apos; of undefined
    at Object.&lt;anonymous&gt; (/Users/brookeyalof/Development/MongoDB/leafygreen-ui/packages/modal/src/Modal.spec.tsx:64:21)
    at Object.asyncJestTest (/Users/brookeyalof/Development/MongoDB/leafygreen-ui/node_modules/jest-jasmine2/build/jasmineAsyncInstall.js:100:37)
    at /Users/brookeyalof/Development/MongoDB/leafygreen-ui/node_modules/jest-jasmine2/build/queueRunner.js:47:12
    at new Promise (&lt;anonymous&gt;)
    at mapper (/Users/brookeyalof/Development/MongoDB/leafygreen-ui/node_modules/jest-jasmine2/build/queueRunner.js:30:19)
    at /Users/brookeyalof/Development/MongoDB/leafygreen-ui/node_modules/jest-jasmine2/build/queueRunner.js:77:41</failure>
    </testcase>
    <testcase classname="packages/modal when the &quot;open&quot; prop is true when the &quot;closeOnBackdropClick&quot; is true" name="packages/modal when the &quot;open&quot; prop is true when the &quot;closeOnBackdropClick&quot; is true" time="0.004">
    </testcase>
    <testcase classname="packages/modal when &quot;open&quot; prop is false does not render to the DOM" name="packages/modal when &quot;open&quot; prop is false does not render to the DOM" time="0.001">
    </testcase>
  </testsuite>
  <testsuite name="packages/icon-button" errors="0" failures="6" skipped="0" timestamp="2020-07-29T17:06:40" time="0.42" tests="7">
    <testcase classname="packages/icon-button renders test-icon-button-class in the classList" name="packages/icon-button renders test-icon-button-class in the classList" time="0.022">
    </testcase>
    <testcase classname="packages/icon-button fires the onClick handler when the IconButton is clicked" name="packages/icon-button fires the onClick handler when the IconButton is clicked" time="0.005">
      <failure>Error: Found multiple elements by: [data-testid=&quot;icon-button-test&quot;]

(If this is intentional, then use the `*AllBy*` variant of the query (like `queryAllByText`, `getAllByText`, or `findAllByText`)).

&lt;body&gt;
  &lt;div&gt;
    &lt;button
      aria-disabled=&quot;false&quot;
      aria-label=&quot;Ellipsis&quot;
      class=&quot;test-icon-button-class leafygreen-ui-1dh8eku&quot;
      data-testid=&quot;icon-button-test&quot;
      tabindex=&quot;0&quot;
    &gt;
      &lt;div
        class=&quot;leafygreen-ui-xhlipt&quot;
      &gt;
        &lt;svg
          aria-label=&quot;Ellipsis&quot;
          class=&quot;&quot;
          data-testid=&quot;icon-test-id&quot;
          height=&quot;16&quot;
          role=&quot;img&quot;
          viewBox=&quot;0 0 16 16&quot;
          width=&quot;16&quot;
        &gt;
          &lt;desc&gt;
            Created with Sketch.
          &lt;/desc&gt;
          &lt;g
            fill=&quot;none&quot;
            fill-rule=&quot;evenodd&quot;
            id=&quot;Ellipsis-Copy&quot;
            stroke=&quot;none&quot;
            stroke-width=&quot;1&quot;
          &gt;
            &lt;path
              d=&quot;M2,6.5 C2.828125,6.5 3.5,7.171875 3.5,8 C3.5,8.828125 2.828125,9.5 2,9.5 C1.171875,9.5 0.5,8.828125 0.5,8 C0.5,7.171875 1.171875,6.5 2,6.5 Z M8,6.5 C8.828125,6.5 9.5,7.171875 9.5,8 C9.5,8.828125 8.828125,9.5 8,9.5 C7.171875,9.5 6.5,8.828125 6.5,8 C6.5,7.171875 7.171875,6.5 8,6.5 Z M14,6.5 C14.828125,6.5 15.5,7.171875 15.5,8 C15.5,8.828125 14.828125,9.5 14,9.5 C13.171875,9.5 12.5,8.828125 12.5,8 C12.5,7.171875 13.171875,6.5 14,6.5 Z&quot;
              fill=&quot;currentColor&quot;
              id=&quot;&quot;
            /&gt;
          &lt;/g&gt;
        &lt;/svg&gt;
      &lt;/div&gt;
    &lt;/button&gt;
  &lt;/div&gt;
  &lt;div&gt;
    &lt;button
      aria-disabled=&quot;false&quot;
      aria-label=&quot;Ellipsis&quot;
      class=&quot;leafygreen-ui-1dh8eku&quot;
      data-testid=&quot;icon-button-test&quot;
      tabindex=&quot;0&quot;
    &gt;
      &lt;div
        class=&quot;leafygreen-ui-xhlipt&quot;
      &gt;
        &lt;svg
          aria-label=&quot;Ellipsis&quot;
          class=&quot;&quot;
          data-testid=&quot;icon-test-id&quot;
          height=&quot;16&quot;
          role=&quot;img&quot;
          viewBox=&quot;0 0 16 16&quot;
          width=&quot;16&quot;
        &gt;
          &lt;desc&gt;
            Created with Sketch.
          &lt;/desc&gt;
          &lt;g
            fill=&quot;none&quot;
            fill-rule=&quot;evenodd&quot;
            id=&quot;Ellipsis-Copy&quot;
            stroke=&quot;none&quot;
            stroke-width=&quot;1&quot;
          &gt;
            &lt;path
              d=&quot;M2,6.5 C2.828125,6.5 3.5,7.171875 3.5,8 C3.5,8.828125 2.828125,9.5 2,9.5 C1.171875,9.5 0.5,8.828125 0.5,8 C0.5,7.171875 1.171875,6.5 2,6.5 Z M8,6.5 C8.828125,6.5 9.5,7.171875 9.5,8 C9.5,8.828125 8.828125,9.5 8,9.5 C7.171875,9.5 6.5,8.828125 6.5,8 C6.5,7.171875 7.171875,6.5 8,6.5 Z M14,6.5 C14.828125,6.5 15.5,7.171875 15.5,8 C15.5,8.828125 14.828125,9.5 14,9.5 C13.171875,9.5 12.5,8.828125 12.5,8 C12.5,7.171875 13.171875,6.5 14,6.5 Z&quot;
              fill=&quot;currentColor&quot;
              id=&quot;&quot;
            /&gt;
          &lt;/g&gt;
        &lt;/svg&gt;
      &lt;/div&gt;
    &lt;/button&gt;
  &lt;/div&gt;
&lt;/body&gt;
    at getElementError (/Users/brookeyalof/Development/MongoDB/leafygreen-ui/packages/icon-button/node_modules/@testing-library/dom/dist/query-helpers.js:46:10)
    at getMultipleElementsFoundError (/Users/brookeyalof/Development/MongoDB/leafygreen-ui/packages/icon-button/node_modules/@testing-library/dom/dist/query-helpers.js:50:10)
    at getByTestId (/Users/brookeyalof/Development/MongoDB/leafygreen-ui/packages/icon-button/node_modules/@testing-library/dom/dist/query-helpers.js:86:13)
    at renderIconButton (/Users/brookeyalof/Development/MongoDB/leafygreen-ui/packages/icon-button/src/IconButton.spec.tsx:19:28)
    at Object.&lt;anonymous&gt; (/Users/brookeyalof/Development/MongoDB/leafygreen-ui/packages/icon-button/src/IconButton.spec.tsx:31:28)
    at Object.asyncJestTest (/Users/brookeyalof/Development/MongoDB/leafygreen-ui/node_modules/jest-jasmine2/build/jasmineAsyncInstall.js:100:37)
    at /Users/brookeyalof/Development/MongoDB/leafygreen-ui/node_modules/jest-jasmine2/build/queueRunner.js:47:12
    at new Promise (&lt;anonymous&gt;)
    at mapper (/Users/brookeyalof/Development/MongoDB/leafygreen-ui/node_modules/jest-jasmine2/build/queueRunner.js:30:19)
    at /Users/brookeyalof/Development/MongoDB/leafygreen-ui/node_modules/jest-jasmine2/build/queueRunner.js:77:41</failure>
    </testcase>
    <testcase classname="packages/icon-button renders inside a button tag by default" name="packages/icon-button renders inside a button tag by default" time="0.004">
      <failure>Error: Found multiple elements by: [data-testid=&quot;icon-button-test&quot;]

(If this is intentional, then use the `*AllBy*` variant of the query (like `queryAllByText`, `getAllByText`, or `findAllByText`)).

&lt;body&gt;
  &lt;div&gt;
    &lt;button
      aria-disabled=&quot;false&quot;
      aria-label=&quot;Ellipsis&quot;
      class=&quot;test-icon-button-class leafygreen-ui-1dh8eku&quot;
      data-testid=&quot;icon-button-test&quot;
      tabindex=&quot;0&quot;
    &gt;
      &lt;div
        class=&quot;leafygreen-ui-xhlipt&quot;
      &gt;
        &lt;svg
          aria-label=&quot;Ellipsis&quot;
          class=&quot;&quot;
          data-testid=&quot;icon-test-id&quot;
          height=&quot;16&quot;
          role=&quot;img&quot;
          viewBox=&quot;0 0 16 16&quot;
          width=&quot;16&quot;
        &gt;
          &lt;desc&gt;
            Created with Sketch.
          &lt;/desc&gt;
          &lt;g
            fill=&quot;none&quot;
            fill-rule=&quot;evenodd&quot;
            id=&quot;Ellipsis-Copy&quot;
            stroke=&quot;none&quot;
            stroke-width=&quot;1&quot;
          &gt;
            &lt;path
              d=&quot;M2,6.5 C2.828125,6.5 3.5,7.171875 3.5,8 C3.5,8.828125 2.828125,9.5 2,9.5 C1.171875,9.5 0.5,8.828125 0.5,8 C0.5,7.171875 1.171875,6.5 2,6.5 Z M8,6.5 C8.828125,6.5 9.5,7.171875 9.5,8 C9.5,8.828125 8.828125,9.5 8,9.5 C7.171875,9.5 6.5,8.828125 6.5,8 C6.5,7.171875 7.171875,6.5 8,6.5 Z M14,6.5 C14.828125,6.5 15.5,7.171875 15.5,8 C15.5,8.828125 14.828125,9.5 14,9.5 C13.171875,9.5 12.5,8.828125 12.5,8 C12.5,7.171875 13.171875,6.5 14,6.5 Z&quot;
              fill=&quot;currentColor&quot;
              id=&quot;&quot;
            /&gt;
          &lt;/g&gt;
        &lt;/svg&gt;
      &lt;/div&gt;
    &lt;/button&gt;
  &lt;/div&gt;
  &lt;div&gt;
    &lt;button
      aria-disabled=&quot;false&quot;
      aria-label=&quot;Ellipsis&quot;
      class=&quot;leafygreen-ui-1dh8eku&quot;
      data-testid=&quot;icon-button-test&quot;
      tabindex=&quot;0&quot;
    &gt;
      &lt;div
        class=&quot;leafygreen-ui-xhlipt&quot;
      &gt;
        &lt;svg
          aria-label=&quot;Ellipsis&quot;
          class=&quot;&quot;
          data-testid=&quot;icon-test-id&quot;
          height=&quot;16&quot;
          role=&quot;img&quot;
          viewBox=&quot;0 0 16 16&quot;
          width=&quot;16&quot;
        &gt;
          &lt;desc&gt;
            Created with Sketch.
          &lt;/desc&gt;
          &lt;g
            fill=&quot;none&quot;
            fill-rule=&quot;evenodd&quot;
            id=&quot;Ellipsis-Copy&quot;
            stroke=&quot;none&quot;
            stroke-width=&quot;1&quot;
          &gt;
            &lt;path
              d=&quot;M2,6.5 C2.828125,6.5 3.5,7.171875 3.5,8 C3.5,8.828125 2.828125,9.5 2,9.5 C1.171875,9.5 0.5,8.828125 0.5,8 C0.5,7.171875 1.171875,6.5 2,6.5 Z M8,6.5 C8.828125,6.5 9.5,7.171875 9.5,8 C9.5,8.828125 8.828125,9.5 8,9.5 C7.171875,9.5 6.5,8.828125 6.5,8 C6.5,7.171875 7.171875,6.5 8,6.5 Z M14,6.5 C14.828125,6.5 15.5,7.171875 15.5,8 C15.5,8.828125 14.828125,9.5 14,9.5 C13.171875,9.5 12.5,8.828125 12.5,8 C12.5,7.171875 13.171875,6.5 14,6.5 Z&quot;
              fill=&quot;currentColor&quot;
              id=&quot;&quot;
            /&gt;
          &lt;/g&gt;
        &lt;/svg&gt;
      &lt;/div&gt;
    &lt;/button&gt;
  &lt;/div&gt;
  &lt;div&gt;
    &lt;button
      aria-disabled=&quot;false&quot;
      aria-label=&quot;Ellipsis&quot;
      class=&quot;leafygreen-ui-1dh8eku&quot;
      data-testid=&quot;icon-button-test&quot;
      tabindex=&quot;0&quot;
    &gt;
      &lt;div
        class=&quot;leafygreen-ui-xhlipt&quot;
      &gt;
        &lt;svg
          aria-label=&quot;Ellipsis&quot;
          class=&quot;&quot;
          data-testid=&quot;icon-test-id&quot;
          height=&quot;16&quot;
          role=&quot;img&quot;
          viewBox=&quot;0 0 16 16&quot;
          width=&quot;16&quot;
        &gt;
          &lt;desc&gt;
            Created with Sketch.
          &lt;/desc&gt;
          &lt;g
            fill=&quot;none&quot;
            fill-rule=&quot;evenodd&quot;
            id=&quot;Ellipsis-Copy&quot;
            stroke=&quot;none&quot;
            stroke-width=&quot;1&quot;
          &gt;
            &lt;path
              d=&quot;M2,6.5 C2.828125,6.5 3.5,7.171875 3.5,8 C3.5,8.828125 2.828125,9.5 2,9.5 C1.171875,9.5 0.5,8.828125 0.5,8 C0.5,7.171875 1.171875,6.5 2,6.5 Z M8,6.5 C8.828125,6.5 9.5,7.171875 9.5,8 C9.5,8.828125 8.828125,9.5 8,9.5 C7.171875,9.5 6.5,8.828125 6.5,8 C6.5,7.171875 7.171875,6.5 8,6.5 Z M14,6.5 C14.828125,6.5 15.5,7.171875 15.5,8 C15.5,8.828125 14.828125,9.5 14,9.5 C13.171875,9.5 12.5,8.828125 12.5,8 C12.5,7.171875 13.171875,6.5 14,6.5 Z&quot;
              fill=&quot;currentColor&quot;
              id=&quot;&quot;
            /&gt;
          &lt;/g&gt;
        &lt;/svg&gt;
      &lt;/div&gt;
    &lt;/button&gt;
  &lt;/div&gt;
&lt;/body&gt;
    at getElementError (/Users/brookeyalof/Development/MongoDB/leafygreen-ui/packages/icon-button/node_modules/@testing-library/dom/dist/query-helpers.js:46:10)
    at getMultipleElementsFoundError (/Users/brookeyalof/Development/MongoDB/leafygreen-ui/packages/icon-button/node_modules/@testing-library/dom/dist/query-helpers.js:50:10)
    at getByTestId (/Users/brookeyalof/Development/MongoDB/leafygreen-ui/packages/icon-button/node_modules/@testing-library/dom/dist/query-helpers.js:86:13)
    at renderIconButton (/Users/brookeyalof/Development/MongoDB/leafygreen-ui/packages/icon-button/src/IconButton.spec.tsx:19:28)
    at Object.&lt;anonymous&gt; (/Users/brookeyalof/Development/MongoDB/leafygreen-ui/packages/icon-button/src/IconButton.spec.tsx:37:28)
    at Object.asyncJestTest (/Users/brookeyalof/Development/MongoDB/leafygreen-ui/node_modules/jest-jasmine2/build/jasmineAsyncInstall.js:100:37)
    at /Users/brookeyalof/Development/MongoDB/leafygreen-ui/node_modules/jest-jasmine2/build/queueRunner.js:47:12
    at new Promise (&lt;anonymous&gt;)
    at mapper (/Users/brookeyalof/Development/MongoDB/leafygreen-ui/node_modules/jest-jasmine2/build/queueRunner.js:30:19)
    at /Users/brookeyalof/Development/MongoDB/leafygreen-ui/node_modules/jest-jasmine2/build/queueRunner.js:77:41</failure>
    </testcase>
    <testcase classname="packages/icon-button renders icon as button content" name="packages/icon-button renders icon as button content" time="0.004">
      <failure>Error: Found multiple elements by: [data-testid=&quot;icon-button-test&quot;]

(If this is intentional, then use the `*AllBy*` variant of the query (like `queryAllByText`, `getAllByText`, or `findAllByText`)).

&lt;body&gt;
  &lt;div&gt;
    &lt;button
      aria-disabled=&quot;false&quot;
      aria-label=&quot;Ellipsis&quot;
      class=&quot;test-icon-button-class leafygreen-ui-1dh8eku&quot;
      data-testid=&quot;icon-button-test&quot;
      tabindex=&quot;0&quot;
    &gt;
      &lt;div
        class=&quot;leafygreen-ui-xhlipt&quot;
      &gt;
        &lt;svg
          aria-label=&quot;Ellipsis&quot;
          class=&quot;&quot;
          data-testid=&quot;icon-test-id&quot;
          height=&quot;16&quot;
          role=&quot;img&quot;
          viewBox=&quot;0 0 16 16&quot;
          width=&quot;16&quot;
        &gt;
          &lt;desc&gt;
            Created with Sketch.
          &lt;/desc&gt;
          &lt;g
            fill=&quot;none&quot;
            fill-rule=&quot;evenodd&quot;
            id=&quot;Ellipsis-Copy&quot;
            stroke=&quot;none&quot;
            stroke-width=&quot;1&quot;
          &gt;
            &lt;path
              d=&quot;M2,6.5 C2.828125,6.5 3.5,7.171875 3.5,8 C3.5,8.828125 2.828125,9.5 2,9.5 C1.171875,9.5 0.5,8.828125 0.5,8 C0.5,7.171875 1.171875,6.5 2,6.5 Z M8,6.5 C8.828125,6.5 9.5,7.171875 9.5,8 C9.5,8.828125 8.828125,9.5 8,9.5 C7.171875,9.5 6.5,8.828125 6.5,8 C6.5,7.171875 7.171875,6.5 8,6.5 Z M14,6.5 C14.828125,6.5 15.5,7.171875 15.5,8 C15.5,8.828125 14.828125,9.5 14,9.5 C13.171875,9.5 12.5,8.828125 12.5,8 C12.5,7.171875 13.171875,6.5 14,6.5 Z&quot;
              fill=&quot;currentColor&quot;
              id=&quot;&quot;
            /&gt;
          &lt;/g&gt;
        &lt;/svg&gt;
      &lt;/div&gt;
    &lt;/button&gt;
  &lt;/div&gt;
  &lt;div&gt;
    &lt;button
      aria-disabled=&quot;false&quot;
      aria-label=&quot;Ellipsis&quot;
      class=&quot;leafygreen-ui-1dh8eku&quot;
      data-testid=&quot;icon-button-test&quot;
      tabindex=&quot;0&quot;
    &gt;
      &lt;div
        class=&quot;leafygreen-ui-xhlipt&quot;
      &gt;
        &lt;svg
          aria-label=&quot;Ellipsis&quot;
          class=&quot;&quot;
          data-testid=&quot;icon-test-id&quot;
          height=&quot;16&quot;
          role=&quot;img&quot;
          viewBox=&quot;0 0 16 16&quot;
          width=&quot;16&quot;
        &gt;
          &lt;desc&gt;
            Created with Sketch.
          &lt;/desc&gt;
          &lt;g
            fill=&quot;none&quot;
            fill-rule=&quot;evenodd&quot;
            id=&quot;Ellipsis-Copy&quot;
            stroke=&quot;none&quot;
            stroke-width=&quot;1&quot;
          &gt;
            &lt;path
              d=&quot;M2,6.5 C2.828125,6.5 3.5,7.171875 3.5,8 C3.5,8.828125 2.828125,9.5 2,9.5 C1.171875,9.5 0.5,8.828125 0.5,8 C0.5,7.171875 1.171875,6.5 2,6.5 Z M8,6.5 C8.828125,6.5 9.5,7.171875 9.5,8 C9.5,8.828125 8.828125,9.5 8,9.5 C7.171875,9.5 6.5,8.828125 6.5,8 C6.5,7.171875 7.171875,6.5 8,6.5 Z M14,6.5 C14.828125,6.5 15.5,7.171875 15.5,8 C15.5,8.828125 14.828125,9.5 14,9.5 C13.171875,9.5 12.5,8.828125 12.5,8 C12.5,7.171875 13.171875,6.5 14,6.5 Z&quot;
              fill=&quot;currentColor&quot;
              id=&quot;&quot;
            /&gt;
          &lt;/g&gt;
        &lt;/svg&gt;
      &lt;/div&gt;
    &lt;/button&gt;
  &lt;/div&gt;
  &lt;div&gt;
    &lt;button
      aria-disabled=&quot;false&quot;
      aria-label=&quot;Ellipsis&quot;
      class=&quot;leafygreen-ui-1dh8eku&quot;
      data-testid=&quot;icon-button-test&quot;
      tabindex=&quot;0&quot;
    &gt;
      &lt;div
        class=&quot;leafygreen-ui-xhlipt&quot;
      &gt;
        &lt;svg
          aria-label=&quot;Ellipsis&quot;
          class=&quot;&quot;
          data-testid=&quot;icon-test-id&quot;
          height=&quot;16&quot;
          role=&quot;img&quot;
          viewBox=&quot;0 0 16 16&quot;
          width=&quot;16&quot;
        &gt;
          &lt;desc&gt;
            Created with Sketch.
          &lt;/desc&gt;
          &lt;g
            fill=&quot;none&quot;
            fill-rule=&quot;evenodd&quot;
            id=&quot;Ellipsis-Copy&quot;
            stroke=&quot;none&quot;
            stroke-width=&quot;1&quot;
          &gt;
            &lt;path
              d=&quot;M2,6.5 C2.828125,6.5 3.5,7.171875 3.5,8 C3.5,8.828125 2.828125,9.5 2,9.5 C1.171875,9.5 0.5,8.828125 0.5,8 C0.5,7.171875 1.171875,6.5 2,6.5 Z M8,6.5 C8.828125,6.5 9.5,7.171875 9.5,8 C9.5,8.828125 8.828125,9.5 8,9.5 C7.171875,9.5 6.5,8.828125 6.5,8 C6.5,7.171875 7.171875,6.5 8,6.5 Z M14,6.5 C14.828125,6.5 15.5,7.171875 15.5,8 C15.5,8.828125 14.828125,9.5 14,9.5 C13.171875,9.5 12.5,8.828125 12.5,8 C12.5,7.171875 13.171875,6.5 14,6.5 Z&quot;
              fill=&quot;currentColor&quot;
              id=&quot;&quot;
            /&gt;
          &lt;/g&gt;
        &lt;/svg&gt;
      &lt;/div&gt;
    &lt;/button&gt;
  &lt;/div&gt;
  &lt;div&gt;
    &lt;button
      aria-disabled=&quot;false&quot;
      aria-label=&quot;Ellipsis&quot;
      class=&quot;leafygreen-ui-1dh8eku&quot;
      data-testid=&quot;icon-button-test&quot;
      tabindex=&quot;0&quot;
    &gt;
      &lt;div
        class=&quot;leafygreen-ui-xhlipt&quot;
      &gt;
        &lt;svg
          aria-label=&quot;Ellipsis&quot;
          class=&quot;&quot;
          data-testid=&quot;icon-test-id&quot;
          height=&quot;16&quot;
          role=&quot;img&quot;
          viewBox=&quot;0 0 16 16&quot;
          width=&quot;16&quot;
        &gt;
          &lt;desc&gt;
            Created with Sketch.
          &lt;/desc&gt;
          &lt;g
            fill=&quot;none&quot;
            fill-rule=&quot;evenodd&quot;
            id=&quot;Ellipsis-Copy&quot;
            stroke=&quot;none&quot;
            stroke-width=&quot;1&quot;
          &gt;
            &lt;path
              d=&quot;M2,6.5 C2.828125,6.5 3.5,7.171875 3.5,8 C3.5,8.828125 2.828125,9.5 2,9.5 C1.171875,9.5 0.5,8.828125 0.5,8 C0.5,7.171875 1.171875,6.5 2,6.5 Z M8,6.5 C8.828125,6.5 9.5,7.171875 9.5,8 C9.5,8.828125 8.828125,9.5 8,9.5 C7.171875,9.5 6.5,8.828125 6.5,8 C6.5,7.171875 7.171875,6.5 8,6.5 Z M14,6.5 C14.828125,6.5 15.5,7.171875 15.5,8 C15.5,8.828125 14.828125,9.5 14,9.5 C13.171875,9.5 12.5,8.828125 12.5,8 C12.5,7.171875 13.171875,6.5 14,6.5 Z&quot;
              fill=&quot;currentColor&quot;
              id=&quot;&quot;
            /&gt;
          &lt;/g&gt;
        &lt;/svg&gt;
      &lt;/div&gt;
    &lt;/button&gt;
  &lt;/div&gt;
&lt;/body&gt;
    at getElementError (/Users/brookeyalof/Development/MongoDB/leafygreen-ui/packages/icon-button/node_modules/@testing-library/dom/dist/query-helpers.js:46:10)
    at getMultipleElementsFoundError (/Users/brookeyalof/Development/MongoDB/leafygreen-ui/packages/icon-button/node_modules/@testing-library/dom/dist/query-helpers.js:50:10)
    at getByTestId (/Users/brookeyalof/Development/MongoDB/leafygreen-ui/packages/icon-button/node_modules/@testing-library/dom/dist/query-helpers.js:86:13)
    at renderIconButton (/Users/brookeyalof/Development/MongoDB/leafygreen-ui/packages/icon-button/src/IconButton.spec.tsx:19:28)
    at Object.&lt;anonymous&gt; (/Users/brookeyalof/Development/MongoDB/leafygreen-ui/packages/icon-button/src/IconButton.spec.tsx:42:34)
    at Object.asyncJestTest (/Users/brookeyalof/Development/MongoDB/leafygreen-ui/node_modules/jest-jasmine2/build/jasmineAsyncInstall.js:100:37)
    at /Users/brookeyalof/Development/MongoDB/leafygreen-ui/node_modules/jest-jasmine2/build/queueRunner.js:47:12
    at new Promise (&lt;anonymous&gt;)
    at mapper (/Users/brookeyalof/Development/MongoDB/leafygreen-ui/node_modules/jest-jasmine2/build/queueRunner.js:30:19)
    at /Users/brookeyalof/Development/MongoDB/leafygreen-ui/node_modules/jest-jasmine2/build/queueRunner.js:77:41</failure>
    </testcase>
    <testcase classname="packages/icon-button the rendered icon doesn&apos;t include a title tag" name="packages/icon-button the rendered icon doesn&apos;t include a title tag" time="0.004">
      <failure>Error: Found multiple elements by: [data-testid=&quot;icon-button-test&quot;]

(If this is intentional, then use the `*AllBy*` variant of the query (like `queryAllByText`, `getAllByText`, or `findAllByText`)).

&lt;body&gt;
  &lt;div&gt;
    &lt;button
      aria-disabled=&quot;false&quot;
      aria-label=&quot;Ellipsis&quot;
      class=&quot;test-icon-button-class leafygreen-ui-1dh8eku&quot;
      data-testid=&quot;icon-button-test&quot;
      tabindex=&quot;0&quot;
    &gt;
      &lt;div
        class=&quot;leafygreen-ui-xhlipt&quot;
      &gt;
        &lt;svg
          aria-label=&quot;Ellipsis&quot;
          class=&quot;&quot;
          data-testid=&quot;icon-test-id&quot;
          height=&quot;16&quot;
          role=&quot;img&quot;
          viewBox=&quot;0 0 16 16&quot;
          width=&quot;16&quot;
        &gt;
          &lt;desc&gt;
            Created with Sketch.
          &lt;/desc&gt;
          &lt;g
            fill=&quot;none&quot;
            fill-rule=&quot;evenodd&quot;
            id=&quot;Ellipsis-Copy&quot;
            stroke=&quot;none&quot;
            stroke-width=&quot;1&quot;
          &gt;
            &lt;path
              d=&quot;M2,6.5 C2.828125,6.5 3.5,7.171875 3.5,8 C3.5,8.828125 2.828125,9.5 2,9.5 C1.171875,9.5 0.5,8.828125 0.5,8 C0.5,7.171875 1.171875,6.5 2,6.5 Z M8,6.5 C8.828125,6.5 9.5,7.171875 9.5,8 C9.5,8.828125 8.828125,9.5 8,9.5 C7.171875,9.5 6.5,8.828125 6.5,8 C6.5,7.171875 7.171875,6.5 8,6.5 Z M14,6.5 C14.828125,6.5 15.5,7.171875 15.5,8 C15.5,8.828125 14.828125,9.5 14,9.5 C13.171875,9.5 12.5,8.828125 12.5,8 C12.5,7.171875 13.171875,6.5 14,6.5 Z&quot;
              fill=&quot;currentColor&quot;
              id=&quot;&quot;
            /&gt;
          &lt;/g&gt;
        &lt;/svg&gt;
      &lt;/div&gt;
    &lt;/button&gt;
  &lt;/div&gt;
  &lt;div&gt;
    &lt;button
      aria-disabled=&quot;false&quot;
      aria-label=&quot;Ellipsis&quot;
      class=&quot;leafygreen-ui-1dh8eku&quot;
      data-testid=&quot;icon-button-test&quot;
      tabindex=&quot;0&quot;
    &gt;
      &lt;div
        class=&quot;leafygreen-ui-xhlipt&quot;
      &gt;
        &lt;svg
          aria-label=&quot;Ellipsis&quot;
          class=&quot;&quot;
          data-testid=&quot;icon-test-id&quot;
          height=&quot;16&quot;
          role=&quot;img&quot;
          viewBox=&quot;0 0 16 16&quot;
          width=&quot;16&quot;
        &gt;
          &lt;desc&gt;
            Created with Sketch.
          &lt;/desc&gt;
          &lt;g
            fill=&quot;none&quot;
            fill-rule=&quot;evenodd&quot;
            id=&quot;Ellipsis-Copy&quot;
            stroke=&quot;none&quot;
            stroke-width=&quot;1&quot;
          &gt;
            &lt;path
              d=&quot;M2,6.5 C2.828125,6.5 3.5,7.171875 3.5,8 C3.5,8.828125 2.828125,9.5 2,9.5 C1.171875,9.5 0.5,8.828125 0.5,8 C0.5,7.171875 1.171875,6.5 2,6.5 Z M8,6.5 C8.828125,6.5 9.5,7.171875 9.5,8 C9.5,8.828125 8.828125,9.5 8,9.5 C7.171875,9.5 6.5,8.828125 6.5,8 C6.5,7.171875 7.171875,6.5 8,6.5 Z M14,6.5 C14.828125,6.5 15.5,7.171875 15.5,8 C15.5,8.828125 14.828125,9.5 14,9.5 C13.171875,9.5 12.5,8.828125 12.5,8 C12.5,7.171875 13.171875,6.5 14,6.5 Z&quot;
              fill=&quot;currentColor&quot;
              id=&quot;&quot;
            /&gt;
          &lt;/g&gt;
        &lt;/svg&gt;
      &lt;/div&gt;
    &lt;/button&gt;
  &lt;/div&gt;
  &lt;div&gt;
    &lt;button
      aria-disabled=&quot;false&quot;
      aria-label=&quot;Ellipsis&quot;
      class=&quot;leafygreen-ui-1dh8eku&quot;
      data-testid=&quot;icon-button-test&quot;
      tabindex=&quot;0&quot;
    &gt;
      &lt;div
        class=&quot;leafygreen-ui-xhlipt&quot;
      &gt;
        &lt;svg
          aria-label=&quot;Ellipsis&quot;
          class=&quot;&quot;
          data-testid=&quot;icon-test-id&quot;
          height=&quot;16&quot;
          role=&quot;img&quot;
          viewBox=&quot;0 0 16 16&quot;
          width=&quot;16&quot;
        &gt;
          &lt;desc&gt;
            Created with Sketch.
          &lt;/desc&gt;
          &lt;g
            fill=&quot;none&quot;
            fill-rule=&quot;evenodd&quot;
            id=&quot;Ellipsis-Copy&quot;
            stroke=&quot;none&quot;
            stroke-width=&quot;1&quot;
          &gt;
            &lt;path
              d=&quot;M2,6.5 C2.828125,6.5 3.5,7.171875 3.5,8 C3.5,8.828125 2.828125,9.5 2,9.5 C1.171875,9.5 0.5,8.828125 0.5,8 C0.5,7.171875 1.171875,6.5 2,6.5 Z M8,6.5 C8.828125,6.5 9.5,7.171875 9.5,8 C9.5,8.828125 8.828125,9.5 8,9.5 C7.171875,9.5 6.5,8.828125 6.5,8 C6.5,7.171875 7.171875,6.5 8,6.5 Z M14,6.5 C14.828125,6.5 15.5,7.171875 15.5,8 C15.5,8.828125 14.828125,9.5 14,9.5 C13.171875,9.5 12.5,8.828125 12.5,8 C12.5,7.171875 13.171875,6.5 14,6.5 Z&quot;
              fill=&quot;currentColor&quot;
              id=&quot;&quot;
            /&gt;
          &lt;/g&gt;
        &lt;/svg&gt;
      &lt;/div&gt;
    &lt;/button&gt;
  &lt;/div&gt;
  &lt;div&gt;
    &lt;button
      aria-disabled=&quot;false&quot;
      aria-label=&quot;Ellipsis&quot;
      class=&quot;leafygreen-ui-1dh8eku&quot;
      data-testid=&quot;icon-button-test&quot;
      tabindex=&quot;0&quot;
    &gt;
      &lt;div
        class=&quot;leafygreen-ui-xhlipt&quot;
      &gt;
        &lt;svg
          aria-label=&quot;Ellipsis&quot;
          class=&quot;&quot;
          data-testid=&quot;icon-test-id&quot;
          height=&quot;16&quot;
          role=&quot;img&quot;
          viewBox=&quot;0 0 16 16&quot;
          width=&quot;16&quot;
        &gt;
          &lt;desc&gt;
            Created with Sketch.
          &lt;/desc&gt;
          &lt;g
            fill=&quot;none&quot;
            fill-rule=&quot;evenodd&quot;
            id=&quot;Ellipsis-Copy&quot;
            stroke=&quot;none&quot;
            stroke-width=&quot;1&quot;
          &gt;
            &lt;path
              d=&quot;M2,6.5 C2.828125,6.5 3.5,7.171875 3.5,8 C3.5,8.828125 2.828125,9.5 2,9.5 C1.171875,9.5 0.5,8.828125 0.5,8 C0.5,7.171875 1.171875,6.5 2,6.5 Z M8,6.5 C8.828125,6.5 9.5,7.171875 9.5,8 C9.5,8.828125 8.828125,9.5 8,9.5 C7.171875,9.5 6.5,8.828125 6.5,8 C6.5,7.171875 7.171875,6.5 8,6.5 Z M14,6.5 C14.828125,6.5 15.5,7.171875 15.5,8 C15.5,8.828125 14.828125,9.5 14,9.5 C13.171875,9.5 12.5,8.828125 12.5,8 C12.5,7.171875 13.171875,6.5 14,6.5 Z&quot;
              fill=&quot;currentColor&quot;
              id=&quot;&quot;
            /&gt;
          &lt;/g&gt;
        &lt;/svg&gt;
      &lt;/div&gt;
    &lt;/button&gt;
  &lt;/div&gt;
  &lt;div&gt;
    &lt;button
      aria-disabled=&quot;false&quot;
      aria-label=&quot;Ellipsis&quot;
      class=&quot;leafygreen-ui-1dh8eku&quot;
      data-testid=&quot;icon-button-test&quot;
      tabindex=&quot;0&quot;
    &gt;
      &lt;div
        class=&quot;leafygreen-ui-xhlipt&quot;
      &gt;
        &lt;svg
          aria-label=&quot;Ellipsis&quot;
          class=&quot;&quot;
          data-testid=&quot;icon-test-id&quot;
          height=&quot;16&quot;
          role=&quot;img&quot;
          viewBox=&quot;0 0 16 16&quot;
          width=&quot;16&quot;
        &gt;
          &lt;desc&gt;
            Created with Sketch.
          &lt;/desc&gt;
          &lt;g
            fill=&quot;none&quot;
            fill-rule=&quot;evenodd&quot;
            id=&quot;Ellipsis-Copy&quot;
            stroke=&quot;none&quot;
            stroke-width=&quot;1&quot;
          &gt;
            &lt;path
              d=&quot;M2,6.5 C2.828125,6.5 3.5,7.171875 3.5,8 C3.5,8.828125 2.828125,9.5 2,9.5 C1.171875,9.5 0.5,8.828125 0.5,8 C0.5,7.171875 1.171875,6.5 2,6.5 Z M8,6.5 C8.828125,6.5 9.5,7.171875 9.5,8 C9.5,8.828125 8.828125,9.5 8,9.5 C7.171875,9.5 6.5,8.828125 6.5,8 C6.5,7.171875 7.171875,6.5 8,6.5 Z M14,6.5 C14.828125,6.5 15.5,7.171875 15.5,8 C15.5,8.828125 14.828125,9.5 14,9.5 C13.171875,9.5 12.5,8.828125 12.5,8 C12.5,7.171875 13.171875,6.5 14,6.5 Z&quot;
              fill=&quot;currentColor&quot;
              id=&quot;&quot;
            /&gt;
          &lt;/g&gt;
        &lt;/svg&gt;
      &lt;/div&gt;
    &lt;/button&gt;
  &lt;/div&gt;
&lt;/body&gt;
    at getElementError (/Users/brookeyalof/Development/MongoDB/leafygreen-ui/packages/icon-button/node_modules/@testing-library/dom/dist/query-helpers.js:46:10)
    at getMultipleElementsFoundError (/Users/brookeyalof/Development/MongoDB/leafygreen-ui/packages/icon-button/node_modules/@testing-library/dom/dist/query-helpers.js:50:10)
    at getByTestId (/Users/brookeyalof/Development/MongoDB/leafygreen-ui/packages/icon-button/node_modules/@testing-library/dom/dist/query-helpers.js:86:13)
    at renderIconButton (/Users/brookeyalof/Development/MongoDB/leafygreen-ui/packages/icon-button/src/IconButton.spec.tsx:19:28)
    at Object.&lt;anonymous&gt; (/Users/brookeyalof/Development/MongoDB/leafygreen-ui/packages/icon-button/src/IconButton.spec.tsx:47:22)
    at Object.asyncJestTest (/Users/brookeyalof/Development/MongoDB/leafygreen-ui/node_modules/jest-jasmine2/build/jasmineAsyncInstall.js:100:37)
    at /Users/brookeyalof/Development/MongoDB/leafygreen-ui/node_modules/jest-jasmine2/build/queueRunner.js:47:12
    at new Promise (&lt;anonymous&gt;)
    at mapper (/Users/brookeyalof/Development/MongoDB/leafygreen-ui/node_modules/jest-jasmine2/build/queueRunner.js:30:19)
    at /Users/brookeyalof/Development/MongoDB/leafygreen-ui/node_modules/jest-jasmine2/build/queueRunner.js:77:41</failure>
    </testcase>
    <testcase classname="packages/icon-button renders inside an anchor tag when the href prop is set" name="packages/icon-button renders inside an anchor tag when the href prop is set" time="0.004">
      <failure>Error: Found multiple elements by: [data-testid=&quot;icon-button-test&quot;]

(If this is intentional, then use the `*AllBy*` variant of the query (like `queryAllByText`, `getAllByText`, or `findAllByText`)).

&lt;body&gt;
  &lt;div&gt;
    &lt;button
      aria-disabled=&quot;false&quot;
      aria-label=&quot;Ellipsis&quot;
      class=&quot;test-icon-button-class leafygreen-ui-1dh8eku&quot;
      data-testid=&quot;icon-button-test&quot;
      tabindex=&quot;0&quot;
    &gt;
      &lt;div
        class=&quot;leafygreen-ui-xhlipt&quot;
      &gt;
        &lt;svg
          aria-label=&quot;Ellipsis&quot;
          class=&quot;&quot;
          data-testid=&quot;icon-test-id&quot;
          height=&quot;16&quot;
          role=&quot;img&quot;
          viewBox=&quot;0 0 16 16&quot;
          width=&quot;16&quot;
        &gt;
          &lt;desc&gt;
            Created with Sketch.
          &lt;/desc&gt;
          &lt;g
            fill=&quot;none&quot;
            fill-rule=&quot;evenodd&quot;
            id=&quot;Ellipsis-Copy&quot;
            stroke=&quot;none&quot;
            stroke-width=&quot;1&quot;
          &gt;
            &lt;path
              d=&quot;M2,6.5 C2.828125,6.5 3.5,7.171875 3.5,8 C3.5,8.828125 2.828125,9.5 2,9.5 C1.171875,9.5 0.5,8.828125 0.5,8 C0.5,7.171875 1.171875,6.5 2,6.5 Z M8,6.5 C8.828125,6.5 9.5,7.171875 9.5,8 C9.5,8.828125 8.828125,9.5 8,9.5 C7.171875,9.5 6.5,8.828125 6.5,8 C6.5,7.171875 7.171875,6.5 8,6.5 Z M14,6.5 C14.828125,6.5 15.5,7.171875 15.5,8 C15.5,8.828125 14.828125,9.5 14,9.5 C13.171875,9.5 12.5,8.828125 12.5,8 C12.5,7.171875 13.171875,6.5 14,6.5 Z&quot;
              fill=&quot;currentColor&quot;
              id=&quot;&quot;
            /&gt;
          &lt;/g&gt;
        &lt;/svg&gt;
      &lt;/div&gt;
    &lt;/button&gt;
  &lt;/div&gt;
  &lt;div&gt;
    &lt;button
      aria-disabled=&quot;false&quot;
      aria-label=&quot;Ellipsis&quot;
      class=&quot;leafygreen-ui-1dh8eku&quot;
      data-testid=&quot;icon-button-test&quot;
      tabindex=&quot;0&quot;
    &gt;
      &lt;div
        class=&quot;leafygreen-ui-xhlipt&quot;
      &gt;
        &lt;svg
          aria-label=&quot;Ellipsis&quot;
          class=&quot;&quot;
          data-testid=&quot;icon-test-id&quot;
          height=&quot;16&quot;
          role=&quot;img&quot;
          viewBox=&quot;0 0 16 16&quot;
          width=&quot;16&quot;
        &gt;
          &lt;desc&gt;
            Created with Sketch.
          &lt;/desc&gt;
          &lt;g
            fill=&quot;none&quot;
            fill-rule=&quot;evenodd&quot;
            id=&quot;Ellipsis-Copy&quot;
            stroke=&quot;none&quot;
            stroke-width=&quot;1&quot;
          &gt;
            &lt;path
              d=&quot;M2,6.5 C2.828125,6.5 3.5,7.171875 3.5,8 C3.5,8.828125 2.828125,9.5 2,9.5 C1.171875,9.5 0.5,8.828125 0.5,8 C0.5,7.171875 1.171875,6.5 2,6.5 Z M8,6.5 C8.828125,6.5 9.5,7.171875 9.5,8 C9.5,8.828125 8.828125,9.5 8,9.5 C7.171875,9.5 6.5,8.828125 6.5,8 C6.5,7.171875 7.171875,6.5 8,6.5 Z M14,6.5 C14.828125,6.5 15.5,7.171875 15.5,8 C15.5,8.828125 14.828125,9.5 14,9.5 C13.171875,9.5 12.5,8.828125 12.5,8 C12.5,7.171875 13.171875,6.5 14,6.5 Z&quot;
              fill=&quot;currentColor&quot;
              id=&quot;&quot;
            /&gt;
          &lt;/g&gt;
        &lt;/svg&gt;
      &lt;/div&gt;
    &lt;/button&gt;
  &lt;/div&gt;
  &lt;div&gt;
    &lt;button
      aria-disabled=&quot;false&quot;
      aria-label=&quot;Ellipsis&quot;
      class=&quot;leafygreen-ui-1dh8eku&quot;
      data-testid=&quot;icon-button-test&quot;
      tabindex=&quot;0&quot;
    &gt;
      &lt;div
        class=&quot;leafygreen-ui-xhlipt&quot;
      &gt;
        &lt;svg
          aria-label=&quot;Ellipsis&quot;
          class=&quot;&quot;
          data-testid=&quot;icon-test-id&quot;
          height=&quot;16&quot;
          role=&quot;img&quot;
          viewBox=&quot;0 0 16 16&quot;
          width=&quot;16&quot;
        &gt;
          &lt;desc&gt;
            Created with Sketch.
          &lt;/desc&gt;
          &lt;g
            fill=&quot;none&quot;
            fill-rule=&quot;evenodd&quot;
            id=&quot;Ellipsis-Copy&quot;
            stroke=&quot;none&quot;
            stroke-width=&quot;1&quot;
          &gt;
            &lt;path
              d=&quot;M2,6.5 C2.828125,6.5 3.5,7.171875 3.5,8 C3.5,8.828125 2.828125,9.5 2,9.5 C1.171875,9.5 0.5,8.828125 0.5,8 C0.5,7.171875 1.171875,6.5 2,6.5 Z M8,6.5 C8.828125,6.5 9.5,7.171875 9.5,8 C9.5,8.828125 8.828125,9.5 8,9.5 C7.171875,9.5 6.5,8.828125 6.5,8 C6.5,7.171875 7.171875,6.5 8,6.5 Z M14,6.5 C14.828125,6.5 15.5,7.171875 15.5,8 C15.5,8.828125 14.828125,9.5 14,9.5 C13.171875,9.5 12.5,8.828125 12.5,8 C12.5,7.171875 13.171875,6.5 14,6.5 Z&quot;
              fill=&quot;currentColor&quot;
              id=&quot;&quot;
            /&gt;
          &lt;/g&gt;
        &lt;/svg&gt;
      &lt;/div&gt;
    &lt;/button&gt;
  &lt;/div&gt;
  &lt;div&gt;
    &lt;button
      aria-disabled=&quot;false&quot;
      aria-label=&quot;Ellipsis&quot;
      class=&quot;leafygreen-ui-1dh8eku&quot;
      data-testid=&quot;icon-button-test&quot;
      tabindex=&quot;0&quot;
    &gt;
      &lt;div
        class=&quot;leafygreen-ui-xhlipt&quot;
      &gt;
        &lt;svg
          aria-label=&quot;Ellipsis&quot;
          class=&quot;&quot;
          data-testid=&quot;icon-test-id&quot;
          height=&quot;16&quot;
          role=&quot;img&quot;
          viewBox=&quot;0 0 16 16&quot;
          width=&quot;16&quot;
        &gt;
          &lt;desc&gt;
            Created with Sketch.
          &lt;/desc&gt;
          &lt;g
            fill=&quot;none&quot;
            fill-rule=&quot;evenodd&quot;
            id=&quot;Ellipsis-Copy&quot;
            stroke=&quot;none&quot;
            stroke-width=&quot;1&quot;
          &gt;
            &lt;path
              d=&quot;M2,6.5 C2.828125,6.5 3.5,7.171875 3.5,8 C3.5,8.828125 2.828125,9.5 2,9.5 C1.171875,9.5 0.5,8.828125 0.5,8 C0.5,7.171875 1.171875,6.5 2,6.5 Z M8,6.5 C8.828125,6.5 9.5,7.171875 9.5,8 C9.5,8.828125 8.828125,9.5 8,9.5 C7.171875,9.5 6.5,8.828125 6.5,8 C6.5,7.171875 7.171875,6.5 8,6.5 Z M14,6.5 C14.828125,6.5 15.5,7.171875 15.5,8 C15.5,8.828125 14.828125,9.5 14,9.5 C13.171875,9.5 12.5,8.828125 12.5,8 C12.5,7.171875 13.171875,6.5 14,6.5 Z&quot;
              fill=&quot;currentColor&quot;
              id=&quot;&quot;
            /&gt;
          &lt;/g&gt;
        &lt;/svg&gt;
      &lt;/div&gt;
    &lt;/button&gt;
  &lt;/div&gt;
  &lt;div&gt;
    &lt;button
      aria-disabled=&quot;false&quot;
      aria-label=&quot;Ellipsis&quot;
      class=&quot;leafygreen-ui-1dh8eku&quot;
      data-testid=&quot;icon-button-test&quot;
      tabindex=&quot;0&quot;
    &gt;
      &lt;div
        class=&quot;leafygreen-ui-xhlipt&quot;
      &gt;
        &lt;svg
          aria-label=&quot;Ellipsis&quot;
          class=&quot;&quot;
          data-testid=&quot;icon-test-id&quot;
          height=&quot;16&quot;
          role=&quot;img&quot;
          viewBox=&quot;0 0 16 16&quot;
          width=&quot;16&quot;
        &gt;
          &lt;desc&gt;
            Created with Sketch.
          &lt;/desc&gt;
          &lt;g
            fill=&quot;none&quot;
            fill-rule=&quot;evenodd&quot;
            id=&quot;Ellipsis-Copy&quot;
            stroke=&quot;none&quot;
            stroke-width=&quot;1&quot;
          &gt;
            &lt;path
              d=&quot;M2,6.5 C2.828125,6.5 3.5,7.171875 3.5,8 C3.5,8.828125 2.828125,9.5 2,9.5 C1.171875,9.5 0.5,8.828125 0.5,8 C0.5,7.171875 1.171875,6.5 2,6.5 Z M8,6.5 C8.828125,6.5 9.5,7.171875 9.5,8 C9.5,8.828125 8.828125,9.5 8,9.5 C7.171875,9.5 6.5,8.828125 6.5,8 C6.5,7.171875 7.171875,6.5 8,6.5 Z M14,6.5 C14.828125,6.5 15.5,7.171875 15.5,8 C15.5,8.828125 14.828125,9.5 14,9.5 C13.171875,9.5 12.5,8.828125 12.5,8 C12.5,7.171875 13.171875,6.5 14,6.5 Z&quot;
              fill=&quot;currentColor&quot;
              id=&quot;&quot;
            /&gt;
          &lt;/g&gt;
        &lt;/svg&gt;
      &lt;/div&gt;
    &lt;/button&gt;
  &lt;/div&gt;
  &lt;div&gt;
    &lt;a
      aria-disabled=&quot;false&quot;
      aria-label=&quot;Ellipsis&quot;
      class=&quot;leafygreen-ui-1dh8eku&quot;
      data-testid=&quot;icon-button-test&quot;
      href=&quot;http://mongodb.design&quot;
      tabindex=&quot;0&quot;
    &gt;
      &lt;div
        class=&quot;leafygreen-ui-xhlipt&quot;
      &gt;
        &lt;svg
          aria-label=&quot;Ellipsis&quot;
          class=&quot;&quot;
          data-testid=&quot;icon-test-id&quot;
          height=&quot;16&quot;
          role=&quot;img&quot;
          viewBox=&quot;0 0 16 16&quot;
          width=&quot;16&quot;
        &gt;
          &lt;desc&gt;
            Created with Sketch.
          &lt;/desc&gt;
          &lt;g
            fill=&quot;none&quot;
            fill-rule=&quot;evenodd&quot;
            id=&quot;Ellipsis-Copy&quot;
            stroke=&quot;none&quot;
            stroke-width=&quot;1&quot;
          &gt;
            &lt;path
              d=&quot;M2,6.5 C2.828125,6.5 3.5,7.171875 3.5,8 C3.5,8.828125 2.828125,9.5 2,9.5 C1.171875,9.5 0.5,8.828125 0.5,8 C0.5,7.171875 1.171875,6.5 2,6.5 Z M8,6.5 C8.828125,6.5 9.5,7.171875 9.5,8 C9.5,8.828125 8.828125,9.5 8,9.5 C7.171875,9.5 6.5,8.828125 6.5,8 C6.5,7.171875 7.171875,6.5 8,6.5 Z M14,6.5 C14.828125,6.5 15.5,7.171875 15.5,8 C15.5,8.828125 14.828125,9.5 14,9.5 C13.171875,9.5 12.5,8.828125 12.5,8 C12.5,7.171875 13.171875,6.5 14,6.5 Z&quot;
              fill=&quot;currentColor&quot;
              id=&quot;&quot;
            /&gt;
          &lt;/g&gt;
        &lt;/svg&gt;
      &lt;/div&gt;
    &lt;/a&gt;
  &lt;/div&gt;
&lt;/body&gt;
    at getElementError (/Users/brookeyalof/Development/MongoDB/leafygreen-ui/packages/icon-button/node_modules/@testing-library/dom/dist/query-helpers.js:46:10)
    at getMultipleElementsFoundError (/Users/brookeyalof/Development/MongoDB/leafygreen-ui/packages/icon-button/node_modules/@testing-library/dom/dist/query-helpers.js:50:10)
    at getByTestId (/Users/brookeyalof/Development/MongoDB/leafygreen-ui/packages/icon-button/node_modules/@testing-library/dom/dist/query-helpers.js:86:13)
    at renderIconButton (/Users/brookeyalof/Development/MongoDB/leafygreen-ui/packages/icon-button/src/IconButton.spec.tsx:19:28)
    at Object.&lt;anonymous&gt; (/Users/brookeyalof/Development/MongoDB/leafygreen-ui/packages/icon-button/src/IconButton.spec.tsx:52:28)
    at Object.asyncJestTest (/Users/brookeyalof/Development/MongoDB/leafygreen-ui/node_modules/jest-jasmine2/build/jasmineAsyncInstall.js:100:37)
    at /Users/brookeyalof/Development/MongoDB/leafygreen-ui/node_modules/jest-jasmine2/build/queueRunner.js:47:12
    at new Promise (&lt;anonymous&gt;)
    at mapper (/Users/brookeyalof/Development/MongoDB/leafygreen-ui/node_modules/jest-jasmine2/build/queueRunner.js:30:19)
    at /Users/brookeyalof/Development/MongoDB/leafygreen-ui/node_modules/jest-jasmine2/build/queueRunner.js:77:41</failure>
    </testcase>
    <testcase classname="packages/icon-button when &apos;My title&apos; is set directly as the title child icon, the rendered icon includes a title tag with the text content, &apos;My title&apos;" name="packages/icon-button when &apos;My title&apos; is set directly as the title child icon, the rendered icon includes a title tag with the text content, &apos;My title&apos;" time="0.006">
      <failure>Error: Found multiple elements by: [data-testid=&quot;icon-button-test&quot;]

(If this is intentional, then use the `*AllBy*` variant of the query (like `queryAllByText`, `getAllByText`, or `findAllByText`)).

&lt;body&gt;
  &lt;div&gt;
    &lt;button
      aria-disabled=&quot;false&quot;
      aria-label=&quot;Ellipsis&quot;
      class=&quot;test-icon-button-class leafygreen-ui-1dh8eku&quot;
      data-testid=&quot;icon-button-test&quot;
      tabindex=&quot;0&quot;
    &gt;
      &lt;div
        class=&quot;leafygreen-ui-xhlipt&quot;
      &gt;
        &lt;svg
          aria-label=&quot;Ellipsis&quot;
          class=&quot;&quot;
          data-testid=&quot;icon-test-id&quot;
          height=&quot;16&quot;
          role=&quot;img&quot;
          viewBox=&quot;0 0 16 16&quot;
          width=&quot;16&quot;
        &gt;
          &lt;desc&gt;
            Created with Sketch.
          &lt;/desc&gt;
          &lt;g
            fill=&quot;none&quot;
            fill-rule=&quot;evenodd&quot;
            id=&quot;Ellipsis-Copy&quot;
            stroke=&quot;none&quot;
            stroke-width=&quot;1&quot;
          &gt;
            &lt;path
              d=&quot;M2,6.5 C2.828125,6.5 3.5,7.171875 3.5,8 C3.5,8.828125 2.828125,9.5 2,9.5 C1.171875,9.5 0.5,8.828125 0.5,8 C0.5,7.171875 1.171875,6.5 2,6.5 Z M8,6.5 C8.828125,6.5 9.5,7.171875 9.5,8 C9.5,8.828125 8.828125,9.5 8,9.5 C7.171875,9.5 6.5,8.828125 6.5,8 C6.5,7.171875 7.171875,6.5 8,6.5 Z M14,6.5 C14.828125,6.5 15.5,7.171875 15.5,8 C15.5,8.828125 14.828125,9.5 14,9.5 C13.171875,9.5 12.5,8.828125 12.5,8 C12.5,7.171875 13.171875,6.5 14,6.5 Z&quot;
              fill=&quot;currentColor&quot;
              id=&quot;&quot;
            /&gt;
          &lt;/g&gt;
        &lt;/svg&gt;
      &lt;/div&gt;
    &lt;/button&gt;
  &lt;/div&gt;
  &lt;div&gt;
    &lt;button
      aria-disabled=&quot;false&quot;
      aria-label=&quot;Ellipsis&quot;
      class=&quot;leafygreen-ui-1dh8eku&quot;
      data-testid=&quot;icon-button-test&quot;
      tabindex=&quot;0&quot;
    &gt;
      &lt;div
        class=&quot;leafygreen-ui-xhlipt&quot;
      &gt;
        &lt;svg
          aria-label=&quot;Ellipsis&quot;
          class=&quot;&quot;
          data-testid=&quot;icon-test-id&quot;
          height=&quot;16&quot;
          role=&quot;img&quot;
          viewBox=&quot;0 0 16 16&quot;
          width=&quot;16&quot;
        &gt;
          &lt;desc&gt;
            Created with Sketch.
          &lt;/desc&gt;
          &lt;g
            fill=&quot;none&quot;
            fill-rule=&quot;evenodd&quot;
            id=&quot;Ellipsis-Copy&quot;
            stroke=&quot;none&quot;
            stroke-width=&quot;1&quot;
          &gt;
            &lt;path
              d=&quot;M2,6.5 C2.828125,6.5 3.5,7.171875 3.5,8 C3.5,8.828125 2.828125,9.5 2,9.5 C1.171875,9.5 0.5,8.828125 0.5,8 C0.5,7.171875 1.171875,6.5 2,6.5 Z M8,6.5 C8.828125,6.5 9.5,7.171875 9.5,8 C9.5,8.828125 8.828125,9.5 8,9.5 C7.171875,9.5 6.5,8.828125 6.5,8 C6.5,7.171875 7.171875,6.5 8,6.5 Z M14,6.5 C14.828125,6.5 15.5,7.171875 15.5,8 C15.5,8.828125 14.828125,9.5 14,9.5 C13.171875,9.5 12.5,8.828125 12.5,8 C12.5,7.171875 13.171875,6.5 14,6.5 Z&quot;
              fill=&quot;currentColor&quot;
              id=&quot;&quot;
            /&gt;
          &lt;/g&gt;
        &lt;/svg&gt;
      &lt;/div&gt;
    &lt;/button&gt;
  &lt;/div&gt;
  &lt;div&gt;
    &lt;button
      aria-disabled=&quot;false&quot;
      aria-label=&quot;Ellipsis&quot;
      class=&quot;leafygreen-ui-1dh8eku&quot;
      data-testid=&quot;icon-button-test&quot;
      tabindex=&quot;0&quot;
    &gt;
      &lt;div
        class=&quot;leafygreen-ui-xhlipt&quot;
      &gt;
        &lt;svg
          aria-label=&quot;Ellipsis&quot;
          class=&quot;&quot;
          data-testid=&quot;icon-test-id&quot;
          height=&quot;16&quot;
          role=&quot;img&quot;
          viewBox=&quot;0 0 16 16&quot;
          width=&quot;16&quot;
        &gt;
          &lt;desc&gt;
            Created with Sketch.
          &lt;/desc&gt;
          &lt;g
            fill=&quot;none&quot;
            fill-rule=&quot;evenodd&quot;
            id=&quot;Ellipsis-Copy&quot;
            stroke=&quot;none&quot;
            stroke-width=&quot;1&quot;
          &gt;
            &lt;path
              d=&quot;M2,6.5 C2.828125,6.5 3.5,7.171875 3.5,8 C3.5,8.828125 2.828125,9.5 2,9.5 C1.171875,9.5 0.5,8.828125 0.5,8 C0.5,7.171875 1.171875,6.5 2,6.5 Z M8,6.5 C8.828125,6.5 9.5,7.171875 9.5,8 C9.5,8.828125 8.828125,9.5 8,9.5 C7.171875,9.5 6.5,8.828125 6.5,8 C6.5,7.171875 7.171875,6.5 8,6.5 Z M14,6.5 C14.828125,6.5 15.5,7.171875 15.5,8 C15.5,8.828125 14.828125,9.5 14,9.5 C13.171875,9.5 12.5,8.828125 12.5,8 C12.5,7.171875 13.171875,6.5 14,6.5 Z&quot;
              fill=&quot;currentColor&quot;
              id=&quot;&quot;
            /&gt;
          &lt;/g&gt;
        &lt;/svg&gt;
      &lt;/div&gt;
    &lt;/button&gt;
  &lt;/div&gt;
  &lt;div&gt;
    &lt;button
      aria-disabled=&quot;false&quot;
      aria-label=&quot;Ellipsis&quot;
      class=&quot;leafygreen-ui-1dh8eku&quot;
      data-testid=&quot;icon-button-test&quot;
      tabindex=&quot;0&quot;
    &gt;
      &lt;div
        class=&quot;leafygreen-ui-xhlipt&quot;
      &gt;
        &lt;svg
          aria-label=&quot;Ellipsis&quot;
          class=&quot;&quot;
          data-testid=&quot;icon-test-id&quot;
          height=&quot;16&quot;
          role=&quot;img&quot;
          viewBox=&quot;0 0 16 16&quot;
          width=&quot;16&quot;
        &gt;
          &lt;desc&gt;
            Created with Sketch.
          &lt;/desc&gt;
          &lt;g
            fill=&quot;none&quot;
            fill-rule=&quot;evenodd&quot;
            id=&quot;Ellipsis-Copy&quot;
            stroke=&quot;none&quot;
            stroke-width=&quot;1&quot;
          &gt;
            &lt;path
              d=&quot;M2,6.5 C2.828125,6.5 3.5,7.171875 3.5,8 C3.5,8.828125 2.828125,9.5 2,9.5 C1.171875,9.5 0.5,8.828125 0.5,8 C0.5,7.171875 1.171875,6.5 2,6.5 Z M8,6.5 C8.828125,6.5 9.5,7.171875 9.5,8 C9.5,8.828125 8.828125,9.5 8,9.5 C7.171875,9.5 6.5,8.828125 6.5,8 C6.5,7.171875 7.171875,6.5 8,6.5 Z M14,6.5 C14.828125,6.5 15.5,7.171875 15.5,8 C15.5,8.828125 14.828125,9.5 14,9.5 C13.171875,9.5 12.5,8.828125 12.5,8 C12.5,7.171875 13.171875,6.5 14,6.5 Z&quot;
              fill=&quot;currentColor&quot;
              id=&quot;&quot;
            /&gt;
          &lt;/g&gt;
        &lt;/svg&gt;
      &lt;/div&gt;
    &lt;/button&gt;
  &lt;/div&gt;
  &lt;div&gt;
    &lt;button
      aria-disabled=&quot;false&quot;
      aria-label=&quot;Ellipsis&quot;
      class=&quot;leafygreen-ui-1dh8eku&quot;
      data-testid=&quot;icon-button-test&quot;
      tabindex=&quot;0&quot;
    &gt;
      &lt;div
        class=&quot;leafygreen-ui-xhlipt&quot;
      &gt;
        &lt;svg
          aria-label=&quot;Ellipsis&quot;
          class=&quot;&quot;
          data-testid=&quot;icon-test-id&quot;
          height=&quot;16&quot;
          role=&quot;img&quot;
          viewBox=&quot;0 0 16 16&quot;
          width=&quot;16&quot;
        &gt;
          &lt;desc&gt;
            Created with Sketch.
          &lt;/desc&gt;
          &lt;g
            fill=&quot;none&quot;
            fill-rule=&quot;evenodd&quot;
            id=&quot;Ellipsis-Copy&quot;
            stroke=&quot;none&quot;
            stroke-width=&quot;1&quot;
          &gt;
            &lt;path
              d=&quot;M2,6.5 C2.828125,6.5 3.5,7.171875 3.5,8 C3.5,8.828125 2.828125,9.5 2,9.5 C1.171875,9.5 0.5,8.828125 0.5,8 C0.5,7.171875 1.171875,6.5 2,6.5 Z M8,6.5 C8.828125,6.5 9.5,7.171875 9.5,8 C9.5,8.828125 8.828125,9.5 8,9.5 C7.171875,9.5 6.5,8.828125 6.5,8 C6.5,7.171875 7.171875,6.5 8,6.5 Z M14,6.5 C14.828125,6.5 15.5,7.171875 15.5,8 C15.5,8.828125 14.828125,9.5 14,9.5 C13.171875,9.5 12.5,8.828125 12.5,8 C12.5,7.171875 13.171875,6.5 14,6.5 Z&quot;
              fill=&quot;currentColor&quot;
              id=&quot;&quot;
            /&gt;
          &lt;/g&gt;
        &lt;/svg&gt;
      &lt;/div&gt;
    &lt;/button&gt;
  &lt;/div&gt;
  &lt;div&gt;
    &lt;a
      aria-disabled=&quot;false&quot;
      aria-label=&quot;Ellipsis&quot;
      class=&quot;leafygreen-ui-1dh8eku&quot;
      data-testid=&quot;icon-button-test&quot;
      href=&quot;http://mongodb.design&quot;
      tabindex=&quot;0&quot;
    &gt;
      &lt;div
        class=&quot;leafygreen-ui-xhlipt&quot;
      &gt;
        &lt;svg
          aria-label=&quot;Ellipsis&quot;
          class=&quot;&quot;
          data-testid=&quot;icon-test-id&quot;
          height=&quot;16&quot;
          role=&quot;img&quot;
          viewBox=&quot;0 0 16 16&quot;
          width=&quot;16&quot;
        &gt;
          &lt;desc&gt;
            Created with Sketch.
          &lt;/desc&gt;
          &lt;g
            fill=&quot;none&quot;
            fill-rule=&quot;evenodd&quot;
            id=&quot;Ellipsis-Copy&quot;
            stroke=&quot;none&quot;
            stroke-width=&quot;1&quot;
          &gt;
            &lt;path
              d=&quot;M2,6.5 C2.828125,6.5 3.5,7.171875 3.5,8 C3.5,8.828125 2.828125,9.5 2,9.5 C1.171875,9.5 0.5,8.828125 0.5,8 C0.5,7.171875 1.171875,6.5 2,6.5 Z M8,6.5 C8.828125,6.5 9.5,7.171875 9.5,8 C9.5,8.828125 8.828125,9.5 8,9.5 C7.171875,9.5 6.5,8.828125 6.5,8 C6.5,7.171875 7.171875,6.5 8,6.5 Z M14,6.5 C14.828125,6.5 15.5,7.171875 15.5,8 C15.5,8.828125 14.828125,9.5 14,9.5 C13.171875,9.5 12.5,8.828125 12.5,8 C12.5,7.171875 13.171875,6.5 14,6.5 Z&quot;
              fill=&quot;currentColor&quot;
              id=&quot;&quot;
            /&gt;
          &lt;/g&gt;
        &lt;/svg&gt;
      &lt;/div&gt;
    &lt;/a&gt;
  &lt;/div&gt;
  &lt;div&gt;
    &lt;button
      aria-disabled=&quot;false&quot;
      aria-label=&quot;Ellipsis&quot;
      class=&quot;leafygreen-ui-1dh8eku&quot;
      data-testid=&quot;icon-button-test&quot;
      tabindex=&quot;0&quot;
    &gt;
      &lt;div
        class=&quot;leafygreen-ui-xhlipt&quot;
      &gt;
        &lt;svg
          class=&quot;&quot;
          data-testid=&quot;icon-test-id&quot;
          height=&quot;16&quot;
          role=&quot;img&quot;
          title=&quot;My title&quot;
          viewBox=&quot;0 0 16 16&quot;
          width=&quot;16&quot;
        &gt;
          &lt;title&gt;
            My title
          &lt;/title&gt;
          &lt;desc&gt;
            Created with Sketch.
          &lt;/desc&gt;
          &lt;g
            fill=&quot;none&quot;
            fill-rule=&quot;evenodd&quot;
            id=&quot;Ellipsis-Copy&quot;
            stroke=&quot;none&quot;
            stroke-width=&quot;1&quot;
          &gt;
            &lt;path
              d=&quot;M2,6.5 C2.828125,6.5 3.5,7.171875 3.5,8 C3.5,8.828125 2.828125,9.5 2,9.5 C1.171875,9.5 0.5,8.828125 0.5,8 C0.5,7.171875 1.171875,6.5 2,6.5 Z M8,6.5 C8.828125,6.5 9.5,7.171875 9.5,8 C9.5,8.828125 8.828125,9.5 8,9.5 C7.171875,9.5 6.5,8.828125 6.5,8 C6.5,7.171875 7.171875,6.5 8,6.5 Z M14,6.5 C14.828125,6.5 15.5,7.171875 15.5,8 C15.5,8.828125 14.828125,9.5 14,9.5 C13.171875,9.5 12.5,8.828125 12.5,8 C12.5,7.171875 13.171875,6.5 14,6.5 Z&quot;
              fill=&quot;currentColor&quot;
              id=&quot;&quot;
            /&gt;
          &lt;/g&gt;
        &lt;/svg&gt;
      &lt;/div&gt;
    &lt;/button&gt;
  &lt;/div&gt;
&lt;/body&gt;
    at getElementError (/Users/brookeyalof/Development/MongoDB/leafygreen-ui/packages/icon-button/node_modules/@testing-library/dom/dist/query-helpers.js:46:10)
    at getMultipleElementsFoundError (/Users/brookeyalof/Development/MongoDB/leafygreen-ui/packages/icon-button/node_modules/@testing-library/dom/dist/query-helpers.js:50:10)
    at getByTestId (/Users/brookeyalof/Development/MongoDB/leafygreen-ui/packages/icon-button/node_modules/@testing-library/dom/dist/query-helpers.js:86:13)
    at renderIconButton (/Users/brookeyalof/Development/MongoDB/leafygreen-ui/packages/icon-button/src/IconButton.spec.tsx:19:28)
    at Object.&lt;anonymous&gt; (/Users/brookeyalof/Development/MongoDB/leafygreen-ui/packages/icon-button/src/IconButton.spec.tsx:63:22)
    at Object.asyncJestTest (/Users/brookeyalof/Development/MongoDB/leafygreen-ui/node_modules/jest-jasmine2/build/jasmineAsyncInstall.js:100:37)
    at /Users/brookeyalof/Development/MongoDB/leafygreen-ui/node_modules/jest-jasmine2/build/queueRunner.js:47:12
    at new Promise (&lt;anonymous&gt;)
    at mapper (/Users/brookeyalof/Development/MongoDB/leafygreen-ui/node_modules/jest-jasmine2/build/queueRunner.js:30:19)
    at /Users/brookeyalof/Development/MongoDB/leafygreen-ui/node_modules/jest-jasmine2/build/queueRunner.js:77:41</failure>
    </testcase>
  </testsuite>
  <testsuite name="packages/lib" errors="0" failures="0" skipped="0" timestamp="2020-07-29T17:06:40" time="0.183" tests="3">
    <testcase classname="packages/lib OneOf Basic usage" name="packages/lib OneOf Basic usage" time="0">
    </testcase>
    <testcase classname="packages/lib OneOf Overlapping properties" name="packages/lib OneOf Overlapping properties" time="0">
    </testcase>
    <testcase classname="packages/lib OneOf Optional properties" name="packages/lib OneOf Optional properties" time="0.001">
    </testcase>
  </testsuite>
  <testsuite name="packages/popover" errors="0" failures="6" skipped="0" timestamp="2020-07-29T17:06:40" time="0.427" tests="7">
    <testcase classname="packages/popover displays popover when the &quot;active&quot; prop is set" name="packages/popover displays popover when the &quot;active&quot; prop is set" time="0.03">
    </testcase>
    <testcase classname="packages/popover does not display popover when &quot;active&quot; prop is not set" name="packages/popover does not display popover when &quot;active&quot; prop is not set" time="0.005">
      <failure>Error: Found multiple elements by: [data-testid=&quot;button-test-id&quot;]

(If this is intentional, then use the `*AllBy*` variant of the query (like `queryAllByText`, `getAllByText`, or `findAllByText`)).

&lt;body&gt;
  &lt;div&gt;
    &lt;button
      data-testid=&quot;button-test-id&quot;
    &gt;
      Trigger Element
    &lt;/button&gt;
    &lt;div
      class=&quot;leafygreen-ui-wn831c&quot;
    /&gt;
  &lt;/div&gt;
  &lt;div&gt;
    &lt;div
      class=&quot;leafygreen-ui-v1tzg7&quot;
      data-testid=&quot;popover-test-id&quot;
    &gt;
      Popover Content
    &lt;/div&gt;
  &lt;/div&gt;
  &lt;div&gt;
    &lt;button
      data-testid=&quot;button-test-id&quot;
    &gt;
      Trigger Element
    &lt;/button&gt;
  &lt;/div&gt;
&lt;/body&gt;
    at getElementError (/Users/brookeyalof/Development/MongoDB/leafygreen-ui/packages/popover/node_modules/@testing-library/dom/dist/query-helpers.js:46:10)
    at getMultipleElementsFoundError (/Users/brookeyalof/Development/MongoDB/leafygreen-ui/packages/popover/node_modules/@testing-library/dom/dist/query-helpers.js:50:10)
    at getByTestId (/Users/brookeyalof/Development/MongoDB/leafygreen-ui/packages/popover/node_modules/@testing-library/dom/dist/query-helpers.js:86:13)
    at renderPopover (/Users/brookeyalof/Development/MongoDB/leafygreen-ui/packages/popover/src/Popover.spec.tsx:15:24)
    at Object.&lt;anonymous&gt; (/Users/brookeyalof/Development/MongoDB/leafygreen-ui/packages/popover/src/Popover.spec.tsx:26:27)
    at Object.asyncJestTest (/Users/brookeyalof/Development/MongoDB/leafygreen-ui/node_modules/jest-jasmine2/build/jasmineAsyncInstall.js:100:37)
    at /Users/brookeyalof/Development/MongoDB/leafygreen-ui/node_modules/jest-jasmine2/build/queueRunner.js:47:12
    at new Promise (&lt;anonymous&gt;)
    at mapper (/Users/brookeyalof/Development/MongoDB/leafygreen-ui/node_modules/jest-jasmine2/build/queueRunner.js:30:19)
    at /Users/brookeyalof/Development/MongoDB/leafygreen-ui/node_modules/jest-jasmine2/build/queueRunner.js:77:41</failure>
    </testcase>
    <testcase classname="packages/popover portals popover content to end of DOM, when &quot;usePortal&quot; is not set" name="packages/popover portals popover content to end of DOM, when &quot;usePortal&quot; is not set" time="0.006">
      <failure>Error: Found multiple elements by: [data-testid=&quot;button-test-id&quot;]

(If this is intentional, then use the `*AllBy*` variant of the query (like `queryAllByText`, `getAllByText`, or `findAllByText`)).

&lt;body&gt;
  &lt;div&gt;
    &lt;button
      data-testid=&quot;button-test-id&quot;
    &gt;
      Trigger Element
    &lt;/button&gt;
    &lt;div
      class=&quot;leafygreen-ui-wn831c&quot;
    /&gt;
  &lt;/div&gt;
  &lt;div&gt;
    &lt;div
      class=&quot;leafygreen-ui-v1tzg7&quot;
      data-testid=&quot;popover-test-id&quot;
    &gt;
      Popover Content
    &lt;/div&gt;
  &lt;/div&gt;
  &lt;div&gt;
    &lt;button
      data-testid=&quot;button-test-id&quot;
    &gt;
      Trigger Element
    &lt;/button&gt;
  &lt;/div&gt;
  &lt;div&gt;
    &lt;button
      data-testid=&quot;button-test-id&quot;
    &gt;
      Trigger Element
    &lt;/button&gt;
    &lt;div
      class=&quot;leafygreen-ui-wn831c&quot;
    /&gt;
  &lt;/div&gt;
  &lt;div&gt;
    &lt;div
      class=&quot;leafygreen-ui-v1tzg7&quot;
      data-testid=&quot;popover-test-id&quot;
    &gt;
      Popover Content
    &lt;/div&gt;
  &lt;/div&gt;
&lt;/body&gt;
    at getElementError (/Users/brookeyalof/Development/MongoDB/leafygreen-ui/packages/popover/node_modules/@testing-library/dom/dist/query-helpers.js:46:10)
    at getMultipleElementsFoundError (/Users/brookeyalof/Development/MongoDB/leafygreen-ui/packages/popover/node_modules/@testing-library/dom/dist/query-helpers.js:50:10)
    at getByTestId (/Users/brookeyalof/Development/MongoDB/leafygreen-ui/packages/popover/node_modules/@testing-library/dom/dist/query-helpers.js:86:13)
    at renderPopover (/Users/brookeyalof/Development/MongoDB/leafygreen-ui/packages/popover/src/Popover.spec.tsx:15:24)
    at Object.&lt;anonymous&gt; (/Users/brookeyalof/Development/MongoDB/leafygreen-ui/packages/popover/src/Popover.spec.tsx:31:40)
    at Object.asyncJestTest (/Users/brookeyalof/Development/MongoDB/leafygreen-ui/node_modules/jest-jasmine2/build/jasmineAsyncInstall.js:100:37)
    at /Users/brookeyalof/Development/MongoDB/leafygreen-ui/node_modules/jest-jasmine2/build/queueRunner.js:47:12
    at new Promise (&lt;anonymous&gt;)
    at mapper (/Users/brookeyalof/Development/MongoDB/leafygreen-ui/node_modules/jest-jasmine2/build/queueRunner.js:30:19)
    at /Users/brookeyalof/Development/MongoDB/leafygreen-ui/node_modules/jest-jasmine2/build/queueRunner.js:77:41</failure>
    </testcase>
    <testcase classname="packages/popover does not portal popover content to end of DOM when &quot;usePortal&quot; is false" name="packages/popover does not portal popover content to end of DOM when &quot;usePortal&quot; is false" time="0.007">
      <failure>Error: Found multiple elements by: [data-testid=&quot;button-test-id&quot;]

(If this is intentional, then use the `*AllBy*` variant of the query (like `queryAllByText`, `getAllByText`, or `findAllByText`)).

&lt;body&gt;
  &lt;div&gt;
    &lt;button
      data-testid=&quot;button-test-id&quot;
    &gt;
      Trigger Element
    &lt;/button&gt;
    &lt;div
      class=&quot;leafygreen-ui-wn831c&quot;
    /&gt;
  &lt;/div&gt;
  &lt;div&gt;
    &lt;div
      class=&quot;leafygreen-ui-v1tzg7&quot;
      data-testid=&quot;popover-test-id&quot;
    &gt;
      Popover Content
    &lt;/div&gt;
  &lt;/div&gt;
  &lt;div&gt;
    &lt;button
      data-testid=&quot;button-test-id&quot;
    &gt;
      Trigger Element
    &lt;/button&gt;
  &lt;/div&gt;
  &lt;div&gt;
    &lt;button
      data-testid=&quot;button-test-id&quot;
    &gt;
      Trigger Element
    &lt;/button&gt;
    &lt;div
      class=&quot;leafygreen-ui-wn831c&quot;
    /&gt;
  &lt;/div&gt;
  &lt;div&gt;
    &lt;div
      class=&quot;leafygreen-ui-v1tzg7&quot;
      data-testid=&quot;popover-test-id&quot;
    &gt;
      Popover Content
    &lt;/div&gt;
  &lt;/div&gt;
  &lt;div&gt;
    &lt;button
      data-testid=&quot;button-test-id&quot;
    &gt;
      Trigger Element
    &lt;/button&gt;
    &lt;div
      class=&quot;leafygreen-ui-wn831c&quot;
    /&gt;
    &lt;div
      class=&quot;leafygreen-ui-on61po&quot;
      data-testid=&quot;popover-test-id&quot;
    &gt;
      Popover Content
    &lt;/div&gt;
  &lt;/div&gt;
&lt;/body&gt;
    at getElementError (/Users/brookeyalof/Development/MongoDB/leafygreen-ui/packages/popover/node_modules/@testing-library/dom/dist/query-helpers.js:46:10)
    at getMultipleElementsFoundError (/Users/brookeyalof/Development/MongoDB/leafygreen-ui/packages/popover/node_modules/@testing-library/dom/dist/query-helpers.js:50:10)
    at getByTestId (/Users/brookeyalof/Development/MongoDB/leafygreen-ui/packages/popover/node_modules/@testing-library/dom/dist/query-helpers.js:86:13)
    at renderPopover (/Users/brookeyalof/Development/MongoDB/leafygreen-ui/packages/popover/src/Popover.spec.tsx:15:24)
    at Object.&lt;anonymous&gt; (/Users/brookeyalof/Development/MongoDB/leafygreen-ui/packages/popover/src/Popover.spec.tsx:36:27)
    at Object.asyncJestTest (/Users/brookeyalof/Development/MongoDB/leafygreen-ui/node_modules/jest-jasmine2/build/jasmineAsyncInstall.js:100:37)
    at /Users/brookeyalof/Development/MongoDB/leafygreen-ui/node_modules/jest-jasmine2/build/queueRunner.js:47:12
    at new Promise (&lt;anonymous&gt;)
    at mapper (/Users/brookeyalof/Development/MongoDB/leafygreen-ui/node_modules/jest-jasmine2/build/queueRunner.js:30:19)
    at /Users/brookeyalof/Development/MongoDB/leafygreen-ui/node_modules/jest-jasmine2/build/queueRunner.js:77:41</failure>
    </testcase>
    <testcase classname="packages/popover applies &quot;portalClassName&quot; to root of portal" name="packages/popover applies &quot;portalClassName&quot; to root of portal" time="0.005">
      <failure>Error: Found multiple elements by: [data-testid=&quot;button-test-id&quot;]

(If this is intentional, then use the `*AllBy*` variant of the query (like `queryAllByText`, `getAllByText`, or `findAllByText`)).

&lt;body&gt;
  &lt;div&gt;
    &lt;button
      data-testid=&quot;button-test-id&quot;
    &gt;
      Trigger Element
    &lt;/button&gt;
    &lt;div
      class=&quot;leafygreen-ui-wn831c&quot;
    /&gt;
  &lt;/div&gt;
  &lt;div&gt;
    &lt;div
      class=&quot;leafygreen-ui-v1tzg7&quot;
      data-testid=&quot;popover-test-id&quot;
    &gt;
      Popover Content
    &lt;/div&gt;
  &lt;/div&gt;
  &lt;div&gt;
    &lt;button
      data-testid=&quot;button-test-id&quot;
    &gt;
      Trigger Element
    &lt;/button&gt;
  &lt;/div&gt;
  &lt;div&gt;
    &lt;button
      data-testid=&quot;button-test-id&quot;
    &gt;
      Trigger Element
    &lt;/button&gt;
    &lt;div
      class=&quot;leafygreen-ui-wn831c&quot;
    /&gt;
  &lt;/div&gt;
  &lt;div&gt;
    &lt;div
      class=&quot;leafygreen-ui-v1tzg7&quot;
      data-testid=&quot;popover-test-id&quot;
    &gt;
      Popover Content
    &lt;/div&gt;
  &lt;/div&gt;
  &lt;div&gt;
    &lt;button
      data-testid=&quot;button-test-id&quot;
    &gt;
      Trigger Element
    &lt;/button&gt;
    &lt;div
      class=&quot;leafygreen-ui-wn831c&quot;
    /&gt;
    &lt;div
      class=&quot;leafygreen-ui-on61po&quot;
      data-testid=&quot;popover-test-id&quot;
    &gt;
      Popover Content
    &lt;/div&gt;
  &lt;/div&gt;
  &lt;div&gt;
    &lt;button
      data-testid=&quot;button-test-id&quot;
    &gt;
      Trigger Element
    &lt;/button&gt;
    &lt;div
      class=&quot;leafygreen-ui-wn831c&quot;
    /&gt;
  &lt;/div&gt;
  &lt;div
    class=&quot;test-classname&quot;
  &gt;
    &lt;div
      class=&quot;leafygreen-ui-v1tzg7&quot;
      data-testid=&quot;popover-test-id&quot;
    &gt;
      Popover Content
    &lt;/div&gt;
  &lt;/div&gt;
&lt;/body&gt;
    at getElementError (/Users/brookeyalof/Development/MongoDB/leafygreen-ui/packages/popover/node_modules/@testing-library/dom/dist/query-helpers.js:46:10)
    at getMultipleElementsFoundError (/Users/brookeyalof/Development/MongoDB/leafygreen-ui/packages/popover/node_modules/@testing-library/dom/dist/query-helpers.js:50:10)
    at getByTestId (/Users/brookeyalof/Development/MongoDB/leafygreen-ui/packages/popover/node_modules/@testing-library/dom/dist/query-helpers.js:86:13)
    at renderPopover (/Users/brookeyalof/Development/MongoDB/leafygreen-ui/packages/popover/src/Popover.spec.tsx:15:24)
    at Object.&lt;anonymous&gt; (/Users/brookeyalof/Development/MongoDB/leafygreen-ui/packages/popover/src/Popover.spec.tsx:45:29)
    at Object.asyncJestTest (/Users/brookeyalof/Development/MongoDB/leafygreen-ui/node_modules/jest-jasmine2/build/jasmineAsyncInstall.js:100:37)
    at /Users/brookeyalof/Development/MongoDB/leafygreen-ui/node_modules/jest-jasmine2/build/queueRunner.js:47:12
    at new Promise (&lt;anonymous&gt;)
    at mapper (/Users/brookeyalof/Development/MongoDB/leafygreen-ui/node_modules/jest-jasmine2/build/queueRunner.js:30:19)
    at /Users/brookeyalof/Development/MongoDB/leafygreen-ui/node_modules/jest-jasmine2/build/queueRunner.js:77:41</failure>
    </testcase>
    <testcase classname="packages/popover does not allow specifying &quot;portalClassName&quot;, when &quot;usePortal&quot; is false" name="packages/popover does not allow specifying &quot;portalClassName&quot;, when &quot;usePortal&quot; is false" time="0.006">
      <failure>Error: Found multiple elements by: [data-testid=&quot;button-test-id&quot;]

(If this is intentional, then use the `*AllBy*` variant of the query (like `queryAllByText`, `getAllByText`, or `findAllByText`)).

&lt;body&gt;
  &lt;div&gt;
    &lt;button
      data-testid=&quot;button-test-id&quot;
    &gt;
      Trigger Element
    &lt;/button&gt;
    &lt;div
      class=&quot;leafygreen-ui-wn831c&quot;
    /&gt;
  &lt;/div&gt;
  &lt;div&gt;
    &lt;div
      class=&quot;leafygreen-ui-v1tzg7&quot;
      data-testid=&quot;popover-test-id&quot;
    &gt;
      Popover Content
    &lt;/div&gt;
  &lt;/div&gt;
  &lt;div&gt;
    &lt;button
      data-testid=&quot;button-test-id&quot;
    &gt;
      Trigger Element
    &lt;/button&gt;
  &lt;/div&gt;
  &lt;div&gt;
    &lt;button
      data-testid=&quot;button-test-id&quot;
    &gt;
      Trigger Element
    &lt;/button&gt;
    &lt;div
      class=&quot;leafygreen-ui-wn831c&quot;
    /&gt;
  &lt;/div&gt;
  &lt;div&gt;
    &lt;div
      class=&quot;leafygreen-ui-v1tzg7&quot;
      data-testid=&quot;popover-test-id&quot;
    &gt;
      Popover Content
    &lt;/div&gt;
  &lt;/div&gt;
  &lt;div&gt;
    &lt;button
      data-testid=&quot;button-test-id&quot;
    &gt;
      Trigger Element
    &lt;/button&gt;
    &lt;div
      class=&quot;leafygreen-ui-wn831c&quot;
    /&gt;
    &lt;div
      class=&quot;leafygreen-ui-on61po&quot;
      data-testid=&quot;popover-test-id&quot;
    &gt;
      Popover Content
    &lt;/div&gt;
  &lt;/div&gt;
  &lt;div&gt;
    &lt;button
      data-testid=&quot;button-test-id&quot;
    &gt;
      Trigger Element
    &lt;/button&gt;
    &lt;div
      class=&quot;leafygreen-ui-wn831c&quot;
    /&gt;
  &lt;/div&gt;
  &lt;div
    class=&quot;test-classname&quot;
  &gt;
    &lt;div
      class=&quot;leafygreen-ui-v1tzg7&quot;
      data-testid=&quot;popover-test-id&quot;
    &gt;
      Popover Content
    &lt;/div&gt;
  &lt;/div&gt;
  &lt;div&gt;
    &lt;button
      data-testid=&quot;button-test-id&quot;
    &gt;
      Trigger Element
    &lt;/button&gt;
    &lt;div
      class=&quot;leafygreen-ui-wn831c&quot;
    /&gt;
    &lt;div
      class=&quot;leafygreen-ui-on61po&quot;
      data-testid=&quot;popover-test-id&quot;
    &gt;
      Popover Content
    &lt;/div&gt;
  &lt;/div&gt;
&lt;/body&gt;
    at getElementError (/Users/brookeyalof/Development/MongoDB/leafygreen-ui/packages/popover/node_modules/@testing-library/dom/dist/query-helpers.js:46:10)
    at getMultipleElementsFoundError (/Users/brookeyalof/Development/MongoDB/leafygreen-ui/packages/popover/node_modules/@testing-library/dom/dist/query-helpers.js:50:10)
    at getByTestId (/Users/brookeyalof/Development/MongoDB/leafygreen-ui/packages/popover/node_modules/@testing-library/dom/dist/query-helpers.js:86:13)
    at renderPopover (/Users/brookeyalof/Development/MongoDB/leafygreen-ui/packages/popover/src/Popover.spec.tsx:15:24)
    at Object.&lt;anonymous&gt; (/Users/brookeyalof/Development/MongoDB/leafygreen-ui/packages/popover/src/Popover.spec.tsx:58:5)
    at Object.asyncJestTest (/Users/brookeyalof/Development/MongoDB/leafygreen-ui/node_modules/jest-jasmine2/build/jasmineAsyncInstall.js:100:37)
    at /Users/brookeyalof/Development/MongoDB/leafygreen-ui/node_modules/jest-jasmine2/build/queueRunner.js:47:12
    at new Promise (&lt;anonymous&gt;)
    at mapper (/Users/brookeyalof/Development/MongoDB/leafygreen-ui/node_modules/jest-jasmine2/build/queueRunner.js:30:19)
    at /Users/brookeyalof/Development/MongoDB/leafygreen-ui/node_modules/jest-jasmine2/build/queueRunner.js:77:41</failure>
    </testcase>
    <testcase classname="packages/popover removes Popover instance on unmount" name="packages/popover removes Popover instance on unmount" time="0.003">
      <failure>Error: Found multiple elements by: [data-testid=&quot;button-test-id&quot;]

(If this is intentional, then use the `*AllBy*` variant of the query (like `queryAllByText`, `getAllByText`, or `findAllByText`)).

&lt;body&gt;
  &lt;div&gt;
    &lt;button
      data-testid=&quot;button-test-id&quot;
    &gt;
      Trigger Element
    &lt;/button&gt;
    &lt;div
      class=&quot;leafygreen-ui-wn831c&quot;
    /&gt;
  &lt;/div&gt;
  &lt;div&gt;
    &lt;div
      class=&quot;leafygreen-ui-v1tzg7&quot;
      data-testid=&quot;popover-test-id&quot;
    &gt;
      Popover Content
    &lt;/div&gt;
  &lt;/div&gt;
  &lt;div&gt;
    &lt;button
      data-testid=&quot;button-test-id&quot;
    &gt;
      Trigger Element
    &lt;/button&gt;
  &lt;/div&gt;
  &lt;div&gt;
    &lt;button
      data-testid=&quot;button-test-id&quot;
    &gt;
      Trigger Element
    &lt;/button&gt;
    &lt;div
      class=&quot;leafygreen-ui-wn831c&quot;
    /&gt;
  &lt;/div&gt;
  &lt;div&gt;
    &lt;div
      class=&quot;leafygreen-ui-v1tzg7&quot;
      data-testid=&quot;popover-test-id&quot;
    &gt;
      Popover Content
    &lt;/div&gt;
  &lt;/div&gt;
  &lt;div&gt;
    &lt;button
      data-testid=&quot;button-test-id&quot;
    &gt;
      Trigger Element
    &lt;/button&gt;
    &lt;div
      class=&quot;leafygreen-ui-wn831c&quot;
    /&gt;
    &lt;div
      class=&quot;leafygreen-ui-on61po&quot;
      data-testid=&quot;popover-test-id&quot;
    &gt;
      Popover Content
    &lt;/div&gt;
  &lt;/div&gt;
  &lt;div&gt;
    &lt;button
      data-testid=&quot;button-test-id&quot;
    &gt;
      Trigger Element
    &lt;/button&gt;
    &lt;div
      class=&quot;leafygreen-ui-wn831c&quot;
    /&gt;
  &lt;/div&gt;
  &lt;div
    class=&quot;test-classname&quot;
  &gt;
    &lt;div
      class=&quot;leafygreen-ui-v1tzg7&quot;
      data-testid=&quot;popover-test-id&quot;
    &gt;
      Popover Content
    &lt;/div&gt;
  &lt;/div&gt;
  &lt;div&gt;
    &lt;button
      data-testid=&quot;button-test-id&quot;
    &gt;
      Trigger Element
    &lt;/button&gt;
    &lt;div
      class=&quot;leafygreen-ui-wn831c&quot;
    /&gt;
    &lt;div
      class=&quot;leafygreen-ui-on61po&quot;
      data-testid=&quot;popover-test-id&quot;
    &gt;
      Popover Content
    &lt;/div&gt;
  &lt;/div&gt;
  &lt;div&gt;
    &lt;button
      data-testid=&quot;button-test-id&quot;
    &gt;
      Trigger Element
    &lt;/button&gt;
  &lt;/div&gt;
&lt;/body&gt;
    at getElementError (/Users/brookeyalof/Development/MongoDB/leafygreen-ui/packages/popover/node_modules/@testing-library/dom/dist/query-helpers.js:46:10)
    at getMultipleElementsFoundError (/Users/brookeyalof/Development/MongoDB/leafygreen-ui/packages/popover/node_modules/@testing-library/dom/dist/query-helpers.js:50:10)
    at getByTestId (/Users/brookeyalof/Development/MongoDB/leafygreen-ui/packages/popover/node_modules/@testing-library/dom/dist/query-helpers.js:86:13)
    at renderPopover (/Users/brookeyalof/Development/MongoDB/leafygreen-ui/packages/popover/src/Popover.spec.tsx:15:24)
    at Object.&lt;anonymous&gt; (/Users/brookeyalof/Development/MongoDB/leafygreen-ui/packages/popover/src/Popover.spec.tsx:66:36)
    at Object.asyncJestTest (/Users/brookeyalof/Development/MongoDB/leafygreen-ui/node_modules/jest-jasmine2/build/jasmineAsyncInstall.js:100:37)
    at /Users/brookeyalof/Development/MongoDB/leafygreen-ui/node_modules/jest-jasmine2/build/queueRunner.js:47:12
    at new Promise (&lt;anonymous&gt;)
    at mapper (/Users/brookeyalof/Development/MongoDB/leafygreen-ui/node_modules/jest-jasmine2/build/queueRunner.js:30:19)
    at /Users/brookeyalof/Development/MongoDB/leafygreen-ui/node_modules/jest-jasmine2/build/queueRunner.js:77:41</failure>
    </testcase>
  </testsuite>
  <testsuite name="packages/pipeline/utils/isElementOverflowed" errors="0" failures="0" skipped="0" timestamp="2020-07-29T17:06:41" time="0.209" tests="4">
    <testcase classname="packages/pipeline/utils/isElementOverflowed returns the &quot;true&quot; when the element is overflowed horizontally" name="packages/pipeline/utils/isElementOverflowed returns the &quot;true&quot; when the element is overflowed horizontally" time="0.003">
    </testcase>
    <testcase classname="packages/pipeline/utils/isElementOverflowed returns the &quot;false&quot; when the element is not overflowed horizontally" name="packages/pipeline/utils/isElementOverflowed returns the &quot;false&quot; when the element is not overflowed horizontally" time="0">
    </testcase>
    <testcase classname="packages/pipeline/utils/isElementOverflowed returns the &quot;true&quot; when the element is overflowed vertically" name="packages/pipeline/utils/isElementOverflowed returns the &quot;true&quot; when the element is overflowed vertically" time="0.001">
    </testcase>
    <testcase classname="packages/pipeline/utils/isElementOverflowed returns the &quot;false&quot; when the element is not overflowed vertically" name="packages/pipeline/utils/isElementOverflowed returns the &quot;false&quot; when the element is not overflowed vertically" time="0">
    </testcase>
  </testsuite>
  <testsuite name="packages/callout" errors="0" failures="6" skipped="0" timestamp="2020-07-29T17:06:41" time="0.54" tests="7">
    <testcase classname="packages/callout for variant note renders icon &quot;InfoWithCircle&quot; and label &quot;Note&quot; in header&quot;" name="packages/callout for variant note renders icon &quot;InfoWithCircle&quot; and label &quot;Note&quot; in header&quot;" time="0.02">
      <failure>TypeError: Cannot read property &apos;getByTitle&apos; of undefined
    at Object.&lt;anonymous&gt; (/Users/brookeyalof/Development/MongoDB/leafygreen-ui/packages/callout/src/Callout.spec.tsx:25:18)
    at Object.asyncJestTest (/Users/brookeyalof/Development/MongoDB/leafygreen-ui/node_modules/jest-jasmine2/build/jasmineAsyncInstall.js:100:37)
    at /Users/brookeyalof/Development/MongoDB/leafygreen-ui/node_modules/jest-jasmine2/build/queueRunner.js:47:12
    at new Promise (&lt;anonymous&gt;)
    at mapper (/Users/brookeyalof/Development/MongoDB/leafygreen-ui/node_modules/jest-jasmine2/build/queueRunner.js:30:19)
    at /Users/brookeyalof/Development/MongoDB/leafygreen-ui/node_modules/jest-jasmine2/build/queueRunner.js:77:41</failure>
    </testcase>
    <testcase classname="packages/callout for variant tip renders icon &quot;Bulb&quot; and label &quot;Tip&quot; in header&quot;" name="packages/callout for variant tip renders icon &quot;Bulb&quot; and label &quot;Tip&quot; in header&quot;" time="0.006">
      <failure>TypeError: Cannot read property &apos;getByTitle&apos; of undefined
    at Object.&lt;anonymous&gt; (/Users/brookeyalof/Development/MongoDB/leafygreen-ui/packages/callout/src/Callout.spec.tsx:25:18)
    at Object.asyncJestTest (/Users/brookeyalof/Development/MongoDB/leafygreen-ui/node_modules/jest-jasmine2/build/jasmineAsyncInstall.js:100:37)
    at /Users/brookeyalof/Development/MongoDB/leafygreen-ui/node_modules/jest-jasmine2/build/queueRunner.js:47:12
    at new Promise (&lt;anonymous&gt;)
    at mapper (/Users/brookeyalof/Development/MongoDB/leafygreen-ui/node_modules/jest-jasmine2/build/queueRunner.js:30:19)
    at /Users/brookeyalof/Development/MongoDB/leafygreen-ui/node_modules/jest-jasmine2/build/queueRunner.js:77:41</failure>
    </testcase>
    <testcase classname="packages/callout for variant important renders icon &quot;ImportantWithCircle&quot; and label &quot;Important&quot; in header&quot;" name="packages/callout for variant important renders icon &quot;ImportantWithCircle&quot; and label &quot;Important&quot; in header&quot;" time="0.005">
      <failure>TypeError: Cannot read property &apos;getByTitle&apos; of undefined
    at Object.&lt;anonymous&gt; (/Users/brookeyalof/Development/MongoDB/leafygreen-ui/packages/callout/src/Callout.spec.tsx:25:18)
    at Object.asyncJestTest (/Users/brookeyalof/Development/MongoDB/leafygreen-ui/node_modules/jest-jasmine2/build/jasmineAsyncInstall.js:100:37)
    at /Users/brookeyalof/Development/MongoDB/leafygreen-ui/node_modules/jest-jasmine2/build/queueRunner.js:47:12
    at new Promise (&lt;anonymous&gt;)
    at mapper (/Users/brookeyalof/Development/MongoDB/leafygreen-ui/node_modules/jest-jasmine2/build/queueRunner.js:30:19)
    at /Users/brookeyalof/Development/MongoDB/leafygreen-ui/node_modules/jest-jasmine2/build/queueRunner.js:77:41</failure>
    </testcase>
    <testcase classname="packages/callout for variant warning renders icon &quot;Warning&quot; and label &quot;Warning&quot; in header&quot;" name="packages/callout for variant warning renders icon &quot;Warning&quot; and label &quot;Warning&quot; in header&quot;" time="0.008">
      <failure>TypeError: Cannot read property &apos;getByTitle&apos; of undefined
    at Object.&lt;anonymous&gt; (/Users/brookeyalof/Development/MongoDB/leafygreen-ui/packages/callout/src/Callout.spec.tsx:25:18)
    at Object.asyncJestTest (/Users/brookeyalof/Development/MongoDB/leafygreen-ui/node_modules/jest-jasmine2/build/jasmineAsyncInstall.js:100:37)
    at /Users/brookeyalof/Development/MongoDB/leafygreen-ui/node_modules/jest-jasmine2/build/queueRunner.js:47:12
    at new Promise (&lt;anonymous&gt;)
    at mapper (/Users/brookeyalof/Development/MongoDB/leafygreen-ui/node_modules/jest-jasmine2/build/queueRunner.js:30:19)
    at /Users/brookeyalof/Development/MongoDB/leafygreen-ui/node_modules/jest-jasmine2/build/queueRunner.js:77:41</failure>
    </testcase>
    <testcase classname="packages/callout renders class name in classList: &quot;test-classname&quot;" name="packages/callout renders class name in classList: &quot;test-classname&quot;" time="0.008">
    </testcase>
    <testcase classname="packages/callout renders contents: &quot;this is the callout content.&quot;" name="packages/callout renders contents: &quot;this is the callout content.&quot;" time="0.002">
      <failure>TypeError: Cannot read property &apos;getByText&apos; of undefined
    at Object.&lt;anonymous&gt; (/Users/brookeyalof/Development/MongoDB/leafygreen-ui/packages/callout/src/Callout.spec.tsx:42:19)
    at Object.asyncJestTest (/Users/brookeyalof/Development/MongoDB/leafygreen-ui/node_modules/jest-jasmine2/build/jasmineAsyncInstall.js:100:37)
    at /Users/brookeyalof/Development/MongoDB/leafygreen-ui/node_modules/jest-jasmine2/build/queueRunner.js:47:12
    at new Promise (&lt;anonymous&gt;)
    at mapper (/Users/brookeyalof/Development/MongoDB/leafygreen-ui/node_modules/jest-jasmine2/build/queueRunner.js:30:19)
    at /Users/brookeyalof/Development/MongoDB/leafygreen-ui/node_modules/jest-jasmine2/build/queueRunner.js:77:41</failure>
    </testcase>
    <testcase classname="packages/callout renders title: &quot;this is the callout title&quot;" name="packages/callout renders title: &quot;this is the callout title&quot;" time="0.002">
      <failure>TypeError: Cannot read property &apos;getByText&apos; of undefined
    at Object.&lt;anonymous&gt; (/Users/brookeyalof/Development/MongoDB/leafygreen-ui/packages/callout/src/Callout.spec.tsx:47:19)
    at Object.asyncJestTest (/Users/brookeyalof/Development/MongoDB/leafygreen-ui/node_modules/jest-jasmine2/build/jasmineAsyncInstall.js:100:37)
    at /Users/brookeyalof/Development/MongoDB/leafygreen-ui/node_modules/jest-jasmine2/build/queueRunner.js:47:12
    at new Promise (&lt;anonymous&gt;)
    at mapper (/Users/brookeyalof/Development/MongoDB/leafygreen-ui/node_modules/jest-jasmine2/build/queueRunner.js:30:19)
    at /Users/brookeyalof/Development/MongoDB/leafygreen-ui/node_modules/jest-jasmine2/build/queueRunner.js:77:41</failure>
    </testcase>
  </testsuite>
  <testsuite name="packages/Syntax" errors="0" failures="0" skipped="0" timestamp="2020-07-29T17:06:42" time="0.458" tests="3">
    <testcase classname="packages/Syntax renders &quot;test-class&quot; in the code element&apos;s classList" name="packages/Syntax renders &quot;test-class&quot; in the code element&apos;s classList" time="0.025">
    </testcase>
    <testcase classname="packages/Syntax doesn&apos;t highlight code when language is &apos;none&apos;" name="packages/Syntax doesn&apos;t highlight code when language is &apos;none&apos;" time="0.002">
    </testcase>
    <testcase classname="packages/Syntax highlights code when language is &apos;javascript&apos;" name="packages/Syntax highlights code when language is &apos;javascript&apos;" time="0.009">
    </testcase>
  </testsuite>
  <testsuite name="packages/pipeline/Pipeline" errors="0" failures="0" skipped="0" timestamp="2020-07-29T17:06:42" time="0.67" tests="2">
    <testcase classname="packages/pipeline/Pipeline renders &quot;test-pipeline-class&quot; in the stage&apos;s classList" name="packages/pipeline/Pipeline renders &quot;test-pipeline-class&quot; in the stage&apos;s classList" time="0.037">
    </testcase>
    <testcase classname="packages/pipeline/Pipeline renders each child as a Stage" name="packages/pipeline/Pipeline renders each child as a Stage" time="0.007">
    </testcase>
  </testsuite>
  <testsuite name="packages/Card" errors="0" failures="0" skipped="0" timestamp="2020-07-29T17:06:43" time="0.351" tests="4">
    <testcase classname="packages/Card renders &quot;card-className&quot; in the cards&apos;s classList" name="packages/Card renders &quot;card-className&quot; in the cards&apos;s classList" time="0.002">
    </testcase>
    <testcase classname="packages/Card renders &quot;this is my card component&quot; as the cards&apos;s textContent" name="packages/Card renders &quot;this is my card component&quot; as the cards&apos;s textContent" time="0">
    </testcase>
    <testcase classname="packages/Card renders inside of a div tag by default" name="packages/Card renders inside of a div tag by default" time="0.001">
    </testcase>
    <testcase classname="packages/Card renders component inside of a React Element/HTML tag based on as prop" name="packages/Card renders component inside of a React Element/HTML tag based on as prop" time="0.001">
    </testcase>
  </testsuite>
  <testsuite name="packages/leafygreen-provider/TypographyContext" errors="0" failures="0" skipped="0" timestamp="2020-07-29T17:06:43" time="0.318" tests="3">
    <testcase classname="packages/leafygreen-provider/TypographyContext without a provider, by default useBaseFontSize returns 14" name="packages/leafygreen-provider/TypographyContext without a provider, by default useBaseFontSize returns 14" time="0.013">
    </testcase>
    <testcase classname="packages/leafygreen-provider/TypographyContext with a provider, by default useBaseFontSize returns 14" name="packages/leafygreen-provider/TypographyContext with a provider, by default useBaseFontSize returns 14" time="0.004">
    </testcase>
    <testcase classname="packages/leafygreen-provider/TypographyContext when baseFontSize prop is set to 16, useBaseFontSize returns 16" name="packages/leafygreen-provider/TypographyContext when baseFontSize prop is set to 16, useBaseFontSize returns 16" time="0.001">
    </testcase>
  </testsuite>
  <testsuite name="packages/radio" errors="0" failures="2" skipped="0" timestamp="2020-07-29T17:06:43" time="0.308" tests="3">
    <testcase classname="packages/radio renders &quot;radio-test-class&quot; in the labels&apos;s class list" name="packages/radio renders &quot;radio-test-class&quot; in the labels&apos;s class list" time="0.017">
    </testcase>
    <testcase classname="packages/radio renders disabled radio when disabled prop is set" name="packages/radio renders disabled radio when disabled prop is set" time="0.006">
      <failure>Error: Found multiple elements by: [data-testid=&quot;radio-test-id&quot;]

(If this is intentional, then use the `*AllBy*` variant of the query (like `queryAllByText`, `getAllByText`, or `findAllByText`)).

&lt;body&gt;
  &lt;div&gt;
    &lt;label
      class=&quot;leafygreen-ui-105s3mk radio-test-class&quot;
    &gt;
      &lt;input
        aria-checked=&quot;false&quot;
        aria-disabled=&quot;false&quot;
        class=&quot;leafygreen-ui-1gxd6sw&quot;
        data-testid=&quot;radio-test-id&quot;
        type=&quot;radio&quot;
        value=&quot;option-1&quot;
      /&gt;
      &lt;span
        class=&quot;leafygreen-ui-48fmqw&quot;
      /&gt;
    &lt;/label&gt;
  &lt;/div&gt;
  &lt;div&gt;
    &lt;label
      class=&quot;leafygreen-ui-105s3mk&quot;
    &gt;
      &lt;input
        aria-checked=&quot;false&quot;
        aria-disabled=&quot;true&quot;
        class=&quot;leafygreen-ui-1gxd6sw&quot;
        data-testid=&quot;radio-test-id&quot;
        disabled=&quot;&quot;
        type=&quot;radio&quot;
        value=&quot;option-1&quot;
      /&gt;
      &lt;span
        class=&quot;leafygreen-ui-1spe7wc&quot;
      /&gt;
    &lt;/label&gt;
  &lt;/div&gt;
&lt;/body&gt;
    at getElementError (/Users/brookeyalof/Development/MongoDB/leafygreen-ui/packages/radio-group/node_modules/@testing-library/dom/dist/query-helpers.js:46:10)
    at getMultipleElementsFoundError (/Users/brookeyalof/Development/MongoDB/leafygreen-ui/packages/radio-group/node_modules/@testing-library/dom/dist/query-helpers.js:50:10)
    at getByTestId (/Users/brookeyalof/Development/MongoDB/leafygreen-ui/packages/radio-group/node_modules/@testing-library/dom/dist/query-helpers.js:86:13)
    at renderRadio (/Users/brookeyalof/Development/MongoDB/leafygreen-ui/packages/radio-group/src/Radio.spec.tsx:11:23)
    at Object.&lt;anonymous&gt; (/Users/brookeyalof/Development/MongoDB/leafygreen-ui/packages/radio-group/src/Radio.spec.tsx:23:23)
    at Object.asyncJestTest (/Users/brookeyalof/Development/MongoDB/leafygreen-ui/node_modules/jest-jasmine2/build/jasmineAsyncInstall.js:100:37)
    at /Users/brookeyalof/Development/MongoDB/leafygreen-ui/node_modules/jest-jasmine2/build/queueRunner.js:47:12
    at new Promise (&lt;anonymous&gt;)
    at mapper (/Users/brookeyalof/Development/MongoDB/leafygreen-ui/node_modules/jest-jasmine2/build/queueRunner.js:30:19)
    at /Users/brookeyalof/Development/MongoDB/leafygreen-ui/node_modules/jest-jasmine2/build/queueRunner.js:77:41</failure>
    </testcase>
    <testcase classname="packages/radio radio is checked when value is set" name="packages/radio radio is checked when value is set" time="0.003">
      <failure>Error: Found multiple elements by: [data-testid=&quot;radio-test-id&quot;]

(If this is intentional, then use the `*AllBy*` variant of the query (like `queryAllByText`, `getAllByText`, or `findAllByText`)).

&lt;body&gt;
  &lt;div&gt;
    &lt;label
      class=&quot;leafygreen-ui-105s3mk radio-test-class&quot;
    &gt;
      &lt;input
        aria-checked=&quot;false&quot;
        aria-disabled=&quot;false&quot;
        class=&quot;leafygreen-ui-1gxd6sw&quot;
        data-testid=&quot;radio-test-id&quot;
        type=&quot;radio&quot;
        value=&quot;option-1&quot;
      /&gt;
      &lt;span
        class=&quot;leafygreen-ui-48fmqw&quot;
      /&gt;
    &lt;/label&gt;
  &lt;/div&gt;
  &lt;div&gt;
    &lt;label
      class=&quot;leafygreen-ui-105s3mk&quot;
    &gt;
      &lt;input
        aria-checked=&quot;false&quot;
        aria-disabled=&quot;true&quot;
        class=&quot;leafygreen-ui-1gxd6sw&quot;
        data-testid=&quot;radio-test-id&quot;
        disabled=&quot;&quot;
        type=&quot;radio&quot;
        value=&quot;option-1&quot;
      /&gt;
      &lt;span
        class=&quot;leafygreen-ui-1spe7wc&quot;
      /&gt;
    &lt;/label&gt;
  &lt;/div&gt;
  &lt;div&gt;
    &lt;label
      class=&quot;leafygreen-ui-105s3mk&quot;
    &gt;
      &lt;input
        aria-checked=&quot;true&quot;
        aria-disabled=&quot;false&quot;
        checked=&quot;&quot;
        class=&quot;leafygreen-ui-1gxd6sw&quot;
        data-testid=&quot;radio-test-id&quot;
        type=&quot;radio&quot;
        value=&quot;option-1&quot;
      /&gt;
      &lt;span
        class=&quot;leafygreen-ui-48fmqw&quot;
      /&gt;
    &lt;/label&gt;
  &lt;/div&gt;
&lt;/body&gt;
    at getElementError (/Users/brookeyalof/Development/MongoDB/leafygreen-ui/packages/radio-group/node_modules/@testing-library/dom/dist/query-helpers.js:46:10)
    at getMultipleElementsFoundError (/Users/brookeyalof/Development/MongoDB/leafygreen-ui/packages/radio-group/node_modules/@testing-library/dom/dist/query-helpers.js:50:10)
    at getByTestId (/Users/brookeyalof/Development/MongoDB/leafygreen-ui/packages/radio-group/node_modules/@testing-library/dom/dist/query-helpers.js:86:13)
    at renderRadio (/Users/brookeyalof/Development/MongoDB/leafygreen-ui/packages/radio-group/src/Radio.spec.tsx:11:23)
    at Object.&lt;anonymous&gt; (/Users/brookeyalof/Development/MongoDB/leafygreen-ui/packages/radio-group/src/Radio.spec.tsx:30:23)
    at Object.asyncJestTest (/Users/brookeyalof/Development/MongoDB/leafygreen-ui/node_modules/jest-jasmine2/build/jasmineAsyncInstall.js:100:37)
    at /Users/brookeyalof/Development/MongoDB/leafygreen-ui/node_modules/jest-jasmine2/build/queueRunner.js:47:12
    at new Promise (&lt;anonymous&gt;)
    at mapper (/Users/brookeyalof/Development/MongoDB/leafygreen-ui/node_modules/jest-jasmine2/build/queueRunner.js:30:19)
    at /Users/brookeyalof/Development/MongoDB/leafygreen-ui/node_modules/jest-jasmine2/build/queueRunner.js:77:41</failure>
    </testcase>
  </testsuite>
  <testsuite name="packages/palette" errors="0" failures="0" skipped="0" timestamp="2020-07-29T17:06:44" time="0.235" tests="2">
    <testcase classname="packages/palette all colors have only expected hues" name="packages/palette all colors have only expected hues" time="0.005">
    </testcase>
    <testcase classname="packages/palette all colors have all required hues" name="packages/palette all colors have all required hues" time="0.002">
    </testcase>
  </testsuite>
  <testsuite name="packages/pipeline/utils/getPipelineCounterTooltip" errors="0" failures="0" skipped="0" timestamp="2020-07-29T17:06:44" time="0.29" tests="4">
    <testcase classname="packages/pipeline/utils/getPipelineCounterTooltip returns the correct tooltip text when given &quot;undefined&quot;" name="packages/pipeline/utils/getPipelineCounterTooltip returns the correct tooltip text when given &quot;undefined&quot;" time="0.032">
    </testcase>
    <testcase classname="packages/pipeline/utils/getPipelineCounterTooltip returns the correct tooltip text when given &quot;null&quot;" name="packages/pipeline/utils/getPipelineCounterTooltip returns the correct tooltip text when given &quot;null&quot;" time="0">
    </testcase>
    <testcase classname="packages/pipeline/utils/getPipelineCounterTooltip returns the correct tooltip text when given a &quot;string&quot;" name="packages/pipeline/utils/getPipelineCounterTooltip returns the correct tooltip text when given a &quot;string&quot;" time="0.001">
    </testcase>
    <testcase classname="packages/pipeline/utils/getPipelineCounterTooltip returns the correct tooltip text when given an &quot;array&quot; of &quot;strings&quot;" name="packages/pipeline/utils/getPipelineCounterTooltip returns the correct tooltip text when given an &quot;array&quot; of &quot;strings&quot;" time="0.001">
    </testcase>
  </testsuite>
  <testsuite name="packages/Badge" errors="0" failures="0" skipped="0" timestamp="2020-07-29T17:06:44" time="0.378" tests="2">
    <testcase classname="packages/Badge renders &quot;test-pill-class&quot; in the badge&apos;s classList" name="packages/Badge renders &quot;test-pill-class&quot; in the badge&apos;s classList" time="0.002">
    </testcase>
    <testcase classname="packages/Badge renders &quot;Bubble Pill&quot; as the badge&apos;s textContent" name="packages/Badge renders &quot;Bubble Pill&quot; as the badge&apos;s textContent" time="0.001">
    </testcase>
  </testsuite>
  <testsuite name="packages/pipeline/Counter" errors="0" failures="0" skipped="0" timestamp="2020-07-29T17:06:45" time="0.292" tests="1">
    <testcase classname="packages/pipeline/Counter renders &quot;test-counter-class&quot; in the stage&apos;s classList" name="packages/pipeline/Counter renders &quot;test-counter-class&quot; in the stage&apos;s classList" time="0.023">
    </testcase>
  </testsuite>
  <testsuite name="packages/pipeline/utils/isStageElement" errors="0" failures="0" skipped="0" timestamp="2020-07-29T17:06:45" time="0.213" tests="2">
    <testcase classname="packages/pipeline/utils/isStageElement returns &quot;true&quot; if the element is a &quot;Stage&quot; element" name="packages/pipeline/utils/isStageElement returns &quot;true&quot; if the element is a &quot;Stage&quot; element" time="0.003">
    </testcase>
    <testcase classname="packages/pipeline/utils/isStageElement returns &quot;false&quot; if the element is NOT a &quot;Stage&quot; element" name="packages/pipeline/utils/isStageElement returns &quot;false&quot; if the element is NOT a &quot;Stage&quot; element" time="0">
    </testcase>
  </testsuite>
  <testsuite name="packages/Syntax" errors="0" failures="0" skipped="0" timestamp="2020-07-29T17:06:45" time="0.311" tests="1">
    <testcase classname="packages/Syntax renders chrome/title.js within the simulated window chrome" name="packages/Syntax renders chrome/title.js within the simulated window chrome" time="0.001">
    </testcase>
  </testsuite>
  <testsuite name="packages/leafygreen-provider/LeafyGreenProvider" errors="0" failures="0" skipped="0" timestamp="2020-07-29T17:06:46" time="0.262" tests="1">
    <testcase classname="packages/leafygreen-provider/LeafyGreenProvider only renders children in the DOM" name="packages/leafygreen-provider/LeafyGreenProvider only renders children in the DOM" time="0.001">
    </testcase>
  </testsuite>
</testsuites>